2022-07-17 18:44:48: <br />
<font size='1'><table class='xdebug-error xe-warning' dir='ltr' border='1' cellspacing='0' cellpadding='1'>
<tr><th align='left' bgcolor='#f57900' colspan="5"><span style='background-color: #cc0000; color: #fce94f; font-size: x-large;'>( ! )</span> Warning: file_put_contents(C:\wamp64\www\deneme2\cache\frame_2.dat): failed to open stream: No such file or directory in C:\wamp64\www\deneme2\qrspec.php on line <i>568</i></th></tr>
<tr><th align='left' bgcolor='#e9b96e' colspan='5'>Call Stack</th></tr>
<tr><th align='center' bgcolor='#eeeeec'>#</th><th align='left' bgcolor='#eeeeec'>Time</th><th align='left' bgcolor='#eeeeec'>Memory</th><th align='left' bgcolor='#eeeeec'>Function</th><th align='left' bgcolor='#eeeeec'>Location</th></tr>
<tr><td bgcolor='#eeeeec' align='center'>1</td><td bgcolor='#eeeeec' align='center'>0.0006</td><td bgcolor='#eeeeec' align='right'>362392</td><td bgcolor='#eeeeec'>{main}(  )</td><td title='C:\wamp64\www\deneme2\index.php' bgcolor='#eeeeec'>...\index.php<b>:</b>0</td></tr>
<tr><td bgcolor='#eeeeec' align='center'>2</td><td bgcolor='#eeeeec' align='center'>0.0031</td><td bgcolor='#eeeeec' align='right'>364872</td><td bgcolor='#eeeeec'>QRcode::png( <span>$text = </span><span>&#39;some othertext 1234&#39;</span>, <span>$outfile = </span>???, <span>$level = </span>???, <span>$size = </span>???, <span>$margin = </span>???, <span>$saveandprint = </span>??? )</td><td title='C:\wamp64\www\deneme2\index.php' bgcolor='#eeeeec'>...\index.php<b>:</b>4</td></tr>
<tr><td bgcolor='#eeeeec' align='center'>3</td><td bgcolor='#eeeeec' align='center'>0.0031</td><td bgcolor='#eeeeec' align='right'>365064</td><td bgcolor='#eeeeec'>QRencode->encodePNG( <span>$intext = </span><span>&#39;some othertext 1234&#39;</span>, <span>$outfile = </span><span>FALSE</span>, <span>$saveandprint = </span><span>FALSE</span> )</td><td title='C:\wamp64\www\deneme2\qrencode.php' bgcolor='#eeeeec'>...\qrencode.php<b>:</b>286</td></tr>
<tr><td bgcolor='#eeeeec' align='center'>4</td><td bgcolor='#eeeeec' align='center'>0.0031</td><td bgcolor='#eeeeec' align='right'>381576</td><td bgcolor='#eeeeec'>QRencode->encode( <span>$intext = </span><span>&#39;some othertext 1234&#39;</span>, <span>$outfile = </span>??? )</td><td title='C:\wamp64\www\deneme2\qrencode.php' bgcolor='#eeeeec'>...\qrencode.php<b>:</b>485</td></tr>
<tr><td bgcolor='#eeeeec' align='center'>5</td><td bgcolor='#eeeeec' align='center'>0.0031</td><td bgcolor='#eeeeec' align='right'>381672</td><td bgcolor='#eeeeec'>QRcode->encodeString( <span>$string = </span><span>&#39;some othertext 1234&#39;</span>, <span>$version = </span><span>0</span>, <span>$level = </span><span>0</span>, <span>$hint = </span><span>2</span>, <span>$casesensitive = </span><span>TRUE</span> )</td><td title='C:\wamp64\www\deneme2\qrencode.php' bgcolor='#eeeeec'>...\qrencode.php<b>:</b>467</td></tr>
<tr><td bgcolor='#eeeeec' align='center'>6</td><td bgcolor='#eeeeec' align='center'>0.0034</td><td bgcolor='#eeeeec' align='right'>384328</td><td bgcolor='#eeeeec'>QRcode->encodeInput( <span>$input = </span><span>class QRinput { public $items = [0 =&gt; class QRinputItem { ... }]; private $version = 2; private $level = 0 }</span> )</td><td title='C:\wamp64\www\deneme2\qrencode.php' bgcolor='#eeeeec'>...\qrencode.php<b>:</b>279</td></tr>
<tr><td bgcolor='#eeeeec' align='center'>7</td><td bgcolor='#eeeeec' align='center'>0.0034</td><td bgcolor='#eeeeec' align='right'>384328</td><td bgcolor='#eeeeec'>QRcode->encodeMask( <span>$input = </span><span>class QRinput { public $items = [0 =&gt; class QRinputItem { ... }]; private $version = 2; private $level = 0 }</span>, <span>$mask = </span><span>-1</span> )</td><td title='C:\wamp64\www\deneme2\qrencode.php' bgcolor='#eeeeec'>...\qrencode.php<b>:</b>240</td></tr>
<tr><td bgcolor='#eeeeec' align='center'>8</td><td bgcolor='#eeeeec' align='center'>0.0068</td><td bgcolor='#eeeeec' align='right'>429688</td><td bgcolor='#eeeeec'>QRspec::newFrame( <span>$version = </span><span>2</span> )</td><td title='C:\wamp64\www\deneme2\qrencode.php' bgcolor='#eeeeec'>...\qrencode.php<b>:</b>178</td></tr>
<tr><td bgcolor='#eeeeec' align='center'>9</td><td bgcolor='#eeeeec' align='center'>0.0072</td><td bgcolor='#eeeeec' align='right'>433168</td><td bgcolor='#eeeeec'><a href='http://www.php.net/function.file-put-contents' target='_new'>file_put_contents</a>( <span>$filename = </span><span>&#39;C:\\wamp64\\www\\deneme2\\cache\\frame_2.dat&#39;</span>, <span>$data = </span><span>&#39;x⁄ÕíÕ\r¿ \bF{vÎ&amp;\f†\033‡&amp;∞Y+?Z1–Sü\&#39;y!¢üÃ\002¡aê\026815&amp;£ï€¥éŸHÂ£Ÿûc≥ïl´œF∆Ë1\022\b\005∫\001#È6\037\vf ÷©ß6ƒïO7à®ÜC¶\025´õ÷èûêœ8gIÆœfB¶√ƒÊ\\D‘ª(&#39;</span> )</td><td title='C:\wamp64\www\deneme2\qrspec.php' bgcolor='#eeeeec'>...\qrspec.php<b>:</b>568</td></tr>
</table></font>
<br />
<font size='1'><table class='xdebug-error xe-warning' dir='ltr' border='1' cellspacing='0' cellpadding='1'>
<tr><th align='left' bgcolor='#f57900' colspan="5"><span style='background-color: #cc0000; color: #fce94f; font-size: x-large;'>( ! )</span> Warning: mkdir(): No such file or directory in C:\wamp64\www\deneme2\qrmask.php on line <i>154</i></th></tr>
<tr><th align='left' bgcolor='#e9b96e' colspan='5'>Call Stack</th></tr>
<tr><th align='center' bgcolor='#eeeeec'>#</th><th align='left' bgcolor='#eeeeec'>Time</th><th align='left' bgcolor='#eeeeec'>Memory</th><th align='left' bgcolor='#eeeeec'>Function</th><th align='left' bgcolor='#eeeeec'>Location</th></tr>
<tr><td bgcolor='#eeeeec' align='center'>1</td><td bgcolor='#eeeeec' align='center'>0.0006</td><td bgcolor='#eeeeec' align='right'>362392</td><td bgcolor='#eeeeec'>{main}(  )</td><td title='C:\wamp64\www\deneme2\index.php' bgcolor='#eeeeec'>...\index.php<b>:</b>0</td></tr>
<tr><td bgcolor='#eeeeec' align='center'>2</td><td bgcolor='#eeeeec' align='center'>0.0031</td><td bgcolor='#eeeeec' align='right'>364872</td><td bgcolor='#eeeeec'>QRcode::png( <span>$text = </span><span>&#39;some othertext 1234&#39;</span>, <span>$outfile = </span>???, <span>$level = </span>???, <span>$size = </span>???, <span>$margin = </span>???, <span>$saveandprint = </span>??? )</td><td title='C:\wamp64\www\deneme2\index.php' bgcolor='#eeeeec'>...\index.php<b>:</b>4</td></tr>
<tr><td bgcolor='#eeeeec' align='center'>3</td><td bgcolor='#eeeeec' align='center'>0.0031</td><td bgcolor='#eeeeec' align='right'>365064</td><td bgcolor='#eeeeec'>QRencode->encodePNG( <span>$intext = </span><span>&#39;some othertext 1234&#39;</span>, <span>$outfile = </span><span>FALSE</span>, <span>$saveandprint = </span><span>FALSE</span> )</td><td title='C:\wamp64\www\deneme2\qrencode.php' bgcolor='#eeeeec'>...\qrencode.php<b>:</b>286</td></tr>
<tr><td bgcolor='#eeeeec' align='center'>4</td><td bgcolor='#eeeeec' align='center'>0.0031</td><td bgcolor='#eeeeec' align='right'>381576</td><td bgcolor='#eeeeec'>QRencode->encode( <span>$intext = </span><span>&#39;some othertext 1234&#39;</span>, <span>$outfile = </span>??? )</td><td title='C:\wamp64\www\deneme2\qrencode.php' bgcolor='#eeeeec'>...\qrencode.php<b>:</b>485</td></tr>
<tr><td bgcolor='#eeeeec' align='center'>5</td><td bgcolor='#eeeeec' align='center'>0.0031</td><td bgcolor='#eeeeec' align='right'>381672</td><td bgcolor='#eeeeec'>QRcode->encodeString( <span>$string = </span><span>&#39;some othertext 1234&#39;</span>, <span>$version = </span><span>0</span>, <span>$level = </span><span>0</span>, <span>$hint = </span><span>2</span>, <span>$casesensitive = </span><span>TRUE</span> )</td><td title='C:\wamp64\www\deneme2\qrencode.php' bgcolor='#eeeeec'>...\qrencode.php<b>:</b>467</td></tr>
<tr><td bgcolor='#eeeeec' align='center'>6</td><td bgcolor='#eeeeec' align='center'>0.0034</td><td bgcolor='#eeeeec' align='right'>384328</td><td bgcolor='#eeeeec'>QRcode->encodeInput( <span>$input = </span><span>class QRinput { public $items = [0 =&gt; class QRinputItem { ... }]; private $version = 2; private $level = 0 }</span> )</td><td title='C:\wamp64\www\deneme2\qrencode.php' bgcolor='#eeeeec'>...\qrencode.php<b>:</b>279</td></tr>
<tr><td bgcolor='#eeeeec' align='center'>7</td><td bgcolor='#eeeeec' align='center'>0.0034</td><td bgcolor='#eeeeec' align='right'>384328</td><td bgcolor='#eeeeec'>QRcode->encodeMask( <span>$input = </span><span>class QRinput { public $items = [0 =&gt; class QRinputItem { ... }]; private $version = 2; private $level = 0 }</span>, <span>$mask = </span><span>-1</span> )</td><td title='C:\wamp64\www\deneme2\qrencode.php' bgcolor='#eeeeec'>...\qrencode.php<b>:</b>240</td></tr>
<tr><td bgcolor='#eeeeec' align='center'>8</td><td bgcolor='#eeeeec' align='center'>0.0132</td><td bgcolor='#eeeeec' align='right'>443304</td><td bgcolor='#eeeeec'>QRmask->mask( <span>$width = </span><span>25</span>, <span>$frame = </span><span>[0 =&gt; &#39;¡¡¡¡¡¡¡¿Ñ\003\003\002\002\002\003\003\002¿¡¡¡¡¡¡¡&#39;, 1 =&gt; &#39;¡¿¿¿¿¿¡¿Ñ\003\003\002\003\003\002\002\002¿¡¿¿¿¿¿¡&#39;, 2 =&gt; &#39;¡¿¡¡¡¿¡¿Ñ\003\002\002\002\002\003\003\002¿¡¿¡¡¡¿¡&#39;, 3 =&gt; &#39;¡¿¡¡¡¿¡¿Ñ\002\003\002\002\003\002\002\003¿¡¿¡¡¡¿¡&#39;, 4 =&gt; &#39;¡¿¡¡¡¿¡¿Ñ\002\002\002\003\002\003\003\002¿¡¿¡¡¡¿¡&#39;, 5 =&gt; &#39;¡¿¿¿¿¿¡¿Ñ\002\002\003\002\002\003\002\003¿¡¿¿¿¿¿¡&#39;, 6 =&gt; &#39;¡¡¡¡¡¡¡¿ëêëêëêëêë¿¡¡¡¡¡¡¡&#39;, 7 =&gt; &#39;¿¿¿¿¿¿¿¿Ñ\002\003\003\003\002\002\002\002¿¿¿¿¿¿¿¿&#39;, 8 =&gt; &#39;ÑÑÑÑÑÑëÑÑ\002\002\003\003\002\002\002\003ÑÑÑÑÑÑÑÑ&#39;, 9 =&gt; &#39;\003\003\002\003\003\003ê\003\002\003\003\002\002\003\002\003\002\003\003\003\002\003\003\002\003&#39;, 10 =&gt; &#39;\003\002\003\003\002\002ë\003\002\003\003\002\003\003\003\002\002\002\002\003\002\003\002\003\002&#39;, 11 =&gt; &#39;\002\002\002\003\002\003ê\002\002\003\002\002\002\003\002\002\002\002\003\003\002\003\002\003\003&#39;, 12 =&gt; &#39;\002\002\003\002\003\002ë\003\002\002\003\002\002\002\003\002\002\003\002\002\003\002\003\003\003&#39;, 13 =&gt; &#39;\002\003\003\003\003\002ê\002\002\003\002\002\003\002\002\003\002\003\003\003\002\003\002\002\003&#39;, 14 =&gt; &#39;\002\002\002\002\002\002ë\002\003\003\003\003\002\002\002\002\002\003\002\002\002\003\002\003\002&#39;, 15 =&gt; &#39;\002\002\003\002\002\003ê\003\003\003\002\003\003\002\003\002\003\002\002\002\003\002\002\003\003&#39;, 16 =&gt; &#39;\002\002\003\003\002\002ë\003\003\002\002\003\003\002\002\002°°°°°\002\003\002\002&#39;, 17 =&gt; &#39;¿¿¿¿¿¿¿¿Å\002\002\002\002\003\003\003°†††°\002\002\003\003&#39;, 18 =&gt; &#39;¡¡¡¡¡¡¡¿Ñ\002\003\002\003\003\003\003°†°†°\002\002\003\002&#39;, 19 =&gt; &#39;¡¿¿¿¿¿¡¿Ñ\003\003\002\002\003\002\003°†††°\003\002\003\003&#39;, 20 =&gt; &#39;¡¿¡¡¡¿¡¿Ñ\002\002\002\002\002\003\002°°°°°\002\003\002\002&#39;, 21 =&gt; &#39;¡¿¡¡¡¿¡¿Ñ\002\002\002\003\002\002\002\002\003\002\002\003\003\003\003\002&#39;, 22 =&gt; &#39;¡¿¡¡¡¿¡¿Ñ\002\002\003\002\002\002\002\003\002\003\003\002\003\003\002\002&#39;, 23 =&gt; &#39;¡¿¿¿¿¿¡¿Ñ\003\003\003\003\002\003\003\003\003\002\002\002\003\002\002\002&#39;, 24 =&gt; &#39;¡¡¡¡¡¡¡¿Ñ\002\002\003\003\002\002\003\002\003\002\003\002\003\003\003\002&#39;]</span>, <span>$level = </span><span>0</span> )</td><td title='C:\wamp64\www\deneme2\qrencode.php' bgcolor='#eeeeec'>...\qrencode.php<b>:</b>216</td></tr>
<tr><td bgcolor='#eeeeec' align='center'>9</td><td bgcolor='#eeeeec' align='center'>0.0132</td><td bgcolor='#eeeeec' align='right'>444736</td><td bgcolor='#eeeeec'>QRmask->makeMaskNo( <span>$maskNo = </span><span>0</span>, <span>$width = </span><span>25</span>, <span>$s = </span><span>[0 =&gt; &#39;¡¡¡¡¡¡¡¿Ñ\003\003\002\002\002\003\003\002¿¡¡¡¡¡¡¡&#39;, 1 =&gt; &#39;¡¿¿¿¿¿¡¿Ñ\003\003\002\003\003\002\002\002¿¡¿¿¿¿¿¡&#39;, 2 =&gt; &#39;¡¿¡¡¡¿¡¿Ñ\003\002\002\002\002\003\003\002¿¡¿¡¡¡¿¡&#39;, 3 =&gt; &#39;¡¿¡¡¡¿¡¿Ñ\002\003\002\002\003\002\002\003¿¡¿¡¡¡¿¡&#39;, 4 =&gt; &#39;¡¿¡¡¡¿¡¿Ñ\002\002\002\003\002\003\003\002¿¡¿¡¡¡¿¡&#39;, 5 =&gt; &#39;¡¿¿¿¿¿¡¿Ñ\002\002\003\002\002\003\002\003¿¡¿¿¿¿¿¡&#39;, 6 =&gt; &#39;¡¡¡¡¡¡¡¿ëêëêëêëêë¿¡¡¡¡¡¡¡&#39;, 7 =&gt; &#39;¿¿¿¿¿¿¿¿Ñ\002\003\003\003\002\002\002\002¿¿¿¿¿¿¿¿&#39;, 8 =&gt; &#39;ÑÑÑÑÑÑëÑÑ\002\002\003\003\002\002\002\003ÑÑÑÑÑÑÑÑ&#39;, 9 =&gt; &#39;\003\003\002\003\003\003ê\003\002\003\003\002\002\003\002\003\002\003\003\003\002\003\003\002\003&#39;, 10 =&gt; &#39;\003\002\003\003\002\002ë\003\002\003\003\002\003\003\003\002\002\002\002\003\002\003\002\003\002&#39;, 11 =&gt; &#39;\002\002\002\003\002\003ê\002\002\003\002\002\002\003\002\002\002\002\003\003\002\003\002\003\003&#39;, 12 =&gt; &#39;\002\002\003\002\003\002ë\003\002\002\003\002\002\002\003\002\002\003\002\002\003\002\003\003\003&#39;, 13 =&gt; &#39;\002\003\003\003\003\002ê\002\002\003\002\002\003\002\002\003\002\003\003\003\002\003\002\002\003&#39;, 14 =&gt; &#39;\002\002\002\002\002\002ë\002\003\003\003\003\002\002\002\002\002\003\002\002\002\003\002\003\002&#39;, 15 =&gt; &#39;\002\002\003\002\002\003ê\003\003\003\002\003\003\002\003\002\003\002\002\002\003\002\002\003\003&#39;, 16 =&gt; &#39;\002\002\003\003\002\002ë\003\003\002\002\003\003\002\002\002°°°°°\002\003\002\002&#39;, 17 =&gt; &#39;¿¿¿¿¿¿¿¿Å\002\002\002\002\003\003\003°†††°\002\002\003\003&#39;, 18 =&gt; &#39;¡¡¡¡¡¡¡¿Ñ\002\003\002\003\003\003\003°†°†°\002\002\003\002&#39;, 19 =&gt; &#39;¡¿¿¿¿¿¡¿Ñ\003\003\002\002\003\002\003°†††°\003\002\003\003&#39;, 20 =&gt; &#39;¡¿¡¡¡¿¡¿Ñ\002\002\002\002\002\003\002°°°°°\002\003\002\002&#39;, 21 =&gt; &#39;¡¿¡¡¡¿¡¿Ñ\002\002\002\003\002\002\002\002\003\002\002\003\003\003\003\002&#39;, 22 =&gt; &#39;¡¿¡¡¡¿¡¿Ñ\002\002\003\002\002\002\002\003\002\003\003\002\003\003\002\002&#39;, 23 =&gt; &#39;¡¿¿¿¿¿¡¿Ñ\003\003\003\003\002\003\003\003\003\002\002\002\003\002\002\002&#39;, 24 =&gt; &#39;¡¡¡¡¡¡¡¿Ñ\002\002\003\003\002\002\003\002\003\002\003\002\003\003\003\002&#39;]</span>, <span>$d = </span><span>[0 =&gt; &#39;\000\000\000\000\000\000\000\000\000\000\000\000\000\000\000\000\000\000\000\000\000\000\000\000\000&#39;, 1 =&gt; &#39;\000\000\000\000\000\000\000\000\000\000\000\000\000\000\000\000\000\000\000\000\000\000\000\000\000&#39;, 2 =&gt; &#39;\000\000\000\000\000\000\000\000\000\000\000\000\000\000\000\000\000\000\000\000\000\000\000\000\000&#39;, 3 =&gt; &#39;\000\000\000\000\000\000\000\000\000\000\000\000\000\000\000\000\000\000\000\000\000\000\000\000\000&#39;, 4 =&gt; &#39;\000\000\000\000\000\000\000\000\000\000\000\000\000\000\000\000\000\000\000\000\000\000\000\000\000&#39;, 5 =&gt; &#39;\000\000\000\000\000\000\000\000\000\000\000\000\000\000\000\000\000\000\000\000\000\000\000\000\000&#39;, 6 =&gt; &#39;\000\000\000\000\000\000\000\000\000\000\000\000\000\000\000\000\000\000\000\000\000\000\000\000\000&#39;, 7 =&gt; &#39;\000\000\000\000\000\000\000\000\000\000\000\000\000\000\000\000\000\000\000\000\000\000\000\000\000&#39;, 8 =&gt; &#39;\000\000\000\000\000\000\000\000\000\000\000\000\000\000\000\000\000\000\000\000\000\000\000\000\000&#39;, 9 =&gt; &#39;\000\000\000\000\000\000\000\000\000\000\000\000\000\000\000\000\000\000\000\000\000\000\000\000\000&#39;, 10 =&gt; &#39;\000\000\000\000\000\000\000\000\000\000\000\000\000\000\000\000\000\000\000\000\000\000\000\000\000&#39;, 11 =&gt; &#39;\000\000\000\000\000\000\000\000\000\000\000\000\000\000\000\000\000\000\000\000\000\000\000\000\000&#39;, 12 =&gt; &#39;\000\000\000\000\000\000\000\000\000\000\000\000\000\000\000\000\000\000\000\000\000\000\000\000\000&#39;, 13 =&gt; &#39;\000\000\000\000\000\000\000\000\000\000\000\000\000\000\000\000\000\000\000\000\000\000\000\000\000&#39;, 14 =&gt; &#39;\000\000\000\000\000\000\000\000\000\000\000\000\000\000\000\000\000\000\000\000\000\000\000\000\000&#39;, 15 =&gt; &#39;\000\000\000\000\000\000\000\000\000\000\000\000\000\000\000\000\000\000\000\000\000\000\000\000\000&#39;, 16 =&gt; &#39;\000\000\000\000\000\000\000\000\000\000\000\000\000\000\000\000\000\000\000\000\000\000\000\000\000&#39;, 17 =&gt; &#39;\000\000\000\000\000\000\000\000\000\000\000\000\000\000\000\000\000\000\000\000\000\000\000\000\000&#39;, 18 =&gt; &#39;\000\000\000\000\000\000\000\000\000\000\000\000\000\000\000\000\000\000\000\000\000\000\000\000\000&#39;, 19 =&gt; &#39;\000\000\000\000\000\000\000\000\000\000\000\000\000\000\000\000\000\000\000\000\000\000\000\000\000&#39;, 20 =&gt; &#39;\000\000\000\000\000\000\000\000\000\000\000\000\000\000\000\000\000\000\000\000\000\000\000\000\000&#39;, 21 =&gt; &#39;\000\000\000\000\000\000\000\000\000\000\000\000\000\000\000\000\000\000\000\000\000\000\000\000\000&#39;, 22 =&gt; &#39;\000\000\000\000\000\000\000\000\000\000\000\000\000\000\000\000\000\000\000\000\000\000\000\000\000&#39;, 23 =&gt; &#39;\000\000\000\000\000\000\000\000\000\000\000\000\000\000\000\000\000\000\000\000\000\000\000\000\000&#39;, 24 =&gt; &#39;\000\000\000\000\000\000\000\000\000\000\000\000\000\000\000\000\000\000\000\000\000\000\000\000\000&#39;]</span>, <span>$maskGenOnly = </span>??? )</td><td title='C:\wamp64\www\deneme2\qrmask.php' bgcolor='#eeeeec'>...\qrmask.php<b>:</b>311</td></tr>
<tr><td bgcolor='#eeeeec' align='center'>10</td><td bgcolor='#eeeeec' align='center'>0.0147</td><td bgcolor='#eeeeec' align='right'>479616</td><td bgcolor='#eeeeec'><a href='http://www.php.net/function.mkdir' target='_new'>mkdir</a>( <span>$pathname = </span><span>&#39;C:\\wamp64\\www\\deneme2\\cache\\mask_0&#39;</span> )</td><td title='C:\wamp64\www\deneme2\qrmask.php' bgcolor='#eeeeec'>...\qrmask.php<b>:</b>154</td></tr>
</table></font>
<br />
<font size='1'><table class='xdebug-error xe-warning' dir='ltr' border='1' cellspacing='0' cellpadding='1'>
<tr><th align='left' bgcolor='#f57900' colspan="5"><span style='background-color: #cc0000; color: #fce94f; font-size: x-large;'>( ! )</span> Warning: file_put_contents(C:\wamp64\www\deneme2\cache\mask_0\mask_25_0.dat): failed to open stream: No such file or directory in C:\wamp64\www\deneme2\qrmask.php on line <i>155</i></th></tr>
<tr><th align='left' bgcolor='#e9b96e' colspan='5'>Call Stack</th></tr>
<tr><th align='center' bgcolor='#eeeeec'>#</th><th align='left' bgcolor='#eeeeec'>Time</th><th align='left' bgcolor='#eeeeec'>Memory</th><th align='left' bgcolor='#eeeeec'>Function</th><th align='left' bgcolor='#eeeeec'>Location</th></tr>
<tr><td bgcolor='#eeeeec' align='center'>1</td><td bgcolor='#eeeeec' align='center'>0.0006</td><td bgcolor='#eeeeec' align='right'>362392</td><td bgcolor='#eeeeec'>{main}(  )</td><td title='C:\wamp64\www\deneme2\index.php' bgcolor='#eeeeec'>...\index.php<b>:</b>0</td></tr>
<tr><td bgcolor='#eeeeec' align='center'>2</td><td bgcolor='#eeeeec' align='center'>0.0031</td><td bgcolor='#eeeeec' align='right'>364872</td><td bgcolor='#eeeeec'>QRcode::png( <span>$text = </span><span>&#39;some othertext 1234&#39;</span>, <span>$outfile = </span>???, <span>$level = </span>???, <span>$size = </span>???, <span>$margin = </span>???, <span>$saveandprint = </span>??? )</td><td title='C:\wamp64\www\deneme2\index.php' bgcolor='#eeeeec'>...\index.php<b>:</b>4</td></tr>
<tr><td bgcolor='#eeeeec' align='center'>3</td><td bgcolor='#eeeeec' align='center'>0.0031</td><td bgcolor='#eeeeec' align='right'>365064</td><td bgcolor='#eeeeec'>QRencode->encodePNG( <span>$intext = </span><span>&#39;some othertext 1234&#39;</span>, <span>$outfile = </span><span>FALSE</span>, <span>$saveandprint = </span><span>FALSE</span> )</td><td title='C:\wamp64\www\deneme2\qrencode.php' bgcolor='#eeeeec'>...\qrencode.php<b>:</b>286</td></tr>
<tr><td bgcolor='#eeeeec' align='center'>4</td><td bgcolor='#eeeeec' align='center'>0.0031</td><td bgcolor='#eeeeec' align='right'>381576</td><td bgcolor='#eeeeec'>QRencode->encode( <span>$intext = </span><span>&#39;some othertext 1234&#39;</span>, <span>$outfile = </span>??? )</td><td title='C:\wamp64\www\deneme2\qrencode.php' bgcolor='#eeeeec'>...\qrencode.php<b>:</b>485</td></tr>
<tr><td bgcolor='#eeeeec' align='center'>5</td><td bgcolor='#eeeeec' align='center'>0.0031</td><td bgcolor='#eeeeec' align='right'>381672</td><td bgcolor='#eeeeec'>QRcode->encodeString( <span>$string = </span><span>&#39;some othertext 1234&#39;</span>, <span>$version = </span><span>0</span>, <span>$level = </span><span>0</span>, <span>$hint = </span><span>2</span>, <span>$casesensitive = </span><span>TRUE</span> )</td><td title='C:\wamp64\www\deneme2\qrencode.php' bgcolor='#eeeeec'>...\qrencode.php<b>:</b>467</td></tr>
<tr><td bgcolor='#eeeeec' align='center'>6</td><td bgcolor='#eeeeec' align='center'>0.0034</td><td bgcolor='#eeeeec' align='right'>384328</td><td bgcolor='#eeeeec'>QRcode->encodeInput( <span>$input = </span><span>class QRinput { public $items = [0 =&gt; class QRinputItem { ... }]; private $version = 2; private $level = 0 }</span> )</td><td title='C:\wamp64\www\deneme2\qrencode.php' bgcolor='#eeeeec'>...\qrencode.php<b>:</b>279</td></tr>
<tr><td bgcolor='#eeeeec' align='center'>7</td><td bgcolor='#eeeeec' align='center'>0.0034</td><td bgcolor='#eeeeec' align='right'>384328</td><td bgcolor='#eeeeec'>QRcode->encodeMask( <span>$input = </span><span>class QRinput { public $items = [0 =&gt; class QRinputItem { ... }]; private $version = 2; private $level = 0 }</span>, <span>$mask = </span><span>-1</span> )</td><td title='C:\wamp64\www\deneme2\qrencode.php' bgcolor='#eeeeec'>...\qrencode.php<b>:</b>240</td></tr>
<tr><td bgcolor='#eeeeec' align='center'>8</td><td bgcolor='#eeeeec' align='center'>0.0132</td><td bgcolor='#eeeeec' align='right'>443304</td><td bgcolor='#eeeeec'>QRmask->mask( <span>$width = </span><span>25</span>, <span>$frame = </span><span>[0 =&gt; &#39;¡¡¡¡¡¡¡¿Ñ\003\003\002\002\002\003\003\002¿¡¡¡¡¡¡¡&#39;, 1 =&gt; &#39;¡¿¿¿¿¿¡¿Ñ\003\003\002\003\003\002\002\002¿¡¿¿¿¿¿¡&#39;, 2 =&gt; &#39;¡¿¡¡¡¿¡¿Ñ\003\002\002\002\002\003\003\002¿¡¿¡¡¡¿¡&#39;, 3 =&gt; &#39;¡¿¡¡¡¿¡¿Ñ\002\003\002\002\003\002\002\003¿¡¿¡¡¡¿¡&#39;, 4 =&gt; &#39;¡¿¡¡¡¿¡¿Ñ\002\002\002\003\002\003\003\002¿¡¿¡¡¡¿¡&#39;, 5 =&gt; &#39;¡¿¿¿¿¿¡¿Ñ\002\002\003\002\002\003\002\003¿¡¿¿¿¿¿¡&#39;, 6 =&gt; &#39;¡¡¡¡¡¡¡¿ëêëêëêëêë¿¡¡¡¡¡¡¡&#39;, 7 =&gt; &#39;¿¿¿¿¿¿¿¿Ñ\002\003\003\003\002\002\002\002¿¿¿¿¿¿¿¿&#39;, 8 =&gt; &#39;ÑÑÑÑÑÑëÑÑ\002\002\003\003\002\002\002\003ÑÑÑÑÑÑÑÑ&#39;, 9 =&gt; &#39;\003\003\002\003\003\003ê\003\002\003\003\002\002\003\002\003\002\003\003\003\002\003\003\002\003&#39;, 10 =&gt; &#39;\003\002\003\003\002\002ë\003\002\003\003\002\003\003\003\002\002\002\002\003\002\003\002\003\002&#39;, 11 =&gt; &#39;\002\002\002\003\002\003ê\002\002\003\002\002\002\003\002\002\002\002\003\003\002\003\002\003\003&#39;, 12 =&gt; &#39;\002\002\003\002\003\002ë\003\002\002\003\002\002\002\003\002\002\003\002\002\003\002\003\003\003&#39;, 13 =&gt; &#39;\002\003\003\003\003\002ê\002\002\003\002\002\003\002\002\003\002\003\003\003\002\003\002\002\003&#39;, 14 =&gt; &#39;\002\002\002\002\002\002ë\002\003\003\003\003\002\002\002\002\002\003\002\002\002\003\002\003\002&#39;, 15 =&gt; &#39;\002\002\003\002\002\003ê\003\003\003\002\003\003\002\003\002\003\002\002\002\003\002\002\003\003&#39;, 16 =&gt; &#39;\002\002\003\003\002\002ë\003\003\002\002\003\003\002\002\002°°°°°\002\003\002\002&#39;, 17 =&gt; &#39;¿¿¿¿¿¿¿¿Å\002\002\002\002\003\003\003°†††°\002\002\003\003&#39;, 18 =&gt; &#39;¡¡¡¡¡¡¡¿Ñ\002\003\002\003\003\003\003°†°†°\002\002\003\002&#39;, 19 =&gt; &#39;¡¿¿¿¿¿¡¿Ñ\003\003\002\002\003\002\003°†††°\003\002\003\003&#39;, 20 =&gt; &#39;¡¿¡¡¡¿¡¿Ñ\002\002\002\002\002\003\002°°°°°\002\003\002\002&#39;, 21 =&gt; &#39;¡¿¡¡¡¿¡¿Ñ\002\002\002\003\002\002\002\002\003\002\002\003\003\003\003\002&#39;, 22 =&gt; &#39;¡¿¡¡¡¿¡¿Ñ\002\002\003\002\002\002\002\003\002\003\003\002\003\003\002\002&#39;, 23 =&gt; &#39;¡¿¿¿¿¿¡¿Ñ\003\003\003\003\002\003\003\003\003\002\002\002\003\002\002\002&#39;, 24 =&gt; &#39;¡¡¡¡¡¡¡¿Ñ\002\002\003\003\002\002\003\002\003\002\003\002\003\003\003\002&#39;]</span>, <span>$level = </span><span>0</span> )</td><td title='C:\wamp64\www\deneme2\qrencode.php' bgcolor='#eeeeec'>...\qrencode.php<b>:</b>216</td></tr>
<tr><td bgcolor='#eeeeec' align='center'>9</td><td bgcolor='#eeeeec' align='center'>0.0132</td><td bgcolor='#eeeeec' align='right'>444736</td><td bgcolor='#eeeeec'>QRmask->makeMaskNo( <span>$maskNo = </span><span>0</span>, <span>$width = </span><span>25</span>, <span>$s = </span><span>[0 =&gt; &#39;¡¡¡¡¡¡¡¿Ñ\003\003\002\002\002\003\003\002¿¡¡¡¡¡¡¡&#39;, 1 =&gt; &#39;¡¿¿¿¿¿¡¿Ñ\003\003\002\003\003\002\002\002¿¡¿¿¿¿¿¡&#39;, 2 =&gt; &#39;¡¿¡¡¡¿¡¿Ñ\003\002\002\002\002\003\003\002¿¡¿¡¡¡¿¡&#39;, 3 =&gt; &#39;¡¿¡¡¡¿¡¿Ñ\002\003\002\002\003\002\002\003¿¡¿¡¡¡¿¡&#39;, 4 =&gt; &#39;¡¿¡¡¡¿¡¿Ñ\002\002\002\003\002\003\003\002¿¡¿¡¡¡¿¡&#39;, 5 =&gt; &#39;¡¿¿¿¿¿¡¿Ñ\002\002\003\002\002\003\002\003¿¡¿¿¿¿¿¡&#39;, 6 =&gt; &#39;¡¡¡¡¡¡¡¿ëêëêëêëêë¿¡¡¡¡¡¡¡&#39;, 7 =&gt; &#39;¿¿¿¿¿¿¿¿Ñ\002\003\003\003\002\002\002\002¿¿¿¿¿¿¿¿&#39;, 8 =&gt; &#39;ÑÑÑÑÑÑëÑÑ\002\002\003\003\002\002\002\003ÑÑÑÑÑÑÑÑ&#39;, 9 =&gt; &#39;\003\003\002\003\003\003ê\003\002\003\003\002\002\003\002\003\002\003\003\003\002\003\003\002\003&#39;, 10 =&gt; &#39;\003\002\003\003\002\002ë\003\002\003\003\002\003\003\003\002\002\002\002\003\002\003\002\003\002&#39;, 11 =&gt; &#39;\002\002\002\003\002\003ê\002\002\003\002\002\002\003\002\002\002\002\003\003\002\003\002\003\003&#39;, 12 =&gt; &#39;\002\002\003\002\003\002ë\003\002\002\003\002\002\002\003\002\002\003\002\002\003\002\003\003\003&#39;, 13 =&gt; &#39;\002\003\003\003\003\002ê\002\002\003\002\002\003\002\002\003\002\003\003\003\002\003\002\002\003&#39;, 14 =&gt; &#39;\002\002\002\002\002\002ë\002\003\003\003\003\002\002\002\002\002\003\002\002\002\003\002\003\002&#39;, 15 =&gt; &#39;\002\002\003\002\002\003ê\003\003\003\002\003\003\002\003\002\003\002\002\002\003\002\002\003\003&#39;, 16 =&gt; &#39;\002\002\003\003\002\002ë\003\003\002\002\003\003\002\002\002°°°°°\002\003\002\002&#39;, 17 =&gt; &#39;¿¿¿¿¿¿¿¿Å\002\002\002\002\003\003\003°†††°\002\002\003\003&#39;, 18 =&gt; &#39;¡¡¡¡¡¡¡¿Ñ\002\003\002\003\003\003\003°†°†°\002\002\003\002&#39;, 19 =&gt; &#39;¡¿¿¿¿¿¡¿Ñ\003\003\002\002\003\002\003°†††°\003\002\003\003&#39;, 20 =&gt; &#39;¡¿¡¡¡¿¡¿Ñ\002\002\002\002\002\003\002°°°°°\002\003\002\002&#39;, 21 =&gt; &#39;¡¿¡¡¡¿¡¿Ñ\002\002\002\003\002\002\002\002\003\002\002\003\003\003\003\002&#39;, 22 =&gt; &#39;¡¿¡¡¡¿¡¿Ñ\002\002\003\002\002\002\002\003\002\003\003\002\003\003\002\002&#39;, 23 =&gt; &#39;¡¿¿¿¿¿¡¿Ñ\003\003\003\003\002\003\003\003\003\002\002\002\003\002\002\002&#39;, 24 =&gt; &#39;¡¡¡¡¡¡¡¿Ñ\002\002\003\003\002\002\003\002\003\002\003\002\003\003\003\002&#39;]</span>, <span>$d = </span><span>[0 =&gt; &#39;\000\000\000\000\000\000\000\000\000\000\000\000\000\000\000\000\000\000\000\000\000\000\000\000\000&#39;, 1 =&gt; &#39;\000\000\000\000\000\000\000\000\000\000\000\000\000\000\000\000\000\000\000\000\000\000\000\000\000&#39;, 2 =&gt; &#39;\000\000\000\000\000\000\000\000\000\000\000\000\000\000\000\000\000\000\000\000\000\000\000\000\000&#39;, 3 =&gt; &#39;\000\000\000\000\000\000\000\000\000\000\000\000\000\000\000\000\000\000\000\000\000\000\000\000\000&#39;, 4 =&gt; &#39;\000\000\000\000\000\000\000\000\000\000\000\000\000\000\000\000\000\000\000\000\000\000\000\000\000&#39;, 5 =&gt; &#39;\000\000\000\000\000\000\000\000\000\000\000\000\000\000\000\000\000\000\000\000\000\000\000\000\000&#39;, 6 =&gt; &#39;\000\000\000\000\000\000\000\000\000\000\000\000\000\000\000\000\000\000\000\000\000\000\000\000\000&#39;, 7 =&gt; &#39;\000\000\000\000\000\000\000\000\000\000\000\000\000\000\000\000\000\000\000\000\000\000\000\000\000&#39;, 8 =&gt; &#39;\000\000\000\000\000\000\000\000\000\000\000\000\000\000\000\000\000\000\000\000\000\000\000\000\000&#39;, 9 =&gt; &#39;\000\000\000\000\000\000\000\000\000\000\000\000\000\000\000\000\000\000\000\000\000\000\000\000\000&#39;, 10 =&gt; &#39;\000\000\000\000\000\000\000\000\000\000\000\000\000\000\000\000\000\000\000\000\000\000\000\000\000&#39;, 11 =&gt; &#39;\000\000\000\000\000\000\000\000\000\000\000\000\000\000\000\000\000\000\000\000\000\000\000\000\000&#39;, 12 =&gt; &#39;\000\000\000\000\000\000\000\000\000\000\000\000\000\000\000\000\000\000\000\000\000\000\000\000\000&#39;, 13 =&gt; &#39;\000\000\000\000\000\000\000\000\000\000\000\000\000\000\000\000\000\000\000\000\000\000\000\000\000&#39;, 14 =&gt; &#39;\000\000\000\000\000\000\000\000\000\000\000\000\000\000\000\000\000\000\000\000\000\000\000\000\000&#39;, 15 =&gt; &#39;\000\000\000\000\000\000\000\000\000\000\000\000\000\000\000\000\000\000\000\000\000\000\000\000\000&#39;, 16 =&gt; &#39;\000\000\000\000\000\000\000\000\000\000\000\000\000\000\000\000\000\000\000\000\000\000\000\000\000&#39;, 17 =&gt; &#39;\000\000\000\000\000\000\000\000\000\000\000\000\000\000\000\000\000\000\000\000\000\000\000\000\000&#39;, 18 =&gt; &#39;\000\000\000\000\000\000\000\000\000\000\000\000\000\000\000\000\000\000\000\000\000\000\000\000\000&#39;, 19 =&gt; &#39;\000\000\000\000\000\000\000\000\000\000\000\000\000\000\000\000\000\000\000\000\000\000\000\000\000&#39;, 20 =&gt; &#39;\000\000\000\000\000\000\000\000\000\000\000\000\000\000\000\000\000\000\000\000\000\000\000\000\000&#39;, 21 =&gt; &#39;\000\000\000\000\000\000\000\000\000\000\000\000\000\000\000\000\000\000\000\000\000\000\000\000\000&#39;, 22 =&gt; &#39;\000\000\000\000\000\000\000\000\000\000\000\000\000\000\000\000\000\000\000\000\000\000\000\000\000&#39;, 23 =&gt; &#39;\000\000\000\000\000\000\000\000\000\000\000\000\000\000\000\000\000\000\000\000\000\000\000\000\000&#39;, 24 =&gt; &#39;\000\000\000\000\000\000\000\000\000\000\000\000\000\000\000\000\000\000\000\000\000\000\000\000\000&#39;]</span>, <span>$maskGenOnly = </span>??? )</td><td title='C:\wamp64\www\deneme2\qrmask.php' bgcolor='#eeeeec'>...\qrmask.php<b>:</b>311</td></tr>
<tr><td bgcolor='#eeeeec' align='center'>10</td><td bgcolor='#eeeeec' align='center'>0.0181</td><td bgcolor='#eeeeec' align='right'>496032</td><td bgcolor='#eeeeec'><a href='http://www.php.net/function.file-put-contents' target='_new'>file_put_contents</a>( <span>$filename = </span><span>&#39;C:\\wamp64\\www\\deneme2\\cache\\mask_0\\mask_25_0.dat&#39;</span>, <span>$data = </span><span>&#39;x⁄30Ä\001C(Ñ\002.\\\022H2t”É\006»≥«\020\a‰Ç©√ê\032Ñz‡~√\036\006`=Ëa@e=p∑\031‡í&quot;G\017\000 ‘v‘&#39;</span> )</td><td title='C:\wamp64\www\deneme2\qrmask.php' bgcolor='#eeeeec'>...\qrmask.php<b>:</b>155</td></tr>
</table></font>
<br />
<font size='1'><table class='xdebug-error xe-warning' dir='ltr' border='1' cellspacing='0' cellpadding='1'>
<tr><th align='left' bgcolor='#f57900' colspan="5"><span style='background-color: #cc0000; color: #fce94f; font-size: x-large;'>( ! )</span> Warning: mkdir(): No such file or directory in C:\wamp64\www\deneme2\qrmask.php on line <i>154</i></th></tr>
<tr><th align='left' bgcolor='#e9b96e' colspan='5'>Call Stack</th></tr>
<tr><th align='center' bgcolor='#eeeeec'>#</th><th align='left' bgcolor='#eeeeec'>Time</th><th align='left' bgcolor='#eeeeec'>Memory</th><th align='left' bgcolor='#eeeeec'>Function</th><th align='left' bgcolor='#eeeeec'>Location</th></tr>
<tr><td bgcolor='#eeeeec' align='center'>1</td><td bgcolor='#eeeeec' align='center'>0.0006</td><td bgcolor='#eeeeec' align='right'>362392</td><td bgcolor='#eeeeec'>{main}(  )</td><td title='C:\wamp64\www\deneme2\index.php' bgcolor='#eeeeec'>...\index.php<b>:</b>0</td></tr>
<tr><td bgcolor='#eeeeec' align='center'>2</td><td bgcolor='#eeeeec' align='center'>0.0031</td><td bgcolor='#eeeeec' align='right'>364872</td><td bgcolor='#eeeeec'>QRcode::png( <span>$text = </span><span>&#39;some othertext 1234&#39;</span>, <span>$outfile = </span>???, <span>$level = </span>???, <span>$size = </span>???, <span>$margin = </span>???, <span>$saveandprint = </span>??? )</td><td title='C:\wamp64\www\deneme2\index.php' bgcolor='#eeeeec'>...\index.php<b>:</b>4</td></tr>
<tr><td bgcolor='#eeeeec' align='center'>3</td><td bgcolor='#eeeeec' align='center'>0.0031</td><td bgcolor='#eeeeec' align='right'>365064</td><td bgcolor='#eeeeec'>QRencode->encodePNG( <span>$intext = </span><span>&#39;some othertext 1234&#39;</span>, <span>$outfile = </span><span>FALSE</span>, <span>$saveandprint = </span><span>FALSE</span> )</td><td title='C:\wamp64\www\deneme2\qrencode.php' bgcolor='#eeeeec'>...\qrencode.php<b>:</b>286</td></tr>
<tr><td bgcolor='#eeeeec' align='center'>4</td><td bgcolor='#eeeeec' align='center'>0.0031</td><td bgcolor='#eeeeec' align='right'>381576</td><td bgcolor='#eeeeec'>QRencode->encode( <span>$intext = </span><span>&#39;some othertext 1234&#39;</span>, <span>$outfile = </span>??? )</td><td title='C:\wamp64\www\deneme2\qrencode.php' bgcolor='#eeeeec'>...\qrencode.php<b>:</b>485</td></tr>
<tr><td bgcolor='#eeeeec' align='center'>5</td><td bgcolor='#eeeeec' align='center'>0.0031</td><td bgcolor='#eeeeec' align='right'>381672</td><td bgcolor='#eeeeec'>QRcode->encodeString( <span>$string = </span><span>&#39;some othertext 1234&#39;</span>, <span>$version = </span><span>0</span>, <span>$level = </span><span>0</span>, <span>$hint = </span><span>2</span>, <span>$casesensitive = </span><span>TRUE</span> )</td><td title='C:\wamp64\www\deneme2\qrencode.php' bgcolor='#eeeeec'>...\qrencode.php<b>:</b>467</td></tr>
<tr><td bgcolor='#eeeeec' align='center'>6</td><td bgcolor='#eeeeec' align='center'>0.0034</td><td bgcolor='#eeeeec' align='right'>384328</td><td bgcolor='#eeeeec'>QRcode->encodeInput( <span>$input = </span><span>class QRinput { public $items = [0 =&gt; class QRinputItem { ... }]; private $version = 2; private $level = 0 }</span> )</td><td title='C:\wamp64\www\deneme2\qrencode.php' bgcolor='#eeeeec'>...\qrencode.php<b>:</b>279</td></tr>
<tr><td bgcolor='#eeeeec' align='center'>7</td><td bgcolor='#eeeeec' align='center'>0.0034</td><td bgcolor='#eeeeec' align='right'>384328</td><td bgcolor='#eeeeec'>QRcode->encodeMask( <span>$input = </span><span>class QRinput { public $items = [0 =&gt; class QRinputItem { ... }]; private $version = 2; private $level = 0 }</span>, <span>$mask = </span><span>-1</span> )</td><td title='C:\wamp64\www\deneme2\qrencode.php' bgcolor='#eeeeec'>...\qrencode.php<b>:</b>240</td></tr>
<tr><td bgcolor='#eeeeec' align='center'>8</td><td bgcolor='#eeeeec' align='center'>0.0132</td><td bgcolor='#eeeeec' align='right'>443304</td><td bgcolor='#eeeeec'>QRmask->mask( <span>$width = </span><span>25</span>, <span>$frame = </span><span>[0 =&gt; &#39;¡¡¡¡¡¡¡¿Ñ\003\003\002\002\002\003\003\002¿¡¡¡¡¡¡¡&#39;, 1 =&gt; &#39;¡¿¿¿¿¿¡¿Ñ\003\003\002\003\003\002\002\002¿¡¿¿¿¿¿¡&#39;, 2 =&gt; &#39;¡¿¡¡¡¿¡¿Ñ\003\002\002\002\002\003\003\002¿¡¿¡¡¡¿¡&#39;, 3 =&gt; &#39;¡¿¡¡¡¿¡¿Ñ\002\003\002\002\003\002\002\003¿¡¿¡¡¡¿¡&#39;, 4 =&gt; &#39;¡¿¡¡¡¿¡¿Ñ\002\002\002\003\002\003\003\002¿¡¿¡¡¡¿¡&#39;, 5 =&gt; &#39;¡¿¿¿¿¿¡¿Ñ\002\002\003\002\002\003\002\003¿¡¿¿¿¿¿¡&#39;, 6 =&gt; &#39;¡¡¡¡¡¡¡¿ëêëêëêëêë¿¡¡¡¡¡¡¡&#39;, 7 =&gt; &#39;¿¿¿¿¿¿¿¿Ñ\002\003\003\003\002\002\002\002¿¿¿¿¿¿¿¿&#39;, 8 =&gt; &#39;ÑÑÑÑÑÑëÑÑ\002\002\003\003\002\002\002\003ÑÑÑÑÑÑÑÑ&#39;, 9 =&gt; &#39;\003\003\002\003\003\003ê\003\002\003\003\002\002\003\002\003\002\003\003\003\002\003\003\002\003&#39;, 10 =&gt; &#39;\003\002\003\003\002\002ë\003\002\003\003\002\003\003\003\002\002\002\002\003\002\003\002\003\002&#39;, 11 =&gt; &#39;\002\002\002\003\002\003ê\002\002\003\002\002\002\003\002\002\002\002\003\003\002\003\002\003\003&#39;, 12 =&gt; &#39;\002\002\003\002\003\002ë\003\002\002\003\002\002\002\003\002\002\003\002\002\003\002\003\003\003&#39;, 13 =&gt; &#39;\002\003\003\003\003\002ê\002\002\003\002\002\003\002\002\003\002\003\003\003\002\003\002\002\003&#39;, 14 =&gt; &#39;\002\002\002\002\002\002ë\002\003\003\003\003\002\002\002\002\002\003\002\002\002\003\002\003\002&#39;, 15 =&gt; &#39;\002\002\003\002\002\003ê\003\003\003\002\003\003\002\003\002\003\002\002\002\003\002\002\003\003&#39;, 16 =&gt; &#39;\002\002\003\003\002\002ë\003\003\002\002\003\003\002\002\002°°°°°\002\003\002\002&#39;, 17 =&gt; &#39;¿¿¿¿¿¿¿¿Å\002\002\002\002\003\003\003°†††°\002\002\003\003&#39;, 18 =&gt; &#39;¡¡¡¡¡¡¡¿Ñ\002\003\002\003\003\003\003°†°†°\002\002\003\002&#39;, 19 =&gt; &#39;¡¿¿¿¿¿¡¿Ñ\003\003\002\002\003\002\003°†††°\003\002\003\003&#39;, 20 =&gt; &#39;¡¿¡¡¡¿¡¿Ñ\002\002\002\002\002\003\002°°°°°\002\003\002\002&#39;, 21 =&gt; &#39;¡¿¡¡¡¿¡¿Ñ\002\002\002\003\002\002\002\002\003\002\002\003\003\003\003\002&#39;, 22 =&gt; &#39;¡¿¡¡¡¿¡¿Ñ\002\002\003\002\002\002\002\003\002\003\003\002\003\003\002\002&#39;, 23 =&gt; &#39;¡¿¿¿¿¿¡¿Ñ\003\003\003\003\002\003\003\003\003\002\002\002\003\002\002\002&#39;, 24 =&gt; &#39;¡¡¡¡¡¡¡¿Ñ\002\002\003\003\002\002\003\002\003\002\003\002\003\003\003\002&#39;]</span>, <span>$level = </span><span>0</span> )</td><td title='C:\wamp64\www\deneme2\qrencode.php' bgcolor='#eeeeec'>...\qrencode.php<b>:</b>216</td></tr>
<tr><td bgcolor='#eeeeec' align='center'>9</td><td bgcolor='#eeeeec' align='center'>0.0290</td><td bgcolor='#eeeeec' align='right'>463800</td><td bgcolor='#eeeeec'>QRmask->makeMaskNo( <span>$maskNo = </span><span>1</span>, <span>$width = </span><span>25</span>, <span>$s = </span><span>[0 =&gt; &#39;¡¡¡¡¡¡¡¿Ñ\003\003\002\002\002\003\003\002¿¡¡¡¡¡¡¡&#39;, 1 =&gt; &#39;¡¿¿¿¿¿¡¿Ñ\003\003\002\003\003\002\002\002¿¡¿¿¿¿¿¡&#39;, 2 =&gt; &#39;¡¿¡¡¡¿¡¿Ñ\003\002\002\002\002\003\003\002¿¡¿¡¡¡¿¡&#39;, 3 =&gt; &#39;¡¿¡¡¡¿¡¿Ñ\002\003\002\002\003\002\002\003¿¡¿¡¡¡¿¡&#39;, 4 =&gt; &#39;¡¿¡¡¡¿¡¿Ñ\002\002\002\003\002\003\003\002¿¡¿¡¡¡¿¡&#39;, 5 =&gt; &#39;¡¿¿¿¿¿¡¿Ñ\002\002\003\002\002\003\002\003¿¡¿¿¿¿¿¡&#39;, 6 =&gt; &#39;¡¡¡¡¡¡¡¿ëêëêëêëêë¿¡¡¡¡¡¡¡&#39;, 7 =&gt; &#39;¿¿¿¿¿¿¿¿Ñ\002\003\003\003\002\002\002\002¿¿¿¿¿¿¿¿&#39;, 8 =&gt; &#39;ÑÑÑÑÑÑëÑÑ\002\002\003\003\002\002\002\003ÑÑÑÑÑÑÑÑ&#39;, 9 =&gt; &#39;\003\003\002\003\003\003ê\003\002\003\003\002\002\003\002\003\002\003\003\003\002\003\003\002\003&#39;, 10 =&gt; &#39;\003\002\003\003\002\002ë\003\002\003\003\002\003\003\003\002\002\002\002\003\002\003\002\003\002&#39;, 11 =&gt; &#39;\002\002\002\003\002\003ê\002\002\003\002\002\002\003\002\002\002\002\003\003\002\003\002\003\003&#39;, 12 =&gt; &#39;\002\002\003\002\003\002ë\003\002\002\003\002\002\002\003\002\002\003\002\002\003\002\003\003\003&#39;, 13 =&gt; &#39;\002\003\003\003\003\002ê\002\002\003\002\002\003\002\002\003\002\003\003\003\002\003\002\002\003&#39;, 14 =&gt; &#39;\002\002\002\002\002\002ë\002\003\003\003\003\002\002\002\002\002\003\002\002\002\003\002\003\002&#39;, 15 =&gt; &#39;\002\002\003\002\002\003ê\003\003\003\002\003\003\002\003\002\003\002\002\002\003\002\002\003\003&#39;, 16 =&gt; &#39;\002\002\003\003\002\002ë\003\003\002\002\003\003\002\002\002°°°°°\002\003\002\002&#39;, 17 =&gt; &#39;¿¿¿¿¿¿¿¿Å\002\002\002\002\003\003\003°†††°\002\002\003\003&#39;, 18 =&gt; &#39;¡¡¡¡¡¡¡¿Ñ\002\003\002\003\003\003\003°†°†°\002\002\003\002&#39;, 19 =&gt; &#39;¡¿¿¿¿¿¡¿Ñ\003\003\002\002\003\002\003°†††°\003\002\003\003&#39;, 20 =&gt; &#39;¡¿¡¡¡¿¡¿Ñ\002\002\002\002\002\003\002°°°°°\002\003\002\002&#39;, 21 =&gt; &#39;¡¿¡¡¡¿¡¿Ñ\002\002\002\003\002\002\002\002\003\002\002\003\003\003\003\002&#39;, 22 =&gt; &#39;¡¿¡¡¡¿¡¿Ñ\002\002\003\002\002\002\002\003\002\003\003\002\003\003\002\002&#39;, 23 =&gt; &#39;¡¿¿¿¿¿¡¿Ñ\003\003\003\003\002\003\003\003\003\002\002\002\003\002\002\002&#39;, 24 =&gt; &#39;¡¡¡¡¡¡¡¿Ñ\002\002\003\003\002\002\003\002\003\002\003\002\003\003\003\002&#39;]</span>, <span>$d = </span><span>[0 =&gt; &#39;\000\000\000\000\000\000\000\000\000\000\000\000\000\000\000\000\000\000\000\000\000\000\000\000\000&#39;, 1 =&gt; &#39;\000\000\000\000\000\000\000\000\000\000\000\000\000\000\000\000\000\000\000\000\000\000\000\000\000&#39;, 2 =&gt; &#39;\000\000\000\000\000\000\000\000\000\000\000\000\000\000\000\000\000\000\000\000\000\000\000\000\000&#39;, 3 =&gt; &#39;\000\000\000\000\000\000\000\000\000\000\000\000\000\000\000\000\000\000\000\000\000\000\000\000\000&#39;, 4 =&gt; &#39;\000\000\000\000\000\000\000\000\000\000\000\000\000\000\000\000\000\000\000\000\000\000\000\000\000&#39;, 5 =&gt; &#39;\000\000\000\000\000\000\000\000\000\000\000\000\000\000\000\000\000\000\000\000\000\000\000\000\000&#39;, 6 =&gt; &#39;\000\000\000\000\000\000\000\000\000\000\000\000\000\000\000\000\000\000\000\000\000\000\000\000\000&#39;, 7 =&gt; &#39;\000\000\000\000\000\000\000\000\000\000\000\000\000\000\000\000\000\000\000\000\000\000\000\000\000&#39;, 8 =&gt; &#39;\000\000\000\000\000\000\000\000\000\000\000\000\000\000\000\000\000\000\000\000\000\000\000\000\000&#39;, 9 =&gt; &#39;\000\000\000\000\000\000\000\000\000\000\000\000\000\000\000\000\000\000\000\000\000\000\000\000\000&#39;, 10 =&gt; &#39;\000\000\000\000\000\000\000\000\000\000\000\000\000\000\000\000\000\000\000\000\000\000\000\000\000&#39;, 11 =&gt; &#39;\000\000\000\000\000\000\000\000\000\000\000\000\000\000\000\000\000\000\000\000\000\000\000\000\000&#39;, 12 =&gt; &#39;\000\000\000\000\000\000\000\000\000\000\000\000\000\000\000\000\000\000\000\000\000\000\000\000\000&#39;, 13 =&gt; &#39;\000\000\000\000\000\000\000\000\000\000\000\000\000\000\000\000\000\000\000\000\000\000\000\000\000&#39;, 14 =&gt; &#39;\000\000\000\000\000\000\000\000\000\000\000\000\000\000\000\000\000\000\000\000\000\000\000\000\000&#39;, 15 =&gt; &#39;\000\000\000\000\000\000\000\000\000\000\000\000\000\000\000\000\000\000\000\000\000\000\000\000\000&#39;, 16 =&gt; &#39;\000\000\000\000\000\000\000\000\000\000\000\000\000\000\000\000\000\000\000\000\000\000\000\000\000&#39;, 17 =&gt; &#39;\000\000\000\000\000\000\000\000\000\000\000\000\000\000\000\000\000\000\000\000\000\000\000\000\000&#39;, 18 =&gt; &#39;\000\000\000\000\000\000\000\000\000\000\000\000\000\000\000\000\000\000\000\000\000\000\000\000\000&#39;, 19 =&gt; &#39;\000\000\000\000\000\000\000\000\000\000\000\000\000\000\000\000\000\000\000\000\000\000\000\000\000&#39;, 20 =&gt; &#39;\000\000\000\000\000\000\000\000\000\000\000\000\000\000\000\000\000\000\000\000\000\000\000\000\000&#39;, 21 =&gt; &#39;\000\000\000\000\000\000\000\000\000\000\000\000\000\000\000\000\000\000\000\000\000\000\000\000\000&#39;, 22 =&gt; &#39;\000\000\000\000\000\000\000\000\000\000\000\000\000\000\000\000\000\000\000\000\000\000\000\000\000&#39;, 23 =&gt; &#39;\000\000\000\000\000\000\000\000\000\000\000\000\000\000\000\000\000\000\000\000\000\000\000\000\000&#39;, 24 =&gt; &#39;\000\000\000\000\000\000\000\000\000\000\000\000\000\000\000\000\000\000\000\000\000\000\000\000\000&#39;]</span>, <span>$maskGenOnly = </span>??? )</td><td title='C:\wamp64\www\deneme2\qrmask.php' bgcolor='#eeeeec'>...\qrmask.php<b>:</b>311</td></tr>
<tr><td bgcolor='#eeeeec' align='center'>10</td><td bgcolor='#eeeeec' align='center'>0.0307</td><td bgcolor='#eeeeec' align='right'>498680</td><td bgcolor='#eeeeec'><a href='http://www.php.net/function.mkdir' target='_new'>mkdir</a>( <span>$pathname = </span><span>&#39;C:\\wamp64\\www\\deneme2\\cache\\mask_1&#39;</span> )</td><td title='C:\wamp64\www\deneme2\qrmask.php' bgcolor='#eeeeec'>...\qrmask.php<b>:</b>154</td></tr>
</table></font>
<br />
<font size='1'><table class='xdebug-error xe-warning' dir='ltr' border='1' cellspacing='0' cellpadding='1'>
<tr><th align='left' bgcolor='#f57900' colspan="5"><span style='background-color: #cc0000; color: #fce94f; font-size: x-large;'>( ! )</span> Warning: file_put_contents(C:\wamp64\www\deneme2\cache\mask_1\mask_25_1.dat): failed to open stream: No such file or directory in C:\wamp64\www\deneme2\qrmask.php on line <i>155</i></th></tr>
<tr><th align='left' bgcolor='#e9b96e' colspan='5'>Call Stack</th></tr>
<tr><th align='center' bgcolor='#eeeeec'>#</th><th align='left' bgcolor='#eeeeec'>Time</th><th align='left' bgcolor='#eeeeec'>Memory</th><th align='left' bgcolor='#eeeeec'>Function</th><th align='left' bgcolor='#eeeeec'>Location</th></tr>
<tr><td bgcolor='#eeeeec' align='center'>1</td><td bgcolor='#eeeeec' align='center'>0.0006</td><td bgcolor='#eeeeec' align='right'>362392</td><td bgcolor='#eeeeec'>{main}(  )</td><td title='C:\wamp64\www\deneme2\index.php' bgcolor='#eeeeec'>...\index.php<b>:</b>0</td></tr>
<tr><td bgcolor='#eeeeec' align='center'>2</td><td bgcolor='#eeeeec' align='center'>0.0031</td><td bgcolor='#eeeeec' align='right'>364872</td><td bgcolor='#eeeeec'>QRcode::png( <span>$text = </span><span>&#39;some othertext 1234&#39;</span>, <span>$outfile = </span>???, <span>$level = </span>???, <span>$size = </span>???, <span>$margin = </span>???, <span>$saveandprint = </span>??? )</td><td title='C:\wamp64\www\deneme2\index.php' bgcolor='#eeeeec'>...\index.php<b>:</b>4</td></tr>
<tr><td bgcolor='#eeeeec' align='center'>3</td><td bgcolor='#eeeeec' align='center'>0.0031</td><td bgcolor='#eeeeec' align='right'>365064</td><td bgcolor='#eeeeec'>QRencode->encodePNG( <span>$intext = </span><span>&#39;some othertext 1234&#39;</span>, <span>$outfile = </span><span>FALSE</span>, <span>$saveandprint = </span><span>FALSE</span> )</td><td title='C:\wamp64\www\deneme2\qrencode.php' bgcolor='#eeeeec'>...\qrencode.php<b>:</b>286</td></tr>
<tr><td bgcolor='#eeeeec' align='center'>4</td><td bgcolor='#eeeeec' align='center'>0.0031</td><td bgcolor='#eeeeec' align='right'>381576</td><td bgcolor='#eeeeec'>QRencode->encode( <span>$intext = </span><span>&#39;some othertext 1234&#39;</span>, <span>$outfile = </span>??? )</td><td title='C:\wamp64\www\deneme2\qrencode.php' bgcolor='#eeeeec'>...\qrencode.php<b>:</b>485</td></tr>
<tr><td bgcolor='#eeeeec' align='center'>5</td><td bgcolor='#eeeeec' align='center'>0.0031</td><td bgcolor='#eeeeec' align='right'>381672</td><td bgcolor='#eeeeec'>QRcode->encodeString( <span>$string = </span><span>&#39;some othertext 1234&#39;</span>, <span>$version = </span><span>0</span>, <span>$level = </span><span>0</span>, <span>$hint = </span><span>2</span>, <span>$casesensitive = </span><span>TRUE</span> )</td><td title='C:\wamp64\www\deneme2\qrencode.php' bgcolor='#eeeeec'>...\qrencode.php<b>:</b>467</td></tr>
<tr><td bgcolor='#eeeeec' align='center'>6</td><td bgcolor='#eeeeec' align='center'>0.0034</td><td bgcolor='#eeeeec' align='right'>384328</td><td bgcolor='#eeeeec'>QRcode->encodeInput( <span>$input = </span><span>class QRinput { public $items = [0 =&gt; class QRinputItem { ... }]; private $version = 2; private $level = 0 }</span> )</td><td title='C:\wamp64\www\deneme2\qrencode.php' bgcolor='#eeeeec'>...\qrencode.php<b>:</b>279</td></tr>
<tr><td bgcolor='#eeeeec' align='center'>7</td><td bgcolor='#eeeeec' align='center'>0.0034</td><td bgcolor='#eeeeec' align='right'>384328</td><td bgcolor='#eeeeec'>QRcode->encodeMask( <span>$input = </span><span>class QRinput { public $items = [0 =&gt; class QRinputItem { ... }]; private $version = 2; private $level = 0 }</span>, <span>$mask = </span><span>-1</span> )</td><td title='C:\wamp64\www\deneme2\qrencode.php' bgcolor='#eeeeec'>...\qrencode.php<b>:</b>240</td></tr>
<tr><td bgcolor='#eeeeec' align='center'>8</td><td bgcolor='#eeeeec' align='center'>0.0132</td><td bgcolor='#eeeeec' align='right'>443304</td><td bgcolor='#eeeeec'>QRmask->mask( <span>$width = </span><span>25</span>, <span>$frame = </span><span>[0 =&gt; &#39;¡¡¡¡¡¡¡¿Ñ\003\003\002\002\002\003\003\002¿¡¡¡¡¡¡¡&#39;, 1 =&gt; &#39;¡¿¿¿¿¿¡¿Ñ\003\003\002\003\003\002\002\002¿¡¿¿¿¿¿¡&#39;, 2 =&gt; &#39;¡¿¡¡¡¿¡¿Ñ\003\002\002\002\002\003\003\002¿¡¿¡¡¡¿¡&#39;, 3 =&gt; &#39;¡¿¡¡¡¿¡¿Ñ\002\003\002\002\003\002\002\003¿¡¿¡¡¡¿¡&#39;, 4 =&gt; &#39;¡¿¡¡¡¿¡¿Ñ\002\002\002\003\002\003\003\002¿¡¿¡¡¡¿¡&#39;, 5 =&gt; &#39;¡¿¿¿¿¿¡¿Ñ\002\002\003\002\002\003\002\003¿¡¿¿¿¿¿¡&#39;, 6 =&gt; &#39;¡¡¡¡¡¡¡¿ëêëêëêëêë¿¡¡¡¡¡¡¡&#39;, 7 =&gt; &#39;¿¿¿¿¿¿¿¿Ñ\002\003\003\003\002\002\002\002¿¿¿¿¿¿¿¿&#39;, 8 =&gt; &#39;ÑÑÑÑÑÑëÑÑ\002\002\003\003\002\002\002\003ÑÑÑÑÑÑÑÑ&#39;, 9 =&gt; &#39;\003\003\002\003\003\003ê\003\002\003\003\002\002\003\002\003\002\003\003\003\002\003\003\002\003&#39;, 10 =&gt; &#39;\003\002\003\003\002\002ë\003\002\003\003\002\003\003\003\002\002\002\002\003\002\003\002\003\002&#39;, 11 =&gt; &#39;\002\002\002\003\002\003ê\002\002\003\002\002\002\003\002\002\002\002\003\003\002\003\002\003\003&#39;, 12 =&gt; &#39;\002\002\003\002\003\002ë\003\002\002\003\002\002\002\003\002\002\003\002\002\003\002\003\003\003&#39;, 13 =&gt; &#39;\002\003\003\003\003\002ê\002\002\003\002\002\003\002\002\003\002\003\003\003\002\003\002\002\003&#39;, 14 =&gt; &#39;\002\002\002\002\002\002ë\002\003\003\003\003\002\002\002\002\002\003\002\002\002\003\002\003\002&#39;, 15 =&gt; &#39;\002\002\003\002\002\003ê\003\003\003\002\003\003\002\003\002\003\002\002\002\003\002\002\003\003&#39;, 16 =&gt; &#39;\002\002\003\003\002\002ë\003\003\002\002\003\003\002\002\002°°°°°\002\003\002\002&#39;, 17 =&gt; &#39;¿¿¿¿¿¿¿¿Å\002\002\002\002\003\003\003°†††°\002\002\003\003&#39;, 18 =&gt; &#39;¡¡¡¡¡¡¡¿Ñ\002\003\002\003\003\003\003°†°†°\002\002\003\002&#39;, 19 =&gt; &#39;¡¿¿¿¿¿¡¿Ñ\003\003\002\002\003\002\003°†††°\003\002\003\003&#39;, 20 =&gt; &#39;¡¿¡¡¡¿¡¿Ñ\002\002\002\002\002\003\002°°°°°\002\003\002\002&#39;, 21 =&gt; &#39;¡¿¡¡¡¿¡¿Ñ\002\002\002\003\002\002\002\002\003\002\002\003\003\003\003\002&#39;, 22 =&gt; &#39;¡¿¡¡¡¿¡¿Ñ\002\002\003\002\002\002\002\003\002\003\003\002\003\003\002\002&#39;, 23 =&gt; &#39;¡¿¿¿¿¿¡¿Ñ\003\003\003\003\002\003\003\003\003\002\002\002\003\002\002\002&#39;, 24 =&gt; &#39;¡¡¡¡¡¡¡¿Ñ\002\002\003\003\002\002\003\002\003\002\003\002\003\003\003\002&#39;]</span>, <span>$level = </span><span>0</span> )</td><td title='C:\wamp64\www\deneme2\qrencode.php' bgcolor='#eeeeec'>...\qrencode.php<b>:</b>216</td></tr>
<tr><td bgcolor='#eeeeec' align='center'>9</td><td bgcolor='#eeeeec' align='center'>0.0290</td><td bgcolor='#eeeeec' align='right'>463800</td><td bgcolor='#eeeeec'>QRmask->makeMaskNo( <span>$maskNo = </span><span>1</span>, <span>$width = </span><span>25</span>, <span>$s = </span><span>[0 =&gt; &#39;¡¡¡¡¡¡¡¿Ñ\003\003\002\002\002\003\003\002¿¡¡¡¡¡¡¡&#39;, 1 =&gt; &#39;¡¿¿¿¿¿¡¿Ñ\003\003\002\003\003\002\002\002¿¡¿¿¿¿¿¡&#39;, 2 =&gt; &#39;¡¿¡¡¡¿¡¿Ñ\003\002\002\002\002\003\003\002¿¡¿¡¡¡¿¡&#39;, 3 =&gt; &#39;¡¿¡¡¡¿¡¿Ñ\002\003\002\002\003\002\002\003¿¡¿¡¡¡¿¡&#39;, 4 =&gt; &#39;¡¿¡¡¡¿¡¿Ñ\002\002\002\003\002\003\003\002¿¡¿¡¡¡¿¡&#39;, 5 =&gt; &#39;¡¿¿¿¿¿¡¿Ñ\002\002\003\002\002\003\002\003¿¡¿¿¿¿¿¡&#39;, 6 =&gt; &#39;¡¡¡¡¡¡¡¿ëêëêëêëêë¿¡¡¡¡¡¡¡&#39;, 7 =&gt; &#39;¿¿¿¿¿¿¿¿Ñ\002\003\003\003\002\002\002\002¿¿¿¿¿¿¿¿&#39;, 8 =&gt; &#39;ÑÑÑÑÑÑëÑÑ\002\002\003\003\002\002\002\003ÑÑÑÑÑÑÑÑ&#39;, 9 =&gt; &#39;\003\003\002\003\003\003ê\003\002\003\003\002\002\003\002\003\002\003\003\003\002\003\003\002\003&#39;, 10 =&gt; &#39;\003\002\003\003\002\002ë\003\002\003\003\002\003\003\003\002\002\002\002\003\002\003\002\003\002&#39;, 11 =&gt; &#39;\002\002\002\003\002\003ê\002\002\003\002\002\002\003\002\002\002\002\003\003\002\003\002\003\003&#39;, 12 =&gt; &#39;\002\002\003\002\003\002ë\003\002\002\003\002\002\002\003\002\002\003\002\002\003\002\003\003\003&#39;, 13 =&gt; &#39;\002\003\003\003\003\002ê\002\002\003\002\002\003\002\002\003\002\003\003\003\002\003\002\002\003&#39;, 14 =&gt; &#39;\002\002\002\002\002\002ë\002\003\003\003\003\002\002\002\002\002\003\002\002\002\003\002\003\002&#39;, 15 =&gt; &#39;\002\002\003\002\002\003ê\003\003\003\002\003\003\002\003\002\003\002\002\002\003\002\002\003\003&#39;, 16 =&gt; &#39;\002\002\003\003\002\002ë\003\003\002\002\003\003\002\002\002°°°°°\002\003\002\002&#39;, 17 =&gt; &#39;¿¿¿¿¿¿¿¿Å\002\002\002\002\003\003\003°†††°\002\002\003\003&#39;, 18 =&gt; &#39;¡¡¡¡¡¡¡¿Ñ\002\003\002\003\003\003\003°†°†°\002\002\003\002&#39;, 19 =&gt; &#39;¡¿¿¿¿¿¡¿Ñ\003\003\002\002\003\002\003°†††°\003\002\003\003&#39;, 20 =&gt; &#39;¡¿¡¡¡¿¡¿Ñ\002\002\002\002\002\003\002°°°°°\002\003\002\002&#39;, 21 =&gt; &#39;¡¿¡¡¡¿¡¿Ñ\002\002\002\003\002\002\002\002\003\002\002\003\003\003\003\002&#39;, 22 =&gt; &#39;¡¿¡¡¡¿¡¿Ñ\002\002\003\002\002\002\002\003\002\003\003\002\003\003\002\002&#39;, 23 =&gt; &#39;¡¿¿¿¿¿¡¿Ñ\003\003\003\003\002\003\003\003\003\002\002\002\003\002\002\002&#39;, 24 =&gt; &#39;¡¡¡¡¡¡¡¿Ñ\002\002\003\003\002\002\003\002\003\002\003\002\003\003\003\002&#39;]</span>, <span>$d = </span><span>[0 =&gt; &#39;\000\000\000\000\000\000\000\000\000\000\000\000\000\000\000\000\000\000\000\000\000\000\000\000\000&#39;, 1 =&gt; &#39;\000\000\000\000\000\000\000\000\000\000\000\000\000\000\000\000\000\000\000\000\000\000\000\000\000&#39;, 2 =&gt; &#39;\000\000\000\000\000\000\000\000\000\000\000\000\000\000\000\000\000\000\000\000\000\000\000\000\000&#39;, 3 =&gt; &#39;\000\000\000\000\000\000\000\000\000\000\000\000\000\000\000\000\000\000\000\000\000\000\000\000\000&#39;, 4 =&gt; &#39;\000\000\000\000\000\000\000\000\000\000\000\000\000\000\000\000\000\000\000\000\000\000\000\000\000&#39;, 5 =&gt; &#39;\000\000\000\000\000\000\000\000\000\000\000\000\000\000\000\000\000\000\000\000\000\000\000\000\000&#39;, 6 =&gt; &#39;\000\000\000\000\000\000\000\000\000\000\000\000\000\000\000\000\000\000\000\000\000\000\000\000\000&#39;, 7 =&gt; &#39;\000\000\000\000\000\000\000\000\000\000\000\000\000\000\000\000\000\000\000\000\000\000\000\000\000&#39;, 8 =&gt; &#39;\000\000\000\000\000\000\000\000\000\000\000\000\000\000\000\000\000\000\000\000\000\000\000\000\000&#39;, 9 =&gt; &#39;\000\000\000\000\000\000\000\000\000\000\000\000\000\000\000\000\000\000\000\000\000\000\000\000\000&#39;, 10 =&gt; &#39;\000\000\000\000\000\000\000\000\000\000\000\000\000\000\000\000\000\000\000\000\000\000\000\000\000&#39;, 11 =&gt; &#39;\000\000\000\000\000\000\000\000\000\000\000\000\000\000\000\000\000\000\000\000\000\000\000\000\000&#39;, 12 =&gt; &#39;\000\000\000\000\000\000\000\000\000\000\000\000\000\000\000\000\000\000\000\000\000\000\000\000\000&#39;, 13 =&gt; &#39;\000\000\000\000\000\000\000\000\000\000\000\000\000\000\000\000\000\000\000\000\000\000\000\000\000&#39;, 14 =&gt; &#39;\000\000\000\000\000\000\000\000\000\000\000\000\000\000\000\000\000\000\000\000\000\000\000\000\000&#39;, 15 =&gt; &#39;\000\000\000\000\000\000\000\000\000\000\000\000\000\000\000\000\000\000\000\000\000\000\000\000\000&#39;, 16 =&gt; &#39;\000\000\000\000\000\000\000\000\000\000\000\000\000\000\000\000\000\000\000\000\000\000\000\000\000&#39;, 17 =&gt; &#39;\000\000\000\000\000\000\000\000\000\000\000\000\000\000\000\000\000\000\000\000\000\000\000\000\000&#39;, 18 =&gt; &#39;\000\000\000\000\000\000\000\000\000\000\000\000\000\000\000\000\000\000\000\000\000\000\000\000\000&#39;, 19 =&gt; &#39;\000\000\000\000\000\000\000\000\000\000\000\000\000\000\000\000\000\000\000\000\000\000\000\000\000&#39;, 20 =&gt; &#39;\000\000\000\000\000\000\000\000\000\000\000\000\000\000\000\000\000\000\000\000\000\000\000\000\000&#39;, 21 =&gt; &#39;\000\000\000\000\000\000\000\000\000\000\000\000\000\000\000\000\000\000\000\000\000\000\000\000\000&#39;, 22 =&gt; &#39;\000\000\000\000\000\000\000\000\000\000\000\000\000\000\000\000\000\000\000\000\000\000\000\000\000&#39;, 23 =&gt; &#39;\000\000\000\000\000\000\000\000\000\000\000\000\000\000\000\000\000\000\000\000\000\000\000\000\000&#39;, 24 =&gt; &#39;\000\000\000\000\000\000\000\000\000\000\000\000\000\000\000\000\000\000\000\000\000\000\000\000\000&#39;]</span>, <span>$maskGenOnly = </span>??? )</td><td title='C:\wamp64\www\deneme2\qrmask.php' bgcolor='#eeeeec'>...\qrmask.php<b>:</b>311</td></tr>
<tr><td bgcolor='#eeeeec' align='center'>10</td><td bgcolor='#eeeeec' align='center'>0.0343</td><td bgcolor='#eeeeec' align='right'>515080</td><td bgcolor='#eeeeec'><a href='http://www.php.net/function.file-put-contents' target='_new'>file_put_contents</a>( <span>$filename = </span><span>&#39;C:\\wamp64\\www\\deneme2\\cache\\mask_1\\mask_25_1.dat&#39;</span>, <span>$data = </span><span>&#39;x⁄30Ä\002C(Äπ\fp\001Ñ\fΩê#CÇ=PÖÜ\030`\020ÍÅçÑ0†ó\036bÉS\017\000¬&gt;v“&#39;</span> )</td><td title='C:\wamp64\www\deneme2\qrmask.php' bgcolor='#eeeeec'>...\qrmask.php<b>:</b>155</td></tr>
</table></font>
<br />
<font size='1'><table class='xdebug-error xe-warning' dir='ltr' border='1' cellspacing='0' cellpadding='1'>
<tr><th align='left' bgcolor='#f57900' colspan="5"><span style='background-color: #cc0000; color: #fce94f; font-size: x-large;'>( ! )</span> Warning: mkdir(): No such file or directory in C:\wamp64\www\deneme2\qrmask.php on line <i>154</i></th></tr>
<tr><th align='left' bgcolor='#e9b96e' colspan='5'>Call Stack</th></tr>
<tr><th align='center' bgcolor='#eeeeec'>#</th><th align='left' bgcolor='#eeeeec'>Time</th><th align='left' bgcolor='#eeeeec'>Memory</th><th align='left' bgcolor='#eeeeec'>Function</th><th align='left' bgcolor='#eeeeec'>Location</th></tr>
<tr><td bgcolor='#eeeeec' align='center'>1</td><td bgcolor='#eeeeec' align='center'>0.0006</td><td bgcolor='#eeeeec' align='right'>362392</td><td bgcolor='#eeeeec'>{main}(  )</td><td title='C:\wamp64\www\deneme2\index.php' bgcolor='#eeeeec'>...\index.php<b>:</b>0</td></tr>
<tr><td bgcolor='#eeeeec' align='center'>2</td><td bgcolor='#eeeeec' align='center'>0.0031</td><td bgcolor='#eeeeec' align='right'>364872</td><td bgcolor='#eeeeec'>QRcode::png( <span>$text = </span><span>&#39;some othertext 1234&#39;</span>, <span>$outfile = </span>???, <span>$level = </span>???, <span>$size = </span>???, <span>$margin = </span>???, <span>$saveandprint = </span>??? )</td><td title='C:\wamp64\www\deneme2\index.php' bgcolor='#eeeeec'>...\index.php<b>:</b>4</td></tr>
<tr><td bgcolor='#eeeeec' align='center'>3</td><td bgcolor='#eeeeec' align='center'>0.0031</td><td bgcolor='#eeeeec' align='right'>365064</td><td bgcolor='#eeeeec'>QRencode->encodePNG( <span>$intext = </span><span>&#39;some othertext 1234&#39;</span>, <span>$outfile = </span><span>FALSE</span>, <span>$saveandprint = </span><span>FALSE</span> )</td><td title='C:\wamp64\www\deneme2\qrencode.php' bgcolor='#eeeeec'>...\qrencode.php<b>:</b>286</td></tr>
<tr><td bgcolor='#eeeeec' align='center'>4</td><td bgcolor='#eeeeec' align='center'>0.0031</td><td bgcolor='#eeeeec' align='right'>381576</td><td bgcolor='#eeeeec'>QRencode->encode( <span>$intext = </span><span>&#39;some othertext 1234&#39;</span>, <span>$outfile = </span>??? )</td><td title='C:\wamp64\www\deneme2\qrencode.php' bgcolor='#eeeeec'>...\qrencode.php<b>:</b>485</td></tr>
<tr><td bgcolor='#eeeeec' align='center'>5</td><td bgcolor='#eeeeec' align='center'>0.0031</td><td bgcolor='#eeeeec' align='right'>381672</td><td bgcolor='#eeeeec'>QRcode->encodeString( <span>$string = </span><span>&#39;some othertext 1234&#39;</span>, <span>$version = </span><span>0</span>, <span>$level = </span><span>0</span>, <span>$hint = </span><span>2</span>, <span>$casesensitive = </span><span>TRUE</span> )</td><td title='C:\wamp64\www\deneme2\qrencode.php' bgcolor='#eeeeec'>...\qrencode.php<b>:</b>467</td></tr>
<tr><td bgcolor='#eeeeec' align='center'>6</td><td bgcolor='#eeeeec' align='center'>0.0034</td><td bgcolor='#eeeeec' align='right'>384328</td><td bgcolor='#eeeeec'>QRcode->encodeInput( <span>$input = </span><span>class QRinput { public $items = [0 =&gt; class QRinputItem { ... }]; private $version = 2; private $level = 0 }</span> )</td><td title='C:\wamp64\www\deneme2\qrencode.php' bgcolor='#eeeeec'>...\qrencode.php<b>:</b>279</td></tr>
<tr><td bgcolor='#eeeeec' align='center'>7</td><td bgcolor='#eeeeec' align='center'>0.0034</td><td bgcolor='#eeeeec' align='right'>384328</td><td bgcolor='#eeeeec'>QRcode->encodeMask( <span>$input = </span><span>class QRinput { public $items = [0 =&gt; class QRinputItem { ... }]; private $version = 2; private $level = 0 }</span>, <span>$mask = </span><span>-1</span> )</td><td title='C:\wamp64\www\deneme2\qrencode.php' bgcolor='#eeeeec'>...\qrencode.php<b>:</b>240</td></tr>
<tr><td bgcolor='#eeeeec' align='center'>8</td><td bgcolor='#eeeeec' align='center'>0.0132</td><td bgcolor='#eeeeec' align='right'>443304</td><td bgcolor='#eeeeec'>QRmask->mask( <span>$width = </span><span>25</span>, <span>$frame = </span><span>[0 =&gt; &#39;¡¡¡¡¡¡¡¿Ñ\003\003\002\002\002\003\003\002¿¡¡¡¡¡¡¡&#39;, 1 =&gt; &#39;¡¿¿¿¿¿¡¿Ñ\003\003\002\003\003\002\002\002¿¡¿¿¿¿¿¡&#39;, 2 =&gt; &#39;¡¿¡¡¡¿¡¿Ñ\003\002\002\002\002\003\003\002¿¡¿¡¡¡¿¡&#39;, 3 =&gt; &#39;¡¿¡¡¡¿¡¿Ñ\002\003\002\002\003\002\002\003¿¡¿¡¡¡¿¡&#39;, 4 =&gt; &#39;¡¿¡¡¡¿¡¿Ñ\002\002\002\003\002\003\003\002¿¡¿¡¡¡¿¡&#39;, 5 =&gt; &#39;¡¿¿¿¿¿¡¿Ñ\002\002\003\002\002\003\002\003¿¡¿¿¿¿¿¡&#39;, 6 =&gt; &#39;¡¡¡¡¡¡¡¿ëêëêëêëêë¿¡¡¡¡¡¡¡&#39;, 7 =&gt; &#39;¿¿¿¿¿¿¿¿Ñ\002\003\003\003\002\002\002\002¿¿¿¿¿¿¿¿&#39;, 8 =&gt; &#39;ÑÑÑÑÑÑëÑÑ\002\002\003\003\002\002\002\003ÑÑÑÑÑÑÑÑ&#39;, 9 =&gt; &#39;\003\003\002\003\003\003ê\003\002\003\003\002\002\003\002\003\002\003\003\003\002\003\003\002\003&#39;, 10 =&gt; &#39;\003\002\003\003\002\002ë\003\002\003\003\002\003\003\003\002\002\002\002\003\002\003\002\003\002&#39;, 11 =&gt; &#39;\002\002\002\003\002\003ê\002\002\003\002\002\002\003\002\002\002\002\003\003\002\003\002\003\003&#39;, 12 =&gt; &#39;\002\002\003\002\003\002ë\003\002\002\003\002\002\002\003\002\002\003\002\002\003\002\003\003\003&#39;, 13 =&gt; &#39;\002\003\003\003\003\002ê\002\002\003\002\002\003\002\002\003\002\003\003\003\002\003\002\002\003&#39;, 14 =&gt; &#39;\002\002\002\002\002\002ë\002\003\003\003\003\002\002\002\002\002\003\002\002\002\003\002\003\002&#39;, 15 =&gt; &#39;\002\002\003\002\002\003ê\003\003\003\002\003\003\002\003\002\003\002\002\002\003\002\002\003\003&#39;, 16 =&gt; &#39;\002\002\003\003\002\002ë\003\003\002\002\003\003\002\002\002°°°°°\002\003\002\002&#39;, 17 =&gt; &#39;¿¿¿¿¿¿¿¿Å\002\002\002\002\003\003\003°†††°\002\002\003\003&#39;, 18 =&gt; &#39;¡¡¡¡¡¡¡¿Ñ\002\003\002\003\003\003\003°†°†°\002\002\003\002&#39;, 19 =&gt; &#39;¡¿¿¿¿¿¡¿Ñ\003\003\002\002\003\002\003°†††°\003\002\003\003&#39;, 20 =&gt; &#39;¡¿¡¡¡¿¡¿Ñ\002\002\002\002\002\003\002°°°°°\002\003\002\002&#39;, 21 =&gt; &#39;¡¿¡¡¡¿¡¿Ñ\002\002\002\003\002\002\002\002\003\002\002\003\003\003\003\002&#39;, 22 =&gt; &#39;¡¿¡¡¡¿¡¿Ñ\002\002\003\002\002\002\002\003\002\003\003\002\003\003\002\002&#39;, 23 =&gt; &#39;¡¿¿¿¿¿¡¿Ñ\003\003\003\003\002\003\003\003\003\002\002\002\003\002\002\002&#39;, 24 =&gt; &#39;¡¡¡¡¡¡¡¿Ñ\002\002\003\003\002\002\003\002\003\002\003\002\003\003\003\002&#39;]</span>, <span>$level = </span><span>0</span> )</td><td title='C:\wamp64\www\deneme2\qrencode.php' bgcolor='#eeeeec'>...\qrencode.php<b>:</b>216</td></tr>
<tr><td bgcolor='#eeeeec' align='center'>9</td><td bgcolor='#eeeeec' align='center'>0.0470</td><td bgcolor='#eeeeec' align='right'>496288</td><td bgcolor='#eeeeec'>QRmask->makeMaskNo( <span>$maskNo = </span><span>2</span>, <span>$width = </span><span>25</span>, <span>$s = </span><span>[0 =&gt; &#39;¡¡¡¡¡¡¡¿Ñ\003\003\002\002\002\003\003\002¿¡¡¡¡¡¡¡&#39;, 1 =&gt; &#39;¡¿¿¿¿¿¡¿Ñ\003\003\002\003\003\002\002\002¿¡¿¿¿¿¿¡&#39;, 2 =&gt; &#39;¡¿¡¡¡¿¡¿Ñ\003\002\002\002\002\003\003\002¿¡¿¡¡¡¿¡&#39;, 3 =&gt; &#39;¡¿¡¡¡¿¡¿Ñ\002\003\002\002\003\002\002\003¿¡¿¡¡¡¿¡&#39;, 4 =&gt; &#39;¡¿¡¡¡¿¡¿Ñ\002\002\002\003\002\003\003\002¿¡¿¡¡¡¿¡&#39;, 5 =&gt; &#39;¡¿¿¿¿¿¡¿Ñ\002\002\003\002\002\003\002\003¿¡¿¿¿¿¿¡&#39;, 6 =&gt; &#39;¡¡¡¡¡¡¡¿ëêëêëêëêë¿¡¡¡¡¡¡¡&#39;, 7 =&gt; &#39;¿¿¿¿¿¿¿¿Ñ\002\003\003\003\002\002\002\002¿¿¿¿¿¿¿¿&#39;, 8 =&gt; &#39;ÑÑÑÑÑÑëÑÑ\002\002\003\003\002\002\002\003ÑÑÑÑÑÑÑÑ&#39;, 9 =&gt; &#39;\003\003\002\003\003\003ê\003\002\003\003\002\002\003\002\003\002\003\003\003\002\003\003\002\003&#39;, 10 =&gt; &#39;\003\002\003\003\002\002ë\003\002\003\003\002\003\003\003\002\002\002\002\003\002\003\002\003\002&#39;, 11 =&gt; &#39;\002\002\002\003\002\003ê\002\002\003\002\002\002\003\002\002\002\002\003\003\002\003\002\003\003&#39;, 12 =&gt; &#39;\002\002\003\002\003\002ë\003\002\002\003\002\002\002\003\002\002\003\002\002\003\002\003\003\003&#39;, 13 =&gt; &#39;\002\003\003\003\003\002ê\002\002\003\002\002\003\002\002\003\002\003\003\003\002\003\002\002\003&#39;, 14 =&gt; &#39;\002\002\002\002\002\002ë\002\003\003\003\003\002\002\002\002\002\003\002\002\002\003\002\003\002&#39;, 15 =&gt; &#39;\002\002\003\002\002\003ê\003\003\003\002\003\003\002\003\002\003\002\002\002\003\002\002\003\003&#39;, 16 =&gt; &#39;\002\002\003\003\002\002ë\003\003\002\002\003\003\002\002\002°°°°°\002\003\002\002&#39;, 17 =&gt; &#39;¿¿¿¿¿¿¿¿Å\002\002\002\002\003\003\003°†††°\002\002\003\003&#39;, 18 =&gt; &#39;¡¡¡¡¡¡¡¿Ñ\002\003\002\003\003\003\003°†°†°\002\002\003\002&#39;, 19 =&gt; &#39;¡¿¿¿¿¿¡¿Ñ\003\003\002\002\003\002\003°†††°\003\002\003\003&#39;, 20 =&gt; &#39;¡¿¡¡¡¿¡¿Ñ\002\002\002\002\002\003\002°°°°°\002\003\002\002&#39;, 21 =&gt; &#39;¡¿¡¡¡¿¡¿Ñ\002\002\002\003\002\002\002\002\003\002\002\003\003\003\003\002&#39;, 22 =&gt; &#39;¡¿¡¡¡¿¡¿Ñ\002\002\003\002\002\002\002\003\002\003\003\002\003\003\002\002&#39;, 23 =&gt; &#39;¡¿¿¿¿¿¡¿Ñ\003\003\003\003\002\003\003\003\003\002\002\002\003\002\002\002&#39;, 24 =&gt; &#39;¡¡¡¡¡¡¡¿Ñ\002\002\003\003\002\002\003\002\003\002\003\002\003\003\003\002&#39;]</span>, <span>$d = </span><span>[0 =&gt; &#39;\000\000\000\000\000\000\000\000\000\000\000\000\000\000\000\000\000\000\000\000\000\000\000\000\000&#39;, 1 =&gt; &#39;\000\000\000\000\000\000\000\000\000\000\000\000\000\000\000\000\000\000\000\000\000\000\000\000\000&#39;, 2 =&gt; &#39;\000\000\000\000\000\000\000\000\000\000\000\000\000\000\000\000\000\000\000\000\000\000\000\000\000&#39;, 3 =&gt; &#39;\000\000\000\000\000\000\000\000\000\000\000\000\000\000\000\000\000\000\000\000\000\000\000\000\000&#39;, 4 =&gt; &#39;\000\000\000\000\000\000\000\000\000\000\000\000\000\000\000\000\000\000\000\000\000\000\000\000\000&#39;, 5 =&gt; &#39;\000\000\000\000\000\000\000\000\000\000\000\000\000\000\000\000\000\000\000\000\000\000\000\000\000&#39;, 6 =&gt; &#39;\000\000\000\000\000\000\000\000\000\000\000\000\000\000\000\000\000\000\000\000\000\000\000\000\000&#39;, 7 =&gt; &#39;\000\000\000\000\000\000\000\000\000\000\000\000\000\000\000\000\000\000\000\000\000\000\000\000\000&#39;, 8 =&gt; &#39;\000\000\000\000\000\000\000\000\000\000\000\000\000\000\000\000\000\000\000\000\000\000\000\000\000&#39;, 9 =&gt; &#39;\000\000\000\000\000\000\000\000\000\000\000\000\000\000\000\000\000\000\000\000\000\000\000\000\000&#39;, 10 =&gt; &#39;\000\000\000\000\000\000\000\000\000\000\000\000\000\000\000\000\000\000\000\000\000\000\000\000\000&#39;, 11 =&gt; &#39;\000\000\000\000\000\000\000\000\000\000\000\000\000\000\000\000\000\000\000\000\000\000\000\000\000&#39;, 12 =&gt; &#39;\000\000\000\000\000\000\000\000\000\000\000\000\000\000\000\000\000\000\000\000\000\000\000\000\000&#39;, 13 =&gt; &#39;\000\000\000\000\000\000\000\000\000\000\000\000\000\000\000\000\000\000\000\000\000\000\000\000\000&#39;, 14 =&gt; &#39;\000\000\000\000\000\000\000\000\000\000\000\000\000\000\000\000\000\000\000\000\000\000\000\000\000&#39;, 15 =&gt; &#39;\000\000\000\000\000\000\000\000\000\000\000\000\000\000\000\000\000\000\000\000\000\000\000\000\000&#39;, 16 =&gt; &#39;\000\000\000\000\000\000\000\000\000\000\000\000\000\000\000\000\000\000\000\000\000\000\000\000\000&#39;, 17 =&gt; &#39;\000\000\000\000\000\000\000\000\000\000\000\000\000\000\000\000\000\000\000\000\000\000\000\000\000&#39;, 18 =&gt; &#39;\000\000\000\000\000\000\000\000\000\000\000\000\000\000\000\000\000\000\000\000\000\000\000\000\000&#39;, 19 =&gt; &#39;\000\000\000\000\000\000\000\000\000\000\000\000\000\000\000\000\000\000\000\000\000\000\000\000\000&#39;, 20 =&gt; &#39;\000\000\000\000\000\000\000\000\000\000\000\000\000\000\000\000\000\000\000\000\000\000\000\000\000&#39;, 21 =&gt; &#39;\000\000\000\000\000\000\000\000\000\000\000\000\000\000\000\000\000\000\000\000\000\000\000\000\000&#39;, 22 =&gt; &#39;\000\000\000\000\000\000\000\000\000\000\000\000\000\000\000\000\000\000\000\000\000\000\000\000\000&#39;, 23 =&gt; &#39;\000\000\000\000\000\000\000\000\000\000\000\000\000\000\000\000\000\000\000\000\000\000\000\000\000&#39;, 24 =&gt; &#39;\000\000\000\000\000\000\000\000\000\000\000\000\000\000\000\000\000\000\000\000\000\000\000\000\000&#39;]</span>, <span>$maskGenOnly = </span>??? )</td><td title='C:\wamp64\www\deneme2\qrmask.php' bgcolor='#eeeeec'>...\qrmask.php<b>:</b>311</td></tr>
<tr><td bgcolor='#eeeeec' align='center'>10</td><td bgcolor='#eeeeec' align='center'>0.0487</td><td bgcolor='#eeeeec' align='right'>531168</td><td bgcolor='#eeeeec'><a href='http://www.php.net/function.mkdir' target='_new'>mkdir</a>( <span>$pathname = </span><span>&#39;C:\\wamp64\\www\\deneme2\\cache\\mask_2&#39;</span> )</td><td title='C:\wamp64\www\deneme2\qrmask.php' bgcolor='#eeeeec'>...\qrmask.php<b>:</b>154</td></tr>
</table></font>
<br />
<font size='1'><table class='xdebug-error xe-warning' dir='ltr' border='1' cellspacing='0' cellpadding='1'>
<tr><th align='left' bgcolor='#f57900' colspan="5"><span style='background-color: #cc0000; color: #fce94f; font-size: x-large;'>( ! )</span> Warning: file_put_contents(C:\wamp64\www\deneme2\cache\mask_2\mask_25_2.dat): failed to open stream: No such file or directory in C:\wamp64\www\deneme2\qrmask.php on line <i>155</i></th></tr>
<tr><th align='left' bgcolor='#e9b96e' colspan='5'>Call Stack</th></tr>
<tr><th align='center' bgcolor='#eeeeec'>#</th><th align='left' bgcolor='#eeeeec'>Time</th><th align='left' bgcolor='#eeeeec'>Memory</th><th align='left' bgcolor='#eeeeec'>Function</th><th align='left' bgcolor='#eeeeec'>Location</th></tr>
<tr><td bgcolor='#eeeeec' align='center'>1</td><td bgcolor='#eeeeec' align='center'>0.0006</td><td bgcolor='#eeeeec' align='right'>362392</td><td bgcolor='#eeeeec'>{main}(  )</td><td title='C:\wamp64\www\deneme2\index.php' bgcolor='#eeeeec'>...\index.php<b>:</b>0</td></tr>
<tr><td bgcolor='#eeeeec' align='center'>2</td><td bgcolor='#eeeeec' align='center'>0.0031</td><td bgcolor='#eeeeec' align='right'>364872</td><td bgcolor='#eeeeec'>QRcode::png( <span>$text = </span><span>&#39;some othertext 1234&#39;</span>, <span>$outfile = </span>???, <span>$level = </span>???, <span>$size = </span>???, <span>$margin = </span>???, <span>$saveandprint = </span>??? )</td><td title='C:\wamp64\www\deneme2\index.php' bgcolor='#eeeeec'>...\index.php<b>:</b>4</td></tr>
<tr><td bgcolor='#eeeeec' align='center'>3</td><td bgcolor='#eeeeec' align='center'>0.0031</td><td bgcolor='#eeeeec' align='right'>365064</td><td bgcolor='#eeeeec'>QRencode->encodePNG( <span>$intext = </span><span>&#39;some othertext 1234&#39;</span>, <span>$outfile = </span><span>FALSE</span>, <span>$saveandprint = </span><span>FALSE</span> )</td><td title='C:\wamp64\www\deneme2\qrencode.php' bgcolor='#eeeeec'>...\qrencode.php<b>:</b>286</td></tr>
<tr><td bgcolor='#eeeeec' align='center'>4</td><td bgcolor='#eeeeec' align='center'>0.0031</td><td bgcolor='#eeeeec' align='right'>381576</td><td bgcolor='#eeeeec'>QRencode->encode( <span>$intext = </span><span>&#39;some othertext 1234&#39;</span>, <span>$outfile = </span>??? )</td><td title='C:\wamp64\www\deneme2\qrencode.php' bgcolor='#eeeeec'>...\qrencode.php<b>:</b>485</td></tr>
<tr><td bgcolor='#eeeeec' align='center'>5</td><td bgcolor='#eeeeec' align='center'>0.0031</td><td bgcolor='#eeeeec' align='right'>381672</td><td bgcolor='#eeeeec'>QRcode->encodeString( <span>$string = </span><span>&#39;some othertext 1234&#39;</span>, <span>$version = </span><span>0</span>, <span>$level = </span><span>0</span>, <span>$hint = </span><span>2</span>, <span>$casesensitive = </span><span>TRUE</span> )</td><td title='C:\wamp64\www\deneme2\qrencode.php' bgcolor='#eeeeec'>...\qrencode.php<b>:</b>467</td></tr>
<tr><td bgcolor='#eeeeec' align='center'>6</td><td bgcolor='#eeeeec' align='center'>0.0034</td><td bgcolor='#eeeeec' align='right'>384328</td><td bgcolor='#eeeeec'>QRcode->encodeInput( <span>$input = </span><span>class QRinput { public $items = [0 =&gt; class QRinputItem { ... }]; private $version = 2; private $level = 0 }</span> )</td><td title='C:\wamp64\www\deneme2\qrencode.php' bgcolor='#eeeeec'>...\qrencode.php<b>:</b>279</td></tr>
<tr><td bgcolor='#eeeeec' align='center'>7</td><td bgcolor='#eeeeec' align='center'>0.0034</td><td bgcolor='#eeeeec' align='right'>384328</td><td bgcolor='#eeeeec'>QRcode->encodeMask( <span>$input = </span><span>class QRinput { public $items = [0 =&gt; class QRinputItem { ... }]; private $version = 2; private $level = 0 }</span>, <span>$mask = </span><span>-1</span> )</td><td title='C:\wamp64\www\deneme2\qrencode.php' bgcolor='#eeeeec'>...\qrencode.php<b>:</b>240</td></tr>
<tr><td bgcolor='#eeeeec' align='center'>8</td><td bgcolor='#eeeeec' align='center'>0.0132</td><td bgcolor='#eeeeec' align='right'>443304</td><td bgcolor='#eeeeec'>QRmask->mask( <span>$width = </span><span>25</span>, <span>$frame = </span><span>[0 =&gt; &#39;¡¡¡¡¡¡¡¿Ñ\003\003\002\002\002\003\003\002¿¡¡¡¡¡¡¡&#39;, 1 =&gt; &#39;¡¿¿¿¿¿¡¿Ñ\003\003\002\003\003\002\002\002¿¡¿¿¿¿¿¡&#39;, 2 =&gt; &#39;¡¿¡¡¡¿¡¿Ñ\003\002\002\002\002\003\003\002¿¡¿¡¡¡¿¡&#39;, 3 =&gt; &#39;¡¿¡¡¡¿¡¿Ñ\002\003\002\002\003\002\002\003¿¡¿¡¡¡¿¡&#39;, 4 =&gt; &#39;¡¿¡¡¡¿¡¿Ñ\002\002\002\003\002\003\003\002¿¡¿¡¡¡¿¡&#39;, 5 =&gt; &#39;¡¿¿¿¿¿¡¿Ñ\002\002\003\002\002\003\002\003¿¡¿¿¿¿¿¡&#39;, 6 =&gt; &#39;¡¡¡¡¡¡¡¿ëêëêëêëêë¿¡¡¡¡¡¡¡&#39;, 7 =&gt; &#39;¿¿¿¿¿¿¿¿Ñ\002\003\003\003\002\002\002\002¿¿¿¿¿¿¿¿&#39;, 8 =&gt; &#39;ÑÑÑÑÑÑëÑÑ\002\002\003\003\002\002\002\003ÑÑÑÑÑÑÑÑ&#39;, 9 =&gt; &#39;\003\003\002\003\003\003ê\003\002\003\003\002\002\003\002\003\002\003\003\003\002\003\003\002\003&#39;, 10 =&gt; &#39;\003\002\003\003\002\002ë\003\002\003\003\002\003\003\003\002\002\002\002\003\002\003\002\003\002&#39;, 11 =&gt; &#39;\002\002\002\003\002\003ê\002\002\003\002\002\002\003\002\002\002\002\003\003\002\003\002\003\003&#39;, 12 =&gt; &#39;\002\002\003\002\003\002ë\003\002\002\003\002\002\002\003\002\002\003\002\002\003\002\003\003\003&#39;, 13 =&gt; &#39;\002\003\003\003\003\002ê\002\002\003\002\002\003\002\002\003\002\003\003\003\002\003\002\002\003&#39;, 14 =&gt; &#39;\002\002\002\002\002\002ë\002\003\003\003\003\002\002\002\002\002\003\002\002\002\003\002\003\002&#39;, 15 =&gt; &#39;\002\002\003\002\002\003ê\003\003\003\002\003\003\002\003\002\003\002\002\002\003\002\002\003\003&#39;, 16 =&gt; &#39;\002\002\003\003\002\002ë\003\003\002\002\003\003\002\002\002°°°°°\002\003\002\002&#39;, 17 =&gt; &#39;¿¿¿¿¿¿¿¿Å\002\002\002\002\003\003\003°†††°\002\002\003\003&#39;, 18 =&gt; &#39;¡¡¡¡¡¡¡¿Ñ\002\003\002\003\003\003\003°†°†°\002\002\003\002&#39;, 19 =&gt; &#39;¡¿¿¿¿¿¡¿Ñ\003\003\002\002\003\002\003°†††°\003\002\003\003&#39;, 20 =&gt; &#39;¡¿¡¡¡¿¡¿Ñ\002\002\002\002\002\003\002°°°°°\002\003\002\002&#39;, 21 =&gt; &#39;¡¿¡¡¡¿¡¿Ñ\002\002\002\003\002\002\002\002\003\002\002\003\003\003\003\002&#39;, 22 =&gt; &#39;¡¿¡¡¡¿¡¿Ñ\002\002\003\002\002\002\002\003\002\003\003\002\003\003\002\002&#39;, 23 =&gt; &#39;¡¿¿¿¿¿¡¿Ñ\003\003\003\003\002\003\003\003\003\002\002\002\003\002\002\002&#39;, 24 =&gt; &#39;¡¡¡¡¡¡¡¿Ñ\002\002\003\003\002\002\003\002\003\002\003\002\003\003\003\002&#39;]</span>, <span>$level = </span><span>0</span> )</td><td title='C:\wamp64\www\deneme2\qrencode.php' bgcolor='#eeeeec'>...\qrencode.php<b>:</b>216</td></tr>
<tr><td bgcolor='#eeeeec' align='center'>9</td><td bgcolor='#eeeeec' align='center'>0.0470</td><td bgcolor='#eeeeec' align='right'>496288</td><td bgcolor='#eeeeec'>QRmask->makeMaskNo( <span>$maskNo = </span><span>2</span>, <span>$width = </span><span>25</span>, <span>$s = </span><span>[0 =&gt; &#39;¡¡¡¡¡¡¡¿Ñ\003\003\002\002\002\003\003\002¿¡¡¡¡¡¡¡&#39;, 1 =&gt; &#39;¡¿¿¿¿¿¡¿Ñ\003\003\002\003\003\002\002\002¿¡¿¿¿¿¿¡&#39;, 2 =&gt; &#39;¡¿¡¡¡¿¡¿Ñ\003\002\002\002\002\003\003\002¿¡¿¡¡¡¿¡&#39;, 3 =&gt; &#39;¡¿¡¡¡¿¡¿Ñ\002\003\002\002\003\002\002\003¿¡¿¡¡¡¿¡&#39;, 4 =&gt; &#39;¡¿¡¡¡¿¡¿Ñ\002\002\002\003\002\003\003\002¿¡¿¡¡¡¿¡&#39;, 5 =&gt; &#39;¡¿¿¿¿¿¡¿Ñ\002\002\003\002\002\003\002\003¿¡¿¿¿¿¿¡&#39;, 6 =&gt; &#39;¡¡¡¡¡¡¡¿ëêëêëêëêë¿¡¡¡¡¡¡¡&#39;, 7 =&gt; &#39;¿¿¿¿¿¿¿¿Ñ\002\003\003\003\002\002\002\002¿¿¿¿¿¿¿¿&#39;, 8 =&gt; &#39;ÑÑÑÑÑÑëÑÑ\002\002\003\003\002\002\002\003ÑÑÑÑÑÑÑÑ&#39;, 9 =&gt; &#39;\003\003\002\003\003\003ê\003\002\003\003\002\002\003\002\003\002\003\003\003\002\003\003\002\003&#39;, 10 =&gt; &#39;\003\002\003\003\002\002ë\003\002\003\003\002\003\003\003\002\002\002\002\003\002\003\002\003\002&#39;, 11 =&gt; &#39;\002\002\002\003\002\003ê\002\002\003\002\002\002\003\002\002\002\002\003\003\002\003\002\003\003&#39;, 12 =&gt; &#39;\002\002\003\002\003\002ë\003\002\002\003\002\002\002\003\002\002\003\002\002\003\002\003\003\003&#39;, 13 =&gt; &#39;\002\003\003\003\003\002ê\002\002\003\002\002\003\002\002\003\002\003\003\003\002\003\002\002\003&#39;, 14 =&gt; &#39;\002\002\002\002\002\002ë\002\003\003\003\003\002\002\002\002\002\003\002\002\002\003\002\003\002&#39;, 15 =&gt; &#39;\002\002\003\002\002\003ê\003\003\003\002\003\003\002\003\002\003\002\002\002\003\002\002\003\003&#39;, 16 =&gt; &#39;\002\002\003\003\002\002ë\003\003\002\002\003\003\002\002\002°°°°°\002\003\002\002&#39;, 17 =&gt; &#39;¿¿¿¿¿¿¿¿Å\002\002\002\002\003\003\003°†††°\002\002\003\003&#39;, 18 =&gt; &#39;¡¡¡¡¡¡¡¿Ñ\002\003\002\003\003\003\003°†°†°\002\002\003\002&#39;, 19 =&gt; &#39;¡¿¿¿¿¿¡¿Ñ\003\003\002\002\003\002\003°†††°\003\002\003\003&#39;, 20 =&gt; &#39;¡¿¡¡¡¿¡¿Ñ\002\002\002\002\002\003\002°°°°°\002\003\002\002&#39;, 21 =&gt; &#39;¡¿¡¡¡¿¡¿Ñ\002\002\002\003\002\002\002\002\003\002\002\003\003\003\003\002&#39;, 22 =&gt; &#39;¡¿¡¡¡¿¡¿Ñ\002\002\003\002\002\002\002\003\002\003\003\002\003\003\002\002&#39;, 23 =&gt; &#39;¡¿¿¿¿¿¡¿Ñ\003\003\003\003\002\003\003\003\003\002\002\002\003\002\002\002&#39;, 24 =&gt; &#39;¡¡¡¡¡¡¡¿Ñ\002\002\003\003\002\002\003\002\003\002\003\002\003\003\003\002&#39;]</span>, <span>$d = </span><span>[0 =&gt; &#39;\000\000\000\000\000\000\000\000\000\000\000\000\000\000\000\000\000\000\000\000\000\000\000\000\000&#39;, 1 =&gt; &#39;\000\000\000\000\000\000\000\000\000\000\000\000\000\000\000\000\000\000\000\000\000\000\000\000\000&#39;, 2 =&gt; &#39;\000\000\000\000\000\000\000\000\000\000\000\000\000\000\000\000\000\000\000\000\000\000\000\000\000&#39;, 3 =&gt; &#39;\000\000\000\000\000\000\000\000\000\000\000\000\000\000\000\000\000\000\000\000\000\000\000\000\000&#39;, 4 =&gt; &#39;\000\000\000\000\000\000\000\000\000\000\000\000\000\000\000\000\000\000\000\000\000\000\000\000\000&#39;, 5 =&gt; &#39;\000\000\000\000\000\000\000\000\000\000\000\000\000\000\000\000\000\000\000\000\000\000\000\000\000&#39;, 6 =&gt; &#39;\000\000\000\000\000\000\000\000\000\000\000\000\000\000\000\000\000\000\000\000\000\000\000\000\000&#39;, 7 =&gt; &#39;\000\000\000\000\000\000\000\000\000\000\000\000\000\000\000\000\000\000\000\000\000\000\000\000\000&#39;, 8 =&gt; &#39;\000\000\000\000\000\000\000\000\000\000\000\000\000\000\000\000\000\000\000\000\000\000\000\000\000&#39;, 9 =&gt; &#39;\000\000\000\000\000\000\000\000\000\000\000\000\000\000\000\000\000\000\000\000\000\000\000\000\000&#39;, 10 =&gt; &#39;\000\000\000\000\000\000\000\000\000\000\000\000\000\000\000\000\000\000\000\000\000\000\000\000\000&#39;, 11 =&gt; &#39;\000\000\000\000\000\000\000\000\000\000\000\000\000\000\000\000\000\000\000\000\000\000\000\000\000&#39;, 12 =&gt; &#39;\000\000\000\000\000\000\000\000\000\000\000\000\000\000\000\000\000\000\000\000\000\000\000\000\000&#39;, 13 =&gt; &#39;\000\000\000\000\000\000\000\000\000\000\000\000\000\000\000\000\000\000\000\000\000\000\000\000\000&#39;, 14 =&gt; &#39;\000\000\000\000\000\000\000\000\000\000\000\000\000\000\000\000\000\000\000\000\000\000\000\000\000&#39;, 15 =&gt; &#39;\000\000\000\000\000\000\000\000\000\000\000\000\000\000\000\000\000\000\000\000\000\000\000\000\000&#39;, 16 =&gt; &#39;\000\000\000\000\000\000\000\000\000\000\000\000\000\000\000\000\000\000\000\000\000\000\000\000\000&#39;, 17 =&gt; &#39;\000\000\000\000\000\000\000\000\000\000\000\000\000\000\000\000\000\000\000\000\000\000\000\000\000&#39;, 18 =&gt; &#39;\000\000\000\000\000\000\000\000\000\000\000\000\000\000\000\000\000\000\000\000\000\000\000\000\000&#39;, 19 =&gt; &#39;\000\000\000\000\000\000\000\000\000\000\000\000\000\000\000\000\000\000\000\000\000\000\000\000\000&#39;, 20 =&gt; &#39;\000\000\000\000\000\000\000\000\000\000\000\000\000\000\000\000\000\000\000\000\000\000\000\000\000&#39;, 21 =&gt; &#39;\000\000\000\000\000\000\000\000\000\000\000\000\000\000\000\000\000\000\000\000\000\000\000\000\000&#39;, 22 =&gt; &#39;\000\000\000\000\000\000\000\000\000\000\000\000\000\000\000\000\000\000\000\000\000\000\000\000\000&#39;, 23 =&gt; &#39;\000\000\000\000\000\000\000\000\000\000\000\000\000\000\000\000\000\000\000\000\000\000\000\000\000&#39;, 24 =&gt; &#39;\000\000\000\000\000\000\000\000\000\000\000\000\000\000\000\000\000\000\000\000\000\000\000\000\000&#39;]</span>, <span>$maskGenOnly = </span>??? )</td><td title='C:\wamp64\www\deneme2\qrmask.php' bgcolor='#eeeeec'>...\qrmask.php<b>:</b>311</td></tr>
<tr><td bgcolor='#eeeeec' align='center'>10</td><td bgcolor='#eeeeec' align='center'>0.0520</td><td bgcolor='#eeeeec' align='right'>547568</td><td bgcolor='#eeeeec'><a href='http://www.php.net/function.file-put-contents' target='_new'>file_put_contents</a>( <span>$filename = </span><span>&#39;C:\\wamp64\\www\\deneme2\\cache\\mask_2\\mask_25_2.dat&#39;</span>, <span>$data = </span><span>&#39;x⁄30Ä\002C\030Ç\002.É¡#É\016»2\rŒ3DCCL\006 ∆ÓS∫»\030“B\006\000ë–v§&#39;</span> )</td><td title='C:\wamp64\www\deneme2\qrmask.php' bgcolor='#eeeeec'>...\qrmask.php<b>:</b>155</td></tr>
</table></font>
<br />
<font size='1'><table class='xdebug-error xe-warning' dir='ltr' border='1' cellspacing='0' cellpadding='1'>
<tr><th align='left' bgcolor='#f57900' colspan="5"><span style='background-color: #cc0000; color: #fce94f; font-size: x-large;'>( ! )</span> Warning: mkdir(): No such file or directory in C:\wamp64\www\deneme2\qrmask.php on line <i>154</i></th></tr>
<tr><th align='left' bgcolor='#e9b96e' colspan='5'>Call Stack</th></tr>
<tr><th align='center' bgcolor='#eeeeec'>#</th><th align='left' bgcolor='#eeeeec'>Time</th><th align='left' bgcolor='#eeeeec'>Memory</th><th align='left' bgcolor='#eeeeec'>Function</th><th align='left' bgcolor='#eeeeec'>Location</th></tr>
<tr><td bgcolor='#eeeeec' align='center'>1</td><td bgcolor='#eeeeec' align='center'>0.0006</td><td bgcolor='#eeeeec' align='right'>362392</td><td bgcolor='#eeeeec'>{main}(  )</td><td title='C:\wamp64\www\deneme2\index.php' bgcolor='#eeeeec'>...\index.php<b>:</b>0</td></tr>
<tr><td bgcolor='#eeeeec' align='center'>2</td><td bgcolor='#eeeeec' align='center'>0.0031</td><td bgcolor='#eeeeec' align='right'>364872</td><td bgcolor='#eeeeec'>QRcode::png( <span>$text = </span><span>&#39;some othertext 1234&#39;</span>, <span>$outfile = </span>???, <span>$level = </span>???, <span>$size = </span>???, <span>$margin = </span>???, <span>$saveandprint = </span>??? )</td><td title='C:\wamp64\www\deneme2\index.php' bgcolor='#eeeeec'>...\index.php<b>:</b>4</td></tr>
<tr><td bgcolor='#eeeeec' align='center'>3</td><td bgcolor='#eeeeec' align='center'>0.0031</td><td bgcolor='#eeeeec' align='right'>365064</td><td bgcolor='#eeeeec'>QRencode->encodePNG( <span>$intext = </span><span>&#39;some othertext 1234&#39;</span>, <span>$outfile = </span><span>FALSE</span>, <span>$saveandprint = </span><span>FALSE</span> )</td><td title='C:\wamp64\www\deneme2\qrencode.php' bgcolor='#eeeeec'>...\qrencode.php<b>:</b>286</td></tr>
<tr><td bgcolor='#eeeeec' align='center'>4</td><td bgcolor='#eeeeec' align='center'>0.0031</td><td bgcolor='#eeeeec' align='right'>381576</td><td bgcolor='#eeeeec'>QRencode->encode( <span>$intext = </span><span>&#39;some othertext 1234&#39;</span>, <span>$outfile = </span>??? )</td><td title='C:\wamp64\www\deneme2\qrencode.php' bgcolor='#eeeeec'>...\qrencode.php<b>:</b>485</td></tr>
<tr><td bgcolor='#eeeeec' align='center'>5</td><td bgcolor='#eeeeec' align='center'>0.0031</td><td bgcolor='#eeeeec' align='right'>381672</td><td bgcolor='#eeeeec'>QRcode->encodeString( <span>$string = </span><span>&#39;some othertext 1234&#39;</span>, <span>$version = </span><span>0</span>, <span>$level = </span><span>0</span>, <span>$hint = </span><span>2</span>, <span>$casesensitive = </span><span>TRUE</span> )</td><td title='C:\wamp64\www\deneme2\qrencode.php' bgcolor='#eeeeec'>...\qrencode.php<b>:</b>467</td></tr>
<tr><td bgcolor='#eeeeec' align='center'>6</td><td bgcolor='#eeeeec' align='center'>0.0034</td><td bgcolor='#eeeeec' align='right'>384328</td><td bgcolor='#eeeeec'>QRcode->encodeInput( <span>$input = </span><span>class QRinput { public $items = [0 =&gt; class QRinputItem { ... }]; private $version = 2; private $level = 0 }</span> )</td><td title='C:\wamp64\www\deneme2\qrencode.php' bgcolor='#eeeeec'>...\qrencode.php<b>:</b>279</td></tr>
<tr><td bgcolor='#eeeeec' align='center'>7</td><td bgcolor='#eeeeec' align='center'>0.0034</td><td bgcolor='#eeeeec' align='right'>384328</td><td bgcolor='#eeeeec'>QRcode->encodeMask( <span>$input = </span><span>class QRinput { public $items = [0 =&gt; class QRinputItem { ... }]; private $version = 2; private $level = 0 }</span>, <span>$mask = </span><span>-1</span> )</td><td title='C:\wamp64\www\deneme2\qrencode.php' bgcolor='#eeeeec'>...\qrencode.php<b>:</b>240</td></tr>
<tr><td bgcolor='#eeeeec' align='center'>8</td><td bgcolor='#eeeeec' align='center'>0.0132</td><td bgcolor='#eeeeec' align='right'>443304</td><td bgcolor='#eeeeec'>QRmask->mask( <span>$width = </span><span>25</span>, <span>$frame = </span><span>[0 =&gt; &#39;¡¡¡¡¡¡¡¿Ñ\003\003\002\002\002\003\003\002¿¡¡¡¡¡¡¡&#39;, 1 =&gt; &#39;¡¿¿¿¿¿¡¿Ñ\003\003\002\003\003\002\002\002¿¡¿¿¿¿¿¡&#39;, 2 =&gt; &#39;¡¿¡¡¡¿¡¿Ñ\003\002\002\002\002\003\003\002¿¡¿¡¡¡¿¡&#39;, 3 =&gt; &#39;¡¿¡¡¡¿¡¿Ñ\002\003\002\002\003\002\002\003¿¡¿¡¡¡¿¡&#39;, 4 =&gt; &#39;¡¿¡¡¡¿¡¿Ñ\002\002\002\003\002\003\003\002¿¡¿¡¡¡¿¡&#39;, 5 =&gt; &#39;¡¿¿¿¿¿¡¿Ñ\002\002\003\002\002\003\002\003¿¡¿¿¿¿¿¡&#39;, 6 =&gt; &#39;¡¡¡¡¡¡¡¿ëêëêëêëêë¿¡¡¡¡¡¡¡&#39;, 7 =&gt; &#39;¿¿¿¿¿¿¿¿Ñ\002\003\003\003\002\002\002\002¿¿¿¿¿¿¿¿&#39;, 8 =&gt; &#39;ÑÑÑÑÑÑëÑÑ\002\002\003\003\002\002\002\003ÑÑÑÑÑÑÑÑ&#39;, 9 =&gt; &#39;\003\003\002\003\003\003ê\003\002\003\003\002\002\003\002\003\002\003\003\003\002\003\003\002\003&#39;, 10 =&gt; &#39;\003\002\003\003\002\002ë\003\002\003\003\002\003\003\003\002\002\002\002\003\002\003\002\003\002&#39;, 11 =&gt; &#39;\002\002\002\003\002\003ê\002\002\003\002\002\002\003\002\002\002\002\003\003\002\003\002\003\003&#39;, 12 =&gt; &#39;\002\002\003\002\003\002ë\003\002\002\003\002\002\002\003\002\002\003\002\002\003\002\003\003\003&#39;, 13 =&gt; &#39;\002\003\003\003\003\002ê\002\002\003\002\002\003\002\002\003\002\003\003\003\002\003\002\002\003&#39;, 14 =&gt; &#39;\002\002\002\002\002\002ë\002\003\003\003\003\002\002\002\002\002\003\002\002\002\003\002\003\002&#39;, 15 =&gt; &#39;\002\002\003\002\002\003ê\003\003\003\002\003\003\002\003\002\003\002\002\002\003\002\002\003\003&#39;, 16 =&gt; &#39;\002\002\003\003\002\002ë\003\003\002\002\003\003\002\002\002°°°°°\002\003\002\002&#39;, 17 =&gt; &#39;¿¿¿¿¿¿¿¿Å\002\002\002\002\003\003\003°†††°\002\002\003\003&#39;, 18 =&gt; &#39;¡¡¡¡¡¡¡¿Ñ\002\003\002\003\003\003\003°†°†°\002\002\003\002&#39;, 19 =&gt; &#39;¡¿¿¿¿¿¡¿Ñ\003\003\002\002\003\002\003°†††°\003\002\003\003&#39;, 20 =&gt; &#39;¡¿¡¡¡¿¡¿Ñ\002\002\002\002\002\003\002°°°°°\002\003\002\002&#39;, 21 =&gt; &#39;¡¿¡¡¡¿¡¿Ñ\002\002\002\003\002\002\002\002\003\002\002\003\003\003\003\002&#39;, 22 =&gt; &#39;¡¿¡¡¡¿¡¿Ñ\002\002\003\002\002\002\002\003\002\003\003\002\003\003\002\002&#39;, 23 =&gt; &#39;¡¿¿¿¿¿¡¿Ñ\003\003\003\003\002\003\003\003\003\002\002\002\003\002\002\002&#39;, 24 =&gt; &#39;¡¡¡¡¡¡¡¿Ñ\002\002\003\003\002\002\003\002\003\002\003\002\003\003\003\002&#39;]</span>, <span>$level = </span><span>0</span> )</td><td title='C:\wamp64\www\deneme2\qrencode.php' bgcolor='#eeeeec'>...\qrencode.php<b>:</b>216</td></tr>
<tr><td bgcolor='#eeeeec' align='center'>9</td><td bgcolor='#eeeeec' align='center'>0.0638</td><td bgcolor='#eeeeec' align='right'>512952</td><td bgcolor='#eeeeec'>QRmask->makeMaskNo( <span>$maskNo = </span><span>3</span>, <span>$width = </span><span>25</span>, <span>$s = </span><span>[0 =&gt; &#39;¡¡¡¡¡¡¡¿Ñ\003\003\002\002\002\003\003\002¿¡¡¡¡¡¡¡&#39;, 1 =&gt; &#39;¡¿¿¿¿¿¡¿Ñ\003\003\002\003\003\002\002\002¿¡¿¿¿¿¿¡&#39;, 2 =&gt; &#39;¡¿¡¡¡¿¡¿Ñ\003\002\002\002\002\003\003\002¿¡¿¡¡¡¿¡&#39;, 3 =&gt; &#39;¡¿¡¡¡¿¡¿Ñ\002\003\002\002\003\002\002\003¿¡¿¡¡¡¿¡&#39;, 4 =&gt; &#39;¡¿¡¡¡¿¡¿Ñ\002\002\002\003\002\003\003\002¿¡¿¡¡¡¿¡&#39;, 5 =&gt; &#39;¡¿¿¿¿¿¡¿Ñ\002\002\003\002\002\003\002\003¿¡¿¿¿¿¿¡&#39;, 6 =&gt; &#39;¡¡¡¡¡¡¡¿ëêëêëêëêë¿¡¡¡¡¡¡¡&#39;, 7 =&gt; &#39;¿¿¿¿¿¿¿¿Ñ\002\003\003\003\002\002\002\002¿¿¿¿¿¿¿¿&#39;, 8 =&gt; &#39;ÑÑÑÑÑÑëÑÑ\002\002\003\003\002\002\002\003ÑÑÑÑÑÑÑÑ&#39;, 9 =&gt; &#39;\003\003\002\003\003\003ê\003\002\003\003\002\002\003\002\003\002\003\003\003\002\003\003\002\003&#39;, 10 =&gt; &#39;\003\002\003\003\002\002ë\003\002\003\003\002\003\003\003\002\002\002\002\003\002\003\002\003\002&#39;, 11 =&gt; &#39;\002\002\002\003\002\003ê\002\002\003\002\002\002\003\002\002\002\002\003\003\002\003\002\003\003&#39;, 12 =&gt; &#39;\002\002\003\002\003\002ë\003\002\002\003\002\002\002\003\002\002\003\002\002\003\002\003\003\003&#39;, 13 =&gt; &#39;\002\003\003\003\003\002ê\002\002\003\002\002\003\002\002\003\002\003\003\003\002\003\002\002\003&#39;, 14 =&gt; &#39;\002\002\002\002\002\002ë\002\003\003\003\003\002\002\002\002\002\003\002\002\002\003\002\003\002&#39;, 15 =&gt; &#39;\002\002\003\002\002\003ê\003\003\003\002\003\003\002\003\002\003\002\002\002\003\002\002\003\003&#39;, 16 =&gt; &#39;\002\002\003\003\002\002ë\003\003\002\002\003\003\002\002\002°°°°°\002\003\002\002&#39;, 17 =&gt; &#39;¿¿¿¿¿¿¿¿Å\002\002\002\002\003\003\003°†††°\002\002\003\003&#39;, 18 =&gt; &#39;¡¡¡¡¡¡¡¿Ñ\002\003\002\003\003\003\003°†°†°\002\002\003\002&#39;, 19 =&gt; &#39;¡¿¿¿¿¿¡¿Ñ\003\003\002\002\003\002\003°†††°\003\002\003\003&#39;, 20 =&gt; &#39;¡¿¡¡¡¿¡¿Ñ\002\002\002\002\002\003\002°°°°°\002\003\002\002&#39;, 21 =&gt; &#39;¡¿¡¡¡¿¡¿Ñ\002\002\002\003\002\002\002\002\003\002\002\003\003\003\003\002&#39;, 22 =&gt; &#39;¡¿¡¡¡¿¡¿Ñ\002\002\003\002\002\002\002\003\002\003\003\002\003\003\002\002&#39;, 23 =&gt; &#39;¡¿¿¿¿¿¡¿Ñ\003\003\003\003\002\003\003\003\003\002\002\002\003\002\002\002&#39;, 24 =&gt; &#39;¡¡¡¡¡¡¡¿Ñ\002\002\003\003\002\002\003\002\003\002\003\002\003\003\003\002&#39;]</span>, <span>$d = </span><span>[0 =&gt; &#39;\000\000\000\000\000\000\000\000\000\000\000\000\000\000\000\000\000\000\000\000\000\000\000\000\000&#39;, 1 =&gt; &#39;\000\000\000\000\000\000\000\000\000\000\000\000\000\000\000\000\000\000\000\000\000\000\000\000\000&#39;, 2 =&gt; &#39;\000\000\000\000\000\000\000\000\000\000\000\000\000\000\000\000\000\000\000\000\000\000\000\000\000&#39;, 3 =&gt; &#39;\000\000\000\000\000\000\000\000\000\000\000\000\000\000\000\000\000\000\000\000\000\000\000\000\000&#39;, 4 =&gt; &#39;\000\000\000\000\000\000\000\000\000\000\000\000\000\000\000\000\000\000\000\000\000\000\000\000\000&#39;, 5 =&gt; &#39;\000\000\000\000\000\000\000\000\000\000\000\000\000\000\000\000\000\000\000\000\000\000\000\000\000&#39;, 6 =&gt; &#39;\000\000\000\000\000\000\000\000\000\000\000\000\000\000\000\000\000\000\000\000\000\000\000\000\000&#39;, 7 =&gt; &#39;\000\000\000\000\000\000\000\000\000\000\000\000\000\000\000\000\000\000\000\000\000\000\000\000\000&#39;, 8 =&gt; &#39;\000\000\000\000\000\000\000\000\000\000\000\000\000\000\000\000\000\000\000\000\000\000\000\000\000&#39;, 9 =&gt; &#39;\000\000\000\000\000\000\000\000\000\000\000\000\000\000\000\000\000\000\000\000\000\000\000\000\000&#39;, 10 =&gt; &#39;\000\000\000\000\000\000\000\000\000\000\000\000\000\000\000\000\000\000\000\000\000\000\000\000\000&#39;, 11 =&gt; &#39;\000\000\000\000\000\000\000\000\000\000\000\000\000\000\000\000\000\000\000\000\000\000\000\000\000&#39;, 12 =&gt; &#39;\000\000\000\000\000\000\000\000\000\000\000\000\000\000\000\000\000\000\000\000\000\000\000\000\000&#39;, 13 =&gt; &#39;\000\000\000\000\000\000\000\000\000\000\000\000\000\000\000\000\000\000\000\000\000\000\000\000\000&#39;, 14 =&gt; &#39;\000\000\000\000\000\000\000\000\000\000\000\000\000\000\000\000\000\000\000\000\000\000\000\000\000&#39;, 15 =&gt; &#39;\000\000\000\000\000\000\000\000\000\000\000\000\000\000\000\000\000\000\000\000\000\000\000\000\000&#39;, 16 =&gt; &#39;\000\000\000\000\000\000\000\000\000\000\000\000\000\000\000\000\000\000\000\000\000\000\000\000\000&#39;, 17 =&gt; &#39;\000\000\000\000\000\000\000\000\000\000\000\000\000\000\000\000\000\000\000\000\000\000\000\000\000&#39;, 18 =&gt; &#39;\000\000\000\000\000\000\000\000\000\000\000\000\000\000\000\000\000\000\000\000\000\000\000\000\000&#39;, 19 =&gt; &#39;\000\000\000\000\000\000\000\000\000\000\000\000\000\000\000\000\000\000\000\000\000\000\000\000\000&#39;, 20 =&gt; &#39;\000\000\000\000\000\000\000\000\000\000\000\000\000\000\000\000\000\000\000\000\000\000\000\000\000&#39;, 21 =&gt; &#39;\000\000\000\000\000\000\000\000\000\000\000\000\000\000\000\000\000\000\000\000\000\000\000\000\000&#39;, 22 =&gt; &#39;\000\000\000\000\000\000\000\000\000\000\000\000\000\000\000\000\000\000\000\000\000\000\000\000\000&#39;, 23 =&gt; &#39;\000\000\000\000\000\000\000\000\000\000\000\000\000\000\000\000\000\000\000\000\000\000\000\000\000&#39;, 24 =&gt; &#39;\000\000\000\000\000\000\000\000\000\000\000\000\000\000\000\000\000\000\000\000\000\000\000\000\000&#39;]</span>, <span>$maskGenOnly = </span>??? )</td><td title='C:\wamp64\www\deneme2\qrmask.php' bgcolor='#eeeeec'>...\qrmask.php<b>:</b>311</td></tr>
<tr><td bgcolor='#eeeeec' align='center'>10</td><td bgcolor='#eeeeec' align='center'>0.0645</td><td bgcolor='#eeeeec' align='right'>547832</td><td bgcolor='#eeeeec'><a href='http://www.php.net/function.mkdir' target='_new'>mkdir</a>( <span>$pathname = </span><span>&#39;C:\\wamp64\\www\\deneme2\\cache\\mask_3&#39;</span> )</td><td title='C:\wamp64\www\deneme2\qrmask.php' bgcolor='#eeeeec'>...\qrmask.php<b>:</b>154</td></tr>
</table></font>
<br />
<font size='1'><table class='xdebug-error xe-warning' dir='ltr' border='1' cellspacing='0' cellpadding='1'>
<tr><th align='left' bgcolor='#f57900' colspan="5"><span style='background-color: #cc0000; color: #fce94f; font-size: x-large;'>( ! )</span> Warning: file_put_contents(C:\wamp64\www\deneme2\cache\mask_3\mask_25_3.dat): failed to open stream: No such file or directory in C:\wamp64\www\deneme2\qrmask.php on line <i>155</i></th></tr>
<tr><th align='left' bgcolor='#e9b96e' colspan='5'>Call Stack</th></tr>
<tr><th align='center' bgcolor='#eeeeec'>#</th><th align='left' bgcolor='#eeeeec'>Time</th><th align='left' bgcolor='#eeeeec'>Memory</th><th align='left' bgcolor='#eeeeec'>Function</th><th align='left' bgcolor='#eeeeec'>Location</th></tr>
<tr><td bgcolor='#eeeeec' align='center'>1</td><td bgcolor='#eeeeec' align='center'>0.0006</td><td bgcolor='#eeeeec' align='right'>362392</td><td bgcolor='#eeeeec'>{main}(  )</td><td title='C:\wamp64\www\deneme2\index.php' bgcolor='#eeeeec'>...\index.php<b>:</b>0</td></tr>
<tr><td bgcolor='#eeeeec' align='center'>2</td><td bgcolor='#eeeeec' align='center'>0.0031</td><td bgcolor='#eeeeec' align='right'>364872</td><td bgcolor='#eeeeec'>QRcode::png( <span>$text = </span><span>&#39;some othertext 1234&#39;</span>, <span>$outfile = </span>???, <span>$level = </span>???, <span>$size = </span>???, <span>$margin = </span>???, <span>$saveandprint = </span>??? )</td><td title='C:\wamp64\www\deneme2\index.php' bgcolor='#eeeeec'>...\index.php<b>:</b>4</td></tr>
<tr><td bgcolor='#eeeeec' align='center'>3</td><td bgcolor='#eeeeec' align='center'>0.0031</td><td bgcolor='#eeeeec' align='right'>365064</td><td bgcolor='#eeeeec'>QRencode->encodePNG( <span>$intext = </span><span>&#39;some othertext 1234&#39;</span>, <span>$outfile = </span><span>FALSE</span>, <span>$saveandprint = </span><span>FALSE</span> )</td><td title='C:\wamp64\www\deneme2\qrencode.php' bgcolor='#eeeeec'>...\qrencode.php<b>:</b>286</td></tr>
<tr><td bgcolor='#eeeeec' align='center'>4</td><td bgcolor='#eeeeec' align='center'>0.0031</td><td bgcolor='#eeeeec' align='right'>381576</td><td bgcolor='#eeeeec'>QRencode->encode( <span>$intext = </span><span>&#39;some othertext 1234&#39;</span>, <span>$outfile = </span>??? )</td><td title='C:\wamp64\www\deneme2\qrencode.php' bgcolor='#eeeeec'>...\qrencode.php<b>:</b>485</td></tr>
<tr><td bgcolor='#eeeeec' align='center'>5</td><td bgcolor='#eeeeec' align='center'>0.0031</td><td bgcolor='#eeeeec' align='right'>381672</td><td bgcolor='#eeeeec'>QRcode->encodeString( <span>$string = </span><span>&#39;some othertext 1234&#39;</span>, <span>$version = </span><span>0</span>, <span>$level = </span><span>0</span>, <span>$hint = </span><span>2</span>, <span>$casesensitive = </span><span>TRUE</span> )</td><td title='C:\wamp64\www\deneme2\qrencode.php' bgcolor='#eeeeec'>...\qrencode.php<b>:</b>467</td></tr>
<tr><td bgcolor='#eeeeec' align='center'>6</td><td bgcolor='#eeeeec' align='center'>0.0034</td><td bgcolor='#eeeeec' align='right'>384328</td><td bgcolor='#eeeeec'>QRcode->encodeInput( <span>$input = </span><span>class QRinput { public $items = [0 =&gt; class QRinputItem { ... }]; private $version = 2; private $level = 0 }</span> )</td><td title='C:\wamp64\www\deneme2\qrencode.php' bgcolor='#eeeeec'>...\qrencode.php<b>:</b>279</td></tr>
<tr><td bgcolor='#eeeeec' align='center'>7</td><td bgcolor='#eeeeec' align='center'>0.0034</td><td bgcolor='#eeeeec' align='right'>384328</td><td bgcolor='#eeeeec'>QRcode->encodeMask( <span>$input = </span><span>class QRinput { public $items = [0 =&gt; class QRinputItem { ... }]; private $version = 2; private $level = 0 }</span>, <span>$mask = </span><span>-1</span> )</td><td title='C:\wamp64\www\deneme2\qrencode.php' bgcolor='#eeeeec'>...\qrencode.php<b>:</b>240</td></tr>
<tr><td bgcolor='#eeeeec' align='center'>8</td><td bgcolor='#eeeeec' align='center'>0.0132</td><td bgcolor='#eeeeec' align='right'>443304</td><td bgcolor='#eeeeec'>QRmask->mask( <span>$width = </span><span>25</span>, <span>$frame = </span><span>[0 =&gt; &#39;¡¡¡¡¡¡¡¿Ñ\003\003\002\002\002\003\003\002¿¡¡¡¡¡¡¡&#39;, 1 =&gt; &#39;¡¿¿¿¿¿¡¿Ñ\003\003\002\003\003\002\002\002¿¡¿¿¿¿¿¡&#39;, 2 =&gt; &#39;¡¿¡¡¡¿¡¿Ñ\003\002\002\002\002\003\003\002¿¡¿¡¡¡¿¡&#39;, 3 =&gt; &#39;¡¿¡¡¡¿¡¿Ñ\002\003\002\002\003\002\002\003¿¡¿¡¡¡¿¡&#39;, 4 =&gt; &#39;¡¿¡¡¡¿¡¿Ñ\002\002\002\003\002\003\003\002¿¡¿¡¡¡¿¡&#39;, 5 =&gt; &#39;¡¿¿¿¿¿¡¿Ñ\002\002\003\002\002\003\002\003¿¡¿¿¿¿¿¡&#39;, 6 =&gt; &#39;¡¡¡¡¡¡¡¿ëêëêëêëêë¿¡¡¡¡¡¡¡&#39;, 7 =&gt; &#39;¿¿¿¿¿¿¿¿Ñ\002\003\003\003\002\002\002\002¿¿¿¿¿¿¿¿&#39;, 8 =&gt; &#39;ÑÑÑÑÑÑëÑÑ\002\002\003\003\002\002\002\003ÑÑÑÑÑÑÑÑ&#39;, 9 =&gt; &#39;\003\003\002\003\003\003ê\003\002\003\003\002\002\003\002\003\002\003\003\003\002\003\003\002\003&#39;, 10 =&gt; &#39;\003\002\003\003\002\002ë\003\002\003\003\002\003\003\003\002\002\002\002\003\002\003\002\003\002&#39;, 11 =&gt; &#39;\002\002\002\003\002\003ê\002\002\003\002\002\002\003\002\002\002\002\003\003\002\003\002\003\003&#39;, 12 =&gt; &#39;\002\002\003\002\003\002ë\003\002\002\003\002\002\002\003\002\002\003\002\002\003\002\003\003\003&#39;, 13 =&gt; &#39;\002\003\003\003\003\002ê\002\002\003\002\002\003\002\002\003\002\003\003\003\002\003\002\002\003&#39;, 14 =&gt; &#39;\002\002\002\002\002\002ë\002\003\003\003\003\002\002\002\002\002\003\002\002\002\003\002\003\002&#39;, 15 =&gt; &#39;\002\002\003\002\002\003ê\003\003\003\002\003\003\002\003\002\003\002\002\002\003\002\002\003\003&#39;, 16 =&gt; &#39;\002\002\003\003\002\002ë\003\003\002\002\003\003\002\002\002°°°°°\002\003\002\002&#39;, 17 =&gt; &#39;¿¿¿¿¿¿¿¿Å\002\002\002\002\003\003\003°†††°\002\002\003\003&#39;, 18 =&gt; &#39;¡¡¡¡¡¡¡¿Ñ\002\003\002\003\003\003\003°†°†°\002\002\003\002&#39;, 19 =&gt; &#39;¡¿¿¿¿¿¡¿Ñ\003\003\002\002\003\002\003°†††°\003\002\003\003&#39;, 20 =&gt; &#39;¡¿¡¡¡¿¡¿Ñ\002\002\002\002\002\003\002°°°°°\002\003\002\002&#39;, 21 =&gt; &#39;¡¿¡¡¡¿¡¿Ñ\002\002\002\003\002\002\002\002\003\002\002\003\003\003\003\002&#39;, 22 =&gt; &#39;¡¿¡¡¡¿¡¿Ñ\002\002\003\002\002\002\002\003\002\003\003\002\003\003\002\002&#39;, 23 =&gt; &#39;¡¿¿¿¿¿¡¿Ñ\003\003\003\003\002\003\003\003\003\002\002\002\003\002\002\002&#39;, 24 =&gt; &#39;¡¡¡¡¡¡¡¿Ñ\002\002\003\003\002\002\003\002\003\002\003\002\003\003\003\002&#39;]</span>, <span>$level = </span><span>0</span> )</td><td title='C:\wamp64\www\deneme2\qrencode.php' bgcolor='#eeeeec'>...\qrencode.php<b>:</b>216</td></tr>
<tr><td bgcolor='#eeeeec' align='center'>9</td><td bgcolor='#eeeeec' align='center'>0.0638</td><td bgcolor='#eeeeec' align='right'>512952</td><td bgcolor='#eeeeec'>QRmask->makeMaskNo( <span>$maskNo = </span><span>3</span>, <span>$width = </span><span>25</span>, <span>$s = </span><span>[0 =&gt; &#39;¡¡¡¡¡¡¡¿Ñ\003\003\002\002\002\003\003\002¿¡¡¡¡¡¡¡&#39;, 1 =&gt; &#39;¡¿¿¿¿¿¡¿Ñ\003\003\002\003\003\002\002\002¿¡¿¿¿¿¿¡&#39;, 2 =&gt; &#39;¡¿¡¡¡¿¡¿Ñ\003\002\002\002\002\003\003\002¿¡¿¡¡¡¿¡&#39;, 3 =&gt; &#39;¡¿¡¡¡¿¡¿Ñ\002\003\002\002\003\002\002\003¿¡¿¡¡¡¿¡&#39;, 4 =&gt; &#39;¡¿¡¡¡¿¡¿Ñ\002\002\002\003\002\003\003\002¿¡¿¡¡¡¿¡&#39;, 5 =&gt; &#39;¡¿¿¿¿¿¡¿Ñ\002\002\003\002\002\003\002\003¿¡¿¿¿¿¿¡&#39;, 6 =&gt; &#39;¡¡¡¡¡¡¡¿ëêëêëêëêë¿¡¡¡¡¡¡¡&#39;, 7 =&gt; &#39;¿¿¿¿¿¿¿¿Ñ\002\003\003\003\002\002\002\002¿¿¿¿¿¿¿¿&#39;, 8 =&gt; &#39;ÑÑÑÑÑÑëÑÑ\002\002\003\003\002\002\002\003ÑÑÑÑÑÑÑÑ&#39;, 9 =&gt; &#39;\003\003\002\003\003\003ê\003\002\003\003\002\002\003\002\003\002\003\003\003\002\003\003\002\003&#39;, 10 =&gt; &#39;\003\002\003\003\002\002ë\003\002\003\003\002\003\003\003\002\002\002\002\003\002\003\002\003\002&#39;, 11 =&gt; &#39;\002\002\002\003\002\003ê\002\002\003\002\002\002\003\002\002\002\002\003\003\002\003\002\003\003&#39;, 12 =&gt; &#39;\002\002\003\002\003\002ë\003\002\002\003\002\002\002\003\002\002\003\002\002\003\002\003\003\003&#39;, 13 =&gt; &#39;\002\003\003\003\003\002ê\002\002\003\002\002\003\002\002\003\002\003\003\003\002\003\002\002\003&#39;, 14 =&gt; &#39;\002\002\002\002\002\002ë\002\003\003\003\003\002\002\002\002\002\003\002\002\002\003\002\003\002&#39;, 15 =&gt; &#39;\002\002\003\002\002\003ê\003\003\003\002\003\003\002\003\002\003\002\002\002\003\002\002\003\003&#39;, 16 =&gt; &#39;\002\002\003\003\002\002ë\003\003\002\002\003\003\002\002\002°°°°°\002\003\002\002&#39;, 17 =&gt; &#39;¿¿¿¿¿¿¿¿Å\002\002\002\002\003\003\003°†††°\002\002\003\003&#39;, 18 =&gt; &#39;¡¡¡¡¡¡¡¿Ñ\002\003\002\003\003\003\003°†°†°\002\002\003\002&#39;, 19 =&gt; &#39;¡¿¿¿¿¿¡¿Ñ\003\003\002\002\003\002\003°†††°\003\002\003\003&#39;, 20 =&gt; &#39;¡¿¡¡¡¿¡¿Ñ\002\002\002\002\002\003\002°°°°°\002\003\002\002&#39;, 21 =&gt; &#39;¡¿¡¡¡¿¡¿Ñ\002\002\002\003\002\002\002\002\003\002\002\003\003\003\003\002&#39;, 22 =&gt; &#39;¡¿¡¡¡¿¡¿Ñ\002\002\003\002\002\002\002\003\002\003\003\002\003\003\002\002&#39;, 23 =&gt; &#39;¡¿¿¿¿¿¡¿Ñ\003\003\003\003\002\003\003\003\003\002\002\002\003\002\002\002&#39;, 24 =&gt; &#39;¡¡¡¡¡¡¡¿Ñ\002\002\003\003\002\002\003\002\003\002\003\002\003\003\003\002&#39;]</span>, <span>$d = </span><span>[0 =&gt; &#39;\000\000\000\000\000\000\000\000\000\000\000\000\000\000\000\000\000\000\000\000\000\000\000\000\000&#39;, 1 =&gt; &#39;\000\000\000\000\000\000\000\000\000\000\000\000\000\000\000\000\000\000\000\000\000\000\000\000\000&#39;, 2 =&gt; &#39;\000\000\000\000\000\000\000\000\000\000\000\000\000\000\000\000\000\000\000\000\000\000\000\000\000&#39;, 3 =&gt; &#39;\000\000\000\000\000\000\000\000\000\000\000\000\000\000\000\000\000\000\000\000\000\000\000\000\000&#39;, 4 =&gt; &#39;\000\000\000\000\000\000\000\000\000\000\000\000\000\000\000\000\000\000\000\000\000\000\000\000\000&#39;, 5 =&gt; &#39;\000\000\000\000\000\000\000\000\000\000\000\000\000\000\000\000\000\000\000\000\000\000\000\000\000&#39;, 6 =&gt; &#39;\000\000\000\000\000\000\000\000\000\000\000\000\000\000\000\000\000\000\000\000\000\000\000\000\000&#39;, 7 =&gt; &#39;\000\000\000\000\000\000\000\000\000\000\000\000\000\000\000\000\000\000\000\000\000\000\000\000\000&#39;, 8 =&gt; &#39;\000\000\000\000\000\000\000\000\000\000\000\000\000\000\000\000\000\000\000\000\000\000\000\000\000&#39;, 9 =&gt; &#39;\000\000\000\000\000\000\000\000\000\000\000\000\000\000\000\000\000\000\000\000\000\000\000\000\000&#39;, 10 =&gt; &#39;\000\000\000\000\000\000\000\000\000\000\000\000\000\000\000\000\000\000\000\000\000\000\000\000\000&#39;, 11 =&gt; &#39;\000\000\000\000\000\000\000\000\000\000\000\000\000\000\000\000\000\000\000\000\000\000\000\000\000&#39;, 12 =&gt; &#39;\000\000\000\000\000\000\000\000\000\000\000\000\000\000\000\000\000\000\000\000\000\000\000\000\000&#39;, 13 =&gt; &#39;\000\000\000\000\000\000\000\000\000\000\000\000\000\000\000\000\000\000\000\000\000\000\000\000\000&#39;, 14 =&gt; &#39;\000\000\000\000\000\000\000\000\000\000\000\000\000\000\000\000\000\000\000\000\000\000\000\000\000&#39;, 15 =&gt; &#39;\000\000\000\000\000\000\000\000\000\000\000\000\000\000\000\000\000\000\000\000\000\000\000\000\000&#39;, 16 =&gt; &#39;\000\000\000\000\000\000\000\000\000\000\000\000\000\000\000\000\000\000\000\000\000\000\000\000\000&#39;, 17 =&gt; &#39;\000\000\000\000\000\000\000\000\000\000\000\000\000\000\000\000\000\000\000\000\000\000\000\000\000&#39;, 18 =&gt; &#39;\000\000\000\000\000\000\000\000\000\000\000\000\000\000\000\000\000\000\000\000\000\000\000\000\000&#39;, 19 =&gt; &#39;\000\000\000\000\000\000\000\000\000\000\000\000\000\000\000\000\000\000\000\000\000\000\000\000\000&#39;, 20 =&gt; &#39;\000\000\000\000\000\000\000\000\000\000\000\000\000\000\000\000\000\000\000\000\000\000\000\000\000&#39;, 21 =&gt; &#39;\000\000\000\000\000\000\000\000\000\000\000\000\000\000\000\000\000\000\000\000\000\000\000\000\000&#39;, 22 =&gt; &#39;\000\000\000\000\000\000\000\000\000\000\000\000\000\000\000\000\000\000\000\000\000\000\000\000\000&#39;, 23 =&gt; &#39;\000\000\000\000\000\000\000\000\000\000\000\000\000\000\000\000\000\000\000\000\000\000\000\000\000&#39;, 24 =&gt; &#39;\000\000\000\000\000\000\000\000\000\000\000\000\000\000\000\000\000\000\000\000\000\000\000\000\000&#39;]</span>, <span>$maskGenOnly = </span>??? )</td><td title='C:\wamp64\www\deneme2\qrmask.php' bgcolor='#eeeeec'>...\qrmask.php<b>:</b>311</td></tr>
<tr><td bgcolor='#eeeeec' align='center'>10</td><td bgcolor='#eeeeec' align='center'>0.0673</td><td bgcolor='#eeeeec' align='right'>564264</td><td bgcolor='#eeeeec'><a href='http://www.php.net/function.file-put-contents' target='_new'>file_put_contents</a>( <span>$filename = </span><span>&#39;C:\\wamp64\\www\\deneme2\\cache\\mask_3\\mask_25_3.dat&#39;</span>, <span>$data = </span><span>&#39;x⁄30Ä\002C\030Ç\002.\003\004@ë@ñA”ƒe@\033”–\001Y¶¡9Ühà\vS\bä∏pI\f†i0œqa\017\002C\\±\0005\rá&amp;íL3ƒe\032¬ß∏4·6\r\000Üvò&#39;</span> )</td><td title='C:\wamp64\www\deneme2\qrmask.php' bgcolor='#eeeeec'>...\qrmask.php<b>:</b>155</td></tr>
</table></font>
<br />
<font size='1'><table class='xdebug-error xe-warning' dir='ltr' border='1' cellspacing='0' cellpadding='1'>
<tr><th align='left' bgcolor='#f57900' colspan="5"><span style='background-color: #cc0000; color: #fce94f; font-size: x-large;'>( ! )</span> Warning: mkdir(): No such file or directory in C:\wamp64\www\deneme2\qrmask.php on line <i>154</i></th></tr>
<tr><th align='left' bgcolor='#e9b96e' colspan='5'>Call Stack</th></tr>
<tr><th align='center' bgcolor='#eeeeec'>#</th><th align='left' bgcolor='#eeeeec'>Time</th><th align='left' bgcolor='#eeeeec'>Memory</th><th align='left' bgcolor='#eeeeec'>Function</th><th align='left' bgcolor='#eeeeec'>Location</th></tr>
<tr><td bgcolor='#eeeeec' align='center'>1</td><td bgcolor='#eeeeec' align='center'>0.0006</td><td bgcolor='#eeeeec' align='right'>362392</td><td bgcolor='#eeeeec'>{main}(  )</td><td title='C:\wamp64\www\deneme2\index.php' bgcolor='#eeeeec'>...\index.php<b>:</b>0</td></tr>
<tr><td bgcolor='#eeeeec' align='center'>2</td><td bgcolor='#eeeeec' align='center'>0.0031</td><td bgcolor='#eeeeec' align='right'>364872</td><td bgcolor='#eeeeec'>QRcode::png( <span>$text = </span><span>&#39;some othertext 1234&#39;</span>, <span>$outfile = </span>???, <span>$level = </span>???, <span>$size = </span>???, <span>$margin = </span>???, <span>$saveandprint = </span>??? )</td><td title='C:\wamp64\www\deneme2\index.php' bgcolor='#eeeeec'>...\index.php<b>:</b>4</td></tr>
<tr><td bgcolor='#eeeeec' align='center'>3</td><td bgcolor='#eeeeec' align='center'>0.0031</td><td bgcolor='#eeeeec' align='right'>365064</td><td bgcolor='#eeeeec'>QRencode->encodePNG( <span>$intext = </span><span>&#39;some othertext 1234&#39;</span>, <span>$outfile = </span><span>FALSE</span>, <span>$saveandprint = </span><span>FALSE</span> )</td><td title='C:\wamp64\www\deneme2\qrencode.php' bgcolor='#eeeeec'>...\qrencode.php<b>:</b>286</td></tr>
<tr><td bgcolor='#eeeeec' align='center'>4</td><td bgcolor='#eeeeec' align='center'>0.0031</td><td bgcolor='#eeeeec' align='right'>381576</td><td bgcolor='#eeeeec'>QRencode->encode( <span>$intext = </span><span>&#39;some othertext 1234&#39;</span>, <span>$outfile = </span>??? )</td><td title='C:\wamp64\www\deneme2\qrencode.php' bgcolor='#eeeeec'>...\qrencode.php<b>:</b>485</td></tr>
<tr><td bgcolor='#eeeeec' align='center'>5</td><td bgcolor='#eeeeec' align='center'>0.0031</td><td bgcolor='#eeeeec' align='right'>381672</td><td bgcolor='#eeeeec'>QRcode->encodeString( <span>$string = </span><span>&#39;some othertext 1234&#39;</span>, <span>$version = </span><span>0</span>, <span>$level = </span><span>0</span>, <span>$hint = </span><span>2</span>, <span>$casesensitive = </span><span>TRUE</span> )</td><td title='C:\wamp64\www\deneme2\qrencode.php' bgcolor='#eeeeec'>...\qrencode.php<b>:</b>467</td></tr>
<tr><td bgcolor='#eeeeec' align='center'>6</td><td bgcolor='#eeeeec' align='center'>0.0034</td><td bgcolor='#eeeeec' align='right'>384328</td><td bgcolor='#eeeeec'>QRcode->encodeInput( <span>$input = </span><span>class QRinput { public $items = [0 =&gt; class QRinputItem { ... }]; private $version = 2; private $level = 0 }</span> )</td><td title='C:\wamp64\www\deneme2\qrencode.php' bgcolor='#eeeeec'>...\qrencode.php<b>:</b>279</td></tr>
<tr><td bgcolor='#eeeeec' align='center'>7</td><td bgcolor='#eeeeec' align='center'>0.0034</td><td bgcolor='#eeeeec' align='right'>384328</td><td bgcolor='#eeeeec'>QRcode->encodeMask( <span>$input = </span><span>class QRinput { public $items = [0 =&gt; class QRinputItem { ... }]; private $version = 2; private $level = 0 }</span>, <span>$mask = </span><span>-1</span> )</td><td title='C:\wamp64\www\deneme2\qrencode.php' bgcolor='#eeeeec'>...\qrencode.php<b>:</b>240</td></tr>
<tr><td bgcolor='#eeeeec' align='center'>8</td><td bgcolor='#eeeeec' align='center'>0.0132</td><td bgcolor='#eeeeec' align='right'>443304</td><td bgcolor='#eeeeec'>QRmask->mask( <span>$width = </span><span>25</span>, <span>$frame = </span><span>[0 =&gt; &#39;¡¡¡¡¡¡¡¿Ñ\003\003\002\002\002\003\003\002¿¡¡¡¡¡¡¡&#39;, 1 =&gt; &#39;¡¿¿¿¿¿¡¿Ñ\003\003\002\003\003\002\002\002¿¡¿¿¿¿¿¡&#39;, 2 =&gt; &#39;¡¿¡¡¡¿¡¿Ñ\003\002\002\002\002\003\003\002¿¡¿¡¡¡¿¡&#39;, 3 =&gt; &#39;¡¿¡¡¡¿¡¿Ñ\002\003\002\002\003\002\002\003¿¡¿¡¡¡¿¡&#39;, 4 =&gt; &#39;¡¿¡¡¡¿¡¿Ñ\002\002\002\003\002\003\003\002¿¡¿¡¡¡¿¡&#39;, 5 =&gt; &#39;¡¿¿¿¿¿¡¿Ñ\002\002\003\002\002\003\002\003¿¡¿¿¿¿¿¡&#39;, 6 =&gt; &#39;¡¡¡¡¡¡¡¿ëêëêëêëêë¿¡¡¡¡¡¡¡&#39;, 7 =&gt; &#39;¿¿¿¿¿¿¿¿Ñ\002\003\003\003\002\002\002\002¿¿¿¿¿¿¿¿&#39;, 8 =&gt; &#39;ÑÑÑÑÑÑëÑÑ\002\002\003\003\002\002\002\003ÑÑÑÑÑÑÑÑ&#39;, 9 =&gt; &#39;\003\003\002\003\003\003ê\003\002\003\003\002\002\003\002\003\002\003\003\003\002\003\003\002\003&#39;, 10 =&gt; &#39;\003\002\003\003\002\002ë\003\002\003\003\002\003\003\003\002\002\002\002\003\002\003\002\003\002&#39;, 11 =&gt; &#39;\002\002\002\003\002\003ê\002\002\003\002\002\002\003\002\002\002\002\003\003\002\003\002\003\003&#39;, 12 =&gt; &#39;\002\002\003\002\003\002ë\003\002\002\003\002\002\002\003\002\002\003\002\002\003\002\003\003\003&#39;, 13 =&gt; &#39;\002\003\003\003\003\002ê\002\002\003\002\002\003\002\002\003\002\003\003\003\002\003\002\002\003&#39;, 14 =&gt; &#39;\002\002\002\002\002\002ë\002\003\003\003\003\002\002\002\002\002\003\002\002\002\003\002\003\002&#39;, 15 =&gt; &#39;\002\002\003\002\002\003ê\003\003\003\002\003\003\002\003\002\003\002\002\002\003\002\002\003\003&#39;, 16 =&gt; &#39;\002\002\003\003\002\002ë\003\003\002\002\003\003\002\002\002°°°°°\002\003\002\002&#39;, 17 =&gt; &#39;¿¿¿¿¿¿¿¿Å\002\002\002\002\003\003\003°†††°\002\002\003\003&#39;, 18 =&gt; &#39;¡¡¡¡¡¡¡¿Ñ\002\003\002\003\003\003\003°†°†°\002\002\003\002&#39;, 19 =&gt; &#39;¡¿¿¿¿¿¡¿Ñ\003\003\002\002\003\002\003°†††°\003\002\003\003&#39;, 20 =&gt; &#39;¡¿¡¡¡¿¡¿Ñ\002\002\002\002\002\003\002°°°°°\002\003\002\002&#39;, 21 =&gt; &#39;¡¿¡¡¡¿¡¿Ñ\002\002\002\003\002\002\002\002\003\002\002\003\003\003\003\002&#39;, 22 =&gt; &#39;¡¿¡¡¡¿¡¿Ñ\002\002\003\002\002\002\002\003\002\003\003\002\003\003\002\002&#39;, 23 =&gt; &#39;¡¿¿¿¿¿¡¿Ñ\003\003\003\003\002\003\003\003\003\002\002\002\003\002\002\002&#39;, 24 =&gt; &#39;¡¡¡¡¡¡¡¿Ñ\002\002\003\003\002\002\003\002\003\002\003\002\003\003\003\002&#39;]</span>, <span>$level = </span><span>0</span> )</td><td title='C:\wamp64\www\deneme2\qrencode.php' bgcolor='#eeeeec'>...\qrencode.php<b>:</b>216</td></tr>
<tr><td bgcolor='#eeeeec' align='center'>9</td><td bgcolor='#eeeeec' align='center'>0.0742</td><td bgcolor='#eeeeec' align='right'>545720</td><td bgcolor='#eeeeec'>QRmask->makeMaskNo( <span>$maskNo = </span><span>4</span>, <span>$width = </span><span>25</span>, <span>$s = </span><span>[0 =&gt; &#39;¡¡¡¡¡¡¡¿Ñ\003\003\002\002\002\003\003\002¿¡¡¡¡¡¡¡&#39;, 1 =&gt; &#39;¡¿¿¿¿¿¡¿Ñ\003\003\002\003\003\002\002\002¿¡¿¿¿¿¿¡&#39;, 2 =&gt; &#39;¡¿¡¡¡¿¡¿Ñ\003\002\002\002\002\003\003\002¿¡¿¡¡¡¿¡&#39;, 3 =&gt; &#39;¡¿¡¡¡¿¡¿Ñ\002\003\002\002\003\002\002\003¿¡¿¡¡¡¿¡&#39;, 4 =&gt; &#39;¡¿¡¡¡¿¡¿Ñ\002\002\002\003\002\003\003\002¿¡¿¡¡¡¿¡&#39;, 5 =&gt; &#39;¡¿¿¿¿¿¡¿Ñ\002\002\003\002\002\003\002\003¿¡¿¿¿¿¿¡&#39;, 6 =&gt; &#39;¡¡¡¡¡¡¡¿ëêëêëêëêë¿¡¡¡¡¡¡¡&#39;, 7 =&gt; &#39;¿¿¿¿¿¿¿¿Ñ\002\003\003\003\002\002\002\002¿¿¿¿¿¿¿¿&#39;, 8 =&gt; &#39;ÑÑÑÑÑÑëÑÑ\002\002\003\003\002\002\002\003ÑÑÑÑÑÑÑÑ&#39;, 9 =&gt; &#39;\003\003\002\003\003\003ê\003\002\003\003\002\002\003\002\003\002\003\003\003\002\003\003\002\003&#39;, 10 =&gt; &#39;\003\002\003\003\002\002ë\003\002\003\003\002\003\003\003\002\002\002\002\003\002\003\002\003\002&#39;, 11 =&gt; &#39;\002\002\002\003\002\003ê\002\002\003\002\002\002\003\002\002\002\002\003\003\002\003\002\003\003&#39;, 12 =&gt; &#39;\002\002\003\002\003\002ë\003\002\002\003\002\002\002\003\002\002\003\002\002\003\002\003\003\003&#39;, 13 =&gt; &#39;\002\003\003\003\003\002ê\002\002\003\002\002\003\002\002\003\002\003\003\003\002\003\002\002\003&#39;, 14 =&gt; &#39;\002\002\002\002\002\002ë\002\003\003\003\003\002\002\002\002\002\003\002\002\002\003\002\003\002&#39;, 15 =&gt; &#39;\002\002\003\002\002\003ê\003\003\003\002\003\003\002\003\002\003\002\002\002\003\002\002\003\003&#39;, 16 =&gt; &#39;\002\002\003\003\002\002ë\003\003\002\002\003\003\002\002\002°°°°°\002\003\002\002&#39;, 17 =&gt; &#39;¿¿¿¿¿¿¿¿Å\002\002\002\002\003\003\003°†††°\002\002\003\003&#39;, 18 =&gt; &#39;¡¡¡¡¡¡¡¿Ñ\002\003\002\003\003\003\003°†°†°\002\002\003\002&#39;, 19 =&gt; &#39;¡¿¿¿¿¿¡¿Ñ\003\003\002\002\003\002\003°†††°\003\002\003\003&#39;, 20 =&gt; &#39;¡¿¡¡¡¿¡¿Ñ\002\002\002\002\002\003\002°°°°°\002\003\002\002&#39;, 21 =&gt; &#39;¡¿¡¡¡¿¡¿Ñ\002\002\002\003\002\002\002\002\003\002\002\003\003\003\003\002&#39;, 22 =&gt; &#39;¡¿¡¡¡¿¡¿Ñ\002\002\003\002\002\002\002\003\002\003\003\002\003\003\002\002&#39;, 23 =&gt; &#39;¡¿¿¿¿¿¡¿Ñ\003\003\003\003\002\003\003\003\003\002\002\002\003\002\002\002&#39;, 24 =&gt; &#39;¡¡¡¡¡¡¡¿Ñ\002\002\003\003\002\002\003\002\003\002\003\002\003\003\003\002&#39;]</span>, <span>$d = </span><span>[0 =&gt; &#39;\000\000\000\000\000\000\000\000\000\000\000\000\000\000\000\000\000\000\000\000\000\000\000\000\000&#39;, 1 =&gt; &#39;\000\000\000\000\000\000\000\000\000\000\000\000\000\000\000\000\000\000\000\000\000\000\000\000\000&#39;, 2 =&gt; &#39;\000\000\000\000\000\000\000\000\000\000\000\000\000\000\000\000\000\000\000\000\000\000\000\000\000&#39;, 3 =&gt; &#39;\000\000\000\000\000\000\000\000\000\000\000\000\000\000\000\000\000\000\000\000\000\000\000\000\000&#39;, 4 =&gt; &#39;\000\000\000\000\000\000\000\000\000\000\000\000\000\000\000\000\000\000\000\000\000\000\000\000\000&#39;, 5 =&gt; &#39;\000\000\000\000\000\000\000\000\000\000\000\000\000\000\000\000\000\000\000\000\000\000\000\000\000&#39;, 6 =&gt; &#39;\000\000\000\000\000\000\000\000\000\000\000\000\000\000\000\000\000\000\000\000\000\000\000\000\000&#39;, 7 =&gt; &#39;\000\000\000\000\000\000\000\000\000\000\000\000\000\000\000\000\000\000\000\000\000\000\000\000\000&#39;, 8 =&gt; &#39;\000\000\000\000\000\000\000\000\000\000\000\000\000\000\000\000\000\000\000\000\000\000\000\000\000&#39;, 9 =&gt; &#39;\000\000\000\000\000\000\000\000\000\000\000\000\000\000\000\000\000\000\000\000\000\000\000\000\000&#39;, 10 =&gt; &#39;\000\000\000\000\000\000\000\000\000\000\000\000\000\000\000\000\000\000\000\000\000\000\000\000\000&#39;, 11 =&gt; &#39;\000\000\000\000\000\000\000\000\000\000\000\000\000\000\000\000\000\000\000\000\000\000\000\000\000&#39;, 12 =&gt; &#39;\000\000\000\000\000\000\000\000\000\000\000\000\000\000\000\000\000\000\000\000\000\000\000\000\000&#39;, 13 =&gt; &#39;\000\000\000\000\000\000\000\000\000\000\000\000\000\000\000\000\000\000\000\000\000\000\000\000\000&#39;, 14 =&gt; &#39;\000\000\000\000\000\000\000\000\000\000\000\000\000\000\000\000\000\000\000\000\000\000\000\000\000&#39;, 15 =&gt; &#39;\000\000\000\000\000\000\000\000\000\000\000\000\000\000\000\000\000\000\000\000\000\000\000\000\000&#39;, 16 =&gt; &#39;\000\000\000\000\000\000\000\000\000\000\000\000\000\000\000\000\000\000\000\000\000\000\000\000\000&#39;, 17 =&gt; &#39;\000\000\000\000\000\000\000\000\000\000\000\000\000\000\000\000\000\000\000\000\000\000\000\000\000&#39;, 18 =&gt; &#39;\000\000\000\000\000\000\000\000\000\000\000\000\000\000\000\000\000\000\000\000\000\000\000\000\000&#39;, 19 =&gt; &#39;\000\000\000\000\000\000\000\000\000\000\000\000\000\000\000\000\000\000\000\000\000\000\000\000\000&#39;, 20 =&gt; &#39;\000\000\000\000\000\000\000\000\000\000\000\000\000\000\000\000\000\000\000\000\000\000\000\000\000&#39;, 21 =&gt; &#39;\000\000\000\000\000\000\000\000\000\000\000\000\000\000\000\000\000\000\000\000\000\000\000\000\000&#39;, 22 =&gt; &#39;\000\000\000\000\000\000\000\000\000\000\000\000\000\000\000\000\000\000\000\000\000\000\000\000\000&#39;, 23 =&gt; &#39;\000\000\000\000\000\000\000\000\000\000\000\000\000\000\000\000\000\000\000\000\000\000\000\000\000&#39;, 24 =&gt; &#39;\000\000\000\000\000\000\000\000\000\000\000\000\000\000\000\000\000\000\000\000\000\000\000\000\000&#39;]</span>, <span>$maskGenOnly = </span>??? )</td><td title='C:\wamp64\www\deneme2\qrmask.php' bgcolor='#eeeeec'>...\qrmask.php<b>:</b>311</td></tr>
<tr><td bgcolor='#eeeeec' align='center'>10</td><td bgcolor='#eeeeec' align='center'>0.0749</td><td bgcolor='#eeeeec' align='right'>580600</td><td bgcolor='#eeeeec'><a href='http://www.php.net/function.mkdir' target='_new'>mkdir</a>( <span>$pathname = </span><span>&#39;C:\\wamp64\\www\\deneme2\\cache\\mask_4&#39;</span> )</td><td title='C:\wamp64\www\deneme2\qrmask.php' bgcolor='#eeeeec'>...\qrmask.php<b>:</b>154</td></tr>
</table></font>
<br />
<font size='1'><table class='xdebug-error xe-warning' dir='ltr' border='1' cellspacing='0' cellpadding='1'>
<tr><th align='left' bgcolor='#f57900' colspan="5"><span style='background-color: #cc0000; color: #fce94f; font-size: x-large;'>( ! )</span> Warning: file_put_contents(C:\wamp64\www\deneme2\cache\mask_4\mask_25_4.dat): failed to open stream: No such file or directory in C:\wamp64\www\deneme2\qrmask.php on line <i>155</i></th></tr>
<tr><th align='left' bgcolor='#e9b96e' colspan='5'>Call Stack</th></tr>
<tr><th align='center' bgcolor='#eeeeec'>#</th><th align='left' bgcolor='#eeeeec'>Time</th><th align='left' bgcolor='#eeeeec'>Memory</th><th align='left' bgcolor='#eeeeec'>Function</th><th align='left' bgcolor='#eeeeec'>Location</th></tr>
<tr><td bgcolor='#eeeeec' align='center'>1</td><td bgcolor='#eeeeec' align='center'>0.0006</td><td bgcolor='#eeeeec' align='right'>362392</td><td bgcolor='#eeeeec'>{main}(  )</td><td title='C:\wamp64\www\deneme2\index.php' bgcolor='#eeeeec'>...\index.php<b>:</b>0</td></tr>
<tr><td bgcolor='#eeeeec' align='center'>2</td><td bgcolor='#eeeeec' align='center'>0.0031</td><td bgcolor='#eeeeec' align='right'>364872</td><td bgcolor='#eeeeec'>QRcode::png( <span>$text = </span><span>&#39;some othertext 1234&#39;</span>, <span>$outfile = </span>???, <span>$level = </span>???, <span>$size = </span>???, <span>$margin = </span>???, <span>$saveandprint = </span>??? )</td><td title='C:\wamp64\www\deneme2\index.php' bgcolor='#eeeeec'>...\index.php<b>:</b>4</td></tr>
<tr><td bgcolor='#eeeeec' align='center'>3</td><td bgcolor='#eeeeec' align='center'>0.0031</td><td bgcolor='#eeeeec' align='right'>365064</td><td bgcolor='#eeeeec'>QRencode->encodePNG( <span>$intext = </span><span>&#39;some othertext 1234&#39;</span>, <span>$outfile = </span><span>FALSE</span>, <span>$saveandprint = </span><span>FALSE</span> )</td><td title='C:\wamp64\www\deneme2\qrencode.php' bgcolor='#eeeeec'>...\qrencode.php<b>:</b>286</td></tr>
<tr><td bgcolor='#eeeeec' align='center'>4</td><td bgcolor='#eeeeec' align='center'>0.0031</td><td bgcolor='#eeeeec' align='right'>381576</td><td bgcolor='#eeeeec'>QRencode->encode( <span>$intext = </span><span>&#39;some othertext 1234&#39;</span>, <span>$outfile = </span>??? )</td><td title='C:\wamp64\www\deneme2\qrencode.php' bgcolor='#eeeeec'>...\qrencode.php<b>:</b>485</td></tr>
<tr><td bgcolor='#eeeeec' align='center'>5</td><td bgcolor='#eeeeec' align='center'>0.0031</td><td bgcolor='#eeeeec' align='right'>381672</td><td bgcolor='#eeeeec'>QRcode->encodeString( <span>$string = </span><span>&#39;some othertext 1234&#39;</span>, <span>$version = </span><span>0</span>, <span>$level = </span><span>0</span>, <span>$hint = </span><span>2</span>, <span>$casesensitive = </span><span>TRUE</span> )</td><td title='C:\wamp64\www\deneme2\qrencode.php' bgcolor='#eeeeec'>...\qrencode.php<b>:</b>467</td></tr>
<tr><td bgcolor='#eeeeec' align='center'>6</td><td bgcolor='#eeeeec' align='center'>0.0034</td><td bgcolor='#eeeeec' align='right'>384328</td><td bgcolor='#eeeeec'>QRcode->encodeInput( <span>$input = </span><span>class QRinput { public $items = [0 =&gt; class QRinputItem { ... }]; private $version = 2; private $level = 0 }</span> )</td><td title='C:\wamp64\www\deneme2\qrencode.php' bgcolor='#eeeeec'>...\qrencode.php<b>:</b>279</td></tr>
<tr><td bgcolor='#eeeeec' align='center'>7</td><td bgcolor='#eeeeec' align='center'>0.0034</td><td bgcolor='#eeeeec' align='right'>384328</td><td bgcolor='#eeeeec'>QRcode->encodeMask( <span>$input = </span><span>class QRinput { public $items = [0 =&gt; class QRinputItem { ... }]; private $version = 2; private $level = 0 }</span>, <span>$mask = </span><span>-1</span> )</td><td title='C:\wamp64\www\deneme2\qrencode.php' bgcolor='#eeeeec'>...\qrencode.php<b>:</b>240</td></tr>
<tr><td bgcolor='#eeeeec' align='center'>8</td><td bgcolor='#eeeeec' align='center'>0.0132</td><td bgcolor='#eeeeec' align='right'>443304</td><td bgcolor='#eeeeec'>QRmask->mask( <span>$width = </span><span>25</span>, <span>$frame = </span><span>[0 =&gt; &#39;¡¡¡¡¡¡¡¿Ñ\003\003\002\002\002\003\003\002¿¡¡¡¡¡¡¡&#39;, 1 =&gt; &#39;¡¿¿¿¿¿¡¿Ñ\003\003\002\003\003\002\002\002¿¡¿¿¿¿¿¡&#39;, 2 =&gt; &#39;¡¿¡¡¡¿¡¿Ñ\003\002\002\002\002\003\003\002¿¡¿¡¡¡¿¡&#39;, 3 =&gt; &#39;¡¿¡¡¡¿¡¿Ñ\002\003\002\002\003\002\002\003¿¡¿¡¡¡¿¡&#39;, 4 =&gt; &#39;¡¿¡¡¡¿¡¿Ñ\002\002\002\003\002\003\003\002¿¡¿¡¡¡¿¡&#39;, 5 =&gt; &#39;¡¿¿¿¿¿¡¿Ñ\002\002\003\002\002\003\002\003¿¡¿¿¿¿¿¡&#39;, 6 =&gt; &#39;¡¡¡¡¡¡¡¿ëêëêëêëêë¿¡¡¡¡¡¡¡&#39;, 7 =&gt; &#39;¿¿¿¿¿¿¿¿Ñ\002\003\003\003\002\002\002\002¿¿¿¿¿¿¿¿&#39;, 8 =&gt; &#39;ÑÑÑÑÑÑëÑÑ\002\002\003\003\002\002\002\003ÑÑÑÑÑÑÑÑ&#39;, 9 =&gt; &#39;\003\003\002\003\003\003ê\003\002\003\003\002\002\003\002\003\002\003\003\003\002\003\003\002\003&#39;, 10 =&gt; &#39;\003\002\003\003\002\002ë\003\002\003\003\002\003\003\003\002\002\002\002\003\002\003\002\003\002&#39;, 11 =&gt; &#39;\002\002\002\003\002\003ê\002\002\003\002\002\002\003\002\002\002\002\003\003\002\003\002\003\003&#39;, 12 =&gt; &#39;\002\002\003\002\003\002ë\003\002\002\003\002\002\002\003\002\002\003\002\002\003\002\003\003\003&#39;, 13 =&gt; &#39;\002\003\003\003\003\002ê\002\002\003\002\002\003\002\002\003\002\003\003\003\002\003\002\002\003&#39;, 14 =&gt; &#39;\002\002\002\002\002\002ë\002\003\003\003\003\002\002\002\002\002\003\002\002\002\003\002\003\002&#39;, 15 =&gt; &#39;\002\002\003\002\002\003ê\003\003\003\002\003\003\002\003\002\003\002\002\002\003\002\002\003\003&#39;, 16 =&gt; &#39;\002\002\003\003\002\002ë\003\003\002\002\003\003\002\002\002°°°°°\002\003\002\002&#39;, 17 =&gt; &#39;¿¿¿¿¿¿¿¿Å\002\002\002\002\003\003\003°†††°\002\002\003\003&#39;, 18 =&gt; &#39;¡¡¡¡¡¡¡¿Ñ\002\003\002\003\003\003\003°†°†°\002\002\003\002&#39;, 19 =&gt; &#39;¡¿¿¿¿¿¡¿Ñ\003\003\002\002\003\002\003°†††°\003\002\003\003&#39;, 20 =&gt; &#39;¡¿¡¡¡¿¡¿Ñ\002\002\002\002\002\003\002°°°°°\002\003\002\002&#39;, 21 =&gt; &#39;¡¿¡¡¡¿¡¿Ñ\002\002\002\003\002\002\002\002\003\002\002\003\003\003\003\002&#39;, 22 =&gt; &#39;¡¿¡¡¡¿¡¿Ñ\002\002\003\002\002\002\002\003\002\003\003\002\003\003\002\002&#39;, 23 =&gt; &#39;¡¿¿¿¿¿¡¿Ñ\003\003\003\003\002\003\003\003\003\002\002\002\003\002\002\002&#39;, 24 =&gt; &#39;¡¡¡¡¡¡¡¿Ñ\002\002\003\003\002\002\003\002\003\002\003\002\003\003\003\002&#39;]</span>, <span>$level = </span><span>0</span> )</td><td title='C:\wamp64\www\deneme2\qrencode.php' bgcolor='#eeeeec'>...\qrencode.php<b>:</b>216</td></tr>
<tr><td bgcolor='#eeeeec' align='center'>9</td><td bgcolor='#eeeeec' align='center'>0.0742</td><td bgcolor='#eeeeec' align='right'>545720</td><td bgcolor='#eeeeec'>QRmask->makeMaskNo( <span>$maskNo = </span><span>4</span>, <span>$width = </span><span>25</span>, <span>$s = </span><span>[0 =&gt; &#39;¡¡¡¡¡¡¡¿Ñ\003\003\002\002\002\003\003\002¿¡¡¡¡¡¡¡&#39;, 1 =&gt; &#39;¡¿¿¿¿¿¡¿Ñ\003\003\002\003\003\002\002\002¿¡¿¿¿¿¿¡&#39;, 2 =&gt; &#39;¡¿¡¡¡¿¡¿Ñ\003\002\002\002\002\003\003\002¿¡¿¡¡¡¿¡&#39;, 3 =&gt; &#39;¡¿¡¡¡¿¡¿Ñ\002\003\002\002\003\002\002\003¿¡¿¡¡¡¿¡&#39;, 4 =&gt; &#39;¡¿¡¡¡¿¡¿Ñ\002\002\002\003\002\003\003\002¿¡¿¡¡¡¿¡&#39;, 5 =&gt; &#39;¡¿¿¿¿¿¡¿Ñ\002\002\003\002\002\003\002\003¿¡¿¿¿¿¿¡&#39;, 6 =&gt; &#39;¡¡¡¡¡¡¡¿ëêëêëêëêë¿¡¡¡¡¡¡¡&#39;, 7 =&gt; &#39;¿¿¿¿¿¿¿¿Ñ\002\003\003\003\002\002\002\002¿¿¿¿¿¿¿¿&#39;, 8 =&gt; &#39;ÑÑÑÑÑÑëÑÑ\002\002\003\003\002\002\002\003ÑÑÑÑÑÑÑÑ&#39;, 9 =&gt; &#39;\003\003\002\003\003\003ê\003\002\003\003\002\002\003\002\003\002\003\003\003\002\003\003\002\003&#39;, 10 =&gt; &#39;\003\002\003\003\002\002ë\003\002\003\003\002\003\003\003\002\002\002\002\003\002\003\002\003\002&#39;, 11 =&gt; &#39;\002\002\002\003\002\003ê\002\002\003\002\002\002\003\002\002\002\002\003\003\002\003\002\003\003&#39;, 12 =&gt; &#39;\002\002\003\002\003\002ë\003\002\002\003\002\002\002\003\002\002\003\002\002\003\002\003\003\003&#39;, 13 =&gt; &#39;\002\003\003\003\003\002ê\002\002\003\002\002\003\002\002\003\002\003\003\003\002\003\002\002\003&#39;, 14 =&gt; &#39;\002\002\002\002\002\002ë\002\003\003\003\003\002\002\002\002\002\003\002\002\002\003\002\003\002&#39;, 15 =&gt; &#39;\002\002\003\002\002\003ê\003\003\003\002\003\003\002\003\002\003\002\002\002\003\002\002\003\003&#39;, 16 =&gt; &#39;\002\002\003\003\002\002ë\003\003\002\002\003\003\002\002\002°°°°°\002\003\002\002&#39;, 17 =&gt; &#39;¿¿¿¿¿¿¿¿Å\002\002\002\002\003\003\003°†††°\002\002\003\003&#39;, 18 =&gt; &#39;¡¡¡¡¡¡¡¿Ñ\002\003\002\003\003\003\003°†°†°\002\002\003\002&#39;, 19 =&gt; &#39;¡¿¿¿¿¿¡¿Ñ\003\003\002\002\003\002\003°†††°\003\002\003\003&#39;, 20 =&gt; &#39;¡¿¡¡¡¿¡¿Ñ\002\002\002\002\002\003\002°°°°°\002\003\002\002&#39;, 21 =&gt; &#39;¡¿¡¡¡¿¡¿Ñ\002\002\002\003\002\002\002\002\003\002\002\003\003\003\003\002&#39;, 22 =&gt; &#39;¡¿¡¡¡¿¡¿Ñ\002\002\003\002\002\002\002\003\002\003\003\002\003\003\002\002&#39;, 23 =&gt; &#39;¡¿¿¿¿¿¡¿Ñ\003\003\003\003\002\003\003\003\003\002\002\002\003\002\002\002&#39;, 24 =&gt; &#39;¡¡¡¡¡¡¡¿Ñ\002\002\003\003\002\002\003\002\003\002\003\002\003\003\003\002&#39;]</span>, <span>$d = </span><span>[0 =&gt; &#39;\000\000\000\000\000\000\000\000\000\000\000\000\000\000\000\000\000\000\000\000\000\000\000\000\000&#39;, 1 =&gt; &#39;\000\000\000\000\000\000\000\000\000\000\000\000\000\000\000\000\000\000\000\000\000\000\000\000\000&#39;, 2 =&gt; &#39;\000\000\000\000\000\000\000\000\000\000\000\000\000\000\000\000\000\000\000\000\000\000\000\000\000&#39;, 3 =&gt; &#39;\000\000\000\000\000\000\000\000\000\000\000\000\000\000\000\000\000\000\000\000\000\000\000\000\000&#39;, 4 =&gt; &#39;\000\000\000\000\000\000\000\000\000\000\000\000\000\000\000\000\000\000\000\000\000\000\000\000\000&#39;, 5 =&gt; &#39;\000\000\000\000\000\000\000\000\000\000\000\000\000\000\000\000\000\000\000\000\000\000\000\000\000&#39;, 6 =&gt; &#39;\000\000\000\000\000\000\000\000\000\000\000\000\000\000\000\000\000\000\000\000\000\000\000\000\000&#39;, 7 =&gt; &#39;\000\000\000\000\000\000\000\000\000\000\000\000\000\000\000\000\000\000\000\000\000\000\000\000\000&#39;, 8 =&gt; &#39;\000\000\000\000\000\000\000\000\000\000\000\000\000\000\000\000\000\000\000\000\000\000\000\000\000&#39;, 9 =&gt; &#39;\000\000\000\000\000\000\000\000\000\000\000\000\000\000\000\000\000\000\000\000\000\000\000\000\000&#39;, 10 =&gt; &#39;\000\000\000\000\000\000\000\000\000\000\000\000\000\000\000\000\000\000\000\000\000\000\000\000\000&#39;, 11 =&gt; &#39;\000\000\000\000\000\000\000\000\000\000\000\000\000\000\000\000\000\000\000\000\000\000\000\000\000&#39;, 12 =&gt; &#39;\000\000\000\000\000\000\000\000\000\000\000\000\000\000\000\000\000\000\000\000\000\000\000\000\000&#39;, 13 =&gt; &#39;\000\000\000\000\000\000\000\000\000\000\000\000\000\000\000\000\000\000\000\000\000\000\000\000\000&#39;, 14 =&gt; &#39;\000\000\000\000\000\000\000\000\000\000\000\000\000\000\000\000\000\000\000\000\000\000\000\000\000&#39;, 15 =&gt; &#39;\000\000\000\000\000\000\000\000\000\000\000\000\000\000\000\000\000\000\000\000\000\000\000\000\000&#39;, 16 =&gt; &#39;\000\000\000\000\000\000\000\000\000\000\000\000\000\000\000\000\000\000\000\000\000\000\000\000\000&#39;, 17 =&gt; &#39;\000\000\000\000\000\000\000\000\000\000\000\000\000\000\000\000\000\000\000\000\000\000\000\000\000&#39;, 18 =&gt; &#39;\000\000\000\000\000\000\000\000\000\000\000\000\000\000\000\000\000\000\000\000\000\000\000\000\000&#39;, 19 =&gt; &#39;\000\000\000\000\000\000\000\000\000\000\000\000\000\000\000\000\000\000\000\000\000\000\000\000\000&#39;, 20 =&gt; &#39;\000\000\000\000\000\000\000\000\000\000\000\000\000\000\000\000\000\000\000\000\000\000\000\000\000&#39;, 21 =&gt; &#39;\000\000\000\000\000\000\000\000\000\000\000\000\000\000\000\000\000\000\000\000\000\000\000\000\000&#39;, 22 =&gt; &#39;\000\000\000\000\000\000\000\000\000\000\000\000\000\000\000\000\000\000\000\000\000\000\000\000\000&#39;, 23 =&gt; &#39;\000\000\000\000\000\000\000\000\000\000\000\000\000\000\000\000\000\000\000\000\000\000\000\000\000&#39;, 24 =&gt; &#39;\000\000\000\000\000\000\000\000\000\000\000\000\000\000\000\000\000\000\000\000\000\000\000\000\000&#39;]</span>, <span>$maskGenOnly = </span>??? )</td><td title='C:\wamp64\www\deneme2\qrmask.php' bgcolor='#eeeeec'>...\qrmask.php<b>:</b>311</td></tr>
<tr><td bgcolor='#eeeeec' align='center'>10</td><td bgcolor='#eeeeec' align='center'>0.0772</td><td bgcolor='#eeeeec' align='right'>597032</td><td bgcolor='#eeeeec'><a href='http://www.php.net/function.file-put-contents' target='_new'>file_put_contents</a>( <span>$filename = </span><span>&#39;C:\\wamp64\\www\\deneme2\\cache\\mask_4\\mask_25_4.dat&#39;</span>, <span>$data = </span><span>&#39;x⁄30@\000CCC\004áÀÄ∞\fD\030!Gå\f9†\003≤ÏÅ†\032êH.t\0018âG\006∑i¥∂\aÍ7ú&gt;5ƒ\b\0358õ\030\031&quot;ÏA\017\026al`ëAó\004\000∆]v“&#39;</span> )</td><td title='C:\wamp64\www\deneme2\qrmask.php' bgcolor='#eeeeec'>...\qrmask.php<b>:</b>155</td></tr>
</table></font>
<br />
<font size='1'><table class='xdebug-error xe-warning' dir='ltr' border='1' cellspacing='0' cellpadding='1'>
<tr><th align='left' bgcolor='#f57900' colspan="5"><span style='background-color: #cc0000; color: #fce94f; font-size: x-large;'>( ! )</span> Warning: mkdir(): No such file or directory in C:\wamp64\www\deneme2\qrmask.php on line <i>154</i></th></tr>
<tr><th align='left' bgcolor='#e9b96e' colspan='5'>Call Stack</th></tr>
<tr><th align='center' bgcolor='#eeeeec'>#</th><th align='left' bgcolor='#eeeeec'>Time</th><th align='left' bgcolor='#eeeeec'>Memory</th><th align='left' bgcolor='#eeeeec'>Function</th><th align='left' bgcolor='#eeeeec'>Location</th></tr>
<tr><td bgcolor='#eeeeec' align='center'>1</td><td bgcolor='#eeeeec' align='center'>0.0006</td><td bgcolor='#eeeeec' align='right'>362392</td><td bgcolor='#eeeeec'>{main}(  )</td><td title='C:\wamp64\www\deneme2\index.php' bgcolor='#eeeeec'>...\index.php<b>:</b>0</td></tr>
<tr><td bgcolor='#eeeeec' align='center'>2</td><td bgcolor='#eeeeec' align='center'>0.0031</td><td bgcolor='#eeeeec' align='right'>364872</td><td bgcolor='#eeeeec'>QRcode::png( <span>$text = </span><span>&#39;some othertext 1234&#39;</span>, <span>$outfile = </span>???, <span>$level = </span>???, <span>$size = </span>???, <span>$margin = </span>???, <span>$saveandprint = </span>??? )</td><td title='C:\wamp64\www\deneme2\index.php' bgcolor='#eeeeec'>...\index.php<b>:</b>4</td></tr>
<tr><td bgcolor='#eeeeec' align='center'>3</td><td bgcolor='#eeeeec' align='center'>0.0031</td><td bgcolor='#eeeeec' align='right'>365064</td><td bgcolor='#eeeeec'>QRencode->encodePNG( <span>$intext = </span><span>&#39;some othertext 1234&#39;</span>, <span>$outfile = </span><span>FALSE</span>, <span>$saveandprint = </span><span>FALSE</span> )</td><td title='C:\wamp64\www\deneme2\qrencode.php' bgcolor='#eeeeec'>...\qrencode.php<b>:</b>286</td></tr>
<tr><td bgcolor='#eeeeec' align='center'>4</td><td bgcolor='#eeeeec' align='center'>0.0031</td><td bgcolor='#eeeeec' align='right'>381576</td><td bgcolor='#eeeeec'>QRencode->encode( <span>$intext = </span><span>&#39;some othertext 1234&#39;</span>, <span>$outfile = </span>??? )</td><td title='C:\wamp64\www\deneme2\qrencode.php' bgcolor='#eeeeec'>...\qrencode.php<b>:</b>485</td></tr>
<tr><td bgcolor='#eeeeec' align='center'>5</td><td bgcolor='#eeeeec' align='center'>0.0031</td><td bgcolor='#eeeeec' align='right'>381672</td><td bgcolor='#eeeeec'>QRcode->encodeString( <span>$string = </span><span>&#39;some othertext 1234&#39;</span>, <span>$version = </span><span>0</span>, <span>$level = </span><span>0</span>, <span>$hint = </span><span>2</span>, <span>$casesensitive = </span><span>TRUE</span> )</td><td title='C:\wamp64\www\deneme2\qrencode.php' bgcolor='#eeeeec'>...\qrencode.php<b>:</b>467</td></tr>
<tr><td bgcolor='#eeeeec' align='center'>6</td><td bgcolor='#eeeeec' align='center'>0.0034</td><td bgcolor='#eeeeec' align='right'>384328</td><td bgcolor='#eeeeec'>QRcode->encodeInput( <span>$input = </span><span>class QRinput { public $items = [0 =&gt; class QRinputItem { ... }]; private $version = 2; private $level = 0 }</span> )</td><td title='C:\wamp64\www\deneme2\qrencode.php' bgcolor='#eeeeec'>...\qrencode.php<b>:</b>279</td></tr>
<tr><td bgcolor='#eeeeec' align='center'>7</td><td bgcolor='#eeeeec' align='center'>0.0034</td><td bgcolor='#eeeeec' align='right'>384328</td><td bgcolor='#eeeeec'>QRcode->encodeMask( <span>$input = </span><span>class QRinput { public $items = [0 =&gt; class QRinputItem { ... }]; private $version = 2; private $level = 0 }</span>, <span>$mask = </span><span>-1</span> )</td><td title='C:\wamp64\www\deneme2\qrencode.php' bgcolor='#eeeeec'>...\qrencode.php<b>:</b>240</td></tr>
<tr><td bgcolor='#eeeeec' align='center'>8</td><td bgcolor='#eeeeec' align='center'>0.0132</td><td bgcolor='#eeeeec' align='right'>443304</td><td bgcolor='#eeeeec'>QRmask->mask( <span>$width = </span><span>25</span>, <span>$frame = </span><span>[0 =&gt; &#39;¡¡¡¡¡¡¡¿Ñ\003\003\002\002\002\003\003\002¿¡¡¡¡¡¡¡&#39;, 1 =&gt; &#39;¡¿¿¿¿¿¡¿Ñ\003\003\002\003\003\002\002\002¿¡¿¿¿¿¿¡&#39;, 2 =&gt; &#39;¡¿¡¡¡¿¡¿Ñ\003\002\002\002\002\003\003\002¿¡¿¡¡¡¿¡&#39;, 3 =&gt; &#39;¡¿¡¡¡¿¡¿Ñ\002\003\002\002\003\002\002\003¿¡¿¡¡¡¿¡&#39;, 4 =&gt; &#39;¡¿¡¡¡¿¡¿Ñ\002\002\002\003\002\003\003\002¿¡¿¡¡¡¿¡&#39;, 5 =&gt; &#39;¡¿¿¿¿¿¡¿Ñ\002\002\003\002\002\003\002\003¿¡¿¿¿¿¿¡&#39;, 6 =&gt; &#39;¡¡¡¡¡¡¡¿ëêëêëêëêë¿¡¡¡¡¡¡¡&#39;, 7 =&gt; &#39;¿¿¿¿¿¿¿¿Ñ\002\003\003\003\002\002\002\002¿¿¿¿¿¿¿¿&#39;, 8 =&gt; &#39;ÑÑÑÑÑÑëÑÑ\002\002\003\003\002\002\002\003ÑÑÑÑÑÑÑÑ&#39;, 9 =&gt; &#39;\003\003\002\003\003\003ê\003\002\003\003\002\002\003\002\003\002\003\003\003\002\003\003\002\003&#39;, 10 =&gt; &#39;\003\002\003\003\002\002ë\003\002\003\003\002\003\003\003\002\002\002\002\003\002\003\002\003\002&#39;, 11 =&gt; &#39;\002\002\002\003\002\003ê\002\002\003\002\002\002\003\002\002\002\002\003\003\002\003\002\003\003&#39;, 12 =&gt; &#39;\002\002\003\002\003\002ë\003\002\002\003\002\002\002\003\002\002\003\002\002\003\002\003\003\003&#39;, 13 =&gt; &#39;\002\003\003\003\003\002ê\002\002\003\002\002\003\002\002\003\002\003\003\003\002\003\002\002\003&#39;, 14 =&gt; &#39;\002\002\002\002\002\002ë\002\003\003\003\003\002\002\002\002\002\003\002\002\002\003\002\003\002&#39;, 15 =&gt; &#39;\002\002\003\002\002\003ê\003\003\003\002\003\003\002\003\002\003\002\002\002\003\002\002\003\003&#39;, 16 =&gt; &#39;\002\002\003\003\002\002ë\003\003\002\002\003\003\002\002\002°°°°°\002\003\002\002&#39;, 17 =&gt; &#39;¿¿¿¿¿¿¿¿Å\002\002\002\002\003\003\003°†††°\002\002\003\003&#39;, 18 =&gt; &#39;¡¡¡¡¡¡¡¿Ñ\002\003\002\003\003\003\003°†°†°\002\002\003\002&#39;, 19 =&gt; &#39;¡¿¿¿¿¿¡¿Ñ\003\003\002\002\003\002\003°†††°\003\002\003\003&#39;, 20 =&gt; &#39;¡¿¡¡¡¿¡¿Ñ\002\002\002\002\002\003\002°°°°°\002\003\002\002&#39;, 21 =&gt; &#39;¡¿¡¡¡¿¡¿Ñ\002\002\002\003\002\002\002\002\003\002\002\003\003\003\003\002&#39;, 22 =&gt; &#39;¡¿¡¡¡¿¡¿Ñ\002\002\003\002\002\002\002\003\002\003\003\002\003\003\002\002&#39;, 23 =&gt; &#39;¡¿¿¿¿¿¡¿Ñ\003\003\003\003\002\003\003\003\003\002\002\002\003\002\002\002&#39;, 24 =&gt; &#39;¡¡¡¡¡¡¡¿Ñ\002\002\003\003\002\002\003\002\003\002\003\002\003\003\003\002&#39;]</span>, <span>$level = </span><span>0</span> )</td><td title='C:\wamp64\www\deneme2\qrencode.php' bgcolor='#eeeeec'>...\qrencode.php<b>:</b>216</td></tr>
<tr><td bgcolor='#eeeeec' align='center'>9</td><td bgcolor='#eeeeec' align='center'>0.0846</td><td bgcolor='#eeeeec' align='right'>562104</td><td bgcolor='#eeeeec'>QRmask->makeMaskNo( <span>$maskNo = </span><span>5</span>, <span>$width = </span><span>25</span>, <span>$s = </span><span>[0 =&gt; &#39;¡¡¡¡¡¡¡¿Ñ\003\003\002\002\002\003\003\002¿¡¡¡¡¡¡¡&#39;, 1 =&gt; &#39;¡¿¿¿¿¿¡¿Ñ\003\003\002\003\003\002\002\002¿¡¿¿¿¿¿¡&#39;, 2 =&gt; &#39;¡¿¡¡¡¿¡¿Ñ\003\002\002\002\002\003\003\002¿¡¿¡¡¡¿¡&#39;, 3 =&gt; &#39;¡¿¡¡¡¿¡¿Ñ\002\003\002\002\003\002\002\003¿¡¿¡¡¡¿¡&#39;, 4 =&gt; &#39;¡¿¡¡¡¿¡¿Ñ\002\002\002\003\002\003\003\002¿¡¿¡¡¡¿¡&#39;, 5 =&gt; &#39;¡¿¿¿¿¿¡¿Ñ\002\002\003\002\002\003\002\003¿¡¿¿¿¿¿¡&#39;, 6 =&gt; &#39;¡¡¡¡¡¡¡¿ëêëêëêëêë¿¡¡¡¡¡¡¡&#39;, 7 =&gt; &#39;¿¿¿¿¿¿¿¿Ñ\002\003\003\003\002\002\002\002¿¿¿¿¿¿¿¿&#39;, 8 =&gt; &#39;ÑÑÑÑÑÑëÑÑ\002\002\003\003\002\002\002\003ÑÑÑÑÑÑÑÑ&#39;, 9 =&gt; &#39;\003\003\002\003\003\003ê\003\002\003\003\002\002\003\002\003\002\003\003\003\002\003\003\002\003&#39;, 10 =&gt; &#39;\003\002\003\003\002\002ë\003\002\003\003\002\003\003\003\002\002\002\002\003\002\003\002\003\002&#39;, 11 =&gt; &#39;\002\002\002\003\002\003ê\002\002\003\002\002\002\003\002\002\002\002\003\003\002\003\002\003\003&#39;, 12 =&gt; &#39;\002\002\003\002\003\002ë\003\002\002\003\002\002\002\003\002\002\003\002\002\003\002\003\003\003&#39;, 13 =&gt; &#39;\002\003\003\003\003\002ê\002\002\003\002\002\003\002\002\003\002\003\003\003\002\003\002\002\003&#39;, 14 =&gt; &#39;\002\002\002\002\002\002ë\002\003\003\003\003\002\002\002\002\002\003\002\002\002\003\002\003\002&#39;, 15 =&gt; &#39;\002\002\003\002\002\003ê\003\003\003\002\003\003\002\003\002\003\002\002\002\003\002\002\003\003&#39;, 16 =&gt; &#39;\002\002\003\003\002\002ë\003\003\002\002\003\003\002\002\002°°°°°\002\003\002\002&#39;, 17 =&gt; &#39;¿¿¿¿¿¿¿¿Å\002\002\002\002\003\003\003°†††°\002\002\003\003&#39;, 18 =&gt; &#39;¡¡¡¡¡¡¡¿Ñ\002\003\002\003\003\003\003°†°†°\002\002\003\002&#39;, 19 =&gt; &#39;¡¿¿¿¿¿¡¿Ñ\003\003\002\002\003\002\003°†††°\003\002\003\003&#39;, 20 =&gt; &#39;¡¿¡¡¡¿¡¿Ñ\002\002\002\002\002\003\002°°°°°\002\003\002\002&#39;, 21 =&gt; &#39;¡¿¡¡¡¿¡¿Ñ\002\002\002\003\002\002\002\002\003\002\002\003\003\003\003\002&#39;, 22 =&gt; &#39;¡¿¡¡¡¿¡¿Ñ\002\002\003\002\002\002\002\003\002\003\003\002\003\003\002\002&#39;, 23 =&gt; &#39;¡¿¿¿¿¿¡¿Ñ\003\003\003\003\002\003\003\003\003\002\002\002\003\002\002\002&#39;, 24 =&gt; &#39;¡¡¡¡¡¡¡¿Ñ\002\002\003\003\002\002\003\002\003\002\003\002\003\003\003\002&#39;]</span>, <span>$d = </span><span>[0 =&gt; &#39;\000\000\000\000\000\000\000\000\000\000\000\000\000\000\000\000\000\000\000\000\000\000\000\000\000&#39;, 1 =&gt; &#39;\000\000\000\000\000\000\000\000\000\000\000\000\000\000\000\000\000\000\000\000\000\000\000\000\000&#39;, 2 =&gt; &#39;\000\000\000\000\000\000\000\000\000\000\000\000\000\000\000\000\000\000\000\000\000\000\000\000\000&#39;, 3 =&gt; &#39;\000\000\000\000\000\000\000\000\000\000\000\000\000\000\000\000\000\000\000\000\000\000\000\000\000&#39;, 4 =&gt; &#39;\000\000\000\000\000\000\000\000\000\000\000\000\000\000\000\000\000\000\000\000\000\000\000\000\000&#39;, 5 =&gt; &#39;\000\000\000\000\000\000\000\000\000\000\000\000\000\000\000\000\000\000\000\000\000\000\000\000\000&#39;, 6 =&gt; &#39;\000\000\000\000\000\000\000\000\000\000\000\000\000\000\000\000\000\000\000\000\000\000\000\000\000&#39;, 7 =&gt; &#39;\000\000\000\000\000\000\000\000\000\000\000\000\000\000\000\000\000\000\000\000\000\000\000\000\000&#39;, 8 =&gt; &#39;\000\000\000\000\000\000\000\000\000\000\000\000\000\000\000\000\000\000\000\000\000\000\000\000\000&#39;, 9 =&gt; &#39;\000\000\000\000\000\000\000\000\000\000\000\000\000\000\000\000\000\000\000\000\000\000\000\000\000&#39;, 10 =&gt; &#39;\000\000\000\000\000\000\000\000\000\000\000\000\000\000\000\000\000\000\000\000\000\000\000\000\000&#39;, 11 =&gt; &#39;\000\000\000\000\000\000\000\000\000\000\000\000\000\000\000\000\000\000\000\000\000\000\000\000\000&#39;, 12 =&gt; &#39;\000\000\000\000\000\000\000\000\000\000\000\000\000\000\000\000\000\000\000\000\000\000\000\000\000&#39;, 13 =&gt; &#39;\000\000\000\000\000\000\000\000\000\000\000\000\000\000\000\000\000\000\000\000\000\000\000\000\000&#39;, 14 =&gt; &#39;\000\000\000\000\000\000\000\000\000\000\000\000\000\000\000\000\000\000\000\000\000\000\000\000\000&#39;, 15 =&gt; &#39;\000\000\000\000\000\000\000\000\000\000\000\000\000\000\000\000\000\000\000\000\000\000\000\000\000&#39;, 16 =&gt; &#39;\000\000\000\000\000\000\000\000\000\000\000\000\000\000\000\000\000\000\000\000\000\000\000\000\000&#39;, 17 =&gt; &#39;\000\000\000\000\000\000\000\000\000\000\000\000\000\000\000\000\000\000\000\000\000\000\000\000\000&#39;, 18 =&gt; &#39;\000\000\000\000\000\000\000\000\000\000\000\000\000\000\000\000\000\000\000\000\000\000\000\000\000&#39;, 19 =&gt; &#39;\000\000\000\000\000\000\000\000\000\000\000\000\000\000\000\000\000\000\000\000\000\000\000\000\000&#39;, 20 =&gt; &#39;\000\000\000\000\000\000\000\000\000\000\000\000\000\000\000\000\000\000\000\000\000\000\000\000\000&#39;, 21 =&gt; &#39;\000\000\000\000\000\000\000\000\000\000\000\000\000\000\000\000\000\000\000\000\000\000\000\000\000&#39;, 22 =&gt; &#39;\000\000\000\000\000\000\000\000\000\000\000\000\000\000\000\000\000\000\000\000\000\000\000\000\000&#39;, 23 =&gt; &#39;\000\000\000\000\000\000\000\000\000\000\000\000\000\000\000\000\000\000\000\000\000\000\000\000\000&#39;, 24 =&gt; &#39;\000\000\000\000\000\000\000\000\000\000\000\000\000\000\000\000\000\000\000\000\000\000\000\000\000&#39;]</span>, <span>$maskGenOnly = </span>??? )</td><td title='C:\wamp64\www\deneme2\qrmask.php' bgcolor='#eeeeec'>...\qrmask.php<b>:</b>311</td></tr>
<tr><td bgcolor='#eeeeec' align='center'>10</td><td bgcolor='#eeeeec' align='center'>0.0853</td><td bgcolor='#eeeeec' align='right'>596984</td><td bgcolor='#eeeeec'><a href='http://www.php.net/function.mkdir' target='_new'>mkdir</a>( <span>$pathname = </span><span>&#39;C:\\wamp64\\www\\deneme2\\cache\\mask_5&#39;</span> )</td><td title='C:\wamp64\www\deneme2\qrmask.php' bgcolor='#eeeeec'>...\qrmask.php<b>:</b>154</td></tr>
</table></font>
<br />
<font size='1'><table class='xdebug-error xe-warning' dir='ltr' border='1' cellspacing='0' cellpadding='1'>
<tr><th align='left' bgcolor='#f57900' colspan="5"><span style='background-color: #cc0000; color: #fce94f; font-size: x-large;'>( ! )</span> Warning: file_put_contents(C:\wamp64\www\deneme2\cache\mask_5\mask_25_5.dat): failed to open stream: No such file or directory in C:\wamp64\www\deneme2\qrmask.php on line <i>155</i></th></tr>
<tr><th align='left' bgcolor='#e9b96e' colspan='5'>Call Stack</th></tr>
<tr><th align='center' bgcolor='#eeeeec'>#</th><th align='left' bgcolor='#eeeeec'>Time</th><th align='left' bgcolor='#eeeeec'>Memory</th><th align='left' bgcolor='#eeeeec'>Function</th><th align='left' bgcolor='#eeeeec'>Location</th></tr>
<tr><td bgcolor='#eeeeec' align='center'>1</td><td bgcolor='#eeeeec' align='center'>0.0006</td><td bgcolor='#eeeeec' align='right'>362392</td><td bgcolor='#eeeeec'>{main}(  )</td><td title='C:\wamp64\www\deneme2\index.php' bgcolor='#eeeeec'>...\index.php<b>:</b>0</td></tr>
<tr><td bgcolor='#eeeeec' align='center'>2</td><td bgcolor='#eeeeec' align='center'>0.0031</td><td bgcolor='#eeeeec' align='right'>364872</td><td bgcolor='#eeeeec'>QRcode::png( <span>$text = </span><span>&#39;some othertext 1234&#39;</span>, <span>$outfile = </span>???, <span>$level = </span>???, <span>$size = </span>???, <span>$margin = </span>???, <span>$saveandprint = </span>??? )</td><td title='C:\wamp64\www\deneme2\index.php' bgcolor='#eeeeec'>...\index.php<b>:</b>4</td></tr>
<tr><td bgcolor='#eeeeec' align='center'>3</td><td bgcolor='#eeeeec' align='center'>0.0031</td><td bgcolor='#eeeeec' align='right'>365064</td><td bgcolor='#eeeeec'>QRencode->encodePNG( <span>$intext = </span><span>&#39;some othertext 1234&#39;</span>, <span>$outfile = </span><span>FALSE</span>, <span>$saveandprint = </span><span>FALSE</span> )</td><td title='C:\wamp64\www\deneme2\qrencode.php' bgcolor='#eeeeec'>...\qrencode.php<b>:</b>286</td></tr>
<tr><td bgcolor='#eeeeec' align='center'>4</td><td bgcolor='#eeeeec' align='center'>0.0031</td><td bgcolor='#eeeeec' align='right'>381576</td><td bgcolor='#eeeeec'>QRencode->encode( <span>$intext = </span><span>&#39;some othertext 1234&#39;</span>, <span>$outfile = </span>??? )</td><td title='C:\wamp64\www\deneme2\qrencode.php' bgcolor='#eeeeec'>...\qrencode.php<b>:</b>485</td></tr>
<tr><td bgcolor='#eeeeec' align='center'>5</td><td bgcolor='#eeeeec' align='center'>0.0031</td><td bgcolor='#eeeeec' align='right'>381672</td><td bgcolor='#eeeeec'>QRcode->encodeString( <span>$string = </span><span>&#39;some othertext 1234&#39;</span>, <span>$version = </span><span>0</span>, <span>$level = </span><span>0</span>, <span>$hint = </span><span>2</span>, <span>$casesensitive = </span><span>TRUE</span> )</td><td title='C:\wamp64\www\deneme2\qrencode.php' bgcolor='#eeeeec'>...\qrencode.php<b>:</b>467</td></tr>
<tr><td bgcolor='#eeeeec' align='center'>6</td><td bgcolor='#eeeeec' align='center'>0.0034</td><td bgcolor='#eeeeec' align='right'>384328</td><td bgcolor='#eeeeec'>QRcode->encodeInput( <span>$input = </span><span>class QRinput { public $items = [0 =&gt; class QRinputItem { ... }]; private $version = 2; private $level = 0 }</span> )</td><td title='C:\wamp64\www\deneme2\qrencode.php' bgcolor='#eeeeec'>...\qrencode.php<b>:</b>279</td></tr>
<tr><td bgcolor='#eeeeec' align='center'>7</td><td bgcolor='#eeeeec' align='center'>0.0034</td><td bgcolor='#eeeeec' align='right'>384328</td><td bgcolor='#eeeeec'>QRcode->encodeMask( <span>$input = </span><span>class QRinput { public $items = [0 =&gt; class QRinputItem { ... }]; private $version = 2; private $level = 0 }</span>, <span>$mask = </span><span>-1</span> )</td><td title='C:\wamp64\www\deneme2\qrencode.php' bgcolor='#eeeeec'>...\qrencode.php<b>:</b>240</td></tr>
<tr><td bgcolor='#eeeeec' align='center'>8</td><td bgcolor='#eeeeec' align='center'>0.0132</td><td bgcolor='#eeeeec' align='right'>443304</td><td bgcolor='#eeeeec'>QRmask->mask( <span>$width = </span><span>25</span>, <span>$frame = </span><span>[0 =&gt; &#39;¡¡¡¡¡¡¡¿Ñ\003\003\002\002\002\003\003\002¿¡¡¡¡¡¡¡&#39;, 1 =&gt; &#39;¡¿¿¿¿¿¡¿Ñ\003\003\002\003\003\002\002\002¿¡¿¿¿¿¿¡&#39;, 2 =&gt; &#39;¡¿¡¡¡¿¡¿Ñ\003\002\002\002\002\003\003\002¿¡¿¡¡¡¿¡&#39;, 3 =&gt; &#39;¡¿¡¡¡¿¡¿Ñ\002\003\002\002\003\002\002\003¿¡¿¡¡¡¿¡&#39;, 4 =&gt; &#39;¡¿¡¡¡¿¡¿Ñ\002\002\002\003\002\003\003\002¿¡¿¡¡¡¿¡&#39;, 5 =&gt; &#39;¡¿¿¿¿¿¡¿Ñ\002\002\003\002\002\003\002\003¿¡¿¿¿¿¿¡&#39;, 6 =&gt; &#39;¡¡¡¡¡¡¡¿ëêëêëêëêë¿¡¡¡¡¡¡¡&#39;, 7 =&gt; &#39;¿¿¿¿¿¿¿¿Ñ\002\003\003\003\002\002\002\002¿¿¿¿¿¿¿¿&#39;, 8 =&gt; &#39;ÑÑÑÑÑÑëÑÑ\002\002\003\003\002\002\002\003ÑÑÑÑÑÑÑÑ&#39;, 9 =&gt; &#39;\003\003\002\003\003\003ê\003\002\003\003\002\002\003\002\003\002\003\003\003\002\003\003\002\003&#39;, 10 =&gt; &#39;\003\002\003\003\002\002ë\003\002\003\003\002\003\003\003\002\002\002\002\003\002\003\002\003\002&#39;, 11 =&gt; &#39;\002\002\002\003\002\003ê\002\002\003\002\002\002\003\002\002\002\002\003\003\002\003\002\003\003&#39;, 12 =&gt; &#39;\002\002\003\002\003\002ë\003\002\002\003\002\002\002\003\002\002\003\002\002\003\002\003\003\003&#39;, 13 =&gt; &#39;\002\003\003\003\003\002ê\002\002\003\002\002\003\002\002\003\002\003\003\003\002\003\002\002\003&#39;, 14 =&gt; &#39;\002\002\002\002\002\002ë\002\003\003\003\003\002\002\002\002\002\003\002\002\002\003\002\003\002&#39;, 15 =&gt; &#39;\002\002\003\002\002\003ê\003\003\003\002\003\003\002\003\002\003\002\002\002\003\002\002\003\003&#39;, 16 =&gt; &#39;\002\002\003\003\002\002ë\003\003\002\002\003\003\002\002\002°°°°°\002\003\002\002&#39;, 17 =&gt; &#39;¿¿¿¿¿¿¿¿Å\002\002\002\002\003\003\003°†††°\002\002\003\003&#39;, 18 =&gt; &#39;¡¡¡¡¡¡¡¿Ñ\002\003\002\003\003\003\003°†°†°\002\002\003\002&#39;, 19 =&gt; &#39;¡¿¿¿¿¿¡¿Ñ\003\003\002\002\003\002\003°†††°\003\002\003\003&#39;, 20 =&gt; &#39;¡¿¡¡¡¿¡¿Ñ\002\002\002\002\002\003\002°°°°°\002\003\002\002&#39;, 21 =&gt; &#39;¡¿¡¡¡¿¡¿Ñ\002\002\002\003\002\002\002\002\003\002\002\003\003\003\003\002&#39;, 22 =&gt; &#39;¡¿¡¡¡¿¡¿Ñ\002\002\003\002\002\002\002\003\002\003\003\002\003\003\002\002&#39;, 23 =&gt; &#39;¡¿¿¿¿¿¡¿Ñ\003\003\003\003\002\003\003\003\003\002\002\002\003\002\002\002&#39;, 24 =&gt; &#39;¡¡¡¡¡¡¡¿Ñ\002\002\003\003\002\002\003\002\003\002\003\002\003\003\003\002&#39;]</span>, <span>$level = </span><span>0</span> )</td><td title='C:\wamp64\www\deneme2\qrencode.php' bgcolor='#eeeeec'>...\qrencode.php<b>:</b>216</td></tr>
<tr><td bgcolor='#eeeeec' align='center'>9</td><td bgcolor='#eeeeec' align='center'>0.0846</td><td bgcolor='#eeeeec' align='right'>562104</td><td bgcolor='#eeeeec'>QRmask->makeMaskNo( <span>$maskNo = </span><span>5</span>, <span>$width = </span><span>25</span>, <span>$s = </span><span>[0 =&gt; &#39;¡¡¡¡¡¡¡¿Ñ\003\003\002\002\002\003\003\002¿¡¡¡¡¡¡¡&#39;, 1 =&gt; &#39;¡¿¿¿¿¿¡¿Ñ\003\003\002\003\003\002\002\002¿¡¿¿¿¿¿¡&#39;, 2 =&gt; &#39;¡¿¡¡¡¿¡¿Ñ\003\002\002\002\002\003\003\002¿¡¿¡¡¡¿¡&#39;, 3 =&gt; &#39;¡¿¡¡¡¿¡¿Ñ\002\003\002\002\003\002\002\003¿¡¿¡¡¡¿¡&#39;, 4 =&gt; &#39;¡¿¡¡¡¿¡¿Ñ\002\002\002\003\002\003\003\002¿¡¿¡¡¡¿¡&#39;, 5 =&gt; &#39;¡¿¿¿¿¿¡¿Ñ\002\002\003\002\002\003\002\003¿¡¿¿¿¿¿¡&#39;, 6 =&gt; &#39;¡¡¡¡¡¡¡¿ëêëêëêëêë¿¡¡¡¡¡¡¡&#39;, 7 =&gt; &#39;¿¿¿¿¿¿¿¿Ñ\002\003\003\003\002\002\002\002¿¿¿¿¿¿¿¿&#39;, 8 =&gt; &#39;ÑÑÑÑÑÑëÑÑ\002\002\003\003\002\002\002\003ÑÑÑÑÑÑÑÑ&#39;, 9 =&gt; &#39;\003\003\002\003\003\003ê\003\002\003\003\002\002\003\002\003\002\003\003\003\002\003\003\002\003&#39;, 10 =&gt; &#39;\003\002\003\003\002\002ë\003\002\003\003\002\003\003\003\002\002\002\002\003\002\003\002\003\002&#39;, 11 =&gt; &#39;\002\002\002\003\002\003ê\002\002\003\002\002\002\003\002\002\002\002\003\003\002\003\002\003\003&#39;, 12 =&gt; &#39;\002\002\003\002\003\002ë\003\002\002\003\002\002\002\003\002\002\003\002\002\003\002\003\003\003&#39;, 13 =&gt; &#39;\002\003\003\003\003\002ê\002\002\003\002\002\003\002\002\003\002\003\003\003\002\003\002\002\003&#39;, 14 =&gt; &#39;\002\002\002\002\002\002ë\002\003\003\003\003\002\002\002\002\002\003\002\002\002\003\002\003\002&#39;, 15 =&gt; &#39;\002\002\003\002\002\003ê\003\003\003\002\003\003\002\003\002\003\002\002\002\003\002\002\003\003&#39;, 16 =&gt; &#39;\002\002\003\003\002\002ë\003\003\002\002\003\003\002\002\002°°°°°\002\003\002\002&#39;, 17 =&gt; &#39;¿¿¿¿¿¿¿¿Å\002\002\002\002\003\003\003°†††°\002\002\003\003&#39;, 18 =&gt; &#39;¡¡¡¡¡¡¡¿Ñ\002\003\002\003\003\003\003°†°†°\002\002\003\002&#39;, 19 =&gt; &#39;¡¿¿¿¿¿¡¿Ñ\003\003\002\002\003\002\003°†††°\003\002\003\003&#39;, 20 =&gt; &#39;¡¿¡¡¡¿¡¿Ñ\002\002\002\002\002\003\002°°°°°\002\003\002\002&#39;, 21 =&gt; &#39;¡¿¡¡¡¿¡¿Ñ\002\002\002\003\002\002\002\002\003\002\002\003\003\003\003\002&#39;, 22 =&gt; &#39;¡¿¡¡¡¿¡¿Ñ\002\002\003\002\002\002\002\003\002\003\003\002\003\003\002\002&#39;, 23 =&gt; &#39;¡¿¿¿¿¿¡¿Ñ\003\003\003\003\002\003\003\003\003\002\002\002\003\002\002\002&#39;, 24 =&gt; &#39;¡¡¡¡¡¡¡¿Ñ\002\002\003\003\002\002\003\002\003\002\003\002\003\003\003\002&#39;]</span>, <span>$d = </span><span>[0 =&gt; &#39;\000\000\000\000\000\000\000\000\000\000\000\000\000\000\000\000\000\000\000\000\000\000\000\000\000&#39;, 1 =&gt; &#39;\000\000\000\000\000\000\000\000\000\000\000\000\000\000\000\000\000\000\000\000\000\000\000\000\000&#39;, 2 =&gt; &#39;\000\000\000\000\000\000\000\000\000\000\000\000\000\000\000\000\000\000\000\000\000\000\000\000\000&#39;, 3 =&gt; &#39;\000\000\000\000\000\000\000\000\000\000\000\000\000\000\000\000\000\000\000\000\000\000\000\000\000&#39;, 4 =&gt; &#39;\000\000\000\000\000\000\000\000\000\000\000\000\000\000\000\000\000\000\000\000\000\000\000\000\000&#39;, 5 =&gt; &#39;\000\000\000\000\000\000\000\000\000\000\000\000\000\000\000\000\000\000\000\000\000\000\000\000\000&#39;, 6 =&gt; &#39;\000\000\000\000\000\000\000\000\000\000\000\000\000\000\000\000\000\000\000\000\000\000\000\000\000&#39;, 7 =&gt; &#39;\000\000\000\000\000\000\000\000\000\000\000\000\000\000\000\000\000\000\000\000\000\000\000\000\000&#39;, 8 =&gt; &#39;\000\000\000\000\000\000\000\000\000\000\000\000\000\000\000\000\000\000\000\000\000\000\000\000\000&#39;, 9 =&gt; &#39;\000\000\000\000\000\000\000\000\000\000\000\000\000\000\000\000\000\000\000\000\000\000\000\000\000&#39;, 10 =&gt; &#39;\000\000\000\000\000\000\000\000\000\000\000\000\000\000\000\000\000\000\000\000\000\000\000\000\000&#39;, 11 =&gt; &#39;\000\000\000\000\000\000\000\000\000\000\000\000\000\000\000\000\000\000\000\000\000\000\000\000\000&#39;, 12 =&gt; &#39;\000\000\000\000\000\000\000\000\000\000\000\000\000\000\000\000\000\000\000\000\000\000\000\000\000&#39;, 13 =&gt; &#39;\000\000\000\000\000\000\000\000\000\000\000\000\000\000\000\000\000\000\000\000\000\000\000\000\000&#39;, 14 =&gt; &#39;\000\000\000\000\000\000\000\000\000\000\000\000\000\000\000\000\000\000\000\000\000\000\000\000\000&#39;, 15 =&gt; &#39;\000\000\000\000\000\000\000\000\000\000\000\000\000\000\000\000\000\000\000\000\000\000\000\000\000&#39;, 16 =&gt; &#39;\000\000\000\000\000\000\000\000\000\000\000\000\000\000\000\000\000\000\000\000\000\000\000\000\000&#39;, 17 =&gt; &#39;\000\000\000\000\000\000\000\000\000\000\000\000\000\000\000\000\000\000\000\000\000\000\000\000\000&#39;, 18 =&gt; &#39;\000\000\000\000\000\000\000\000\000\000\000\000\000\000\000\000\000\000\000\000\000\000\000\000\000&#39;, 19 =&gt; &#39;\000\000\000\000\000\000\000\000\000\000\000\000\000\000\000\000\000\000\000\000\000\000\000\000\000&#39;, 20 =&gt; &#39;\000\000\000\000\000\000\000\000\000\000\000\000\000\000\000\000\000\000\000\000\000\000\000\000\000&#39;, 21 =&gt; &#39;\000\000\000\000\000\000\000\000\000\000\000\000\000\000\000\000\000\000\000\000\000\000\000\000\000&#39;, 22 =&gt; &#39;\000\000\000\000\000\000\000\000\000\000\000\000\000\000\000\000\000\000\000\000\000\000\000\000\000&#39;, 23 =&gt; &#39;\000\000\000\000\000\000\000\000\000\000\000\000\000\000\000\000\000\000\000\000\000\000\000\000\000&#39;, 24 =&gt; &#39;\000\000\000\000\000\000\000\000\000\000\000\000\000\000\000\000\000\000\000\000\000\000\000\000\000&#39;]</span>, <span>$maskGenOnly = </span>??? )</td><td title='C:\wamp64\www\deneme2\qrmask.php' bgcolor='#eeeeec'>...\qrmask.php<b>:</b>311</td></tr>
<tr><td bgcolor='#eeeeec' align='center'>10</td><td bgcolor='#eeeeec' align='center'>0.0884</td><td bgcolor='#eeeeec' align='right'>613432</td><td bgcolor='#eeeeec'><a href='http://www.php.net/function.file-put-contents' target='_new'>file_put_contents</a>( <span>$filename = </span><span>&#39;C:\\wamp64\\www\\deneme2\\cache\\mask_5\\mask_25_5.dat&#39;</span>, <span>$data = </span><span>&#39;x⁄ùëa\n@!\bÉÔ4Óó\vﬁ≥\030 ¢ö\021ô\r?,&quot;≈‘Ã\021&quot;j\002Ω¶\026°é?n&lt;∂O’\023€‰a\r¨w,\vl}rG\016ãM;œ¶œ9[ûÌ\f§¢_±ùx|ü ÷=¥l4lK\003®vΩ&#39;</span> )</td><td title='C:\wamp64\www\deneme2\qrmask.php' bgcolor='#eeeeec'>...\qrmask.php<b>:</b>155</td></tr>
</table></font>
<br />
<font size='1'><table class='xdebug-error xe-warning' dir='ltr' border='1' cellspacing='0' cellpadding='1'>
<tr><th align='left' bgcolor='#f57900' colspan="5"><span style='background-color: #cc0000; color: #fce94f; font-size: x-large;'>( ! )</span> Warning: mkdir(): No such file or directory in C:\wamp64\www\deneme2\qrmask.php on line <i>154</i></th></tr>
<tr><th align='left' bgcolor='#e9b96e' colspan='5'>Call Stack</th></tr>
<tr><th align='center' bgcolor='#eeeeec'>#</th><th align='left' bgcolor='#eeeeec'>Time</th><th align='left' bgcolor='#eeeeec'>Memory</th><th align='left' bgcolor='#eeeeec'>Function</th><th align='left' bgcolor='#eeeeec'>Location</th></tr>
<tr><td bgcolor='#eeeeec' align='center'>1</td><td bgcolor='#eeeeec' align='center'>0.0006</td><td bgcolor='#eeeeec' align='right'>362392</td><td bgcolor='#eeeeec'>{main}(  )</td><td title='C:\wamp64\www\deneme2\index.php' bgcolor='#eeeeec'>...\index.php<b>:</b>0</td></tr>
<tr><td bgcolor='#eeeeec' align='center'>2</td><td bgcolor='#eeeeec' align='center'>0.0031</td><td bgcolor='#eeeeec' align='right'>364872</td><td bgcolor='#eeeeec'>QRcode::png( <span>$text = </span><span>&#39;some othertext 1234&#39;</span>, <span>$outfile = </span>???, <span>$level = </span>???, <span>$size = </span>???, <span>$margin = </span>???, <span>$saveandprint = </span>??? )</td><td title='C:\wamp64\www\deneme2\index.php' bgcolor='#eeeeec'>...\index.php<b>:</b>4</td></tr>
<tr><td bgcolor='#eeeeec' align='center'>3</td><td bgcolor='#eeeeec' align='center'>0.0031</td><td bgcolor='#eeeeec' align='right'>365064</td><td bgcolor='#eeeeec'>QRencode->encodePNG( <span>$intext = </span><span>&#39;some othertext 1234&#39;</span>, <span>$outfile = </span><span>FALSE</span>, <span>$saveandprint = </span><span>FALSE</span> )</td><td title='C:\wamp64\www\deneme2\qrencode.php' bgcolor='#eeeeec'>...\qrencode.php<b>:</b>286</td></tr>
<tr><td bgcolor='#eeeeec' align='center'>4</td><td bgcolor='#eeeeec' align='center'>0.0031</td><td bgcolor='#eeeeec' align='right'>381576</td><td bgcolor='#eeeeec'>QRencode->encode( <span>$intext = </span><span>&#39;some othertext 1234&#39;</span>, <span>$outfile = </span>??? )</td><td title='C:\wamp64\www\deneme2\qrencode.php' bgcolor='#eeeeec'>...\qrencode.php<b>:</b>485</td></tr>
<tr><td bgcolor='#eeeeec' align='center'>5</td><td bgcolor='#eeeeec' align='center'>0.0031</td><td bgcolor='#eeeeec' align='right'>381672</td><td bgcolor='#eeeeec'>QRcode->encodeString( <span>$string = </span><span>&#39;some othertext 1234&#39;</span>, <span>$version = </span><span>0</span>, <span>$level = </span><span>0</span>, <span>$hint = </span><span>2</span>, <span>$casesensitive = </span><span>TRUE</span> )</td><td title='C:\wamp64\www\deneme2\qrencode.php' bgcolor='#eeeeec'>...\qrencode.php<b>:</b>467</td></tr>
<tr><td bgcolor='#eeeeec' align='center'>6</td><td bgcolor='#eeeeec' align='center'>0.0034</td><td bgcolor='#eeeeec' align='right'>384328</td><td bgcolor='#eeeeec'>QRcode->encodeInput( <span>$input = </span><span>class QRinput { public $items = [0 =&gt; class QRinputItem { ... }]; private $version = 2; private $level = 0 }</span> )</td><td title='C:\wamp64\www\deneme2\qrencode.php' bgcolor='#eeeeec'>...\qrencode.php<b>:</b>279</td></tr>
<tr><td bgcolor='#eeeeec' align='center'>7</td><td bgcolor='#eeeeec' align='center'>0.0034</td><td bgcolor='#eeeeec' align='right'>384328</td><td bgcolor='#eeeeec'>QRcode->encodeMask( <span>$input = </span><span>class QRinput { public $items = [0 =&gt; class QRinputItem { ... }]; private $version = 2; private $level = 0 }</span>, <span>$mask = </span><span>-1</span> )</td><td title='C:\wamp64\www\deneme2\qrencode.php' bgcolor='#eeeeec'>...\qrencode.php<b>:</b>240</td></tr>
<tr><td bgcolor='#eeeeec' align='center'>8</td><td bgcolor='#eeeeec' align='center'>0.0132</td><td bgcolor='#eeeeec' align='right'>443304</td><td bgcolor='#eeeeec'>QRmask->mask( <span>$width = </span><span>25</span>, <span>$frame = </span><span>[0 =&gt; &#39;¡¡¡¡¡¡¡¿Ñ\003\003\002\002\002\003\003\002¿¡¡¡¡¡¡¡&#39;, 1 =&gt; &#39;¡¿¿¿¿¿¡¿Ñ\003\003\002\003\003\002\002\002¿¡¿¿¿¿¿¡&#39;, 2 =&gt; &#39;¡¿¡¡¡¿¡¿Ñ\003\002\002\002\002\003\003\002¿¡¿¡¡¡¿¡&#39;, 3 =&gt; &#39;¡¿¡¡¡¿¡¿Ñ\002\003\002\002\003\002\002\003¿¡¿¡¡¡¿¡&#39;, 4 =&gt; &#39;¡¿¡¡¡¿¡¿Ñ\002\002\002\003\002\003\003\002¿¡¿¡¡¡¿¡&#39;, 5 =&gt; &#39;¡¿¿¿¿¿¡¿Ñ\002\002\003\002\002\003\002\003¿¡¿¿¿¿¿¡&#39;, 6 =&gt; &#39;¡¡¡¡¡¡¡¿ëêëêëêëêë¿¡¡¡¡¡¡¡&#39;, 7 =&gt; &#39;¿¿¿¿¿¿¿¿Ñ\002\003\003\003\002\002\002\002¿¿¿¿¿¿¿¿&#39;, 8 =&gt; &#39;ÑÑÑÑÑÑëÑÑ\002\002\003\003\002\002\002\003ÑÑÑÑÑÑÑÑ&#39;, 9 =&gt; &#39;\003\003\002\003\003\003ê\003\002\003\003\002\002\003\002\003\002\003\003\003\002\003\003\002\003&#39;, 10 =&gt; &#39;\003\002\003\003\002\002ë\003\002\003\003\002\003\003\003\002\002\002\002\003\002\003\002\003\002&#39;, 11 =&gt; &#39;\002\002\002\003\002\003ê\002\002\003\002\002\002\003\002\002\002\002\003\003\002\003\002\003\003&#39;, 12 =&gt; &#39;\002\002\003\002\003\002ë\003\002\002\003\002\002\002\003\002\002\003\002\002\003\002\003\003\003&#39;, 13 =&gt; &#39;\002\003\003\003\003\002ê\002\002\003\002\002\003\002\002\003\002\003\003\003\002\003\002\002\003&#39;, 14 =&gt; &#39;\002\002\002\002\002\002ë\002\003\003\003\003\002\002\002\002\002\003\002\002\002\003\002\003\002&#39;, 15 =&gt; &#39;\002\002\003\002\002\003ê\003\003\003\002\003\003\002\003\002\003\002\002\002\003\002\002\003\003&#39;, 16 =&gt; &#39;\002\002\003\003\002\002ë\003\003\002\002\003\003\002\002\002°°°°°\002\003\002\002&#39;, 17 =&gt; &#39;¿¿¿¿¿¿¿¿Å\002\002\002\002\003\003\003°†††°\002\002\003\003&#39;, 18 =&gt; &#39;¡¡¡¡¡¡¡¿Ñ\002\003\002\003\003\003\003°†°†°\002\002\003\002&#39;, 19 =&gt; &#39;¡¿¿¿¿¿¡¿Ñ\003\003\002\002\003\002\003°†††°\003\002\003\003&#39;, 20 =&gt; &#39;¡¿¡¡¡¿¡¿Ñ\002\002\002\002\002\003\002°°°°°\002\003\002\002&#39;, 21 =&gt; &#39;¡¿¡¡¡¿¡¿Ñ\002\002\002\003\002\002\002\002\003\002\002\003\003\003\003\002&#39;, 22 =&gt; &#39;¡¿¡¡¡¿¡¿Ñ\002\002\003\002\002\002\002\003\002\003\003\002\003\003\002\002&#39;, 23 =&gt; &#39;¡¿¿¿¿¿¡¿Ñ\003\003\003\003\002\003\003\003\003\002\002\002\003\002\002\002&#39;, 24 =&gt; &#39;¡¡¡¡¡¡¡¿Ñ\002\002\003\003\002\002\003\002\003\002\003\002\003\003\003\002&#39;]</span>, <span>$level = </span><span>0</span> )</td><td title='C:\wamp64\www\deneme2\qrencode.php' bgcolor='#eeeeec'>...\qrencode.php<b>:</b>216</td></tr>
<tr><td bgcolor='#eeeeec' align='center'>9</td><td bgcolor='#eeeeec' align='center'>0.0946</td><td bgcolor='#eeeeec' align='right'>594872</td><td bgcolor='#eeeeec'>QRmask->makeMaskNo( <span>$maskNo = </span><span>6</span>, <span>$width = </span><span>25</span>, <span>$s = </span><span>[0 =&gt; &#39;¡¡¡¡¡¡¡¿Ñ\003\003\002\002\002\003\003\002¿¡¡¡¡¡¡¡&#39;, 1 =&gt; &#39;¡¿¿¿¿¿¡¿Ñ\003\003\002\003\003\002\002\002¿¡¿¿¿¿¿¡&#39;, 2 =&gt; &#39;¡¿¡¡¡¿¡¿Ñ\003\002\002\002\002\003\003\002¿¡¿¡¡¡¿¡&#39;, 3 =&gt; &#39;¡¿¡¡¡¿¡¿Ñ\002\003\002\002\003\002\002\003¿¡¿¡¡¡¿¡&#39;, 4 =&gt; &#39;¡¿¡¡¡¿¡¿Ñ\002\002\002\003\002\003\003\002¿¡¿¡¡¡¿¡&#39;, 5 =&gt; &#39;¡¿¿¿¿¿¡¿Ñ\002\002\003\002\002\003\002\003¿¡¿¿¿¿¿¡&#39;, 6 =&gt; &#39;¡¡¡¡¡¡¡¿ëêëêëêëêë¿¡¡¡¡¡¡¡&#39;, 7 =&gt; &#39;¿¿¿¿¿¿¿¿Ñ\002\003\003\003\002\002\002\002¿¿¿¿¿¿¿¿&#39;, 8 =&gt; &#39;ÑÑÑÑÑÑëÑÑ\002\002\003\003\002\002\002\003ÑÑÑÑÑÑÑÑ&#39;, 9 =&gt; &#39;\003\003\002\003\003\003ê\003\002\003\003\002\002\003\002\003\002\003\003\003\002\003\003\002\003&#39;, 10 =&gt; &#39;\003\002\003\003\002\002ë\003\002\003\003\002\003\003\003\002\002\002\002\003\002\003\002\003\002&#39;, 11 =&gt; &#39;\002\002\002\003\002\003ê\002\002\003\002\002\002\003\002\002\002\002\003\003\002\003\002\003\003&#39;, 12 =&gt; &#39;\002\002\003\002\003\002ë\003\002\002\003\002\002\002\003\002\002\003\002\002\003\002\003\003\003&#39;, 13 =&gt; &#39;\002\003\003\003\003\002ê\002\002\003\002\002\003\002\002\003\002\003\003\003\002\003\002\002\003&#39;, 14 =&gt; &#39;\002\002\002\002\002\002ë\002\003\003\003\003\002\002\002\002\002\003\002\002\002\003\002\003\002&#39;, 15 =&gt; &#39;\002\002\003\002\002\003ê\003\003\003\002\003\003\002\003\002\003\002\002\002\003\002\002\003\003&#39;, 16 =&gt; &#39;\002\002\003\003\002\002ë\003\003\002\002\003\003\002\002\002°°°°°\002\003\002\002&#39;, 17 =&gt; &#39;¿¿¿¿¿¿¿¿Å\002\002\002\002\003\003\003°†††°\002\002\003\003&#39;, 18 =&gt; &#39;¡¡¡¡¡¡¡¿Ñ\002\003\002\003\003\003\003°†°†°\002\002\003\002&#39;, 19 =&gt; &#39;¡¿¿¿¿¿¡¿Ñ\003\003\002\002\003\002\003°†††°\003\002\003\003&#39;, 20 =&gt; &#39;¡¿¡¡¡¿¡¿Ñ\002\002\002\002\002\003\002°°°°°\002\003\002\002&#39;, 21 =&gt; &#39;¡¿¡¡¡¿¡¿Ñ\002\002\002\003\002\002\002\002\003\002\002\003\003\003\003\002&#39;, 22 =&gt; &#39;¡¿¡¡¡¿¡¿Ñ\002\002\003\002\002\002\002\003\002\003\003\002\003\003\002\002&#39;, 23 =&gt; &#39;¡¿¿¿¿¿¡¿Ñ\003\003\003\003\002\003\003\003\003\002\002\002\003\002\002\002&#39;, 24 =&gt; &#39;¡¡¡¡¡¡¡¿Ñ\002\002\003\003\002\002\003\002\003\002\003\002\003\003\003\002&#39;]</span>, <span>$d = </span><span>[0 =&gt; &#39;\000\000\000\000\000\000\000\000\000\000\000\000\000\000\000\000\000\000\000\000\000\000\000\000\000&#39;, 1 =&gt; &#39;\000\000\000\000\000\000\000\000\000\000\000\000\000\000\000\000\000\000\000\000\000\000\000\000\000&#39;, 2 =&gt; &#39;\000\000\000\000\000\000\000\000\000\000\000\000\000\000\000\000\000\000\000\000\000\000\000\000\000&#39;, 3 =&gt; &#39;\000\000\000\000\000\000\000\000\000\000\000\000\000\000\000\000\000\000\000\000\000\000\000\000\000&#39;, 4 =&gt; &#39;\000\000\000\000\000\000\000\000\000\000\000\000\000\000\000\000\000\000\000\000\000\000\000\000\000&#39;, 5 =&gt; &#39;\000\000\000\000\000\000\000\000\000\000\000\000\000\000\000\000\000\000\000\000\000\000\000\000\000&#39;, 6 =&gt; &#39;\000\000\000\000\000\000\000\000\000\000\000\000\000\000\000\000\000\000\000\000\000\000\000\000\000&#39;, 7 =&gt; &#39;\000\000\000\000\000\000\000\000\000\000\000\000\000\000\000\000\000\000\000\000\000\000\000\000\000&#39;, 8 =&gt; &#39;\000\000\000\000\000\000\000\000\000\000\000\000\000\000\000\000\000\000\000\000\000\000\000\000\000&#39;, 9 =&gt; &#39;\000\000\000\000\000\000\000\000\000\000\000\000\000\000\000\000\000\000\000\000\000\000\000\000\000&#39;, 10 =&gt; &#39;\000\000\000\000\000\000\000\000\000\000\000\000\000\000\000\000\000\000\000\000\000\000\000\000\000&#39;, 11 =&gt; &#39;\000\000\000\000\000\000\000\000\000\000\000\000\000\000\000\000\000\000\000\000\000\000\000\000\000&#39;, 12 =&gt; &#39;\000\000\000\000\000\000\000\000\000\000\000\000\000\000\000\000\000\000\000\000\000\000\000\000\000&#39;, 13 =&gt; &#39;\000\000\000\000\000\000\000\000\000\000\000\000\000\000\000\000\000\000\000\000\000\000\000\000\000&#39;, 14 =&gt; &#39;\000\000\000\000\000\000\000\000\000\000\000\000\000\000\000\000\000\000\000\000\000\000\000\000\000&#39;, 15 =&gt; &#39;\000\000\000\000\000\000\000\000\000\000\000\000\000\000\000\000\000\000\000\000\000\000\000\000\000&#39;, 16 =&gt; &#39;\000\000\000\000\000\000\000\000\000\000\000\000\000\000\000\000\000\000\000\000\000\000\000\000\000&#39;, 17 =&gt; &#39;\000\000\000\000\000\000\000\000\000\000\000\000\000\000\000\000\000\000\000\000\000\000\000\000\000&#39;, 18 =&gt; &#39;\000\000\000\000\000\000\000\000\000\000\000\000\000\000\000\000\000\000\000\000\000\000\000\000\000&#39;, 19 =&gt; &#39;\000\000\000\000\000\000\000\000\000\000\000\000\000\000\000\000\000\000\000\000\000\000\000\000\000&#39;, 20 =&gt; &#39;\000\000\000\000\000\000\000\000\000\000\000\000\000\000\000\000\000\000\000\000\000\000\000\000\000&#39;, 21 =&gt; &#39;\000\000\000\000\000\000\000\000\000\000\000\000\000\000\000\000\000\000\000\000\000\000\000\000\000&#39;, 22 =&gt; &#39;\000\000\000\000\000\000\000\000\000\000\000\000\000\000\000\000\000\000\000\000\000\000\000\000\000&#39;, 23 =&gt; &#39;\000\000\000\000\000\000\000\000\000\000\000\000\000\000\000\000\000\000\000\000\000\000\000\000\000&#39;, 24 =&gt; &#39;\000\000\000\000\000\000\000\000\000\000\000\000\000\000\000\000\000\000\000\000\000\000\000\000\000&#39;]</span>, <span>$maskGenOnly = </span>??? )</td><td title='C:\wamp64\www\deneme2\qrmask.php' bgcolor='#eeeeec'>...\qrmask.php<b>:</b>311</td></tr>
<tr><td bgcolor='#eeeeec' align='center'>10</td><td bgcolor='#eeeeec' align='center'>0.0953</td><td bgcolor='#eeeeec' align='right'>629752</td><td bgcolor='#eeeeec'><a href='http://www.php.net/function.mkdir' target='_new'>mkdir</a>( <span>$pathname = </span><span>&#39;C:\\wamp64\\www\\deneme2\\cache\\mask_6&#39;</span> )</td><td title='C:\wamp64\www\deneme2\qrmask.php' bgcolor='#eeeeec'>...\qrmask.php<b>:</b>154</td></tr>
</table></font>
<br />
<font size='1'><table class='xdebug-error xe-warning' dir='ltr' border='1' cellspacing='0' cellpadding='1'>
<tr><th align='left' bgcolor='#f57900' colspan="5"><span style='background-color: #cc0000; color: #fce94f; font-size: x-large;'>( ! )</span> Warning: file_put_contents(C:\wamp64\www\deneme2\cache\mask_6\mask_25_6.dat): failed to open stream: No such file or directory in C:\wamp64\www\deneme2\qrmask.php on line <i>155</i></th></tr>
<tr><th align='left' bgcolor='#e9b96e' colspan='5'>Call Stack</th></tr>
<tr><th align='center' bgcolor='#eeeeec'>#</th><th align='left' bgcolor='#eeeeec'>Time</th><th align='left' bgcolor='#eeeeec'>Memory</th><th align='left' bgcolor='#eeeeec'>Function</th><th align='left' bgcolor='#eeeeec'>Location</th></tr>
<tr><td bgcolor='#eeeeec' align='center'>1</td><td bgcolor='#eeeeec' align='center'>0.0006</td><td bgcolor='#eeeeec' align='right'>362392</td><td bgcolor='#eeeeec'>{main}(  )</td><td title='C:\wamp64\www\deneme2\index.php' bgcolor='#eeeeec'>...\index.php<b>:</b>0</td></tr>
<tr><td bgcolor='#eeeeec' align='center'>2</td><td bgcolor='#eeeeec' align='center'>0.0031</td><td bgcolor='#eeeeec' align='right'>364872</td><td bgcolor='#eeeeec'>QRcode::png( <span>$text = </span><span>&#39;some othertext 1234&#39;</span>, <span>$outfile = </span>???, <span>$level = </span>???, <span>$size = </span>???, <span>$margin = </span>???, <span>$saveandprint = </span>??? )</td><td title='C:\wamp64\www\deneme2\index.php' bgcolor='#eeeeec'>...\index.php<b>:</b>4</td></tr>
<tr><td bgcolor='#eeeeec' align='center'>3</td><td bgcolor='#eeeeec' align='center'>0.0031</td><td bgcolor='#eeeeec' align='right'>365064</td><td bgcolor='#eeeeec'>QRencode->encodePNG( <span>$intext = </span><span>&#39;some othertext 1234&#39;</span>, <span>$outfile = </span><span>FALSE</span>, <span>$saveandprint = </span><span>FALSE</span> )</td><td title='C:\wamp64\www\deneme2\qrencode.php' bgcolor='#eeeeec'>...\qrencode.php<b>:</b>286</td></tr>
<tr><td bgcolor='#eeeeec' align='center'>4</td><td bgcolor='#eeeeec' align='center'>0.0031</td><td bgcolor='#eeeeec' align='right'>381576</td><td bgcolor='#eeeeec'>QRencode->encode( <span>$intext = </span><span>&#39;some othertext 1234&#39;</span>, <span>$outfile = </span>??? )</td><td title='C:\wamp64\www\deneme2\qrencode.php' bgcolor='#eeeeec'>...\qrencode.php<b>:</b>485</td></tr>
<tr><td bgcolor='#eeeeec' align='center'>5</td><td bgcolor='#eeeeec' align='center'>0.0031</td><td bgcolor='#eeeeec' align='right'>381672</td><td bgcolor='#eeeeec'>QRcode->encodeString( <span>$string = </span><span>&#39;some othertext 1234&#39;</span>, <span>$version = </span><span>0</span>, <span>$level = </span><span>0</span>, <span>$hint = </span><span>2</span>, <span>$casesensitive = </span><span>TRUE</span> )</td><td title='C:\wamp64\www\deneme2\qrencode.php' bgcolor='#eeeeec'>...\qrencode.php<b>:</b>467</td></tr>
<tr><td bgcolor='#eeeeec' align='center'>6</td><td bgcolor='#eeeeec' align='center'>0.0034</td><td bgcolor='#eeeeec' align='right'>384328</td><td bgcolor='#eeeeec'>QRcode->encodeInput( <span>$input = </span><span>class QRinput { public $items = [0 =&gt; class QRinputItem { ... }]; private $version = 2; private $level = 0 }</span> )</td><td title='C:\wamp64\www\deneme2\qrencode.php' bgcolor='#eeeeec'>...\qrencode.php<b>:</b>279</td></tr>
<tr><td bgcolor='#eeeeec' align='center'>7</td><td bgcolor='#eeeeec' align='center'>0.0034</td><td bgcolor='#eeeeec' align='right'>384328</td><td bgcolor='#eeeeec'>QRcode->encodeMask( <span>$input = </span><span>class QRinput { public $items = [0 =&gt; class QRinputItem { ... }]; private $version = 2; private $level = 0 }</span>, <span>$mask = </span><span>-1</span> )</td><td title='C:\wamp64\www\deneme2\qrencode.php' bgcolor='#eeeeec'>...\qrencode.php<b>:</b>240</td></tr>
<tr><td bgcolor='#eeeeec' align='center'>8</td><td bgcolor='#eeeeec' align='center'>0.0132</td><td bgcolor='#eeeeec' align='right'>443304</td><td bgcolor='#eeeeec'>QRmask->mask( <span>$width = </span><span>25</span>, <span>$frame = </span><span>[0 =&gt; &#39;¡¡¡¡¡¡¡¿Ñ\003\003\002\002\002\003\003\002¿¡¡¡¡¡¡¡&#39;, 1 =&gt; &#39;¡¿¿¿¿¿¡¿Ñ\003\003\002\003\003\002\002\002¿¡¿¿¿¿¿¡&#39;, 2 =&gt; &#39;¡¿¡¡¡¿¡¿Ñ\003\002\002\002\002\003\003\002¿¡¿¡¡¡¿¡&#39;, 3 =&gt; &#39;¡¿¡¡¡¿¡¿Ñ\002\003\002\002\003\002\002\003¿¡¿¡¡¡¿¡&#39;, 4 =&gt; &#39;¡¿¡¡¡¿¡¿Ñ\002\002\002\003\002\003\003\002¿¡¿¡¡¡¿¡&#39;, 5 =&gt; &#39;¡¿¿¿¿¿¡¿Ñ\002\002\003\002\002\003\002\003¿¡¿¿¿¿¿¡&#39;, 6 =&gt; &#39;¡¡¡¡¡¡¡¿ëêëêëêëêë¿¡¡¡¡¡¡¡&#39;, 7 =&gt; &#39;¿¿¿¿¿¿¿¿Ñ\002\003\003\003\002\002\002\002¿¿¿¿¿¿¿¿&#39;, 8 =&gt; &#39;ÑÑÑÑÑÑëÑÑ\002\002\003\003\002\002\002\003ÑÑÑÑÑÑÑÑ&#39;, 9 =&gt; &#39;\003\003\002\003\003\003ê\003\002\003\003\002\002\003\002\003\002\003\003\003\002\003\003\002\003&#39;, 10 =&gt; &#39;\003\002\003\003\002\002ë\003\002\003\003\002\003\003\003\002\002\002\002\003\002\003\002\003\002&#39;, 11 =&gt; &#39;\002\002\002\003\002\003ê\002\002\003\002\002\002\003\002\002\002\002\003\003\002\003\002\003\003&#39;, 12 =&gt; &#39;\002\002\003\002\003\002ë\003\002\002\003\002\002\002\003\002\002\003\002\002\003\002\003\003\003&#39;, 13 =&gt; &#39;\002\003\003\003\003\002ê\002\002\003\002\002\003\002\002\003\002\003\003\003\002\003\002\002\003&#39;, 14 =&gt; &#39;\002\002\002\002\002\002ë\002\003\003\003\003\002\002\002\002\002\003\002\002\002\003\002\003\002&#39;, 15 =&gt; &#39;\002\002\003\002\002\003ê\003\003\003\002\003\003\002\003\002\003\002\002\002\003\002\002\003\003&#39;, 16 =&gt; &#39;\002\002\003\003\002\002ë\003\003\002\002\003\003\002\002\002°°°°°\002\003\002\002&#39;, 17 =&gt; &#39;¿¿¿¿¿¿¿¿Å\002\002\002\002\003\003\003°†††°\002\002\003\003&#39;, 18 =&gt; &#39;¡¡¡¡¡¡¡¿Ñ\002\003\002\003\003\003\003°†°†°\002\002\003\002&#39;, 19 =&gt; &#39;¡¿¿¿¿¿¡¿Ñ\003\003\002\002\003\002\003°†††°\003\002\003\003&#39;, 20 =&gt; &#39;¡¿¡¡¡¿¡¿Ñ\002\002\002\002\002\003\002°°°°°\002\003\002\002&#39;, 21 =&gt; &#39;¡¿¡¡¡¿¡¿Ñ\002\002\002\003\002\002\002\002\003\002\002\003\003\003\003\002&#39;, 22 =&gt; &#39;¡¿¡¡¡¿¡¿Ñ\002\002\003\002\002\002\002\003\002\003\003\002\003\003\002\002&#39;, 23 =&gt; &#39;¡¿¿¿¿¿¡¿Ñ\003\003\003\003\002\003\003\003\003\002\002\002\003\002\002\002&#39;, 24 =&gt; &#39;¡¡¡¡¡¡¡¿Ñ\002\002\003\003\002\002\003\002\003\002\003\002\003\003\003\002&#39;]</span>, <span>$level = </span><span>0</span> )</td><td title='C:\wamp64\www\deneme2\qrencode.php' bgcolor='#eeeeec'>...\qrencode.php<b>:</b>216</td></tr>
<tr><td bgcolor='#eeeeec' align='center'>9</td><td bgcolor='#eeeeec' align='center'>0.0946</td><td bgcolor='#eeeeec' align='right'>594872</td><td bgcolor='#eeeeec'>QRmask->makeMaskNo( <span>$maskNo = </span><span>6</span>, <span>$width = </span><span>25</span>, <span>$s = </span><span>[0 =&gt; &#39;¡¡¡¡¡¡¡¿Ñ\003\003\002\002\002\003\003\002¿¡¡¡¡¡¡¡&#39;, 1 =&gt; &#39;¡¿¿¿¿¿¡¿Ñ\003\003\002\003\003\002\002\002¿¡¿¿¿¿¿¡&#39;, 2 =&gt; &#39;¡¿¡¡¡¿¡¿Ñ\003\002\002\002\002\003\003\002¿¡¿¡¡¡¿¡&#39;, 3 =&gt; &#39;¡¿¡¡¡¿¡¿Ñ\002\003\002\002\003\002\002\003¿¡¿¡¡¡¿¡&#39;, 4 =&gt; &#39;¡¿¡¡¡¿¡¿Ñ\002\002\002\003\002\003\003\002¿¡¿¡¡¡¿¡&#39;, 5 =&gt; &#39;¡¿¿¿¿¿¡¿Ñ\002\002\003\002\002\003\002\003¿¡¿¿¿¿¿¡&#39;, 6 =&gt; &#39;¡¡¡¡¡¡¡¿ëêëêëêëêë¿¡¡¡¡¡¡¡&#39;, 7 =&gt; &#39;¿¿¿¿¿¿¿¿Ñ\002\003\003\003\002\002\002\002¿¿¿¿¿¿¿¿&#39;, 8 =&gt; &#39;ÑÑÑÑÑÑëÑÑ\002\002\003\003\002\002\002\003ÑÑÑÑÑÑÑÑ&#39;, 9 =&gt; &#39;\003\003\002\003\003\003ê\003\002\003\003\002\002\003\002\003\002\003\003\003\002\003\003\002\003&#39;, 10 =&gt; &#39;\003\002\003\003\002\002ë\003\002\003\003\002\003\003\003\002\002\002\002\003\002\003\002\003\002&#39;, 11 =&gt; &#39;\002\002\002\003\002\003ê\002\002\003\002\002\002\003\002\002\002\002\003\003\002\003\002\003\003&#39;, 12 =&gt; &#39;\002\002\003\002\003\002ë\003\002\002\003\002\002\002\003\002\002\003\002\002\003\002\003\003\003&#39;, 13 =&gt; &#39;\002\003\003\003\003\002ê\002\002\003\002\002\003\002\002\003\002\003\003\003\002\003\002\002\003&#39;, 14 =&gt; &#39;\002\002\002\002\002\002ë\002\003\003\003\003\002\002\002\002\002\003\002\002\002\003\002\003\002&#39;, 15 =&gt; &#39;\002\002\003\002\002\003ê\003\003\003\002\003\003\002\003\002\003\002\002\002\003\002\002\003\003&#39;, 16 =&gt; &#39;\002\002\003\003\002\002ë\003\003\002\002\003\003\002\002\002°°°°°\002\003\002\002&#39;, 17 =&gt; &#39;¿¿¿¿¿¿¿¿Å\002\002\002\002\003\003\003°†††°\002\002\003\003&#39;, 18 =&gt; &#39;¡¡¡¡¡¡¡¿Ñ\002\003\002\003\003\003\003°†°†°\002\002\003\002&#39;, 19 =&gt; &#39;¡¿¿¿¿¿¡¿Ñ\003\003\002\002\003\002\003°†††°\003\002\003\003&#39;, 20 =&gt; &#39;¡¿¡¡¡¿¡¿Ñ\002\002\002\002\002\003\002°°°°°\002\003\002\002&#39;, 21 =&gt; &#39;¡¿¡¡¡¿¡¿Ñ\002\002\002\003\002\002\002\002\003\002\002\003\003\003\003\002&#39;, 22 =&gt; &#39;¡¿¡¡¡¿¡¿Ñ\002\002\003\002\002\002\002\003\002\003\003\002\003\003\002\002&#39;, 23 =&gt; &#39;¡¿¿¿¿¿¡¿Ñ\003\003\003\003\002\003\003\003\003\002\002\002\003\002\002\002&#39;, 24 =&gt; &#39;¡¡¡¡¡¡¡¿Ñ\002\002\003\003\002\002\003\002\003\002\003\002\003\003\003\002&#39;]</span>, <span>$d = </span><span>[0 =&gt; &#39;\000\000\000\000\000\000\000\000\000\000\000\000\000\000\000\000\000\000\000\000\000\000\000\000\000&#39;, 1 =&gt; &#39;\000\000\000\000\000\000\000\000\000\000\000\000\000\000\000\000\000\000\000\000\000\000\000\000\000&#39;, 2 =&gt; &#39;\000\000\000\000\000\000\000\000\000\000\000\000\000\000\000\000\000\000\000\000\000\000\000\000\000&#39;, 3 =&gt; &#39;\000\000\000\000\000\000\000\000\000\000\000\000\000\000\000\000\000\000\000\000\000\000\000\000\000&#39;, 4 =&gt; &#39;\000\000\000\000\000\000\000\000\000\000\000\000\000\000\000\000\000\000\000\000\000\000\000\000\000&#39;, 5 =&gt; &#39;\000\000\000\000\000\000\000\000\000\000\000\000\000\000\000\000\000\000\000\000\000\000\000\000\000&#39;, 6 =&gt; &#39;\000\000\000\000\000\000\000\000\000\000\000\000\000\000\000\000\000\000\000\000\000\000\000\000\000&#39;, 7 =&gt; &#39;\000\000\000\000\000\000\000\000\000\000\000\000\000\000\000\000\000\000\000\000\000\000\000\000\000&#39;, 8 =&gt; &#39;\000\000\000\000\000\000\000\000\000\000\000\000\000\000\000\000\000\000\000\000\000\000\000\000\000&#39;, 9 =&gt; &#39;\000\000\000\000\000\000\000\000\000\000\000\000\000\000\000\000\000\000\000\000\000\000\000\000\000&#39;, 10 =&gt; &#39;\000\000\000\000\000\000\000\000\000\000\000\000\000\000\000\000\000\000\000\000\000\000\000\000\000&#39;, 11 =&gt; &#39;\000\000\000\000\000\000\000\000\000\000\000\000\000\000\000\000\000\000\000\000\000\000\000\000\000&#39;, 12 =&gt; &#39;\000\000\000\000\000\000\000\000\000\000\000\000\000\000\000\000\000\000\000\000\000\000\000\000\000&#39;, 13 =&gt; &#39;\000\000\000\000\000\000\000\000\000\000\000\000\000\000\000\000\000\000\000\000\000\000\000\000\000&#39;, 14 =&gt; &#39;\000\000\000\000\000\000\000\000\000\000\000\000\000\000\000\000\000\000\000\000\000\000\000\000\000&#39;, 15 =&gt; &#39;\000\000\000\000\000\000\000\000\000\000\000\000\000\000\000\000\000\000\000\000\000\000\000\000\000&#39;, 16 =&gt; &#39;\000\000\000\000\000\000\000\000\000\000\000\000\000\000\000\000\000\000\000\000\000\000\000\000\000&#39;, 17 =&gt; &#39;\000\000\000\000\000\000\000\000\000\000\000\000\000\000\000\000\000\000\000\000\000\000\000\000\000&#39;, 18 =&gt; &#39;\000\000\000\000\000\000\000\000\000\000\000\000\000\000\000\000\000\000\000\000\000\000\000\000\000&#39;, 19 =&gt; &#39;\000\000\000\000\000\000\000\000\000\000\000\000\000\000\000\000\000\000\000\000\000\000\000\000\000&#39;, 20 =&gt; &#39;\000\000\000\000\000\000\000\000\000\000\000\000\000\000\000\000\000\000\000\000\000\000\000\000\000&#39;, 21 =&gt; &#39;\000\000\000\000\000\000\000\000\000\000\000\000\000\000\000\000\000\000\000\000\000\000\000\000\000&#39;, 22 =&gt; &#39;\000\000\000\000\000\000\000\000\000\000\000\000\000\000\000\000\000\000\000\000\000\000\000\000\000&#39;, 23 =&gt; &#39;\000\000\000\000\000\000\000\000\000\000\000\000\000\000\000\000\000\000\000\000\000\000\000\000\000&#39;, 24 =&gt; &#39;\000\000\000\000\000\000\000\000\000\000\000\000\000\000\000\000\000\000\000\000\000\000\000\000\000&#39;]</span>, <span>$maskGenOnly = </span>??? )</td><td title='C:\wamp64\www\deneme2\qrmask.php' bgcolor='#eeeeec'>...\qrmask.php<b>:</b>311</td></tr>
<tr><td bgcolor='#eeeeec' align='center'>10</td><td bgcolor='#eeeeec' align='center'>0.0977</td><td bgcolor='#eeeeec' align='right'>646232</td><td bgcolor='#eeeeec'><a href='http://www.php.net/function.file-put-contents' target='_new'>file_put_contents</a>( <span>$filename = </span><span>&#39;C:\\wamp64\\www\\deneme2\\cache\\mask_6\\mask_25_6.dat&#39;</span>, <span>$data = </span><span>&#39;x⁄ùQA\016¿ \bª5ü€2)\003Íe+ƒ(Xm Z\001\006t∆*(⁄π´;ù√\bÁtJ„&lt;Â≥ÇÜ_⁄§á3∞o\026ä\022‹\017Ω⁄¥&quot;Ã¢\001\024a≤\020zh\037}—&amp;\017qvÄµSG ÷ô,-áôJõÕ4}≥ô¶oS[‚\002}w\006&#39;</span> )</td><td title='C:\wamp64\www\deneme2\qrmask.php' bgcolor='#eeeeec'>...\qrmask.php<b>:</b>155</td></tr>
</table></font>
<br />
<font size='1'><table class='xdebug-error xe-warning' dir='ltr' border='1' cellspacing='0' cellpadding='1'>
<tr><th align='left' bgcolor='#f57900' colspan="5"><span style='background-color: #cc0000; color: #fce94f; font-size: x-large;'>( ! )</span> Warning: mkdir(): No such file or directory in C:\wamp64\www\deneme2\qrmask.php on line <i>154</i></th></tr>
<tr><th align='left' bgcolor='#e9b96e' colspan='5'>Call Stack</th></tr>
<tr><th align='center' bgcolor='#eeeeec'>#</th><th align='left' bgcolor='#eeeeec'>Time</th><th align='left' bgcolor='#eeeeec'>Memory</th><th align='left' bgcolor='#eeeeec'>Function</th><th align='left' bgcolor='#eeeeec'>Location</th></tr>
<tr><td bgcolor='#eeeeec' align='center'>1</td><td bgcolor='#eeeeec' align='center'>0.0006</td><td bgcolor='#eeeeec' align='right'>362392</td><td bgcolor='#eeeeec'>{main}(  )</td><td title='C:\wamp64\www\deneme2\index.php' bgcolor='#eeeeec'>...\index.php<b>:</b>0</td></tr>
<tr><td bgcolor='#eeeeec' align='center'>2</td><td bgcolor='#eeeeec' align='center'>0.0031</td><td bgcolor='#eeeeec' align='right'>364872</td><td bgcolor='#eeeeec'>QRcode::png( <span>$text = </span><span>&#39;some othertext 1234&#39;</span>, <span>$outfile = </span>???, <span>$level = </span>???, <span>$size = </span>???, <span>$margin = </span>???, <span>$saveandprint = </span>??? )</td><td title='C:\wamp64\www\deneme2\index.php' bgcolor='#eeeeec'>...\index.php<b>:</b>4</td></tr>
<tr><td bgcolor='#eeeeec' align='center'>3</td><td bgcolor='#eeeeec' align='center'>0.0031</td><td bgcolor='#eeeeec' align='right'>365064</td><td bgcolor='#eeeeec'>QRencode->encodePNG( <span>$intext = </span><span>&#39;some othertext 1234&#39;</span>, <span>$outfile = </span><span>FALSE</span>, <span>$saveandprint = </span><span>FALSE</span> )</td><td title='C:\wamp64\www\deneme2\qrencode.php' bgcolor='#eeeeec'>...\qrencode.php<b>:</b>286</td></tr>
<tr><td bgcolor='#eeeeec' align='center'>4</td><td bgcolor='#eeeeec' align='center'>0.0031</td><td bgcolor='#eeeeec' align='right'>381576</td><td bgcolor='#eeeeec'>QRencode->encode( <span>$intext = </span><span>&#39;some othertext 1234&#39;</span>, <span>$outfile = </span>??? )</td><td title='C:\wamp64\www\deneme2\qrencode.php' bgcolor='#eeeeec'>...\qrencode.php<b>:</b>485</td></tr>
<tr><td bgcolor='#eeeeec' align='center'>5</td><td bgcolor='#eeeeec' align='center'>0.0031</td><td bgcolor='#eeeeec' align='right'>381672</td><td bgcolor='#eeeeec'>QRcode->encodeString( <span>$string = </span><span>&#39;some othertext 1234&#39;</span>, <span>$version = </span><span>0</span>, <span>$level = </span><span>0</span>, <span>$hint = </span><span>2</span>, <span>$casesensitive = </span><span>TRUE</span> )</td><td title='C:\wamp64\www\deneme2\qrencode.php' bgcolor='#eeeeec'>...\qrencode.php<b>:</b>467</td></tr>
<tr><td bgcolor='#eeeeec' align='center'>6</td><td bgcolor='#eeeeec' align='center'>0.0034</td><td bgcolor='#eeeeec' align='right'>384328</td><td bgcolor='#eeeeec'>QRcode->encodeInput( <span>$input = </span><span>class QRinput { public $items = [0 =&gt; class QRinputItem { ... }]; private $version = 2; private $level = 0 }</span> )</td><td title='C:\wamp64\www\deneme2\qrencode.php' bgcolor='#eeeeec'>...\qrencode.php<b>:</b>279</td></tr>
<tr><td bgcolor='#eeeeec' align='center'>7</td><td bgcolor='#eeeeec' align='center'>0.0034</td><td bgcolor='#eeeeec' align='right'>384328</td><td bgcolor='#eeeeec'>QRcode->encodeMask( <span>$input = </span><span>class QRinput { public $items = [0 =&gt; class QRinputItem { ... }]; private $version = 2; private $level = 0 }</span>, <span>$mask = </span><span>-1</span> )</td><td title='C:\wamp64\www\deneme2\qrencode.php' bgcolor='#eeeeec'>...\qrencode.php<b>:</b>240</td></tr>
<tr><td bgcolor='#eeeeec' align='center'>8</td><td bgcolor='#eeeeec' align='center'>0.0132</td><td bgcolor='#eeeeec' align='right'>443304</td><td bgcolor='#eeeeec'>QRmask->mask( <span>$width = </span><span>25</span>, <span>$frame = </span><span>[0 =&gt; &#39;¡¡¡¡¡¡¡¿Ñ\003\003\002\002\002\003\003\002¿¡¡¡¡¡¡¡&#39;, 1 =&gt; &#39;¡¿¿¿¿¿¡¿Ñ\003\003\002\003\003\002\002\002¿¡¿¿¿¿¿¡&#39;, 2 =&gt; &#39;¡¿¡¡¡¿¡¿Ñ\003\002\002\002\002\003\003\002¿¡¿¡¡¡¿¡&#39;, 3 =&gt; &#39;¡¿¡¡¡¿¡¿Ñ\002\003\002\002\003\002\002\003¿¡¿¡¡¡¿¡&#39;, 4 =&gt; &#39;¡¿¡¡¡¿¡¿Ñ\002\002\002\003\002\003\003\002¿¡¿¡¡¡¿¡&#39;, 5 =&gt; &#39;¡¿¿¿¿¿¡¿Ñ\002\002\003\002\002\003\002\003¿¡¿¿¿¿¿¡&#39;, 6 =&gt; &#39;¡¡¡¡¡¡¡¿ëêëêëêëêë¿¡¡¡¡¡¡¡&#39;, 7 =&gt; &#39;¿¿¿¿¿¿¿¿Ñ\002\003\003\003\002\002\002\002¿¿¿¿¿¿¿¿&#39;, 8 =&gt; &#39;ÑÑÑÑÑÑëÑÑ\002\002\003\003\002\002\002\003ÑÑÑÑÑÑÑÑ&#39;, 9 =&gt; &#39;\003\003\002\003\003\003ê\003\002\003\003\002\002\003\002\003\002\003\003\003\002\003\003\002\003&#39;, 10 =&gt; &#39;\003\002\003\003\002\002ë\003\002\003\003\002\003\003\003\002\002\002\002\003\002\003\002\003\002&#39;, 11 =&gt; &#39;\002\002\002\003\002\003ê\002\002\003\002\002\002\003\002\002\002\002\003\003\002\003\002\003\003&#39;, 12 =&gt; &#39;\002\002\003\002\003\002ë\003\002\002\003\002\002\002\003\002\002\003\002\002\003\002\003\003\003&#39;, 13 =&gt; &#39;\002\003\003\003\003\002ê\002\002\003\002\002\003\002\002\003\002\003\003\003\002\003\002\002\003&#39;, 14 =&gt; &#39;\002\002\002\002\002\002ë\002\003\003\003\003\002\002\002\002\002\003\002\002\002\003\002\003\002&#39;, 15 =&gt; &#39;\002\002\003\002\002\003ê\003\003\003\002\003\003\002\003\002\003\002\002\002\003\002\002\003\003&#39;, 16 =&gt; &#39;\002\002\003\003\002\002ë\003\003\002\002\003\003\002\002\002°°°°°\002\003\002\002&#39;, 17 =&gt; &#39;¿¿¿¿¿¿¿¿Å\002\002\002\002\003\003\003°†††°\002\002\003\003&#39;, 18 =&gt; &#39;¡¡¡¡¡¡¡¿Ñ\002\003\002\003\003\003\003°†°†°\002\002\003\002&#39;, 19 =&gt; &#39;¡¿¿¿¿¿¡¿Ñ\003\003\002\002\003\002\003°†††°\003\002\003\003&#39;, 20 =&gt; &#39;¡¿¡¡¡¿¡¿Ñ\002\002\002\002\002\003\002°°°°°\002\003\002\002&#39;, 21 =&gt; &#39;¡¿¡¡¡¿¡¿Ñ\002\002\002\003\002\002\002\002\003\002\002\003\003\003\003\002&#39;, 22 =&gt; &#39;¡¿¡¡¡¿¡¿Ñ\002\002\003\002\002\002\002\003\002\003\003\002\003\003\002\002&#39;, 23 =&gt; &#39;¡¿¿¿¿¿¡¿Ñ\003\003\003\003\002\003\003\003\003\002\002\002\003\002\002\002&#39;, 24 =&gt; &#39;¡¡¡¡¡¡¡¿Ñ\002\002\003\003\002\002\003\002\003\002\003\002\003\003\003\002&#39;]</span>, <span>$level = </span><span>0</span> )</td><td title='C:\wamp64\www\deneme2\qrencode.php' bgcolor='#eeeeec'>...\qrencode.php<b>:</b>216</td></tr>
<tr><td bgcolor='#eeeeec' align='center'>9</td><td bgcolor='#eeeeec' align='center'>0.1076</td><td bgcolor='#eeeeec' align='right'>627640</td><td bgcolor='#eeeeec'>QRmask->makeMaskNo( <span>$maskNo = </span><span>7</span>, <span>$width = </span><span>25</span>, <span>$s = </span><span>[0 =&gt; &#39;¡¡¡¡¡¡¡¿Ñ\003\003\002\002\002\003\003\002¿¡¡¡¡¡¡¡&#39;, 1 =&gt; &#39;¡¿¿¿¿¿¡¿Ñ\003\003\002\003\003\002\002\002¿¡¿¿¿¿¿¡&#39;, 2 =&gt; &#39;¡¿¡¡¡¿¡¿Ñ\003\002\002\002\002\003\003\002¿¡¿¡¡¡¿¡&#39;, 3 =&gt; &#39;¡¿¡¡¡¿¡¿Ñ\002\003\002\002\003\002\002\003¿¡¿¡¡¡¿¡&#39;, 4 =&gt; &#39;¡¿¡¡¡¿¡¿Ñ\002\002\002\003\002\003\003\002¿¡¿¡¡¡¿¡&#39;, 5 =&gt; &#39;¡¿¿¿¿¿¡¿Ñ\002\002\003\002\002\003\002\003¿¡¿¿¿¿¿¡&#39;, 6 =&gt; &#39;¡¡¡¡¡¡¡¿ëêëêëêëêë¿¡¡¡¡¡¡¡&#39;, 7 =&gt; &#39;¿¿¿¿¿¿¿¿Ñ\002\003\003\003\002\002\002\002¿¿¿¿¿¿¿¿&#39;, 8 =&gt; &#39;ÑÑÑÑÑÑëÑÑ\002\002\003\003\002\002\002\003ÑÑÑÑÑÑÑÑ&#39;, 9 =&gt; &#39;\003\003\002\003\003\003ê\003\002\003\003\002\002\003\002\003\002\003\003\003\002\003\003\002\003&#39;, 10 =&gt; &#39;\003\002\003\003\002\002ë\003\002\003\003\002\003\003\003\002\002\002\002\003\002\003\002\003\002&#39;, 11 =&gt; &#39;\002\002\002\003\002\003ê\002\002\003\002\002\002\003\002\002\002\002\003\003\002\003\002\003\003&#39;, 12 =&gt; &#39;\002\002\003\002\003\002ë\003\002\002\003\002\002\002\003\002\002\003\002\002\003\002\003\003\003&#39;, 13 =&gt; &#39;\002\003\003\003\003\002ê\002\002\003\002\002\003\002\002\003\002\003\003\003\002\003\002\002\003&#39;, 14 =&gt; &#39;\002\002\002\002\002\002ë\002\003\003\003\003\002\002\002\002\002\003\002\002\002\003\002\003\002&#39;, 15 =&gt; &#39;\002\002\003\002\002\003ê\003\003\003\002\003\003\002\003\002\003\002\002\002\003\002\002\003\003&#39;, 16 =&gt; &#39;\002\002\003\003\002\002ë\003\003\002\002\003\003\002\002\002°°°°°\002\003\002\002&#39;, 17 =&gt; &#39;¿¿¿¿¿¿¿¿Å\002\002\002\002\003\003\003°†††°\002\002\003\003&#39;, 18 =&gt; &#39;¡¡¡¡¡¡¡¿Ñ\002\003\002\003\003\003\003°†°†°\002\002\003\002&#39;, 19 =&gt; &#39;¡¿¿¿¿¿¡¿Ñ\003\003\002\002\003\002\003°†††°\003\002\003\003&#39;, 20 =&gt; &#39;¡¿¡¡¡¿¡¿Ñ\002\002\002\002\002\003\002°°°°°\002\003\002\002&#39;, 21 =&gt; &#39;¡¿¡¡¡¿¡¿Ñ\002\002\002\003\002\002\002\002\003\002\002\003\003\003\003\002&#39;, 22 =&gt; &#39;¡¿¡¡¡¿¡¿Ñ\002\002\003\002\002\002\002\003\002\003\003\002\003\003\002\002&#39;, 23 =&gt; &#39;¡¿¿¿¿¿¡¿Ñ\003\003\003\003\002\003\003\003\003\002\002\002\003\002\002\002&#39;, 24 =&gt; &#39;¡¡¡¡¡¡¡¿Ñ\002\002\003\003\002\002\003\002\003\002\003\002\003\003\003\002&#39;]</span>, <span>$d = </span><span>[0 =&gt; &#39;\000\000\000\000\000\000\000\000\000\000\000\000\000\000\000\000\000\000\000\000\000\000\000\000\000&#39;, 1 =&gt; &#39;\000\000\000\000\000\000\000\000\000\000\000\000\000\000\000\000\000\000\000\000\000\000\000\000\000&#39;, 2 =&gt; &#39;\000\000\000\000\000\000\000\000\000\000\000\000\000\000\000\000\000\000\000\000\000\000\000\000\000&#39;, 3 =&gt; &#39;\000\000\000\000\000\000\000\000\000\000\000\000\000\000\000\000\000\000\000\000\000\000\000\000\000&#39;, 4 =&gt; &#39;\000\000\000\000\000\000\000\000\000\000\000\000\000\000\000\000\000\000\000\000\000\000\000\000\000&#39;, 5 =&gt; &#39;\000\000\000\000\000\000\000\000\000\000\000\000\000\000\000\000\000\000\000\000\000\000\000\000\000&#39;, 6 =&gt; &#39;\000\000\000\000\000\000\000\000\000\000\000\000\000\000\000\000\000\000\000\000\000\000\000\000\000&#39;, 7 =&gt; &#39;\000\000\000\000\000\000\000\000\000\000\000\000\000\000\000\000\000\000\000\000\000\000\000\000\000&#39;, 8 =&gt; &#39;\000\000\000\000\000\000\000\000\000\000\000\000\000\000\000\000\000\000\000\000\000\000\000\000\000&#39;, 9 =&gt; &#39;\000\000\000\000\000\000\000\000\000\000\000\000\000\000\000\000\000\000\000\000\000\000\000\000\000&#39;, 10 =&gt; &#39;\000\000\000\000\000\000\000\000\000\000\000\000\000\000\000\000\000\000\000\000\000\000\000\000\000&#39;, 11 =&gt; &#39;\000\000\000\000\000\000\000\000\000\000\000\000\000\000\000\000\000\000\000\000\000\000\000\000\000&#39;, 12 =&gt; &#39;\000\000\000\000\000\000\000\000\000\000\000\000\000\000\000\000\000\000\000\000\000\000\000\000\000&#39;, 13 =&gt; &#39;\000\000\000\000\000\000\000\000\000\000\000\000\000\000\000\000\000\000\000\000\000\000\000\000\000&#39;, 14 =&gt; &#39;\000\000\000\000\000\000\000\000\000\000\000\000\000\000\000\000\000\000\000\000\000\000\000\000\000&#39;, 15 =&gt; &#39;\000\000\000\000\000\000\000\000\000\000\000\000\000\000\000\000\000\000\000\000\000\000\000\000\000&#39;, 16 =&gt; &#39;\000\000\000\000\000\000\000\000\000\000\000\000\000\000\000\000\000\000\000\000\000\000\000\000\000&#39;, 17 =&gt; &#39;\000\000\000\000\000\000\000\000\000\000\000\000\000\000\000\000\000\000\000\000\000\000\000\000\000&#39;, 18 =&gt; &#39;\000\000\000\000\000\000\000\000\000\000\000\000\000\000\000\000\000\000\000\000\000\000\000\000\000&#39;, 19 =&gt; &#39;\000\000\000\000\000\000\000\000\000\000\000\000\000\000\000\000\000\000\000\000\000\000\000\000\000&#39;, 20 =&gt; &#39;\000\000\000\000\000\000\000\000\000\000\000\000\000\000\000\000\000\000\000\000\000\000\000\000\000&#39;, 21 =&gt; &#39;\000\000\000\000\000\000\000\000\000\000\000\000\000\000\000\000\000\000\000\000\000\000\000\000\000&#39;, 22 =&gt; &#39;\000\000\000\000\000\000\000\000\000\000\000\000\000\000\000\000\000\000\000\000\000\000\000\000\000&#39;, 23 =&gt; &#39;\000\000\000\000\000\000\000\000\000\000\000\000\000\000\000\000\000\000\000\000\000\000\000\000\000&#39;, 24 =&gt; &#39;\000\000\000\000\000\000\000\000\000\000\000\000\000\000\000\000\000\000\000\000\000\000\000\000\000&#39;]</span>, <span>$maskGenOnly = </span>??? )</td><td title='C:\wamp64\www\deneme2\qrmask.php' bgcolor='#eeeeec'>...\qrmask.php<b>:</b>311</td></tr>
<tr><td bgcolor='#eeeeec' align='center'>10</td><td bgcolor='#eeeeec' align='center'>0.1086</td><td bgcolor='#eeeeec' align='right'>662520</td><td bgcolor='#eeeeec'><a href='http://www.php.net/function.mkdir' target='_new'>mkdir</a>( <span>$pathname = </span><span>&#39;C:\\wamp64\\www\\deneme2\\cache\\mask_7&#39;</span> )</td><td title='C:\wamp64\www\deneme2\qrmask.php' bgcolor='#eeeeec'>...\qrmask.php<b>:</b>154</td></tr>
</table></font>
<br />
<font size='1'><table class='xdebug-error xe-warning' dir='ltr' border='1' cellspacing='0' cellpadding='1'>
<tr><th align='left' bgcolor='#f57900' colspan="5"><span style='background-color: #cc0000; color: #fce94f; font-size: x-large;'>( ! )</span> Warning: file_put_contents(C:\wamp64\www\deneme2\cache\mask_7\mask_25_7.dat): failed to open stream: No such file or directory in C:\wamp64\www\deneme2\qrmask.php on line <i>155</i></th></tr>
<tr><th align='left' bgcolor='#e9b96e' colspan='5'>Call Stack</th></tr>
<tr><th align='center' bgcolor='#eeeeec'>#</th><th align='left' bgcolor='#eeeeec'>Time</th><th align='left' bgcolor='#eeeeec'>Memory</th><th align='left' bgcolor='#eeeeec'>Function</th><th align='left' bgcolor='#eeeeec'>Location</th></tr>
<tr><td bgcolor='#eeeeec' align='center'>1</td><td bgcolor='#eeeeec' align='center'>0.0006</td><td bgcolor='#eeeeec' align='right'>362392</td><td bgcolor='#eeeeec'>{main}(  )</td><td title='C:\wamp64\www\deneme2\index.php' bgcolor='#eeeeec'>...\index.php<b>:</b>0</td></tr>
<tr><td bgcolor='#eeeeec' align='center'>2</td><td bgcolor='#eeeeec' align='center'>0.0031</td><td bgcolor='#eeeeec' align='right'>364872</td><td bgcolor='#eeeeec'>QRcode::png( <span>$text = </span><span>&#39;some othertext 1234&#39;</span>, <span>$outfile = </span>???, <span>$level = </span>???, <span>$size = </span>???, <span>$margin = </span>???, <span>$saveandprint = </span>??? )</td><td title='C:\wamp64\www\deneme2\index.php' bgcolor='#eeeeec'>...\index.php<b>:</b>4</td></tr>
<tr><td bgcolor='#eeeeec' align='center'>3</td><td bgcolor='#eeeeec' align='center'>0.0031</td><td bgcolor='#eeeeec' align='right'>365064</td><td bgcolor='#eeeeec'>QRencode->encodePNG( <span>$intext = </span><span>&#39;some othertext 1234&#39;</span>, <span>$outfile = </span><span>FALSE</span>, <span>$saveandprint = </span><span>FALSE</span> )</td><td title='C:\wamp64\www\deneme2\qrencode.php' bgcolor='#eeeeec'>...\qrencode.php<b>:</b>286</td></tr>
<tr><td bgcolor='#eeeeec' align='center'>4</td><td bgcolor='#eeeeec' align='center'>0.0031</td><td bgcolor='#eeeeec' align='right'>381576</td><td bgcolor='#eeeeec'>QRencode->encode( <span>$intext = </span><span>&#39;some othertext 1234&#39;</span>, <span>$outfile = </span>??? )</td><td title='C:\wamp64\www\deneme2\qrencode.php' bgcolor='#eeeeec'>...\qrencode.php<b>:</b>485</td></tr>
<tr><td bgcolor='#eeeeec' align='center'>5</td><td bgcolor='#eeeeec' align='center'>0.0031</td><td bgcolor='#eeeeec' align='right'>381672</td><td bgcolor='#eeeeec'>QRcode->encodeString( <span>$string = </span><span>&#39;some othertext 1234&#39;</span>, <span>$version = </span><span>0</span>, <span>$level = </span><span>0</span>, <span>$hint = </span><span>2</span>, <span>$casesensitive = </span><span>TRUE</span> )</td><td title='C:\wamp64\www\deneme2\qrencode.php' bgcolor='#eeeeec'>...\qrencode.php<b>:</b>467</td></tr>
<tr><td bgcolor='#eeeeec' align='center'>6</td><td bgcolor='#eeeeec' align='center'>0.0034</td><td bgcolor='#eeeeec' align='right'>384328</td><td bgcolor='#eeeeec'>QRcode->encodeInput( <span>$input = </span><span>class QRinput { public $items = [0 =&gt; class QRinputItem { ... }]; private $version = 2; private $level = 0 }</span> )</td><td title='C:\wamp64\www\deneme2\qrencode.php' bgcolor='#eeeeec'>...\qrencode.php<b>:</b>279</td></tr>
<tr><td bgcolor='#eeeeec' align='center'>7</td><td bgcolor='#eeeeec' align='center'>0.0034</td><td bgcolor='#eeeeec' align='right'>384328</td><td bgcolor='#eeeeec'>QRcode->encodeMask( <span>$input = </span><span>class QRinput { public $items = [0 =&gt; class QRinputItem { ... }]; private $version = 2; private $level = 0 }</span>, <span>$mask = </span><span>-1</span> )</td><td title='C:\wamp64\www\deneme2\qrencode.php' bgcolor='#eeeeec'>...\qrencode.php<b>:</b>240</td></tr>
<tr><td bgcolor='#eeeeec' align='center'>8</td><td bgcolor='#eeeeec' align='center'>0.0132</td><td bgcolor='#eeeeec' align='right'>443304</td><td bgcolor='#eeeeec'>QRmask->mask( <span>$width = </span><span>25</span>, <span>$frame = </span><span>[0 =&gt; &#39;¡¡¡¡¡¡¡¿Ñ\003\003\002\002\002\003\003\002¿¡¡¡¡¡¡¡&#39;, 1 =&gt; &#39;¡¿¿¿¿¿¡¿Ñ\003\003\002\003\003\002\002\002¿¡¿¿¿¿¿¡&#39;, 2 =&gt; &#39;¡¿¡¡¡¿¡¿Ñ\003\002\002\002\002\003\003\002¿¡¿¡¡¡¿¡&#39;, 3 =&gt; &#39;¡¿¡¡¡¿¡¿Ñ\002\003\002\002\003\002\002\003¿¡¿¡¡¡¿¡&#39;, 4 =&gt; &#39;¡¿¡¡¡¿¡¿Ñ\002\002\002\003\002\003\003\002¿¡¿¡¡¡¿¡&#39;, 5 =&gt; &#39;¡¿¿¿¿¿¡¿Ñ\002\002\003\002\002\003\002\003¿¡¿¿¿¿¿¡&#39;, 6 =&gt; &#39;¡¡¡¡¡¡¡¿ëêëêëêëêë¿¡¡¡¡¡¡¡&#39;, 7 =&gt; &#39;¿¿¿¿¿¿¿¿Ñ\002\003\003\003\002\002\002\002¿¿¿¿¿¿¿¿&#39;, 8 =&gt; &#39;ÑÑÑÑÑÑëÑÑ\002\002\003\003\002\002\002\003ÑÑÑÑÑÑÑÑ&#39;, 9 =&gt; &#39;\003\003\002\003\003\003ê\003\002\003\003\002\002\003\002\003\002\003\003\003\002\003\003\002\003&#39;, 10 =&gt; &#39;\003\002\003\003\002\002ë\003\002\003\003\002\003\003\003\002\002\002\002\003\002\003\002\003\002&#39;, 11 =&gt; &#39;\002\002\002\003\002\003ê\002\002\003\002\002\002\003\002\002\002\002\003\003\002\003\002\003\003&#39;, 12 =&gt; &#39;\002\002\003\002\003\002ë\003\002\002\003\002\002\002\003\002\002\003\002\002\003\002\003\003\003&#39;, 13 =&gt; &#39;\002\003\003\003\003\002ê\002\002\003\002\002\003\002\002\003\002\003\003\003\002\003\002\002\003&#39;, 14 =&gt; &#39;\002\002\002\002\002\002ë\002\003\003\003\003\002\002\002\002\002\003\002\002\002\003\002\003\002&#39;, 15 =&gt; &#39;\002\002\003\002\002\003ê\003\003\003\002\003\003\002\003\002\003\002\002\002\003\002\002\003\003&#39;, 16 =&gt; &#39;\002\002\003\003\002\002ë\003\003\002\002\003\003\002\002\002°°°°°\002\003\002\002&#39;, 17 =&gt; &#39;¿¿¿¿¿¿¿¿Å\002\002\002\002\003\003\003°†††°\002\002\003\003&#39;, 18 =&gt; &#39;¡¡¡¡¡¡¡¿Ñ\002\003\002\003\003\003\003°†°†°\002\002\003\002&#39;, 19 =&gt; &#39;¡¿¿¿¿¿¡¿Ñ\003\003\002\002\003\002\003°†††°\003\002\003\003&#39;, 20 =&gt; &#39;¡¿¡¡¡¿¡¿Ñ\002\002\002\002\002\003\002°°°°°\002\003\002\002&#39;, 21 =&gt; &#39;¡¿¡¡¡¿¡¿Ñ\002\002\002\003\002\002\002\002\003\002\002\003\003\003\003\002&#39;, 22 =&gt; &#39;¡¿¡¡¡¿¡¿Ñ\002\002\003\002\002\002\002\003\002\003\003\002\003\003\002\002&#39;, 23 =&gt; &#39;¡¿¿¿¿¿¡¿Ñ\003\003\003\003\002\003\003\003\003\002\002\002\003\002\002\002&#39;, 24 =&gt; &#39;¡¡¡¡¡¡¡¿Ñ\002\002\003\003\002\002\003\002\003\002\003\002\003\003\003\002&#39;]</span>, <span>$level = </span><span>0</span> )</td><td title='C:\wamp64\www\deneme2\qrencode.php' bgcolor='#eeeeec'>...\qrencode.php<b>:</b>216</td></tr>
<tr><td bgcolor='#eeeeec' align='center'>9</td><td bgcolor='#eeeeec' align='center'>0.1076</td><td bgcolor='#eeeeec' align='right'>627640</td><td bgcolor='#eeeeec'>QRmask->makeMaskNo( <span>$maskNo = </span><span>7</span>, <span>$width = </span><span>25</span>, <span>$s = </span><span>[0 =&gt; &#39;¡¡¡¡¡¡¡¿Ñ\003\003\002\002\002\003\003\002¿¡¡¡¡¡¡¡&#39;, 1 =&gt; &#39;¡¿¿¿¿¿¡¿Ñ\003\003\002\003\003\002\002\002¿¡¿¿¿¿¿¡&#39;, 2 =&gt; &#39;¡¿¡¡¡¿¡¿Ñ\003\002\002\002\002\003\003\002¿¡¿¡¡¡¿¡&#39;, 3 =&gt; &#39;¡¿¡¡¡¿¡¿Ñ\002\003\002\002\003\002\002\003¿¡¿¡¡¡¿¡&#39;, 4 =&gt; &#39;¡¿¡¡¡¿¡¿Ñ\002\002\002\003\002\003\003\002¿¡¿¡¡¡¿¡&#39;, 5 =&gt; &#39;¡¿¿¿¿¿¡¿Ñ\002\002\003\002\002\003\002\003¿¡¿¿¿¿¿¡&#39;, 6 =&gt; &#39;¡¡¡¡¡¡¡¿ëêëêëêëêë¿¡¡¡¡¡¡¡&#39;, 7 =&gt; &#39;¿¿¿¿¿¿¿¿Ñ\002\003\003\003\002\002\002\002¿¿¿¿¿¿¿¿&#39;, 8 =&gt; &#39;ÑÑÑÑÑÑëÑÑ\002\002\003\003\002\002\002\003ÑÑÑÑÑÑÑÑ&#39;, 9 =&gt; &#39;\003\003\002\003\003\003ê\003\002\003\003\002\002\003\002\003\002\003\003\003\002\003\003\002\003&#39;, 10 =&gt; &#39;\003\002\003\003\002\002ë\003\002\003\003\002\003\003\003\002\002\002\002\003\002\003\002\003\002&#39;, 11 =&gt; &#39;\002\002\002\003\002\003ê\002\002\003\002\002\002\003\002\002\002\002\003\003\002\003\002\003\003&#39;, 12 =&gt; &#39;\002\002\003\002\003\002ë\003\002\002\003\002\002\002\003\002\002\003\002\002\003\002\003\003\003&#39;, 13 =&gt; &#39;\002\003\003\003\003\002ê\002\002\003\002\002\003\002\002\003\002\003\003\003\002\003\002\002\003&#39;, 14 =&gt; &#39;\002\002\002\002\002\002ë\002\003\003\003\003\002\002\002\002\002\003\002\002\002\003\002\003\002&#39;, 15 =&gt; &#39;\002\002\003\002\002\003ê\003\003\003\002\003\003\002\003\002\003\002\002\002\003\002\002\003\003&#39;, 16 =&gt; &#39;\002\002\003\003\002\002ë\003\003\002\002\003\003\002\002\002°°°°°\002\003\002\002&#39;, 17 =&gt; &#39;¿¿¿¿¿¿¿¿Å\002\002\002\002\003\003\003°†††°\002\002\003\003&#39;, 18 =&gt; &#39;¡¡¡¡¡¡¡¿Ñ\002\003\002\003\003\003\003°†°†°\002\002\003\002&#39;, 19 =&gt; &#39;¡¿¿¿¿¿¡¿Ñ\003\003\002\002\003\002\003°†††°\003\002\003\003&#39;, 20 =&gt; &#39;¡¿¡¡¡¿¡¿Ñ\002\002\002\002\002\003\002°°°°°\002\003\002\002&#39;, 21 =&gt; &#39;¡¿¡¡¡¿¡¿Ñ\002\002\002\003\002\002\002\002\003\002\002\003\003\003\003\002&#39;, 22 =&gt; &#39;¡¿¡¡¡¿¡¿Ñ\002\002\003\002\002\002\002\003\002\003\003\002\003\003\002\002&#39;, 23 =&gt; &#39;¡¿¿¿¿¿¡¿Ñ\003\003\003\003\002\003\003\003\003\002\002\002\003\002\002\002&#39;, 24 =&gt; &#39;¡¡¡¡¡¡¡¿Ñ\002\002\003\003\002\002\003\002\003\002\003\002\003\003\003\002&#39;]</span>, <span>$d = </span><span>[0 =&gt; &#39;\000\000\000\000\000\000\000\000\000\000\000\000\000\000\000\000\000\000\000\000\000\000\000\000\000&#39;, 1 =&gt; &#39;\000\000\000\000\000\000\000\000\000\000\000\000\000\000\000\000\000\000\000\000\000\000\000\000\000&#39;, 2 =&gt; &#39;\000\000\000\000\000\000\000\000\000\000\000\000\000\000\000\000\000\000\000\000\000\000\000\000\000&#39;, 3 =&gt; &#39;\000\000\000\000\000\000\000\000\000\000\000\000\000\000\000\000\000\000\000\000\000\000\000\000\000&#39;, 4 =&gt; &#39;\000\000\000\000\000\000\000\000\000\000\000\000\000\000\000\000\000\000\000\000\000\000\000\000\000&#39;, 5 =&gt; &#39;\000\000\000\000\000\000\000\000\000\000\000\000\000\000\000\000\000\000\000\000\000\000\000\000\000&#39;, 6 =&gt; &#39;\000\000\000\000\000\000\000\000\000\000\000\000\000\000\000\000\000\000\000\000\000\000\000\000\000&#39;, 7 =&gt; &#39;\000\000\000\000\000\000\000\000\000\000\000\000\000\000\000\000\000\000\000\000\000\000\000\000\000&#39;, 8 =&gt; &#39;\000\000\000\000\000\000\000\000\000\000\000\000\000\000\000\000\000\000\000\000\000\000\000\000\000&#39;, 9 =&gt; &#39;\000\000\000\000\000\000\000\000\000\000\000\000\000\000\000\000\000\000\000\000\000\000\000\000\000&#39;, 10 =&gt; &#39;\000\000\000\000\000\000\000\000\000\000\000\000\000\000\000\000\000\000\000\000\000\000\000\000\000&#39;, 11 =&gt; &#39;\000\000\000\000\000\000\000\000\000\000\000\000\000\000\000\000\000\000\000\000\000\000\000\000\000&#39;, 12 =&gt; &#39;\000\000\000\000\000\000\000\000\000\000\000\000\000\000\000\000\000\000\000\000\000\000\000\000\000&#39;, 13 =&gt; &#39;\000\000\000\000\000\000\000\000\000\000\000\000\000\000\000\000\000\000\000\000\000\000\000\000\000&#39;, 14 =&gt; &#39;\000\000\000\000\000\000\000\000\000\000\000\000\000\000\000\000\000\000\000\000\000\000\000\000\000&#39;, 15 =&gt; &#39;\000\000\000\000\000\000\000\000\000\000\000\000\000\000\000\000\000\000\000\000\000\000\000\000\000&#39;, 16 =&gt; &#39;\000\000\000\000\000\000\000\000\000\000\000\000\000\000\000\000\000\000\000\000\000\000\000\000\000&#39;, 17 =&gt; &#39;\000\000\000\000\000\000\000\000\000\000\000\000\000\000\000\000\000\000\000\000\000\000\000\000\000&#39;, 18 =&gt; &#39;\000\000\000\000\000\000\000\000\000\000\000\000\000\000\000\000\000\000\000\000\000\000\000\000\000&#39;, 19 =&gt; &#39;\000\000\000\000\000\000\000\000\000\000\000\000\000\000\000\000\000\000\000\000\000\000\000\000\000&#39;, 20 =&gt; &#39;\000\000\000\000\000\000\000\000\000\000\000\000\000\000\000\000\000\000\000\000\000\000\000\000\000&#39;, 21 =&gt; &#39;\000\000\000\000\000\000\000\000\000\000\000\000\000\000\000\000\000\000\000\000\000\000\000\000\000&#39;, 22 =&gt; &#39;\000\000\000\000\000\000\000\000\000\000\000\000\000\000\000\000\000\000\000\000\000\000\000\000\000&#39;, 23 =&gt; &#39;\000\000\000\000\000\000\000\000\000\000\000\000\000\000\000\000\000\000\000\000\000\000\000\000\000&#39;, 24 =&gt; &#39;\000\000\000\000\000\000\000\000\000\000\000\000\000\000\000\000\000\000\000\000\000\000\000\000\000&#39;]</span>, <span>$maskGenOnly = </span>??? )</td><td title='C:\wamp64\www\deneme2\qrmask.php' bgcolor='#eeeeec'>...\qrmask.php<b>:</b>311</td></tr>
<tr><td bgcolor='#eeeeec' align='center'>10</td><td bgcolor='#eeeeec' align='center'>0.1123</td><td bgcolor='#eeeeec' align='right'>662616</td><td bgcolor='#eeeeec'><a href='http://www.php.net/function.file-put-contents' target='_new'>file_put_contents</a>( <span>$filename = </span><span>&#39;C:\\wamp64\\www\\deneme2\\cache\\mask_7\\mask_25_7.dat&#39;</span>, <span>$data = </span><span>&#39;x⁄ùQA\016¿ \bª5ü[F@©‡aÉÑƒ‘÷ZÃ≤\030\035Ö\rê&gt;;í–¿Q± I÷¿QH8Rº“àG…&quot;Ë\023z,\023Ω&amp;á;±≠\036–\&#39;oª97\036\031î%P8%\0346o«Ωù;]ﬁNWn›[‰f7π\aÃ’v‘&#39;</span> )</td><td title='C:\wamp64\www\deneme2\qrmask.php' bgcolor='#eeeeec'>...\qrmask.php<b>:</b>155</td></tr>
</table></font>
2022-07-17 18:45:33: <br />
<font size='1'><table class='xdebug-error xe-warning' dir='ltr' border='1' cellspacing='0' cellpadding='1'>
<tr><th align='left' bgcolor='#f57900' colspan="5"><span style='background-color: #cc0000; color: #fce94f; font-size: x-large;'>( ! )</span> Warning: file_put_contents(C:\wamp64\www\deneme2\cache\frame_2.dat): failed to open stream: No such file or directory in C:\wamp64\www\deneme2\qrspec.php on line <i>568</i></th></tr>
<tr><th align='left' bgcolor='#e9b96e' colspan='5'>Call Stack</th></tr>
<tr><th align='center' bgcolor='#eeeeec'>#</th><th align='left' bgcolor='#eeeeec'>Time</th><th align='left' bgcolor='#eeeeec'>Memory</th><th align='left' bgcolor='#eeeeec'>Function</th><th align='left' bgcolor='#eeeeec'>Location</th></tr>
<tr><td bgcolor='#eeeeec' align='center'>1</td><td bgcolor='#eeeeec' align='center'>0.0004</td><td bgcolor='#eeeeec' align='right'>362216</td><td bgcolor='#eeeeec'>{main}(  )</td><td title='C:\wamp64\www\deneme2\index.php' bgcolor='#eeeeec'>...\index.php<b>:</b>0</td></tr>
<tr><td bgcolor='#eeeeec' align='center'>2</td><td bgcolor='#eeeeec' align='center'>0.0018</td><td bgcolor='#eeeeec' align='right'>364696</td><td bgcolor='#eeeeec'>QRcode::png( <span>$text = </span><span>&#39;file/some othertext 1234&#39;</span>, <span>$outfile = </span>???, <span>$level = </span>???, <span>$size = </span>???, <span>$margin = </span>???, <span>$saveandprint = </span>??? )</td><td title='C:\wamp64\www\deneme2\index.php' bgcolor='#eeeeec'>...\index.php<b>:</b>4</td></tr>
<tr><td bgcolor='#eeeeec' align='center'>3</td><td bgcolor='#eeeeec' align='center'>0.0018</td><td bgcolor='#eeeeec' align='right'>364888</td><td bgcolor='#eeeeec'>QRencode->encodePNG( <span>$intext = </span><span>&#39;file/some othertext 1234&#39;</span>, <span>$outfile = </span><span>FALSE</span>, <span>$saveandprint = </span><span>FALSE</span> )</td><td title='C:\wamp64\www\deneme2\qrencode.php' bgcolor='#eeeeec'>...\qrencode.php<b>:</b>286</td></tr>
<tr><td bgcolor='#eeeeec' align='center'>4</td><td bgcolor='#eeeeec' align='center'>0.0018</td><td bgcolor='#eeeeec' align='right'>381400</td><td bgcolor='#eeeeec'>QRencode->encode( <span>$intext = </span><span>&#39;file/some othertext 1234&#39;</span>, <span>$outfile = </span>??? )</td><td title='C:\wamp64\www\deneme2\qrencode.php' bgcolor='#eeeeec'>...\qrencode.php<b>:</b>485</td></tr>
<tr><td bgcolor='#eeeeec' align='center'>5</td><td bgcolor='#eeeeec' align='center'>0.0018</td><td bgcolor='#eeeeec' align='right'>381496</td><td bgcolor='#eeeeec'>QRcode->encodeString( <span>$string = </span><span>&#39;file/some othertext 1234&#39;</span>, <span>$version = </span><span>0</span>, <span>$level = </span><span>0</span>, <span>$hint = </span><span>2</span>, <span>$casesensitive = </span><span>TRUE</span> )</td><td title='C:\wamp64\www\deneme2\qrencode.php' bgcolor='#eeeeec'>...\qrencode.php<b>:</b>467</td></tr>
<tr><td bgcolor='#eeeeec' align='center'>6</td><td bgcolor='#eeeeec' align='center'>0.0021</td><td bgcolor='#eeeeec' align='right'>384312</td><td bgcolor='#eeeeec'>QRcode->encodeInput( <span>$input = </span><span>class QRinput { public $items = [0 =&gt; class QRinputItem { ... }]; private $version = 2; private $level = 0 }</span> )</td><td title='C:\wamp64\www\deneme2\qrencode.php' bgcolor='#eeeeec'>...\qrencode.php<b>:</b>279</td></tr>
<tr><td bgcolor='#eeeeec' align='center'>7</td><td bgcolor='#eeeeec' align='center'>0.0021</td><td bgcolor='#eeeeec' align='right'>384312</td><td bgcolor='#eeeeec'>QRcode->encodeMask( <span>$input = </span><span>class QRinput { public $items = [0 =&gt; class QRinputItem { ... }]; private $version = 2; private $level = 0 }</span>, <span>$mask = </span><span>-1</span> )</td><td title='C:\wamp64\www\deneme2\qrencode.php' bgcolor='#eeeeec'>...\qrencode.php<b>:</b>240</td></tr>
<tr><td bgcolor='#eeeeec' align='center'>8</td><td bgcolor='#eeeeec' align='center'>0.0046</td><td bgcolor='#eeeeec' align='right'>429672</td><td bgcolor='#eeeeec'>QRspec::newFrame( <span>$version = </span><span>2</span> )</td><td title='C:\wamp64\www\deneme2\qrencode.php' bgcolor='#eeeeec'>...\qrencode.php<b>:</b>178</td></tr>
<tr><td bgcolor='#eeeeec' align='center'>9</td><td bgcolor='#eeeeec' align='center'>0.0049</td><td bgcolor='#eeeeec' align='right'>433152</td><td bgcolor='#eeeeec'><a href='http://www.php.net/function.file-put-contents' target='_new'>file_put_contents</a>( <span>$filename = </span><span>&#39;C:\\wamp64\\www\\deneme2\\cache\\frame_2.dat&#39;</span>, <span>$data = </span><span>&#39;x⁄ÕíÕ\r¿ \bF{vÎ&amp;\f†\033‡&amp;∞Y+?Z1–Sü\&#39;y!¢üÃ\002¡aê\026815&amp;£ï€¥éŸHÂ£Ÿûc≥ïl´œF∆Ë1\022\b\005∫\001#È6\037\vf ÷©ß6ƒïO7à®ÜC¶\025´õ÷èûêœ8gIÆœfB¶√ƒÊ\\D‘ª(&#39;</span> )</td><td title='C:\wamp64\www\deneme2\qrspec.php' bgcolor='#eeeeec'>...\qrspec.php<b>:</b>568</td></tr>
</table></font>
<br />
<font size='1'><table class='xdebug-error xe-warning' dir='ltr' border='1' cellspacing='0' cellpadding='1'>
<tr><th align='left' bgcolor='#f57900' colspan="5"><span style='background-color: #cc0000; color: #fce94f; font-size: x-large;'>( ! )</span> Warning: mkdir(): No such file or directory in C:\wamp64\www\deneme2\qrmask.php on line <i>154</i></th></tr>
<tr><th align='left' bgcolor='#e9b96e' colspan='5'>Call Stack</th></tr>
<tr><th align='center' bgcolor='#eeeeec'>#</th><th align='left' bgcolor='#eeeeec'>Time</th><th align='left' bgcolor='#eeeeec'>Memory</th><th align='left' bgcolor='#eeeeec'>Function</th><th align='left' bgcolor='#eeeeec'>Location</th></tr>
<tr><td bgcolor='#eeeeec' align='center'>1</td><td bgcolor='#eeeeec' align='center'>0.0004</td><td bgcolor='#eeeeec' align='right'>362216</td><td bgcolor='#eeeeec'>{main}(  )</td><td title='C:\wamp64\www\deneme2\index.php' bgcolor='#eeeeec'>...\index.php<b>:</b>0</td></tr>
<tr><td bgcolor='#eeeeec' align='center'>2</td><td bgcolor='#eeeeec' align='center'>0.0018</td><td bgcolor='#eeeeec' align='right'>364696</td><td bgcolor='#eeeeec'>QRcode::png( <span>$text = </span><span>&#39;file/some othertext 1234&#39;</span>, <span>$outfile = </span>???, <span>$level = </span>???, <span>$size = </span>???, <span>$margin = </span>???, <span>$saveandprint = </span>??? )</td><td title='C:\wamp64\www\deneme2\index.php' bgcolor='#eeeeec'>...\index.php<b>:</b>4</td></tr>
<tr><td bgcolor='#eeeeec' align='center'>3</td><td bgcolor='#eeeeec' align='center'>0.0018</td><td bgcolor='#eeeeec' align='right'>364888</td><td bgcolor='#eeeeec'>QRencode->encodePNG( <span>$intext = </span><span>&#39;file/some othertext 1234&#39;</span>, <span>$outfile = </span><span>FALSE</span>, <span>$saveandprint = </span><span>FALSE</span> )</td><td title='C:\wamp64\www\deneme2\qrencode.php' bgcolor='#eeeeec'>...\qrencode.php<b>:</b>286</td></tr>
<tr><td bgcolor='#eeeeec' align='center'>4</td><td bgcolor='#eeeeec' align='center'>0.0018</td><td bgcolor='#eeeeec' align='right'>381400</td><td bgcolor='#eeeeec'>QRencode->encode( <span>$intext = </span><span>&#39;file/some othertext 1234&#39;</span>, <span>$outfile = </span>??? )</td><td title='C:\wamp64\www\deneme2\qrencode.php' bgcolor='#eeeeec'>...\qrencode.php<b>:</b>485</td></tr>
<tr><td bgcolor='#eeeeec' align='center'>5</td><td bgcolor='#eeeeec' align='center'>0.0018</td><td bgcolor='#eeeeec' align='right'>381496</td><td bgcolor='#eeeeec'>QRcode->encodeString( <span>$string = </span><span>&#39;file/some othertext 1234&#39;</span>, <span>$version = </span><span>0</span>, <span>$level = </span><span>0</span>, <span>$hint = </span><span>2</span>, <span>$casesensitive = </span><span>TRUE</span> )</td><td title='C:\wamp64\www\deneme2\qrencode.php' bgcolor='#eeeeec'>...\qrencode.php<b>:</b>467</td></tr>
<tr><td bgcolor='#eeeeec' align='center'>6</td><td bgcolor='#eeeeec' align='center'>0.0021</td><td bgcolor='#eeeeec' align='right'>384312</td><td bgcolor='#eeeeec'>QRcode->encodeInput( <span>$input = </span><span>class QRinput { public $items = [0 =&gt; class QRinputItem { ... }]; private $version = 2; private $level = 0 }</span> )</td><td title='C:\wamp64\www\deneme2\qrencode.php' bgcolor='#eeeeec'>...\qrencode.php<b>:</b>279</td></tr>
<tr><td bgcolor='#eeeeec' align='center'>7</td><td bgcolor='#eeeeec' align='center'>0.0021</td><td bgcolor='#eeeeec' align='right'>384312</td><td bgcolor='#eeeeec'>QRcode->encodeMask( <span>$input = </span><span>class QRinput { public $items = [0 =&gt; class QRinputItem { ... }]; private $version = 2; private $level = 0 }</span>, <span>$mask = </span><span>-1</span> )</td><td title='C:\wamp64\www\deneme2\qrencode.php' bgcolor='#eeeeec'>...\qrencode.php<b>:</b>240</td></tr>
<tr><td bgcolor='#eeeeec' align='center'>8</td><td bgcolor='#eeeeec' align='center'>0.0111</td><td bgcolor='#eeeeec' align='right'>443288</td><td bgcolor='#eeeeec'>QRmask->mask( <span>$width = </span><span>25</span>, <span>$frame = </span><span>[0 =&gt; &#39;¡¡¡¡¡¡¡¿Ñ\002\002\002\003\003\003\003\003¿¡¡¡¡¡¡¡&#39;, 1 =&gt; &#39;¡¿¿¿¿¿¡¿Ñ\002\002\003\002\002\002\002\003¿¡¿¿¿¿¿¡&#39;, 2 =&gt; &#39;¡¿¡¡¡¿¡¿Ñ\002\003\003\003\002\002\002\003¿¡¿¡¡¡¿¡&#39;, 3 =&gt; &#39;¡¿¡¡¡¿¡¿Ñ\002\002\003\003\003\003\002\002¿¡¿¡¡¡¿¡&#39;, 4 =&gt; &#39;¡¿¡¡¡¿¡¿Ñ\003\003\002\002\002\003\003\003¿¡¿¡¡¡¿¡&#39;, 5 =&gt; &#39;¡¿¿¿¿¿¡¿Ñ\003\003\002\003\002\003\002\002¿¡¿¿¿¿¿¡&#39;, 6 =&gt; &#39;¡¡¡¡¡¡¡¿ëêëêëêëêë¿¡¡¡¡¡¡¡&#39;, 7 =&gt; &#39;¿¿¿¿¿¿¿¿Ñ\003\002\002\002\002\002\002\003¿¿¿¿¿¿¿¿&#39;, 8 =&gt; &#39;ÑÑÑÑÑÑëÑÑ\002\003\002\002\003\002\002\003ÑÑÑÑÑÑÑÑ&#39;, 9 =&gt; &#39;\002\002\002\002\002\002ê\003\003\002\002\002\003\002\002\003\003\002\003\002\002\003\003\002\003&#39;, 10 =&gt; &#39;\003\003\003\002\003\003ë\002\003\002\002\003\002\002\002\002\002\002\002\003\002\002\002\003\002&#39;, 11 =&gt; &#39;\002\003\002\003\002\002ê\003\002\002\003\003\003\002\002\003\002\002\002\003\002\003\002\003\002&#39;, 12 =&gt; &#39;\003\002\002\002\002\002ë\002\002\002\002\003\003\003\002\002\003\003\002\002\003\002\003\002\003&#39;, 13 =&gt; &#39;\002\003\002\002\002\003ê\002\003\002\003\002\002\002\003\003\003\002\003\003\002\003\002\002\003&#39;, 14 =&gt; &#39;\002\002\002\003\002\003ë\002\003\002\002\002\003\002\002\002\003\003\003\003\002\003\002\003\002&#39;, 15 =&gt; &#39;\002\002\003\002\003\003ê\002\002\003\002\002\002\002\003\002\003\003\003\003\003\002\002\002\003&#39;, 16 =&gt; &#39;\002\002\002\003\003\003ë\003\003\003\003\002\002\003\002\002°°°°°\002\003\003\002&#39;, 17 =&gt; &#39;¿¿¿¿¿¿¿¿Å\002\003\002\003\002\003\002°†††°\003\003\002\003&#39;, 18 =&gt; &#39;¡¡¡¡¡¡¡¿Ñ\002\002\003\002\003\002\003°†°†°\003\003\003\002&#39;, 19 =&gt; &#39;¡¿¿¿¿¿¡¿Ñ\002\003\003\003\002\002\003°†††°\003\002\002\002&#39;, 20 =&gt; &#39;¡¿¡¡¡¿¡¿Ñ\002\003\003\002\003\002\002°°°°°\003\003\002\003&#39;, 21 =&gt; &#39;¡¿¡¡¡¿¡¿Ñ\002\002\002\002\002\003\002\002\003\002\002\003\002\002\003\002&#39;, 22 =&gt; &#39;¡¿¡¡¡¿¡¿Ñ\002\003\002\002\003\002\002\003\003\003\003\002\003\003\002\002&#39;, 23 =&gt; &#39;¡¿¿¿¿¿¡¿Ñ\003\002\002\003\002\003\002\003\003\002\003\003\003\002\002\002&#39;, 24 =&gt; &#39;¡¡¡¡¡¡¡¿Ñ\002\002\002\003\003\002\003\002\002\002\003\003\002\003\003\002&#39;]</span>, <span>$level = </span><span>0</span> )</td><td title='C:\wamp64\www\deneme2\qrencode.php' bgcolor='#eeeeec'>...\qrencode.php<b>:</b>216</td></tr>
<tr><td bgcolor='#eeeeec' align='center'>9</td><td bgcolor='#eeeeec' align='center'>0.0112</td><td bgcolor='#eeeeec' align='right'>444720</td><td bgcolor='#eeeeec'>QRmask->makeMaskNo( <span>$maskNo = </span><span>0</span>, <span>$width = </span><span>25</span>, <span>$s = </span><span>[0 =&gt; &#39;¡¡¡¡¡¡¡¿Ñ\002\002\002\003\003\003\003\003¿¡¡¡¡¡¡¡&#39;, 1 =&gt; &#39;¡¿¿¿¿¿¡¿Ñ\002\002\003\002\002\002\002\003¿¡¿¿¿¿¿¡&#39;, 2 =&gt; &#39;¡¿¡¡¡¿¡¿Ñ\002\003\003\003\002\002\002\003¿¡¿¡¡¡¿¡&#39;, 3 =&gt; &#39;¡¿¡¡¡¿¡¿Ñ\002\002\003\003\003\003\002\002¿¡¿¡¡¡¿¡&#39;, 4 =&gt; &#39;¡¿¡¡¡¿¡¿Ñ\003\003\002\002\002\003\003\003¿¡¿¡¡¡¿¡&#39;, 5 =&gt; &#39;¡¿¿¿¿¿¡¿Ñ\003\003\002\003\002\003\002\002¿¡¿¿¿¿¿¡&#39;, 6 =&gt; &#39;¡¡¡¡¡¡¡¿ëêëêëêëêë¿¡¡¡¡¡¡¡&#39;, 7 =&gt; &#39;¿¿¿¿¿¿¿¿Ñ\003\002\002\002\002\002\002\003¿¿¿¿¿¿¿¿&#39;, 8 =&gt; &#39;ÑÑÑÑÑÑëÑÑ\002\003\002\002\003\002\002\003ÑÑÑÑÑÑÑÑ&#39;, 9 =&gt; &#39;\002\002\002\002\002\002ê\003\003\002\002\002\003\002\002\003\003\002\003\002\002\003\003\002\003&#39;, 10 =&gt; &#39;\003\003\003\002\003\003ë\002\003\002\002\003\002\002\002\002\002\002\002\003\002\002\002\003\002&#39;, 11 =&gt; &#39;\002\003\002\003\002\002ê\003\002\002\003\003\003\002\002\003\002\002\002\003\002\003\002\003\002&#39;, 12 =&gt; &#39;\003\002\002\002\002\002ë\002\002\002\002\003\003\003\002\002\003\003\002\002\003\002\003\002\003&#39;, 13 =&gt; &#39;\002\003\002\002\002\003ê\002\003\002\003\002\002\002\003\003\003\002\003\003\002\003\002\002\003&#39;, 14 =&gt; &#39;\002\002\002\003\002\003ë\002\003\002\002\002\003\002\002\002\003\003\003\003\002\003\002\003\002&#39;, 15 =&gt; &#39;\002\002\003\002\003\003ê\002\002\003\002\002\002\002\003\002\003\003\003\003\003\002\002\002\003&#39;, 16 =&gt; &#39;\002\002\002\003\003\003ë\003\003\003\003\002\002\003\002\002°°°°°\002\003\003\002&#39;, 17 =&gt; &#39;¿¿¿¿¿¿¿¿Å\002\003\002\003\002\003\002°†††°\003\003\002\003&#39;, 18 =&gt; &#39;¡¡¡¡¡¡¡¿Ñ\002\002\003\002\003\002\003°†°†°\003\003\003\002&#39;, 19 =&gt; &#39;¡¿¿¿¿¿¡¿Ñ\002\003\003\003\002\002\003°†††°\003\002\002\002&#39;, 20 =&gt; &#39;¡¿¡¡¡¿¡¿Ñ\002\003\003\002\003\002\002°°°°°\003\003\002\003&#39;, 21 =&gt; &#39;¡¿¡¡¡¿¡¿Ñ\002\002\002\002\002\003\002\002\003\002\002\003\002\002\003\002&#39;, 22 =&gt; &#39;¡¿¡¡¡¿¡¿Ñ\002\003\002\002\003\002\002\003\003\003\003\002\003\003\002\002&#39;, 23 =&gt; &#39;¡¿¿¿¿¿¡¿Ñ\003\002\002\003\002\003\002\003\003\002\003\003\003\002\002\002&#39;, 24 =&gt; &#39;¡¡¡¡¡¡¡¿Ñ\002\002\002\003\003\002\003\002\002\002\003\003\002\003\003\002&#39;]</span>, <span>$d = </span><span>[0 =&gt; &#39;\000\000\000\000\000\000\000\000\000\000\000\000\000\000\000\000\000\000\000\000\000\000\000\000\000&#39;, 1 =&gt; &#39;\000\000\000\000\000\000\000\000\000\000\000\000\000\000\000\000\000\000\000\000\000\000\000\000\000&#39;, 2 =&gt; &#39;\000\000\000\000\000\000\000\000\000\000\000\000\000\000\000\000\000\000\000\000\000\000\000\000\000&#39;, 3 =&gt; &#39;\000\000\000\000\000\000\000\000\000\000\000\000\000\000\000\000\000\000\000\000\000\000\000\000\000&#39;, 4 =&gt; &#39;\000\000\000\000\000\000\000\000\000\000\000\000\000\000\000\000\000\000\000\000\000\000\000\000\000&#39;, 5 =&gt; &#39;\000\000\000\000\000\000\000\000\000\000\000\000\000\000\000\000\000\000\000\000\000\000\000\000\000&#39;, 6 =&gt; &#39;\000\000\000\000\000\000\000\000\000\000\000\000\000\000\000\000\000\000\000\000\000\000\000\000\000&#39;, 7 =&gt; &#39;\000\000\000\000\000\000\000\000\000\000\000\000\000\000\000\000\000\000\000\000\000\000\000\000\000&#39;, 8 =&gt; &#39;\000\000\000\000\000\000\000\000\000\000\000\000\000\000\000\000\000\000\000\000\000\000\000\000\000&#39;, 9 =&gt; &#39;\000\000\000\000\000\000\000\000\000\000\000\000\000\000\000\000\000\000\000\000\000\000\000\000\000&#39;, 10 =&gt; &#39;\000\000\000\000\000\000\000\000\000\000\000\000\000\000\000\000\000\000\000\000\000\000\000\000\000&#39;, 11 =&gt; &#39;\000\000\000\000\000\000\000\000\000\000\000\000\000\000\000\000\000\000\000\000\000\000\000\000\000&#39;, 12 =&gt; &#39;\000\000\000\000\000\000\000\000\000\000\000\000\000\000\000\000\000\000\000\000\000\000\000\000\000&#39;, 13 =&gt; &#39;\000\000\000\000\000\000\000\000\000\000\000\000\000\000\000\000\000\000\000\000\000\000\000\000\000&#39;, 14 =&gt; &#39;\000\000\000\000\000\000\000\000\000\000\000\000\000\000\000\000\000\000\000\000\000\000\000\000\000&#39;, 15 =&gt; &#39;\000\000\000\000\000\000\000\000\000\000\000\000\000\000\000\000\000\000\000\000\000\000\000\000\000&#39;, 16 =&gt; &#39;\000\000\000\000\000\000\000\000\000\000\000\000\000\000\000\000\000\000\000\000\000\000\000\000\000&#39;, 17 =&gt; &#39;\000\000\000\000\000\000\000\000\000\000\000\000\000\000\000\000\000\000\000\000\000\000\000\000\000&#39;, 18 =&gt; &#39;\000\000\000\000\000\000\000\000\000\000\000\000\000\000\000\000\000\000\000\000\000\000\000\000\000&#39;, 19 =&gt; &#39;\000\000\000\000\000\000\000\000\000\000\000\000\000\000\000\000\000\000\000\000\000\000\000\000\000&#39;, 20 =&gt; &#39;\000\000\000\000\000\000\000\000\000\000\000\000\000\000\000\000\000\000\000\000\000\000\000\000\000&#39;, 21 =&gt; &#39;\000\000\000\000\000\000\000\000\000\000\000\000\000\000\000\000\000\000\000\000\000\000\000\000\000&#39;, 22 =&gt; &#39;\000\000\000\000\000\000\000\000\000\000\000\000\000\000\000\000\000\000\000\000\000\000\000\000\000&#39;, 23 =&gt; &#39;\000\000\000\000\000\000\000\000\000\000\000\000\000\000\000\000\000\000\000\000\000\000\000\000\000&#39;, 24 =&gt; &#39;\000\000\000\000\000\000\000\000\000\000\000\000\000\000\000\000\000\000\000\000\000\000\000\000\000&#39;]</span>, <span>$maskGenOnly = </span>??? )</td><td title='C:\wamp64\www\deneme2\qrmask.php' bgcolor='#eeeeec'>...\qrmask.php<b>:</b>311</td></tr>
<tr><td bgcolor='#eeeeec' align='center'>10</td><td bgcolor='#eeeeec' align='center'>0.0127</td><td bgcolor='#eeeeec' align='right'>479600</td><td bgcolor='#eeeeec'><a href='http://www.php.net/function.mkdir' target='_new'>mkdir</a>( <span>$pathname = </span><span>&#39;C:\\wamp64\\www\\deneme2\\cache\\mask_0&#39;</span> )</td><td title='C:\wamp64\www\deneme2\qrmask.php' bgcolor='#eeeeec'>...\qrmask.php<b>:</b>154</td></tr>
</table></font>
<br />
<font size='1'><table class='xdebug-error xe-warning' dir='ltr' border='1' cellspacing='0' cellpadding='1'>
<tr><th align='left' bgcolor='#f57900' colspan="5"><span style='background-color: #cc0000; color: #fce94f; font-size: x-large;'>( ! )</span> Warning: file_put_contents(C:\wamp64\www\deneme2\cache\mask_0\mask_25_0.dat): failed to open stream: No such file or directory in C:\wamp64\www\deneme2\qrmask.php on line <i>155</i></th></tr>
<tr><th align='left' bgcolor='#e9b96e' colspan='5'>Call Stack</th></tr>
<tr><th align='center' bgcolor='#eeeeec'>#</th><th align='left' bgcolor='#eeeeec'>Time</th><th align='left' bgcolor='#eeeeec'>Memory</th><th align='left' bgcolor='#eeeeec'>Function</th><th align='left' bgcolor='#eeeeec'>Location</th></tr>
<tr><td bgcolor='#eeeeec' align='center'>1</td><td bgcolor='#eeeeec' align='center'>0.0004</td><td bgcolor='#eeeeec' align='right'>362216</td><td bgcolor='#eeeeec'>{main}(  )</td><td title='C:\wamp64\www\deneme2\index.php' bgcolor='#eeeeec'>...\index.php<b>:</b>0</td></tr>
<tr><td bgcolor='#eeeeec' align='center'>2</td><td bgcolor='#eeeeec' align='center'>0.0018</td><td bgcolor='#eeeeec' align='right'>364696</td><td bgcolor='#eeeeec'>QRcode::png( <span>$text = </span><span>&#39;file/some othertext 1234&#39;</span>, <span>$outfile = </span>???, <span>$level = </span>???, <span>$size = </span>???, <span>$margin = </span>???, <span>$saveandprint = </span>??? )</td><td title='C:\wamp64\www\deneme2\index.php' bgcolor='#eeeeec'>...\index.php<b>:</b>4</td></tr>
<tr><td bgcolor='#eeeeec' align='center'>3</td><td bgcolor='#eeeeec' align='center'>0.0018</td><td bgcolor='#eeeeec' align='right'>364888</td><td bgcolor='#eeeeec'>QRencode->encodePNG( <span>$intext = </span><span>&#39;file/some othertext 1234&#39;</span>, <span>$outfile = </span><span>FALSE</span>, <span>$saveandprint = </span><span>FALSE</span> )</td><td title='C:\wamp64\www\deneme2\qrencode.php' bgcolor='#eeeeec'>...\qrencode.php<b>:</b>286</td></tr>
<tr><td bgcolor='#eeeeec' align='center'>4</td><td bgcolor='#eeeeec' align='center'>0.0018</td><td bgcolor='#eeeeec' align='right'>381400</td><td bgcolor='#eeeeec'>QRencode->encode( <span>$intext = </span><span>&#39;file/some othertext 1234&#39;</span>, <span>$outfile = </span>??? )</td><td title='C:\wamp64\www\deneme2\qrencode.php' bgcolor='#eeeeec'>...\qrencode.php<b>:</b>485</td></tr>
<tr><td bgcolor='#eeeeec' align='center'>5</td><td bgcolor='#eeeeec' align='center'>0.0018</td><td bgcolor='#eeeeec' align='right'>381496</td><td bgcolor='#eeeeec'>QRcode->encodeString( <span>$string = </span><span>&#39;file/some othertext 1234&#39;</span>, <span>$version = </span><span>0</span>, <span>$level = </span><span>0</span>, <span>$hint = </span><span>2</span>, <span>$casesensitive = </span><span>TRUE</span> )</td><td title='C:\wamp64\www\deneme2\qrencode.php' bgcolor='#eeeeec'>...\qrencode.php<b>:</b>467</td></tr>
<tr><td bgcolor='#eeeeec' align='center'>6</td><td bgcolor='#eeeeec' align='center'>0.0021</td><td bgcolor='#eeeeec' align='right'>384312</td><td bgcolor='#eeeeec'>QRcode->encodeInput( <span>$input = </span><span>class QRinput { public $items = [0 =&gt; class QRinputItem { ... }]; private $version = 2; private $level = 0 }</span> )</td><td title='C:\wamp64\www\deneme2\qrencode.php' bgcolor='#eeeeec'>...\qrencode.php<b>:</b>279</td></tr>
<tr><td bgcolor='#eeeeec' align='center'>7</td><td bgcolor='#eeeeec' align='center'>0.0021</td><td bgcolor='#eeeeec' align='right'>384312</td><td bgcolor='#eeeeec'>QRcode->encodeMask( <span>$input = </span><span>class QRinput { public $items = [0 =&gt; class QRinputItem { ... }]; private $version = 2; private $level = 0 }</span>, <span>$mask = </span><span>-1</span> )</td><td title='C:\wamp64\www\deneme2\qrencode.php' bgcolor='#eeeeec'>...\qrencode.php<b>:</b>240</td></tr>
<tr><td bgcolor='#eeeeec' align='center'>8</td><td bgcolor='#eeeeec' align='center'>0.0111</td><td bgcolor='#eeeeec' align='right'>443288</td><td bgcolor='#eeeeec'>QRmask->mask( <span>$width = </span><span>25</span>, <span>$frame = </span><span>[0 =&gt; &#39;¡¡¡¡¡¡¡¿Ñ\002\002\002\003\003\003\003\003¿¡¡¡¡¡¡¡&#39;, 1 =&gt; &#39;¡¿¿¿¿¿¡¿Ñ\002\002\003\002\002\002\002\003¿¡¿¿¿¿¿¡&#39;, 2 =&gt; &#39;¡¿¡¡¡¿¡¿Ñ\002\003\003\003\002\002\002\003¿¡¿¡¡¡¿¡&#39;, 3 =&gt; &#39;¡¿¡¡¡¿¡¿Ñ\002\002\003\003\003\003\002\002¿¡¿¡¡¡¿¡&#39;, 4 =&gt; &#39;¡¿¡¡¡¿¡¿Ñ\003\003\002\002\002\003\003\003¿¡¿¡¡¡¿¡&#39;, 5 =&gt; &#39;¡¿¿¿¿¿¡¿Ñ\003\003\002\003\002\003\002\002¿¡¿¿¿¿¿¡&#39;, 6 =&gt; &#39;¡¡¡¡¡¡¡¿ëêëêëêëêë¿¡¡¡¡¡¡¡&#39;, 7 =&gt; &#39;¿¿¿¿¿¿¿¿Ñ\003\002\002\002\002\002\002\003¿¿¿¿¿¿¿¿&#39;, 8 =&gt; &#39;ÑÑÑÑÑÑëÑÑ\002\003\002\002\003\002\002\003ÑÑÑÑÑÑÑÑ&#39;, 9 =&gt; &#39;\002\002\002\002\002\002ê\003\003\002\002\002\003\002\002\003\003\002\003\002\002\003\003\002\003&#39;, 10 =&gt; &#39;\003\003\003\002\003\003ë\002\003\002\002\003\002\002\002\002\002\002\002\003\002\002\002\003\002&#39;, 11 =&gt; &#39;\002\003\002\003\002\002ê\003\002\002\003\003\003\002\002\003\002\002\002\003\002\003\002\003\002&#39;, 12 =&gt; &#39;\003\002\002\002\002\002ë\002\002\002\002\003\003\003\002\002\003\003\002\002\003\002\003\002\003&#39;, 13 =&gt; &#39;\002\003\002\002\002\003ê\002\003\002\003\002\002\002\003\003\003\002\003\003\002\003\002\002\003&#39;, 14 =&gt; &#39;\002\002\002\003\002\003ë\002\003\002\002\002\003\002\002\002\003\003\003\003\002\003\002\003\002&#39;, 15 =&gt; &#39;\002\002\003\002\003\003ê\002\002\003\002\002\002\002\003\002\003\003\003\003\003\002\002\002\003&#39;, 16 =&gt; &#39;\002\002\002\003\003\003ë\003\003\003\003\002\002\003\002\002°°°°°\002\003\003\002&#39;, 17 =&gt; &#39;¿¿¿¿¿¿¿¿Å\002\003\002\003\002\003\002°†††°\003\003\002\003&#39;, 18 =&gt; &#39;¡¡¡¡¡¡¡¿Ñ\002\002\003\002\003\002\003°†°†°\003\003\003\002&#39;, 19 =&gt; &#39;¡¿¿¿¿¿¡¿Ñ\002\003\003\003\002\002\003°†††°\003\002\002\002&#39;, 20 =&gt; &#39;¡¿¡¡¡¿¡¿Ñ\002\003\003\002\003\002\002°°°°°\003\003\002\003&#39;, 21 =&gt; &#39;¡¿¡¡¡¿¡¿Ñ\002\002\002\002\002\003\002\002\003\002\002\003\002\002\003\002&#39;, 22 =&gt; &#39;¡¿¡¡¡¿¡¿Ñ\002\003\002\002\003\002\002\003\003\003\003\002\003\003\002\002&#39;, 23 =&gt; &#39;¡¿¿¿¿¿¡¿Ñ\003\002\002\003\002\003\002\003\003\002\003\003\003\002\002\002&#39;, 24 =&gt; &#39;¡¡¡¡¡¡¡¿Ñ\002\002\002\003\003\002\003\002\002\002\003\003\002\003\003\002&#39;]</span>, <span>$level = </span><span>0</span> )</td><td title='C:\wamp64\www\deneme2\qrencode.php' bgcolor='#eeeeec'>...\qrencode.php<b>:</b>216</td></tr>
<tr><td bgcolor='#eeeeec' align='center'>9</td><td bgcolor='#eeeeec' align='center'>0.0112</td><td bgcolor='#eeeeec' align='right'>444720</td><td bgcolor='#eeeeec'>QRmask->makeMaskNo( <span>$maskNo = </span><span>0</span>, <span>$width = </span><span>25</span>, <span>$s = </span><span>[0 =&gt; &#39;¡¡¡¡¡¡¡¿Ñ\002\002\002\003\003\003\003\003¿¡¡¡¡¡¡¡&#39;, 1 =&gt; &#39;¡¿¿¿¿¿¡¿Ñ\002\002\003\002\002\002\002\003¿¡¿¿¿¿¿¡&#39;, 2 =&gt; &#39;¡¿¡¡¡¿¡¿Ñ\002\003\003\003\002\002\002\003¿¡¿¡¡¡¿¡&#39;, 3 =&gt; &#39;¡¿¡¡¡¿¡¿Ñ\002\002\003\003\003\003\002\002¿¡¿¡¡¡¿¡&#39;, 4 =&gt; &#39;¡¿¡¡¡¿¡¿Ñ\003\003\002\002\002\003\003\003¿¡¿¡¡¡¿¡&#39;, 5 =&gt; &#39;¡¿¿¿¿¿¡¿Ñ\003\003\002\003\002\003\002\002¿¡¿¿¿¿¿¡&#39;, 6 =&gt; &#39;¡¡¡¡¡¡¡¿ëêëêëêëêë¿¡¡¡¡¡¡¡&#39;, 7 =&gt; &#39;¿¿¿¿¿¿¿¿Ñ\003\002\002\002\002\002\002\003¿¿¿¿¿¿¿¿&#39;, 8 =&gt; &#39;ÑÑÑÑÑÑëÑÑ\002\003\002\002\003\002\002\003ÑÑÑÑÑÑÑÑ&#39;, 9 =&gt; &#39;\002\002\002\002\002\002ê\003\003\002\002\002\003\002\002\003\003\002\003\002\002\003\003\002\003&#39;, 10 =&gt; &#39;\003\003\003\002\003\003ë\002\003\002\002\003\002\002\002\002\002\002\002\003\002\002\002\003\002&#39;, 11 =&gt; &#39;\002\003\002\003\002\002ê\003\002\002\003\003\003\002\002\003\002\002\002\003\002\003\002\003\002&#39;, 12 =&gt; &#39;\003\002\002\002\002\002ë\002\002\002\002\003\003\003\002\002\003\003\002\002\003\002\003\002\003&#39;, 13 =&gt; &#39;\002\003\002\002\002\003ê\002\003\002\003\002\002\002\003\003\003\002\003\003\002\003\002\002\003&#39;, 14 =&gt; &#39;\002\002\002\003\002\003ë\002\003\002\002\002\003\002\002\002\003\003\003\003\002\003\002\003\002&#39;, 15 =&gt; &#39;\002\002\003\002\003\003ê\002\002\003\002\002\002\002\003\002\003\003\003\003\003\002\002\002\003&#39;, 16 =&gt; &#39;\002\002\002\003\003\003ë\003\003\003\003\002\002\003\002\002°°°°°\002\003\003\002&#39;, 17 =&gt; &#39;¿¿¿¿¿¿¿¿Å\002\003\002\003\002\003\002°†††°\003\003\002\003&#39;, 18 =&gt; &#39;¡¡¡¡¡¡¡¿Ñ\002\002\003\002\003\002\003°†°†°\003\003\003\002&#39;, 19 =&gt; &#39;¡¿¿¿¿¿¡¿Ñ\002\003\003\003\002\002\003°†††°\003\002\002\002&#39;, 20 =&gt; &#39;¡¿¡¡¡¿¡¿Ñ\002\003\003\002\003\002\002°°°°°\003\003\002\003&#39;, 21 =&gt; &#39;¡¿¡¡¡¿¡¿Ñ\002\002\002\002\002\003\002\002\003\002\002\003\002\002\003\002&#39;, 22 =&gt; &#39;¡¿¡¡¡¿¡¿Ñ\002\003\002\002\003\002\002\003\003\003\003\002\003\003\002\002&#39;, 23 =&gt; &#39;¡¿¿¿¿¿¡¿Ñ\003\002\002\003\002\003\002\003\003\002\003\003\003\002\002\002&#39;, 24 =&gt; &#39;¡¡¡¡¡¡¡¿Ñ\002\002\002\003\003\002\003\002\002\002\003\003\002\003\003\002&#39;]</span>, <span>$d = </span><span>[0 =&gt; &#39;\000\000\000\000\000\000\000\000\000\000\000\000\000\000\000\000\000\000\000\000\000\000\000\000\000&#39;, 1 =&gt; &#39;\000\000\000\000\000\000\000\000\000\000\000\000\000\000\000\000\000\000\000\000\000\000\000\000\000&#39;, 2 =&gt; &#39;\000\000\000\000\000\000\000\000\000\000\000\000\000\000\000\000\000\000\000\000\000\000\000\000\000&#39;, 3 =&gt; &#39;\000\000\000\000\000\000\000\000\000\000\000\000\000\000\000\000\000\000\000\000\000\000\000\000\000&#39;, 4 =&gt; &#39;\000\000\000\000\000\000\000\000\000\000\000\000\000\000\000\000\000\000\000\000\000\000\000\000\000&#39;, 5 =&gt; &#39;\000\000\000\000\000\000\000\000\000\000\000\000\000\000\000\000\000\000\000\000\000\000\000\000\000&#39;, 6 =&gt; &#39;\000\000\000\000\000\000\000\000\000\000\000\000\000\000\000\000\000\000\000\000\000\000\000\000\000&#39;, 7 =&gt; &#39;\000\000\000\000\000\000\000\000\000\000\000\000\000\000\000\000\000\000\000\000\000\000\000\000\000&#39;, 8 =&gt; &#39;\000\000\000\000\000\000\000\000\000\000\000\000\000\000\000\000\000\000\000\000\000\000\000\000\000&#39;, 9 =&gt; &#39;\000\000\000\000\000\000\000\000\000\000\000\000\000\000\000\000\000\000\000\000\000\000\000\000\000&#39;, 10 =&gt; &#39;\000\000\000\000\000\000\000\000\000\000\000\000\000\000\000\000\000\000\000\000\000\000\000\000\000&#39;, 11 =&gt; &#39;\000\000\000\000\000\000\000\000\000\000\000\000\000\000\000\000\000\000\000\000\000\000\000\000\000&#39;, 12 =&gt; &#39;\000\000\000\000\000\000\000\000\000\000\000\000\000\000\000\000\000\000\000\000\000\000\000\000\000&#39;, 13 =&gt; &#39;\000\000\000\000\000\000\000\000\000\000\000\000\000\000\000\000\000\000\000\000\000\000\000\000\000&#39;, 14 =&gt; &#39;\000\000\000\000\000\000\000\000\000\000\000\000\000\000\000\000\000\000\000\000\000\000\000\000\000&#39;, 15 =&gt; &#39;\000\000\000\000\000\000\000\000\000\000\000\000\000\000\000\000\000\000\000\000\000\000\000\000\000&#39;, 16 =&gt; &#39;\000\000\000\000\000\000\000\000\000\000\000\000\000\000\000\000\000\000\000\000\000\000\000\000\000&#39;, 17 =&gt; &#39;\000\000\000\000\000\000\000\000\000\000\000\000\000\000\000\000\000\000\000\000\000\000\000\000\000&#39;, 18 =&gt; &#39;\000\000\000\000\000\000\000\000\000\000\000\000\000\000\000\000\000\000\000\000\000\000\000\000\000&#39;, 19 =&gt; &#39;\000\000\000\000\000\000\000\000\000\000\000\000\000\000\000\000\000\000\000\000\000\000\000\000\000&#39;, 20 =&gt; &#39;\000\000\000\000\000\000\000\000\000\000\000\000\000\000\000\000\000\000\000\000\000\000\000\000\000&#39;, 21 =&gt; &#39;\000\000\000\000\000\000\000\000\000\000\000\000\000\000\000\000\000\000\000\000\000\000\000\000\000&#39;, 22 =&gt; &#39;\000\000\000\000\000\000\000\000\000\000\000\000\000\000\000\000\000\000\000\000\000\000\000\000\000&#39;, 23 =&gt; &#39;\000\000\000\000\000\000\000\000\000\000\000\000\000\000\000\000\000\000\000\000\000\000\000\000\000&#39;, 24 =&gt; &#39;\000\000\000\000\000\000\000\000\000\000\000\000\000\000\000\000\000\000\000\000\000\000\000\000\000&#39;]</span>, <span>$maskGenOnly = </span>??? )</td><td title='C:\wamp64\www\deneme2\qrmask.php' bgcolor='#eeeeec'>...\qrmask.php<b>:</b>311</td></tr>
<tr><td bgcolor='#eeeeec' align='center'>10</td><td bgcolor='#eeeeec' align='center'>0.0165</td><td bgcolor='#eeeeec' align='right'>496016</td><td bgcolor='#eeeeec'><a href='http://www.php.net/function.file-put-contents' target='_new'>file_put_contents</a>( <span>$filename = </span><span>&#39;C:\\wamp64\\www\\deneme2\\cache\\mask_0\\mask_25_0.dat&#39;</span>, <span>$data = </span><span>&#39;x⁄30Ä\001C(Ñ\002.\\\022H2t”É\006»≥«\020\a‰Ç©√ê\032Ñz‡~√\036\006`=Ëa@e=p∑\031‡í&quot;G\017\000 ‘v‘&#39;</span> )</td><td title='C:\wamp64\www\deneme2\qrmask.php' bgcolor='#eeeeec'>...\qrmask.php<b>:</b>155</td></tr>
</table></font>
<br />
<font size='1'><table class='xdebug-error xe-warning' dir='ltr' border='1' cellspacing='0' cellpadding='1'>
<tr><th align='left' bgcolor='#f57900' colspan="5"><span style='background-color: #cc0000; color: #fce94f; font-size: x-large;'>( ! )</span> Warning: mkdir(): No such file or directory in C:\wamp64\www\deneme2\qrmask.php on line <i>154</i></th></tr>
<tr><th align='left' bgcolor='#e9b96e' colspan='5'>Call Stack</th></tr>
<tr><th align='center' bgcolor='#eeeeec'>#</th><th align='left' bgcolor='#eeeeec'>Time</th><th align='left' bgcolor='#eeeeec'>Memory</th><th align='left' bgcolor='#eeeeec'>Function</th><th align='left' bgcolor='#eeeeec'>Location</th></tr>
<tr><td bgcolor='#eeeeec' align='center'>1</td><td bgcolor='#eeeeec' align='center'>0.0004</td><td bgcolor='#eeeeec' align='right'>362216</td><td bgcolor='#eeeeec'>{main}(  )</td><td title='C:\wamp64\www\deneme2\index.php' bgcolor='#eeeeec'>...\index.php<b>:</b>0</td></tr>
<tr><td bgcolor='#eeeeec' align='center'>2</td><td bgcolor='#eeeeec' align='center'>0.0018</td><td bgcolor='#eeeeec' align='right'>364696</td><td bgcolor='#eeeeec'>QRcode::png( <span>$text = </span><span>&#39;file/some othertext 1234&#39;</span>, <span>$outfile = </span>???, <span>$level = </span>???, <span>$size = </span>???, <span>$margin = </span>???, <span>$saveandprint = </span>??? )</td><td title='C:\wamp64\www\deneme2\index.php' bgcolor='#eeeeec'>...\index.php<b>:</b>4</td></tr>
<tr><td bgcolor='#eeeeec' align='center'>3</td><td bgcolor='#eeeeec' align='center'>0.0018</td><td bgcolor='#eeeeec' align='right'>364888</td><td bgcolor='#eeeeec'>QRencode->encodePNG( <span>$intext = </span><span>&#39;file/some othertext 1234&#39;</span>, <span>$outfile = </span><span>FALSE</span>, <span>$saveandprint = </span><span>FALSE</span> )</td><td title='C:\wamp64\www\deneme2\qrencode.php' bgcolor='#eeeeec'>...\qrencode.php<b>:</b>286</td></tr>
<tr><td bgcolor='#eeeeec' align='center'>4</td><td bgcolor='#eeeeec' align='center'>0.0018</td><td bgcolor='#eeeeec' align='right'>381400</td><td bgcolor='#eeeeec'>QRencode->encode( <span>$intext = </span><span>&#39;file/some othertext 1234&#39;</span>, <span>$outfile = </span>??? )</td><td title='C:\wamp64\www\deneme2\qrencode.php' bgcolor='#eeeeec'>...\qrencode.php<b>:</b>485</td></tr>
<tr><td bgcolor='#eeeeec' align='center'>5</td><td bgcolor='#eeeeec' align='center'>0.0018</td><td bgcolor='#eeeeec' align='right'>381496</td><td bgcolor='#eeeeec'>QRcode->encodeString( <span>$string = </span><span>&#39;file/some othertext 1234&#39;</span>, <span>$version = </span><span>0</span>, <span>$level = </span><span>0</span>, <span>$hint = </span><span>2</span>, <span>$casesensitive = </span><span>TRUE</span> )</td><td title='C:\wamp64\www\deneme2\qrencode.php' bgcolor='#eeeeec'>...\qrencode.php<b>:</b>467</td></tr>
<tr><td bgcolor='#eeeeec' align='center'>6</td><td bgcolor='#eeeeec' align='center'>0.0021</td><td bgcolor='#eeeeec' align='right'>384312</td><td bgcolor='#eeeeec'>QRcode->encodeInput( <span>$input = </span><span>class QRinput { public $items = [0 =&gt; class QRinputItem { ... }]; private $version = 2; private $level = 0 }</span> )</td><td title='C:\wamp64\www\deneme2\qrencode.php' bgcolor='#eeeeec'>...\qrencode.php<b>:</b>279</td></tr>
<tr><td bgcolor='#eeeeec' align='center'>7</td><td bgcolor='#eeeeec' align='center'>0.0021</td><td bgcolor='#eeeeec' align='right'>384312</td><td bgcolor='#eeeeec'>QRcode->encodeMask( <span>$input = </span><span>class QRinput { public $items = [0 =&gt; class QRinputItem { ... }]; private $version = 2; private $level = 0 }</span>, <span>$mask = </span><span>-1</span> )</td><td title='C:\wamp64\www\deneme2\qrencode.php' bgcolor='#eeeeec'>...\qrencode.php<b>:</b>240</td></tr>
<tr><td bgcolor='#eeeeec' align='center'>8</td><td bgcolor='#eeeeec' align='center'>0.0111</td><td bgcolor='#eeeeec' align='right'>443288</td><td bgcolor='#eeeeec'>QRmask->mask( <span>$width = </span><span>25</span>, <span>$frame = </span><span>[0 =&gt; &#39;¡¡¡¡¡¡¡¿Ñ\002\002\002\003\003\003\003\003¿¡¡¡¡¡¡¡&#39;, 1 =&gt; &#39;¡¿¿¿¿¿¡¿Ñ\002\002\003\002\002\002\002\003¿¡¿¿¿¿¿¡&#39;, 2 =&gt; &#39;¡¿¡¡¡¿¡¿Ñ\002\003\003\003\002\002\002\003¿¡¿¡¡¡¿¡&#39;, 3 =&gt; &#39;¡¿¡¡¡¿¡¿Ñ\002\002\003\003\003\003\002\002¿¡¿¡¡¡¿¡&#39;, 4 =&gt; &#39;¡¿¡¡¡¿¡¿Ñ\003\003\002\002\002\003\003\003¿¡¿¡¡¡¿¡&#39;, 5 =&gt; &#39;¡¿¿¿¿¿¡¿Ñ\003\003\002\003\002\003\002\002¿¡¿¿¿¿¿¡&#39;, 6 =&gt; &#39;¡¡¡¡¡¡¡¿ëêëêëêëêë¿¡¡¡¡¡¡¡&#39;, 7 =&gt; &#39;¿¿¿¿¿¿¿¿Ñ\003\002\002\002\002\002\002\003¿¿¿¿¿¿¿¿&#39;, 8 =&gt; &#39;ÑÑÑÑÑÑëÑÑ\002\003\002\002\003\002\002\003ÑÑÑÑÑÑÑÑ&#39;, 9 =&gt; &#39;\002\002\002\002\002\002ê\003\003\002\002\002\003\002\002\003\003\002\003\002\002\003\003\002\003&#39;, 10 =&gt; &#39;\003\003\003\002\003\003ë\002\003\002\002\003\002\002\002\002\002\002\002\003\002\002\002\003\002&#39;, 11 =&gt; &#39;\002\003\002\003\002\002ê\003\002\002\003\003\003\002\002\003\002\002\002\003\002\003\002\003\002&#39;, 12 =&gt; &#39;\003\002\002\002\002\002ë\002\002\002\002\003\003\003\002\002\003\003\002\002\003\002\003\002\003&#39;, 13 =&gt; &#39;\002\003\002\002\002\003ê\002\003\002\003\002\002\002\003\003\003\002\003\003\002\003\002\002\003&#39;, 14 =&gt; &#39;\002\002\002\003\002\003ë\002\003\002\002\002\003\002\002\002\003\003\003\003\002\003\002\003\002&#39;, 15 =&gt; &#39;\002\002\003\002\003\003ê\002\002\003\002\002\002\002\003\002\003\003\003\003\003\002\002\002\003&#39;, 16 =&gt; &#39;\002\002\002\003\003\003ë\003\003\003\003\002\002\003\002\002°°°°°\002\003\003\002&#39;, 17 =&gt; &#39;¿¿¿¿¿¿¿¿Å\002\003\002\003\002\003\002°†††°\003\003\002\003&#39;, 18 =&gt; &#39;¡¡¡¡¡¡¡¿Ñ\002\002\003\002\003\002\003°†°†°\003\003\003\002&#39;, 19 =&gt; &#39;¡¿¿¿¿¿¡¿Ñ\002\003\003\003\002\002\003°†††°\003\002\002\002&#39;, 20 =&gt; &#39;¡¿¡¡¡¿¡¿Ñ\002\003\003\002\003\002\002°°°°°\003\003\002\003&#39;, 21 =&gt; &#39;¡¿¡¡¡¿¡¿Ñ\002\002\002\002\002\003\002\002\003\002\002\003\002\002\003\002&#39;, 22 =&gt; &#39;¡¿¡¡¡¿¡¿Ñ\002\003\002\002\003\002\002\003\003\003\003\002\003\003\002\002&#39;, 23 =&gt; &#39;¡¿¿¿¿¿¡¿Ñ\003\002\002\003\002\003\002\003\003\002\003\003\003\002\002\002&#39;, 24 =&gt; &#39;¡¡¡¡¡¡¡¿Ñ\002\002\002\003\003\002\003\002\002\002\003\003\002\003\003\002&#39;]</span>, <span>$level = </span><span>0</span> )</td><td title='C:\wamp64\www\deneme2\qrencode.php' bgcolor='#eeeeec'>...\qrencode.php<b>:</b>216</td></tr>
<tr><td bgcolor='#eeeeec' align='center'>9</td><td bgcolor='#eeeeec' align='center'>0.0301</td><td bgcolor='#eeeeec' align='right'>463784</td><td bgcolor='#eeeeec'>QRmask->makeMaskNo( <span>$maskNo = </span><span>1</span>, <span>$width = </span><span>25</span>, <span>$s = </span><span>[0 =&gt; &#39;¡¡¡¡¡¡¡¿Ñ\002\002\002\003\003\003\003\003¿¡¡¡¡¡¡¡&#39;, 1 =&gt; &#39;¡¿¿¿¿¿¡¿Ñ\002\002\003\002\002\002\002\003¿¡¿¿¿¿¿¡&#39;, 2 =&gt; &#39;¡¿¡¡¡¿¡¿Ñ\002\003\003\003\002\002\002\003¿¡¿¡¡¡¿¡&#39;, 3 =&gt; &#39;¡¿¡¡¡¿¡¿Ñ\002\002\003\003\003\003\002\002¿¡¿¡¡¡¿¡&#39;, 4 =&gt; &#39;¡¿¡¡¡¿¡¿Ñ\003\003\002\002\002\003\003\003¿¡¿¡¡¡¿¡&#39;, 5 =&gt; &#39;¡¿¿¿¿¿¡¿Ñ\003\003\002\003\002\003\002\002¿¡¿¿¿¿¿¡&#39;, 6 =&gt; &#39;¡¡¡¡¡¡¡¿ëêëêëêëêë¿¡¡¡¡¡¡¡&#39;, 7 =&gt; &#39;¿¿¿¿¿¿¿¿Ñ\003\002\002\002\002\002\002\003¿¿¿¿¿¿¿¿&#39;, 8 =&gt; &#39;ÑÑÑÑÑÑëÑÑ\002\003\002\002\003\002\002\003ÑÑÑÑÑÑÑÑ&#39;, 9 =&gt; &#39;\002\002\002\002\002\002ê\003\003\002\002\002\003\002\002\003\003\002\003\002\002\003\003\002\003&#39;, 10 =&gt; &#39;\003\003\003\002\003\003ë\002\003\002\002\003\002\002\002\002\002\002\002\003\002\002\002\003\002&#39;, 11 =&gt; &#39;\002\003\002\003\002\002ê\003\002\002\003\003\003\002\002\003\002\002\002\003\002\003\002\003\002&#39;, 12 =&gt; &#39;\003\002\002\002\002\002ë\002\002\002\002\003\003\003\002\002\003\003\002\002\003\002\003\002\003&#39;, 13 =&gt; &#39;\002\003\002\002\002\003ê\002\003\002\003\002\002\002\003\003\003\002\003\003\002\003\002\002\003&#39;, 14 =&gt; &#39;\002\002\002\003\002\003ë\002\003\002\002\002\003\002\002\002\003\003\003\003\002\003\002\003\002&#39;, 15 =&gt; &#39;\002\002\003\002\003\003ê\002\002\003\002\002\002\002\003\002\003\003\003\003\003\002\002\002\003&#39;, 16 =&gt; &#39;\002\002\002\003\003\003ë\003\003\003\003\002\002\003\002\002°°°°°\002\003\003\002&#39;, 17 =&gt; &#39;¿¿¿¿¿¿¿¿Å\002\003\002\003\002\003\002°†††°\003\003\002\003&#39;, 18 =&gt; &#39;¡¡¡¡¡¡¡¿Ñ\002\002\003\002\003\002\003°†°†°\003\003\003\002&#39;, 19 =&gt; &#39;¡¿¿¿¿¿¡¿Ñ\002\003\003\003\002\002\003°†††°\003\002\002\002&#39;, 20 =&gt; &#39;¡¿¡¡¡¿¡¿Ñ\002\003\003\002\003\002\002°°°°°\003\003\002\003&#39;, 21 =&gt; &#39;¡¿¡¡¡¿¡¿Ñ\002\002\002\002\002\003\002\002\003\002\002\003\002\002\003\002&#39;, 22 =&gt; &#39;¡¿¡¡¡¿¡¿Ñ\002\003\002\002\003\002\002\003\003\003\003\002\003\003\002\002&#39;, 23 =&gt; &#39;¡¿¿¿¿¿¡¿Ñ\003\002\002\003\002\003\002\003\003\002\003\003\003\002\002\002&#39;, 24 =&gt; &#39;¡¡¡¡¡¡¡¿Ñ\002\002\002\003\003\002\003\002\002\002\003\003\002\003\003\002&#39;]</span>, <span>$d = </span><span>[0 =&gt; &#39;\000\000\000\000\000\000\000\000\000\000\000\000\000\000\000\000\000\000\000\000\000\000\000\000\000&#39;, 1 =&gt; &#39;\000\000\000\000\000\000\000\000\000\000\000\000\000\000\000\000\000\000\000\000\000\000\000\000\000&#39;, 2 =&gt; &#39;\000\000\000\000\000\000\000\000\000\000\000\000\000\000\000\000\000\000\000\000\000\000\000\000\000&#39;, 3 =&gt; &#39;\000\000\000\000\000\000\000\000\000\000\000\000\000\000\000\000\000\000\000\000\000\000\000\000\000&#39;, 4 =&gt; &#39;\000\000\000\000\000\000\000\000\000\000\000\000\000\000\000\000\000\000\000\000\000\000\000\000\000&#39;, 5 =&gt; &#39;\000\000\000\000\000\000\000\000\000\000\000\000\000\000\000\000\000\000\000\000\000\000\000\000\000&#39;, 6 =&gt; &#39;\000\000\000\000\000\000\000\000\000\000\000\000\000\000\000\000\000\000\000\000\000\000\000\000\000&#39;, 7 =&gt; &#39;\000\000\000\000\000\000\000\000\000\000\000\000\000\000\000\000\000\000\000\000\000\000\000\000\000&#39;, 8 =&gt; &#39;\000\000\000\000\000\000\000\000\000\000\000\000\000\000\000\000\000\000\000\000\000\000\000\000\000&#39;, 9 =&gt; &#39;\000\000\000\000\000\000\000\000\000\000\000\000\000\000\000\000\000\000\000\000\000\000\000\000\000&#39;, 10 =&gt; &#39;\000\000\000\000\000\000\000\000\000\000\000\000\000\000\000\000\000\000\000\000\000\000\000\000\000&#39;, 11 =&gt; &#39;\000\000\000\000\000\000\000\000\000\000\000\000\000\000\000\000\000\000\000\000\000\000\000\000\000&#39;, 12 =&gt; &#39;\000\000\000\000\000\000\000\000\000\000\000\000\000\000\000\000\000\000\000\000\000\000\000\000\000&#39;, 13 =&gt; &#39;\000\000\000\000\000\000\000\000\000\000\000\000\000\000\000\000\000\000\000\000\000\000\000\000\000&#39;, 14 =&gt; &#39;\000\000\000\000\000\000\000\000\000\000\000\000\000\000\000\000\000\000\000\000\000\000\000\000\000&#39;, 15 =&gt; &#39;\000\000\000\000\000\000\000\000\000\000\000\000\000\000\000\000\000\000\000\000\000\000\000\000\000&#39;, 16 =&gt; &#39;\000\000\000\000\000\000\000\000\000\000\000\000\000\000\000\000\000\000\000\000\000\000\000\000\000&#39;, 17 =&gt; &#39;\000\000\000\000\000\000\000\000\000\000\000\000\000\000\000\000\000\000\000\000\000\000\000\000\000&#39;, 18 =&gt; &#39;\000\000\000\000\000\000\000\000\000\000\000\000\000\000\000\000\000\000\000\000\000\000\000\000\000&#39;, 19 =&gt; &#39;\000\000\000\000\000\000\000\000\000\000\000\000\000\000\000\000\000\000\000\000\000\000\000\000\000&#39;, 20 =&gt; &#39;\000\000\000\000\000\000\000\000\000\000\000\000\000\000\000\000\000\000\000\000\000\000\000\000\000&#39;, 21 =&gt; &#39;\000\000\000\000\000\000\000\000\000\000\000\000\000\000\000\000\000\000\000\000\000\000\000\000\000&#39;, 22 =&gt; &#39;\000\000\000\000\000\000\000\000\000\000\000\000\000\000\000\000\000\000\000\000\000\000\000\000\000&#39;, 23 =&gt; &#39;\000\000\000\000\000\000\000\000\000\000\000\000\000\000\000\000\000\000\000\000\000\000\000\000\000&#39;, 24 =&gt; &#39;\000\000\000\000\000\000\000\000\000\000\000\000\000\000\000\000\000\000\000\000\000\000\000\000\000&#39;]</span>, <span>$maskGenOnly = </span>??? )</td><td title='C:\wamp64\www\deneme2\qrmask.php' bgcolor='#eeeeec'>...\qrmask.php<b>:</b>311</td></tr>
<tr><td bgcolor='#eeeeec' align='center'>10</td><td bgcolor='#eeeeec' align='center'>0.0318</td><td bgcolor='#eeeeec' align='right'>498664</td><td bgcolor='#eeeeec'><a href='http://www.php.net/function.mkdir' target='_new'>mkdir</a>( <span>$pathname = </span><span>&#39;C:\\wamp64\\www\\deneme2\\cache\\mask_1&#39;</span> )</td><td title='C:\wamp64\www\deneme2\qrmask.php' bgcolor='#eeeeec'>...\qrmask.php<b>:</b>154</td></tr>
</table></font>
<br />
<font size='1'><table class='xdebug-error xe-warning' dir='ltr' border='1' cellspacing='0' cellpadding='1'>
<tr><th align='left' bgcolor='#f57900' colspan="5"><span style='background-color: #cc0000; color: #fce94f; font-size: x-large;'>( ! )</span> Warning: file_put_contents(C:\wamp64\www\deneme2\cache\mask_1\mask_25_1.dat): failed to open stream: No such file or directory in C:\wamp64\www\deneme2\qrmask.php on line <i>155</i></th></tr>
<tr><th align='left' bgcolor='#e9b96e' colspan='5'>Call Stack</th></tr>
<tr><th align='center' bgcolor='#eeeeec'>#</th><th align='left' bgcolor='#eeeeec'>Time</th><th align='left' bgcolor='#eeeeec'>Memory</th><th align='left' bgcolor='#eeeeec'>Function</th><th align='left' bgcolor='#eeeeec'>Location</th></tr>
<tr><td bgcolor='#eeeeec' align='center'>1</td><td bgcolor='#eeeeec' align='center'>0.0004</td><td bgcolor='#eeeeec' align='right'>362216</td><td bgcolor='#eeeeec'>{main}(  )</td><td title='C:\wamp64\www\deneme2\index.php' bgcolor='#eeeeec'>...\index.php<b>:</b>0</td></tr>
<tr><td bgcolor='#eeeeec' align='center'>2</td><td bgcolor='#eeeeec' align='center'>0.0018</td><td bgcolor='#eeeeec' align='right'>364696</td><td bgcolor='#eeeeec'>QRcode::png( <span>$text = </span><span>&#39;file/some othertext 1234&#39;</span>, <span>$outfile = </span>???, <span>$level = </span>???, <span>$size = </span>???, <span>$margin = </span>???, <span>$saveandprint = </span>??? )</td><td title='C:\wamp64\www\deneme2\index.php' bgcolor='#eeeeec'>...\index.php<b>:</b>4</td></tr>
<tr><td bgcolor='#eeeeec' align='center'>3</td><td bgcolor='#eeeeec' align='center'>0.0018</td><td bgcolor='#eeeeec' align='right'>364888</td><td bgcolor='#eeeeec'>QRencode->encodePNG( <span>$intext = </span><span>&#39;file/some othertext 1234&#39;</span>, <span>$outfile = </span><span>FALSE</span>, <span>$saveandprint = </span><span>FALSE</span> )</td><td title='C:\wamp64\www\deneme2\qrencode.php' bgcolor='#eeeeec'>...\qrencode.php<b>:</b>286</td></tr>
<tr><td bgcolor='#eeeeec' align='center'>4</td><td bgcolor='#eeeeec' align='center'>0.0018</td><td bgcolor='#eeeeec' align='right'>381400</td><td bgcolor='#eeeeec'>QRencode->encode( <span>$intext = </span><span>&#39;file/some othertext 1234&#39;</span>, <span>$outfile = </span>??? )</td><td title='C:\wamp64\www\deneme2\qrencode.php' bgcolor='#eeeeec'>...\qrencode.php<b>:</b>485</td></tr>
<tr><td bgcolor='#eeeeec' align='center'>5</td><td bgcolor='#eeeeec' align='center'>0.0018</td><td bgcolor='#eeeeec' align='right'>381496</td><td bgcolor='#eeeeec'>QRcode->encodeString( <span>$string = </span><span>&#39;file/some othertext 1234&#39;</span>, <span>$version = </span><span>0</span>, <span>$level = </span><span>0</span>, <span>$hint = </span><span>2</span>, <span>$casesensitive = </span><span>TRUE</span> )</td><td title='C:\wamp64\www\deneme2\qrencode.php' bgcolor='#eeeeec'>...\qrencode.php<b>:</b>467</td></tr>
<tr><td bgcolor='#eeeeec' align='center'>6</td><td bgcolor='#eeeeec' align='center'>0.0021</td><td bgcolor='#eeeeec' align='right'>384312</td><td bgcolor='#eeeeec'>QRcode->encodeInput( <span>$input = </span><span>class QRinput { public $items = [0 =&gt; class QRinputItem { ... }]; private $version = 2; private $level = 0 }</span> )</td><td title='C:\wamp64\www\deneme2\qrencode.php' bgcolor='#eeeeec'>...\qrencode.php<b>:</b>279</td></tr>
<tr><td bgcolor='#eeeeec' align='center'>7</td><td bgcolor='#eeeeec' align='center'>0.0021</td><td bgcolor='#eeeeec' align='right'>384312</td><td bgcolor='#eeeeec'>QRcode->encodeMask( <span>$input = </span><span>class QRinput { public $items = [0 =&gt; class QRinputItem { ... }]; private $version = 2; private $level = 0 }</span>, <span>$mask = </span><span>-1</span> )</td><td title='C:\wamp64\www\deneme2\qrencode.php' bgcolor='#eeeeec'>...\qrencode.php<b>:</b>240</td></tr>
<tr><td bgcolor='#eeeeec' align='center'>8</td><td bgcolor='#eeeeec' align='center'>0.0111</td><td bgcolor='#eeeeec' align='right'>443288</td><td bgcolor='#eeeeec'>QRmask->mask( <span>$width = </span><span>25</span>, <span>$frame = </span><span>[0 =&gt; &#39;¡¡¡¡¡¡¡¿Ñ\002\002\002\003\003\003\003\003¿¡¡¡¡¡¡¡&#39;, 1 =&gt; &#39;¡¿¿¿¿¿¡¿Ñ\002\002\003\002\002\002\002\003¿¡¿¿¿¿¿¡&#39;, 2 =&gt; &#39;¡¿¡¡¡¿¡¿Ñ\002\003\003\003\002\002\002\003¿¡¿¡¡¡¿¡&#39;, 3 =&gt; &#39;¡¿¡¡¡¿¡¿Ñ\002\002\003\003\003\003\002\002¿¡¿¡¡¡¿¡&#39;, 4 =&gt; &#39;¡¿¡¡¡¿¡¿Ñ\003\003\002\002\002\003\003\003¿¡¿¡¡¡¿¡&#39;, 5 =&gt; &#39;¡¿¿¿¿¿¡¿Ñ\003\003\002\003\002\003\002\002¿¡¿¿¿¿¿¡&#39;, 6 =&gt; &#39;¡¡¡¡¡¡¡¿ëêëêëêëêë¿¡¡¡¡¡¡¡&#39;, 7 =&gt; &#39;¿¿¿¿¿¿¿¿Ñ\003\002\002\002\002\002\002\003¿¿¿¿¿¿¿¿&#39;, 8 =&gt; &#39;ÑÑÑÑÑÑëÑÑ\002\003\002\002\003\002\002\003ÑÑÑÑÑÑÑÑ&#39;, 9 =&gt; &#39;\002\002\002\002\002\002ê\003\003\002\002\002\003\002\002\003\003\002\003\002\002\003\003\002\003&#39;, 10 =&gt; &#39;\003\003\003\002\003\003ë\002\003\002\002\003\002\002\002\002\002\002\002\003\002\002\002\003\002&#39;, 11 =&gt; &#39;\002\003\002\003\002\002ê\003\002\002\003\003\003\002\002\003\002\002\002\003\002\003\002\003\002&#39;, 12 =&gt; &#39;\003\002\002\002\002\002ë\002\002\002\002\003\003\003\002\002\003\003\002\002\003\002\003\002\003&#39;, 13 =&gt; &#39;\002\003\002\002\002\003ê\002\003\002\003\002\002\002\003\003\003\002\003\003\002\003\002\002\003&#39;, 14 =&gt; &#39;\002\002\002\003\002\003ë\002\003\002\002\002\003\002\002\002\003\003\003\003\002\003\002\003\002&#39;, 15 =&gt; &#39;\002\002\003\002\003\003ê\002\002\003\002\002\002\002\003\002\003\003\003\003\003\002\002\002\003&#39;, 16 =&gt; &#39;\002\002\002\003\003\003ë\003\003\003\003\002\002\003\002\002°°°°°\002\003\003\002&#39;, 17 =&gt; &#39;¿¿¿¿¿¿¿¿Å\002\003\002\003\002\003\002°†††°\003\003\002\003&#39;, 18 =&gt; &#39;¡¡¡¡¡¡¡¿Ñ\002\002\003\002\003\002\003°†°†°\003\003\003\002&#39;, 19 =&gt; &#39;¡¿¿¿¿¿¡¿Ñ\002\003\003\003\002\002\003°†††°\003\002\002\002&#39;, 20 =&gt; &#39;¡¿¡¡¡¿¡¿Ñ\002\003\003\002\003\002\002°°°°°\003\003\002\003&#39;, 21 =&gt; &#39;¡¿¡¡¡¿¡¿Ñ\002\002\002\002\002\003\002\002\003\002\002\003\002\002\003\002&#39;, 22 =&gt; &#39;¡¿¡¡¡¿¡¿Ñ\002\003\002\002\003\002\002\003\003\003\003\002\003\003\002\002&#39;, 23 =&gt; &#39;¡¿¿¿¿¿¡¿Ñ\003\002\002\003\002\003\002\003\003\002\003\003\003\002\002\002&#39;, 24 =&gt; &#39;¡¡¡¡¡¡¡¿Ñ\002\002\002\003\003\002\003\002\002\002\003\003\002\003\003\002&#39;]</span>, <span>$level = </span><span>0</span> )</td><td title='C:\wamp64\www\deneme2\qrencode.php' bgcolor='#eeeeec'>...\qrencode.php<b>:</b>216</td></tr>
<tr><td bgcolor='#eeeeec' align='center'>9</td><td bgcolor='#eeeeec' align='center'>0.0301</td><td bgcolor='#eeeeec' align='right'>463784</td><td bgcolor='#eeeeec'>QRmask->makeMaskNo( <span>$maskNo = </span><span>1</span>, <span>$width = </span><span>25</span>, <span>$s = </span><span>[0 =&gt; &#39;¡¡¡¡¡¡¡¿Ñ\002\002\002\003\003\003\003\003¿¡¡¡¡¡¡¡&#39;, 1 =&gt; &#39;¡¿¿¿¿¿¡¿Ñ\002\002\003\002\002\002\002\003¿¡¿¿¿¿¿¡&#39;, 2 =&gt; &#39;¡¿¡¡¡¿¡¿Ñ\002\003\003\003\002\002\002\003¿¡¿¡¡¡¿¡&#39;, 3 =&gt; &#39;¡¿¡¡¡¿¡¿Ñ\002\002\003\003\003\003\002\002¿¡¿¡¡¡¿¡&#39;, 4 =&gt; &#39;¡¿¡¡¡¿¡¿Ñ\003\003\002\002\002\003\003\003¿¡¿¡¡¡¿¡&#39;, 5 =&gt; &#39;¡¿¿¿¿¿¡¿Ñ\003\003\002\003\002\003\002\002¿¡¿¿¿¿¿¡&#39;, 6 =&gt; &#39;¡¡¡¡¡¡¡¿ëêëêëêëêë¿¡¡¡¡¡¡¡&#39;, 7 =&gt; &#39;¿¿¿¿¿¿¿¿Ñ\003\002\002\002\002\002\002\003¿¿¿¿¿¿¿¿&#39;, 8 =&gt; &#39;ÑÑÑÑÑÑëÑÑ\002\003\002\002\003\002\002\003ÑÑÑÑÑÑÑÑ&#39;, 9 =&gt; &#39;\002\002\002\002\002\002ê\003\003\002\002\002\003\002\002\003\003\002\003\002\002\003\003\002\003&#39;, 10 =&gt; &#39;\003\003\003\002\003\003ë\002\003\002\002\003\002\002\002\002\002\002\002\003\002\002\002\003\002&#39;, 11 =&gt; &#39;\002\003\002\003\002\002ê\003\002\002\003\003\003\002\002\003\002\002\002\003\002\003\002\003\002&#39;, 12 =&gt; &#39;\003\002\002\002\002\002ë\002\002\002\002\003\003\003\002\002\003\003\002\002\003\002\003\002\003&#39;, 13 =&gt; &#39;\002\003\002\002\002\003ê\002\003\002\003\002\002\002\003\003\003\002\003\003\002\003\002\002\003&#39;, 14 =&gt; &#39;\002\002\002\003\002\003ë\002\003\002\002\002\003\002\002\002\003\003\003\003\002\003\002\003\002&#39;, 15 =&gt; &#39;\002\002\003\002\003\003ê\002\002\003\002\002\002\002\003\002\003\003\003\003\003\002\002\002\003&#39;, 16 =&gt; &#39;\002\002\002\003\003\003ë\003\003\003\003\002\002\003\002\002°°°°°\002\003\003\002&#39;, 17 =&gt; &#39;¿¿¿¿¿¿¿¿Å\002\003\002\003\002\003\002°†††°\003\003\002\003&#39;, 18 =&gt; &#39;¡¡¡¡¡¡¡¿Ñ\002\002\003\002\003\002\003°†°†°\003\003\003\002&#39;, 19 =&gt; &#39;¡¿¿¿¿¿¡¿Ñ\002\003\003\003\002\002\003°†††°\003\002\002\002&#39;, 20 =&gt; &#39;¡¿¡¡¡¿¡¿Ñ\002\003\003\002\003\002\002°°°°°\003\003\002\003&#39;, 21 =&gt; &#39;¡¿¡¡¡¿¡¿Ñ\002\002\002\002\002\003\002\002\003\002\002\003\002\002\003\002&#39;, 22 =&gt; &#39;¡¿¡¡¡¿¡¿Ñ\002\003\002\002\003\002\002\003\003\003\003\002\003\003\002\002&#39;, 23 =&gt; &#39;¡¿¿¿¿¿¡¿Ñ\003\002\002\003\002\003\002\003\003\002\003\003\003\002\002\002&#39;, 24 =&gt; &#39;¡¡¡¡¡¡¡¿Ñ\002\002\002\003\003\002\003\002\002\002\003\003\002\003\003\002&#39;]</span>, <span>$d = </span><span>[0 =&gt; &#39;\000\000\000\000\000\000\000\000\000\000\000\000\000\000\000\000\000\000\000\000\000\000\000\000\000&#39;, 1 =&gt; &#39;\000\000\000\000\000\000\000\000\000\000\000\000\000\000\000\000\000\000\000\000\000\000\000\000\000&#39;, 2 =&gt; &#39;\000\000\000\000\000\000\000\000\000\000\000\000\000\000\000\000\000\000\000\000\000\000\000\000\000&#39;, 3 =&gt; &#39;\000\000\000\000\000\000\000\000\000\000\000\000\000\000\000\000\000\000\000\000\000\000\000\000\000&#39;, 4 =&gt; &#39;\000\000\000\000\000\000\000\000\000\000\000\000\000\000\000\000\000\000\000\000\000\000\000\000\000&#39;, 5 =&gt; &#39;\000\000\000\000\000\000\000\000\000\000\000\000\000\000\000\000\000\000\000\000\000\000\000\000\000&#39;, 6 =&gt; &#39;\000\000\000\000\000\000\000\000\000\000\000\000\000\000\000\000\000\000\000\000\000\000\000\000\000&#39;, 7 =&gt; &#39;\000\000\000\000\000\000\000\000\000\000\000\000\000\000\000\000\000\000\000\000\000\000\000\000\000&#39;, 8 =&gt; &#39;\000\000\000\000\000\000\000\000\000\000\000\000\000\000\000\000\000\000\000\000\000\000\000\000\000&#39;, 9 =&gt; &#39;\000\000\000\000\000\000\000\000\000\000\000\000\000\000\000\000\000\000\000\000\000\000\000\000\000&#39;, 10 =&gt; &#39;\000\000\000\000\000\000\000\000\000\000\000\000\000\000\000\000\000\000\000\000\000\000\000\000\000&#39;, 11 =&gt; &#39;\000\000\000\000\000\000\000\000\000\000\000\000\000\000\000\000\000\000\000\000\000\000\000\000\000&#39;, 12 =&gt; &#39;\000\000\000\000\000\000\000\000\000\000\000\000\000\000\000\000\000\000\000\000\000\000\000\000\000&#39;, 13 =&gt; &#39;\000\000\000\000\000\000\000\000\000\000\000\000\000\000\000\000\000\000\000\000\000\000\000\000\000&#39;, 14 =&gt; &#39;\000\000\000\000\000\000\000\000\000\000\000\000\000\000\000\000\000\000\000\000\000\000\000\000\000&#39;, 15 =&gt; &#39;\000\000\000\000\000\000\000\000\000\000\000\000\000\000\000\000\000\000\000\000\000\000\000\000\000&#39;, 16 =&gt; &#39;\000\000\000\000\000\000\000\000\000\000\000\000\000\000\000\000\000\000\000\000\000\000\000\000\000&#39;, 17 =&gt; &#39;\000\000\000\000\000\000\000\000\000\000\000\000\000\000\000\000\000\000\000\000\000\000\000\000\000&#39;, 18 =&gt; &#39;\000\000\000\000\000\000\000\000\000\000\000\000\000\000\000\000\000\000\000\000\000\000\000\000\000&#39;, 19 =&gt; &#39;\000\000\000\000\000\000\000\000\000\000\000\000\000\000\000\000\000\000\000\000\000\000\000\000\000&#39;, 20 =&gt; &#39;\000\000\000\000\000\000\000\000\000\000\000\000\000\000\000\000\000\000\000\000\000\000\000\000\000&#39;, 21 =&gt; &#39;\000\000\000\000\000\000\000\000\000\000\000\000\000\000\000\000\000\000\000\000\000\000\000\000\000&#39;, 22 =&gt; &#39;\000\000\000\000\000\000\000\000\000\000\000\000\000\000\000\000\000\000\000\000\000\000\000\000\000&#39;, 23 =&gt; &#39;\000\000\000\000\000\000\000\000\000\000\000\000\000\000\000\000\000\000\000\000\000\000\000\000\000&#39;, 24 =&gt; &#39;\000\000\000\000\000\000\000\000\000\000\000\000\000\000\000\000\000\000\000\000\000\000\000\000\000&#39;]</span>, <span>$maskGenOnly = </span>??? )</td><td title='C:\wamp64\www\deneme2\qrmask.php' bgcolor='#eeeeec'>...\qrmask.php<b>:</b>311</td></tr>
<tr><td bgcolor='#eeeeec' align='center'>10</td><td bgcolor='#eeeeec' align='center'>0.0357</td><td bgcolor='#eeeeec' align='right'>515064</td><td bgcolor='#eeeeec'><a href='http://www.php.net/function.file-put-contents' target='_new'>file_put_contents</a>( <span>$filename = </span><span>&#39;C:\\wamp64\\www\\deneme2\\cache\\mask_1\\mask_25_1.dat&#39;</span>, <span>$data = </span><span>&#39;x⁄30Ä\002C(Äπ\fp\001Ñ\fΩê#CÇ=PÖÜ\030`\020ÍÅçÑ0†ó\036bÉS\017\000¬&gt;v“&#39;</span> )</td><td title='C:\wamp64\www\deneme2\qrmask.php' bgcolor='#eeeeec'>...\qrmask.php<b>:</b>155</td></tr>
</table></font>
<br />
<font size='1'><table class='xdebug-error xe-warning' dir='ltr' border='1' cellspacing='0' cellpadding='1'>
<tr><th align='left' bgcolor='#f57900' colspan="5"><span style='background-color: #cc0000; color: #fce94f; font-size: x-large;'>( ! )</span> Warning: mkdir(): No such file or directory in C:\wamp64\www\deneme2\qrmask.php on line <i>154</i></th></tr>
<tr><th align='left' bgcolor='#e9b96e' colspan='5'>Call Stack</th></tr>
<tr><th align='center' bgcolor='#eeeeec'>#</th><th align='left' bgcolor='#eeeeec'>Time</th><th align='left' bgcolor='#eeeeec'>Memory</th><th align='left' bgcolor='#eeeeec'>Function</th><th align='left' bgcolor='#eeeeec'>Location</th></tr>
<tr><td bgcolor='#eeeeec' align='center'>1</td><td bgcolor='#eeeeec' align='center'>0.0004</td><td bgcolor='#eeeeec' align='right'>362216</td><td bgcolor='#eeeeec'>{main}(  )</td><td title='C:\wamp64\www\deneme2\index.php' bgcolor='#eeeeec'>...\index.php<b>:</b>0</td></tr>
<tr><td bgcolor='#eeeeec' align='center'>2</td><td bgcolor='#eeeeec' align='center'>0.0018</td><td bgcolor='#eeeeec' align='right'>364696</td><td bgcolor='#eeeeec'>QRcode::png( <span>$text = </span><span>&#39;file/some othertext 1234&#39;</span>, <span>$outfile = </span>???, <span>$level = </span>???, <span>$size = </span>???, <span>$margin = </span>???, <span>$saveandprint = </span>??? )</td><td title='C:\wamp64\www\deneme2\index.php' bgcolor='#eeeeec'>...\index.php<b>:</b>4</td></tr>
<tr><td bgcolor='#eeeeec' align='center'>3</td><td bgcolor='#eeeeec' align='center'>0.0018</td><td bgcolor='#eeeeec' align='right'>364888</td><td bgcolor='#eeeeec'>QRencode->encodePNG( <span>$intext = </span><span>&#39;file/some othertext 1234&#39;</span>, <span>$outfile = </span><span>FALSE</span>, <span>$saveandprint = </span><span>FALSE</span> )</td><td title='C:\wamp64\www\deneme2\qrencode.php' bgcolor='#eeeeec'>...\qrencode.php<b>:</b>286</td></tr>
<tr><td bgcolor='#eeeeec' align='center'>4</td><td bgcolor='#eeeeec' align='center'>0.0018</td><td bgcolor='#eeeeec' align='right'>381400</td><td bgcolor='#eeeeec'>QRencode->encode( <span>$intext = </span><span>&#39;file/some othertext 1234&#39;</span>, <span>$outfile = </span>??? )</td><td title='C:\wamp64\www\deneme2\qrencode.php' bgcolor='#eeeeec'>...\qrencode.php<b>:</b>485</td></tr>
<tr><td bgcolor='#eeeeec' align='center'>5</td><td bgcolor='#eeeeec' align='center'>0.0018</td><td bgcolor='#eeeeec' align='right'>381496</td><td bgcolor='#eeeeec'>QRcode->encodeString( <span>$string = </span><span>&#39;file/some othertext 1234&#39;</span>, <span>$version = </span><span>0</span>, <span>$level = </span><span>0</span>, <span>$hint = </span><span>2</span>, <span>$casesensitive = </span><span>TRUE</span> )</td><td title='C:\wamp64\www\deneme2\qrencode.php' bgcolor='#eeeeec'>...\qrencode.php<b>:</b>467</td></tr>
<tr><td bgcolor='#eeeeec' align='center'>6</td><td bgcolor='#eeeeec' align='center'>0.0021</td><td bgcolor='#eeeeec' align='right'>384312</td><td bgcolor='#eeeeec'>QRcode->encodeInput( <span>$input = </span><span>class QRinput { public $items = [0 =&gt; class QRinputItem { ... }]; private $version = 2; private $level = 0 }</span> )</td><td title='C:\wamp64\www\deneme2\qrencode.php' bgcolor='#eeeeec'>...\qrencode.php<b>:</b>279</td></tr>
<tr><td bgcolor='#eeeeec' align='center'>7</td><td bgcolor='#eeeeec' align='center'>0.0021</td><td bgcolor='#eeeeec' align='right'>384312</td><td bgcolor='#eeeeec'>QRcode->encodeMask( <span>$input = </span><span>class QRinput { public $items = [0 =&gt; class QRinputItem { ... }]; private $version = 2; private $level = 0 }</span>, <span>$mask = </span><span>-1</span> )</td><td title='C:\wamp64\www\deneme2\qrencode.php' bgcolor='#eeeeec'>...\qrencode.php<b>:</b>240</td></tr>
<tr><td bgcolor='#eeeeec' align='center'>8</td><td bgcolor='#eeeeec' align='center'>0.0111</td><td bgcolor='#eeeeec' align='right'>443288</td><td bgcolor='#eeeeec'>QRmask->mask( <span>$width = </span><span>25</span>, <span>$frame = </span><span>[0 =&gt; &#39;¡¡¡¡¡¡¡¿Ñ\002\002\002\003\003\003\003\003¿¡¡¡¡¡¡¡&#39;, 1 =&gt; &#39;¡¿¿¿¿¿¡¿Ñ\002\002\003\002\002\002\002\003¿¡¿¿¿¿¿¡&#39;, 2 =&gt; &#39;¡¿¡¡¡¿¡¿Ñ\002\003\003\003\002\002\002\003¿¡¿¡¡¡¿¡&#39;, 3 =&gt; &#39;¡¿¡¡¡¿¡¿Ñ\002\002\003\003\003\003\002\002¿¡¿¡¡¡¿¡&#39;, 4 =&gt; &#39;¡¿¡¡¡¿¡¿Ñ\003\003\002\002\002\003\003\003¿¡¿¡¡¡¿¡&#39;, 5 =&gt; &#39;¡¿¿¿¿¿¡¿Ñ\003\003\002\003\002\003\002\002¿¡¿¿¿¿¿¡&#39;, 6 =&gt; &#39;¡¡¡¡¡¡¡¿ëêëêëêëêë¿¡¡¡¡¡¡¡&#39;, 7 =&gt; &#39;¿¿¿¿¿¿¿¿Ñ\003\002\002\002\002\002\002\003¿¿¿¿¿¿¿¿&#39;, 8 =&gt; &#39;ÑÑÑÑÑÑëÑÑ\002\003\002\002\003\002\002\003ÑÑÑÑÑÑÑÑ&#39;, 9 =&gt; &#39;\002\002\002\002\002\002ê\003\003\002\002\002\003\002\002\003\003\002\003\002\002\003\003\002\003&#39;, 10 =&gt; &#39;\003\003\003\002\003\003ë\002\003\002\002\003\002\002\002\002\002\002\002\003\002\002\002\003\002&#39;, 11 =&gt; &#39;\002\003\002\003\002\002ê\003\002\002\003\003\003\002\002\003\002\002\002\003\002\003\002\003\002&#39;, 12 =&gt; &#39;\003\002\002\002\002\002ë\002\002\002\002\003\003\003\002\002\003\003\002\002\003\002\003\002\003&#39;, 13 =&gt; &#39;\002\003\002\002\002\003ê\002\003\002\003\002\002\002\003\003\003\002\003\003\002\003\002\002\003&#39;, 14 =&gt; &#39;\002\002\002\003\002\003ë\002\003\002\002\002\003\002\002\002\003\003\003\003\002\003\002\003\002&#39;, 15 =&gt; &#39;\002\002\003\002\003\003ê\002\002\003\002\002\002\002\003\002\003\003\003\003\003\002\002\002\003&#39;, 16 =&gt; &#39;\002\002\002\003\003\003ë\003\003\003\003\002\002\003\002\002°°°°°\002\003\003\002&#39;, 17 =&gt; &#39;¿¿¿¿¿¿¿¿Å\002\003\002\003\002\003\002°†††°\003\003\002\003&#39;, 18 =&gt; &#39;¡¡¡¡¡¡¡¿Ñ\002\002\003\002\003\002\003°†°†°\003\003\003\002&#39;, 19 =&gt; &#39;¡¿¿¿¿¿¡¿Ñ\002\003\003\003\002\002\003°†††°\003\002\002\002&#39;, 20 =&gt; &#39;¡¿¡¡¡¿¡¿Ñ\002\003\003\002\003\002\002°°°°°\003\003\002\003&#39;, 21 =&gt; &#39;¡¿¡¡¡¿¡¿Ñ\002\002\002\002\002\003\002\002\003\002\002\003\002\002\003\002&#39;, 22 =&gt; &#39;¡¿¡¡¡¿¡¿Ñ\002\003\002\002\003\002\002\003\003\003\003\002\003\003\002\002&#39;, 23 =&gt; &#39;¡¿¿¿¿¿¡¿Ñ\003\002\002\003\002\003\002\003\003\002\003\003\003\002\002\002&#39;, 24 =&gt; &#39;¡¡¡¡¡¡¡¿Ñ\002\002\002\003\003\002\003\002\002\002\003\003\002\003\003\002&#39;]</span>, <span>$level = </span><span>0</span> )</td><td title='C:\wamp64\www\deneme2\qrencode.php' bgcolor='#eeeeec'>...\qrencode.php<b>:</b>216</td></tr>
<tr><td bgcolor='#eeeeec' align='center'>9</td><td bgcolor='#eeeeec' align='center'>0.0467</td><td bgcolor='#eeeeec' align='right'>496552</td><td bgcolor='#eeeeec'>QRmask->makeMaskNo( <span>$maskNo = </span><span>2</span>, <span>$width = </span><span>25</span>, <span>$s = </span><span>[0 =&gt; &#39;¡¡¡¡¡¡¡¿Ñ\002\002\002\003\003\003\003\003¿¡¡¡¡¡¡¡&#39;, 1 =&gt; &#39;¡¿¿¿¿¿¡¿Ñ\002\002\003\002\002\002\002\003¿¡¿¿¿¿¿¡&#39;, 2 =&gt; &#39;¡¿¡¡¡¿¡¿Ñ\002\003\003\003\002\002\002\003¿¡¿¡¡¡¿¡&#39;, 3 =&gt; &#39;¡¿¡¡¡¿¡¿Ñ\002\002\003\003\003\003\002\002¿¡¿¡¡¡¿¡&#39;, 4 =&gt; &#39;¡¿¡¡¡¿¡¿Ñ\003\003\002\002\002\003\003\003¿¡¿¡¡¡¿¡&#39;, 5 =&gt; &#39;¡¿¿¿¿¿¡¿Ñ\003\003\002\003\002\003\002\002¿¡¿¿¿¿¿¡&#39;, 6 =&gt; &#39;¡¡¡¡¡¡¡¿ëêëêëêëêë¿¡¡¡¡¡¡¡&#39;, 7 =&gt; &#39;¿¿¿¿¿¿¿¿Ñ\003\002\002\002\002\002\002\003¿¿¿¿¿¿¿¿&#39;, 8 =&gt; &#39;ÑÑÑÑÑÑëÑÑ\002\003\002\002\003\002\002\003ÑÑÑÑÑÑÑÑ&#39;, 9 =&gt; &#39;\002\002\002\002\002\002ê\003\003\002\002\002\003\002\002\003\003\002\003\002\002\003\003\002\003&#39;, 10 =&gt; &#39;\003\003\003\002\003\003ë\002\003\002\002\003\002\002\002\002\002\002\002\003\002\002\002\003\002&#39;, 11 =&gt; &#39;\002\003\002\003\002\002ê\003\002\002\003\003\003\002\002\003\002\002\002\003\002\003\002\003\002&#39;, 12 =&gt; &#39;\003\002\002\002\002\002ë\002\002\002\002\003\003\003\002\002\003\003\002\002\003\002\003\002\003&#39;, 13 =&gt; &#39;\002\003\002\002\002\003ê\002\003\002\003\002\002\002\003\003\003\002\003\003\002\003\002\002\003&#39;, 14 =&gt; &#39;\002\002\002\003\002\003ë\002\003\002\002\002\003\002\002\002\003\003\003\003\002\003\002\003\002&#39;, 15 =&gt; &#39;\002\002\003\002\003\003ê\002\002\003\002\002\002\002\003\002\003\003\003\003\003\002\002\002\003&#39;, 16 =&gt; &#39;\002\002\002\003\003\003ë\003\003\003\003\002\002\003\002\002°°°°°\002\003\003\002&#39;, 17 =&gt; &#39;¿¿¿¿¿¿¿¿Å\002\003\002\003\002\003\002°†††°\003\003\002\003&#39;, 18 =&gt; &#39;¡¡¡¡¡¡¡¿Ñ\002\002\003\002\003\002\003°†°†°\003\003\003\002&#39;, 19 =&gt; &#39;¡¿¿¿¿¿¡¿Ñ\002\003\003\003\002\002\003°†††°\003\002\002\002&#39;, 20 =&gt; &#39;¡¿¡¡¡¿¡¿Ñ\002\003\003\002\003\002\002°°°°°\003\003\002\003&#39;, 21 =&gt; &#39;¡¿¡¡¡¿¡¿Ñ\002\002\002\002\002\003\002\002\003\002\002\003\002\002\003\002&#39;, 22 =&gt; &#39;¡¿¡¡¡¿¡¿Ñ\002\003\002\002\003\002\002\003\003\003\003\002\003\003\002\002&#39;, 23 =&gt; &#39;¡¿¿¿¿¿¡¿Ñ\003\002\002\003\002\003\002\003\003\002\003\003\003\002\002\002&#39;, 24 =&gt; &#39;¡¡¡¡¡¡¡¿Ñ\002\002\002\003\003\002\003\002\002\002\003\003\002\003\003\002&#39;]</span>, <span>$d = </span><span>[0 =&gt; &#39;\000\000\000\000\000\000\000\000\000\000\000\000\000\000\000\000\000\000\000\000\000\000\000\000\000&#39;, 1 =&gt; &#39;\000\000\000\000\000\000\000\000\000\000\000\000\000\000\000\000\000\000\000\000\000\000\000\000\000&#39;, 2 =&gt; &#39;\000\000\000\000\000\000\000\000\000\000\000\000\000\000\000\000\000\000\000\000\000\000\000\000\000&#39;, 3 =&gt; &#39;\000\000\000\000\000\000\000\000\000\000\000\000\000\000\000\000\000\000\000\000\000\000\000\000\000&#39;, 4 =&gt; &#39;\000\000\000\000\000\000\000\000\000\000\000\000\000\000\000\000\000\000\000\000\000\000\000\000\000&#39;, 5 =&gt; &#39;\000\000\000\000\000\000\000\000\000\000\000\000\000\000\000\000\000\000\000\000\000\000\000\000\000&#39;, 6 =&gt; &#39;\000\000\000\000\000\000\000\000\000\000\000\000\000\000\000\000\000\000\000\000\000\000\000\000\000&#39;, 7 =&gt; &#39;\000\000\000\000\000\000\000\000\000\000\000\000\000\000\000\000\000\000\000\000\000\000\000\000\000&#39;, 8 =&gt; &#39;\000\000\000\000\000\000\000\000\000\000\000\000\000\000\000\000\000\000\000\000\000\000\000\000\000&#39;, 9 =&gt; &#39;\000\000\000\000\000\000\000\000\000\000\000\000\000\000\000\000\000\000\000\000\000\000\000\000\000&#39;, 10 =&gt; &#39;\000\000\000\000\000\000\000\000\000\000\000\000\000\000\000\000\000\000\000\000\000\000\000\000\000&#39;, 11 =&gt; &#39;\000\000\000\000\000\000\000\000\000\000\000\000\000\000\000\000\000\000\000\000\000\000\000\000\000&#39;, 12 =&gt; &#39;\000\000\000\000\000\000\000\000\000\000\000\000\000\000\000\000\000\000\000\000\000\000\000\000\000&#39;, 13 =&gt; &#39;\000\000\000\000\000\000\000\000\000\000\000\000\000\000\000\000\000\000\000\000\000\000\000\000\000&#39;, 14 =&gt; &#39;\000\000\000\000\000\000\000\000\000\000\000\000\000\000\000\000\000\000\000\000\000\000\000\000\000&#39;, 15 =&gt; &#39;\000\000\000\000\000\000\000\000\000\000\000\000\000\000\000\000\000\000\000\000\000\000\000\000\000&#39;, 16 =&gt; &#39;\000\000\000\000\000\000\000\000\000\000\000\000\000\000\000\000\000\000\000\000\000\000\000\000\000&#39;, 17 =&gt; &#39;\000\000\000\000\000\000\000\000\000\000\000\000\000\000\000\000\000\000\000\000\000\000\000\000\000&#39;, 18 =&gt; &#39;\000\000\000\000\000\000\000\000\000\000\000\000\000\000\000\000\000\000\000\000\000\000\000\000\000&#39;, 19 =&gt; &#39;\000\000\000\000\000\000\000\000\000\000\000\000\000\000\000\000\000\000\000\000\000\000\000\000\000&#39;, 20 =&gt; &#39;\000\000\000\000\000\000\000\000\000\000\000\000\000\000\000\000\000\000\000\000\000\000\000\000\000&#39;, 21 =&gt; &#39;\000\000\000\000\000\000\000\000\000\000\000\000\000\000\000\000\000\000\000\000\000\000\000\000\000&#39;, 22 =&gt; &#39;\000\000\000\000\000\000\000\000\000\000\000\000\000\000\000\000\000\000\000\000\000\000\000\000\000&#39;, 23 =&gt; &#39;\000\000\000\000\000\000\000\000\000\000\000\000\000\000\000\000\000\000\000\000\000\000\000\000\000&#39;, 24 =&gt; &#39;\000\000\000\000\000\000\000\000\000\000\000\000\000\000\000\000\000\000\000\000\000\000\000\000\000&#39;]</span>, <span>$maskGenOnly = </span>??? )</td><td title='C:\wamp64\www\deneme2\qrmask.php' bgcolor='#eeeeec'>...\qrmask.php<b>:</b>311</td></tr>
<tr><td bgcolor='#eeeeec' align='center'>10</td><td bgcolor='#eeeeec' align='center'>0.0480</td><td bgcolor='#eeeeec' align='right'>531432</td><td bgcolor='#eeeeec'><a href='http://www.php.net/function.mkdir' target='_new'>mkdir</a>( <span>$pathname = </span><span>&#39;C:\\wamp64\\www\\deneme2\\cache\\mask_2&#39;</span> )</td><td title='C:\wamp64\www\deneme2\qrmask.php' bgcolor='#eeeeec'>...\qrmask.php<b>:</b>154</td></tr>
</table></font>
<br />
<font size='1'><table class='xdebug-error xe-warning' dir='ltr' border='1' cellspacing='0' cellpadding='1'>
<tr><th align='left' bgcolor='#f57900' colspan="5"><span style='background-color: #cc0000; color: #fce94f; font-size: x-large;'>( ! )</span> Warning: file_put_contents(C:\wamp64\www\deneme2\cache\mask_2\mask_25_2.dat): failed to open stream: No such file or directory in C:\wamp64\www\deneme2\qrmask.php on line <i>155</i></th></tr>
<tr><th align='left' bgcolor='#e9b96e' colspan='5'>Call Stack</th></tr>
<tr><th align='center' bgcolor='#eeeeec'>#</th><th align='left' bgcolor='#eeeeec'>Time</th><th align='left' bgcolor='#eeeeec'>Memory</th><th align='left' bgcolor='#eeeeec'>Function</th><th align='left' bgcolor='#eeeeec'>Location</th></tr>
<tr><td bgcolor='#eeeeec' align='center'>1</td><td bgcolor='#eeeeec' align='center'>0.0004</td><td bgcolor='#eeeeec' align='right'>362216</td><td bgcolor='#eeeeec'>{main}(  )</td><td title='C:\wamp64\www\deneme2\index.php' bgcolor='#eeeeec'>...\index.php<b>:</b>0</td></tr>
<tr><td bgcolor='#eeeeec' align='center'>2</td><td bgcolor='#eeeeec' align='center'>0.0018</td><td bgcolor='#eeeeec' align='right'>364696</td><td bgcolor='#eeeeec'>QRcode::png( <span>$text = </span><span>&#39;file/some othertext 1234&#39;</span>, <span>$outfile = </span>???, <span>$level = </span>???, <span>$size = </span>???, <span>$margin = </span>???, <span>$saveandprint = </span>??? )</td><td title='C:\wamp64\www\deneme2\index.php' bgcolor='#eeeeec'>...\index.php<b>:</b>4</td></tr>
<tr><td bgcolor='#eeeeec' align='center'>3</td><td bgcolor='#eeeeec' align='center'>0.0018</td><td bgcolor='#eeeeec' align='right'>364888</td><td bgcolor='#eeeeec'>QRencode->encodePNG( <span>$intext = </span><span>&#39;file/some othertext 1234&#39;</span>, <span>$outfile = </span><span>FALSE</span>, <span>$saveandprint = </span><span>FALSE</span> )</td><td title='C:\wamp64\www\deneme2\qrencode.php' bgcolor='#eeeeec'>...\qrencode.php<b>:</b>286</td></tr>
<tr><td bgcolor='#eeeeec' align='center'>4</td><td bgcolor='#eeeeec' align='center'>0.0018</td><td bgcolor='#eeeeec' align='right'>381400</td><td bgcolor='#eeeeec'>QRencode->encode( <span>$intext = </span><span>&#39;file/some othertext 1234&#39;</span>, <span>$outfile = </span>??? )</td><td title='C:\wamp64\www\deneme2\qrencode.php' bgcolor='#eeeeec'>...\qrencode.php<b>:</b>485</td></tr>
<tr><td bgcolor='#eeeeec' align='center'>5</td><td bgcolor='#eeeeec' align='center'>0.0018</td><td bgcolor='#eeeeec' align='right'>381496</td><td bgcolor='#eeeeec'>QRcode->encodeString( <span>$string = </span><span>&#39;file/some othertext 1234&#39;</span>, <span>$version = </span><span>0</span>, <span>$level = </span><span>0</span>, <span>$hint = </span><span>2</span>, <span>$casesensitive = </span><span>TRUE</span> )</td><td title='C:\wamp64\www\deneme2\qrencode.php' bgcolor='#eeeeec'>...\qrencode.php<b>:</b>467</td></tr>
<tr><td bgcolor='#eeeeec' align='center'>6</td><td bgcolor='#eeeeec' align='center'>0.0021</td><td bgcolor='#eeeeec' align='right'>384312</td><td bgcolor='#eeeeec'>QRcode->encodeInput( <span>$input = </span><span>class QRinput { public $items = [0 =&gt; class QRinputItem { ... }]; private $version = 2; private $level = 0 }</span> )</td><td title='C:\wamp64\www\deneme2\qrencode.php' bgcolor='#eeeeec'>...\qrencode.php<b>:</b>279</td></tr>
<tr><td bgcolor='#eeeeec' align='center'>7</td><td bgcolor='#eeeeec' align='center'>0.0021</td><td bgcolor='#eeeeec' align='right'>384312</td><td bgcolor='#eeeeec'>QRcode->encodeMask( <span>$input = </span><span>class QRinput { public $items = [0 =&gt; class QRinputItem { ... }]; private $version = 2; private $level = 0 }</span>, <span>$mask = </span><span>-1</span> )</td><td title='C:\wamp64\www\deneme2\qrencode.php' bgcolor='#eeeeec'>...\qrencode.php<b>:</b>240</td></tr>
<tr><td bgcolor='#eeeeec' align='center'>8</td><td bgcolor='#eeeeec' align='center'>0.0111</td><td bgcolor='#eeeeec' align='right'>443288</td><td bgcolor='#eeeeec'>QRmask->mask( <span>$width = </span><span>25</span>, <span>$frame = </span><span>[0 =&gt; &#39;¡¡¡¡¡¡¡¿Ñ\002\002\002\003\003\003\003\003¿¡¡¡¡¡¡¡&#39;, 1 =&gt; &#39;¡¿¿¿¿¿¡¿Ñ\002\002\003\002\002\002\002\003¿¡¿¿¿¿¿¡&#39;, 2 =&gt; &#39;¡¿¡¡¡¿¡¿Ñ\002\003\003\003\002\002\002\003¿¡¿¡¡¡¿¡&#39;, 3 =&gt; &#39;¡¿¡¡¡¿¡¿Ñ\002\002\003\003\003\003\002\002¿¡¿¡¡¡¿¡&#39;, 4 =&gt; &#39;¡¿¡¡¡¿¡¿Ñ\003\003\002\002\002\003\003\003¿¡¿¡¡¡¿¡&#39;, 5 =&gt; &#39;¡¿¿¿¿¿¡¿Ñ\003\003\002\003\002\003\002\002¿¡¿¿¿¿¿¡&#39;, 6 =&gt; &#39;¡¡¡¡¡¡¡¿ëêëêëêëêë¿¡¡¡¡¡¡¡&#39;, 7 =&gt; &#39;¿¿¿¿¿¿¿¿Ñ\003\002\002\002\002\002\002\003¿¿¿¿¿¿¿¿&#39;, 8 =&gt; &#39;ÑÑÑÑÑÑëÑÑ\002\003\002\002\003\002\002\003ÑÑÑÑÑÑÑÑ&#39;, 9 =&gt; &#39;\002\002\002\002\002\002ê\003\003\002\002\002\003\002\002\003\003\002\003\002\002\003\003\002\003&#39;, 10 =&gt; &#39;\003\003\003\002\003\003ë\002\003\002\002\003\002\002\002\002\002\002\002\003\002\002\002\003\002&#39;, 11 =&gt; &#39;\002\003\002\003\002\002ê\003\002\002\003\003\003\002\002\003\002\002\002\003\002\003\002\003\002&#39;, 12 =&gt; &#39;\003\002\002\002\002\002ë\002\002\002\002\003\003\003\002\002\003\003\002\002\003\002\003\002\003&#39;, 13 =&gt; &#39;\002\003\002\002\002\003ê\002\003\002\003\002\002\002\003\003\003\002\003\003\002\003\002\002\003&#39;, 14 =&gt; &#39;\002\002\002\003\002\003ë\002\003\002\002\002\003\002\002\002\003\003\003\003\002\003\002\003\002&#39;, 15 =&gt; &#39;\002\002\003\002\003\003ê\002\002\003\002\002\002\002\003\002\003\003\003\003\003\002\002\002\003&#39;, 16 =&gt; &#39;\002\002\002\003\003\003ë\003\003\003\003\002\002\003\002\002°°°°°\002\003\003\002&#39;, 17 =&gt; &#39;¿¿¿¿¿¿¿¿Å\002\003\002\003\002\003\002°†††°\003\003\002\003&#39;, 18 =&gt; &#39;¡¡¡¡¡¡¡¿Ñ\002\002\003\002\003\002\003°†°†°\003\003\003\002&#39;, 19 =&gt; &#39;¡¿¿¿¿¿¡¿Ñ\002\003\003\003\002\002\003°†††°\003\002\002\002&#39;, 20 =&gt; &#39;¡¿¡¡¡¿¡¿Ñ\002\003\003\002\003\002\002°°°°°\003\003\002\003&#39;, 21 =&gt; &#39;¡¿¡¡¡¿¡¿Ñ\002\002\002\002\002\003\002\002\003\002\002\003\002\002\003\002&#39;, 22 =&gt; &#39;¡¿¡¡¡¿¡¿Ñ\002\003\002\002\003\002\002\003\003\003\003\002\003\003\002\002&#39;, 23 =&gt; &#39;¡¿¿¿¿¿¡¿Ñ\003\002\002\003\002\003\002\003\003\002\003\003\003\002\002\002&#39;, 24 =&gt; &#39;¡¡¡¡¡¡¡¿Ñ\002\002\002\003\003\002\003\002\002\002\003\003\002\003\003\002&#39;]</span>, <span>$level = </span><span>0</span> )</td><td title='C:\wamp64\www\deneme2\qrencode.php' bgcolor='#eeeeec'>...\qrencode.php<b>:</b>216</td></tr>
<tr><td bgcolor='#eeeeec' align='center'>9</td><td bgcolor='#eeeeec' align='center'>0.0467</td><td bgcolor='#eeeeec' align='right'>496552</td><td bgcolor='#eeeeec'>QRmask->makeMaskNo( <span>$maskNo = </span><span>2</span>, <span>$width = </span><span>25</span>, <span>$s = </span><span>[0 =&gt; &#39;¡¡¡¡¡¡¡¿Ñ\002\002\002\003\003\003\003\003¿¡¡¡¡¡¡¡&#39;, 1 =&gt; &#39;¡¿¿¿¿¿¡¿Ñ\002\002\003\002\002\002\002\003¿¡¿¿¿¿¿¡&#39;, 2 =&gt; &#39;¡¿¡¡¡¿¡¿Ñ\002\003\003\003\002\002\002\003¿¡¿¡¡¡¿¡&#39;, 3 =&gt; &#39;¡¿¡¡¡¿¡¿Ñ\002\002\003\003\003\003\002\002¿¡¿¡¡¡¿¡&#39;, 4 =&gt; &#39;¡¿¡¡¡¿¡¿Ñ\003\003\002\002\002\003\003\003¿¡¿¡¡¡¿¡&#39;, 5 =&gt; &#39;¡¿¿¿¿¿¡¿Ñ\003\003\002\003\002\003\002\002¿¡¿¿¿¿¿¡&#39;, 6 =&gt; &#39;¡¡¡¡¡¡¡¿ëêëêëêëêë¿¡¡¡¡¡¡¡&#39;, 7 =&gt; &#39;¿¿¿¿¿¿¿¿Ñ\003\002\002\002\002\002\002\003¿¿¿¿¿¿¿¿&#39;, 8 =&gt; &#39;ÑÑÑÑÑÑëÑÑ\002\003\002\002\003\002\002\003ÑÑÑÑÑÑÑÑ&#39;, 9 =&gt; &#39;\002\002\002\002\002\002ê\003\003\002\002\002\003\002\002\003\003\002\003\002\002\003\003\002\003&#39;, 10 =&gt; &#39;\003\003\003\002\003\003ë\002\003\002\002\003\002\002\002\002\002\002\002\003\002\002\002\003\002&#39;, 11 =&gt; &#39;\002\003\002\003\002\002ê\003\002\002\003\003\003\002\002\003\002\002\002\003\002\003\002\003\002&#39;, 12 =&gt; &#39;\003\002\002\002\002\002ë\002\002\002\002\003\003\003\002\002\003\003\002\002\003\002\003\002\003&#39;, 13 =&gt; &#39;\002\003\002\002\002\003ê\002\003\002\003\002\002\002\003\003\003\002\003\003\002\003\002\002\003&#39;, 14 =&gt; &#39;\002\002\002\003\002\003ë\002\003\002\002\002\003\002\002\002\003\003\003\003\002\003\002\003\002&#39;, 15 =&gt; &#39;\002\002\003\002\003\003ê\002\002\003\002\002\002\002\003\002\003\003\003\003\003\002\002\002\003&#39;, 16 =&gt; &#39;\002\002\002\003\003\003ë\003\003\003\003\002\002\003\002\002°°°°°\002\003\003\002&#39;, 17 =&gt; &#39;¿¿¿¿¿¿¿¿Å\002\003\002\003\002\003\002°†††°\003\003\002\003&#39;, 18 =&gt; &#39;¡¡¡¡¡¡¡¿Ñ\002\002\003\002\003\002\003°†°†°\003\003\003\002&#39;, 19 =&gt; &#39;¡¿¿¿¿¿¡¿Ñ\002\003\003\003\002\002\003°†††°\003\002\002\002&#39;, 20 =&gt; &#39;¡¿¡¡¡¿¡¿Ñ\002\003\003\002\003\002\002°°°°°\003\003\002\003&#39;, 21 =&gt; &#39;¡¿¡¡¡¿¡¿Ñ\002\002\002\002\002\003\002\002\003\002\002\003\002\002\003\002&#39;, 22 =&gt; &#39;¡¿¡¡¡¿¡¿Ñ\002\003\002\002\003\002\002\003\003\003\003\002\003\003\002\002&#39;, 23 =&gt; &#39;¡¿¿¿¿¿¡¿Ñ\003\002\002\003\002\003\002\003\003\002\003\003\003\002\002\002&#39;, 24 =&gt; &#39;¡¡¡¡¡¡¡¿Ñ\002\002\002\003\003\002\003\002\002\002\003\003\002\003\003\002&#39;]</span>, <span>$d = </span><span>[0 =&gt; &#39;\000\000\000\000\000\000\000\000\000\000\000\000\000\000\000\000\000\000\000\000\000\000\000\000\000&#39;, 1 =&gt; &#39;\000\000\000\000\000\000\000\000\000\000\000\000\000\000\000\000\000\000\000\000\000\000\000\000\000&#39;, 2 =&gt; &#39;\000\000\000\000\000\000\000\000\000\000\000\000\000\000\000\000\000\000\000\000\000\000\000\000\000&#39;, 3 =&gt; &#39;\000\000\000\000\000\000\000\000\000\000\000\000\000\000\000\000\000\000\000\000\000\000\000\000\000&#39;, 4 =&gt; &#39;\000\000\000\000\000\000\000\000\000\000\000\000\000\000\000\000\000\000\000\000\000\000\000\000\000&#39;, 5 =&gt; &#39;\000\000\000\000\000\000\000\000\000\000\000\000\000\000\000\000\000\000\000\000\000\000\000\000\000&#39;, 6 =&gt; &#39;\000\000\000\000\000\000\000\000\000\000\000\000\000\000\000\000\000\000\000\000\000\000\000\000\000&#39;, 7 =&gt; &#39;\000\000\000\000\000\000\000\000\000\000\000\000\000\000\000\000\000\000\000\000\000\000\000\000\000&#39;, 8 =&gt; &#39;\000\000\000\000\000\000\000\000\000\000\000\000\000\000\000\000\000\000\000\000\000\000\000\000\000&#39;, 9 =&gt; &#39;\000\000\000\000\000\000\000\000\000\000\000\000\000\000\000\000\000\000\000\000\000\000\000\000\000&#39;, 10 =&gt; &#39;\000\000\000\000\000\000\000\000\000\000\000\000\000\000\000\000\000\000\000\000\000\000\000\000\000&#39;, 11 =&gt; &#39;\000\000\000\000\000\000\000\000\000\000\000\000\000\000\000\000\000\000\000\000\000\000\000\000\000&#39;, 12 =&gt; &#39;\000\000\000\000\000\000\000\000\000\000\000\000\000\000\000\000\000\000\000\000\000\000\000\000\000&#39;, 13 =&gt; &#39;\000\000\000\000\000\000\000\000\000\000\000\000\000\000\000\000\000\000\000\000\000\000\000\000\000&#39;, 14 =&gt; &#39;\000\000\000\000\000\000\000\000\000\000\000\000\000\000\000\000\000\000\000\000\000\000\000\000\000&#39;, 15 =&gt; &#39;\000\000\000\000\000\000\000\000\000\000\000\000\000\000\000\000\000\000\000\000\000\000\000\000\000&#39;, 16 =&gt; &#39;\000\000\000\000\000\000\000\000\000\000\000\000\000\000\000\000\000\000\000\000\000\000\000\000\000&#39;, 17 =&gt; &#39;\000\000\000\000\000\000\000\000\000\000\000\000\000\000\000\000\000\000\000\000\000\000\000\000\000&#39;, 18 =&gt; &#39;\000\000\000\000\000\000\000\000\000\000\000\000\000\000\000\000\000\000\000\000\000\000\000\000\000&#39;, 19 =&gt; &#39;\000\000\000\000\000\000\000\000\000\000\000\000\000\000\000\000\000\000\000\000\000\000\000\000\000&#39;, 20 =&gt; &#39;\000\000\000\000\000\000\000\000\000\000\000\000\000\000\000\000\000\000\000\000\000\000\000\000\000&#39;, 21 =&gt; &#39;\000\000\000\000\000\000\000\000\000\000\000\000\000\000\000\000\000\000\000\000\000\000\000\000\000&#39;, 22 =&gt; &#39;\000\000\000\000\000\000\000\000\000\000\000\000\000\000\000\000\000\000\000\000\000\000\000\000\000&#39;, 23 =&gt; &#39;\000\000\000\000\000\000\000\000\000\000\000\000\000\000\000\000\000\000\000\000\000\000\000\000\000&#39;, 24 =&gt; &#39;\000\000\000\000\000\000\000\000\000\000\000\000\000\000\000\000\000\000\000\000\000\000\000\000\000&#39;]</span>, <span>$maskGenOnly = </span>??? )</td><td title='C:\wamp64\www\deneme2\qrmask.php' bgcolor='#eeeeec'>...\qrmask.php<b>:</b>311</td></tr>
<tr><td bgcolor='#eeeeec' align='center'>10</td><td bgcolor='#eeeeec' align='center'>0.0507</td><td bgcolor='#eeeeec' align='right'>547832</td><td bgcolor='#eeeeec'><a href='http://www.php.net/function.file-put-contents' target='_new'>file_put_contents</a>( <span>$filename = </span><span>&#39;C:\\wamp64\\www\\deneme2\\cache\\mask_2\\mask_25_2.dat&#39;</span>, <span>$data = </span><span>&#39;x⁄30Ä\002C\030Ç\002.É¡#É\016»2\rŒ3DCCL\006 ∆ÓS∫»\030“B\006\000ë–v§&#39;</span> )</td><td title='C:\wamp64\www\deneme2\qrmask.php' bgcolor='#eeeeec'>...\qrmask.php<b>:</b>155</td></tr>
</table></font>
<br />
<font size='1'><table class='xdebug-error xe-warning' dir='ltr' border='1' cellspacing='0' cellpadding='1'>
<tr><th align='left' bgcolor='#f57900' colspan="5"><span style='background-color: #cc0000; color: #fce94f; font-size: x-large;'>( ! )</span> Warning: mkdir(): No such file or directory in C:\wamp64\www\deneme2\qrmask.php on line <i>154</i></th></tr>
<tr><th align='left' bgcolor='#e9b96e' colspan='5'>Call Stack</th></tr>
<tr><th align='center' bgcolor='#eeeeec'>#</th><th align='left' bgcolor='#eeeeec'>Time</th><th align='left' bgcolor='#eeeeec'>Memory</th><th align='left' bgcolor='#eeeeec'>Function</th><th align='left' bgcolor='#eeeeec'>Location</th></tr>
<tr><td bgcolor='#eeeeec' align='center'>1</td><td bgcolor='#eeeeec' align='center'>0.0004</td><td bgcolor='#eeeeec' align='right'>362216</td><td bgcolor='#eeeeec'>{main}(  )</td><td title='C:\wamp64\www\deneme2\index.php' bgcolor='#eeeeec'>...\index.php<b>:</b>0</td></tr>
<tr><td bgcolor='#eeeeec' align='center'>2</td><td bgcolor='#eeeeec' align='center'>0.0018</td><td bgcolor='#eeeeec' align='right'>364696</td><td bgcolor='#eeeeec'>QRcode::png( <span>$text = </span><span>&#39;file/some othertext 1234&#39;</span>, <span>$outfile = </span>???, <span>$level = </span>???, <span>$size = </span>???, <span>$margin = </span>???, <span>$saveandprint = </span>??? )</td><td title='C:\wamp64\www\deneme2\index.php' bgcolor='#eeeeec'>...\index.php<b>:</b>4</td></tr>
<tr><td bgcolor='#eeeeec' align='center'>3</td><td bgcolor='#eeeeec' align='center'>0.0018</td><td bgcolor='#eeeeec' align='right'>364888</td><td bgcolor='#eeeeec'>QRencode->encodePNG( <span>$intext = </span><span>&#39;file/some othertext 1234&#39;</span>, <span>$outfile = </span><span>FALSE</span>, <span>$saveandprint = </span><span>FALSE</span> )</td><td title='C:\wamp64\www\deneme2\qrencode.php' bgcolor='#eeeeec'>...\qrencode.php<b>:</b>286</td></tr>
<tr><td bgcolor='#eeeeec' align='center'>4</td><td bgcolor='#eeeeec' align='center'>0.0018</td><td bgcolor='#eeeeec' align='right'>381400</td><td bgcolor='#eeeeec'>QRencode->encode( <span>$intext = </span><span>&#39;file/some othertext 1234&#39;</span>, <span>$outfile = </span>??? )</td><td title='C:\wamp64\www\deneme2\qrencode.php' bgcolor='#eeeeec'>...\qrencode.php<b>:</b>485</td></tr>
<tr><td bgcolor='#eeeeec' align='center'>5</td><td bgcolor='#eeeeec' align='center'>0.0018</td><td bgcolor='#eeeeec' align='right'>381496</td><td bgcolor='#eeeeec'>QRcode->encodeString( <span>$string = </span><span>&#39;file/some othertext 1234&#39;</span>, <span>$version = </span><span>0</span>, <span>$level = </span><span>0</span>, <span>$hint = </span><span>2</span>, <span>$casesensitive = </span><span>TRUE</span> )</td><td title='C:\wamp64\www\deneme2\qrencode.php' bgcolor='#eeeeec'>...\qrencode.php<b>:</b>467</td></tr>
<tr><td bgcolor='#eeeeec' align='center'>6</td><td bgcolor='#eeeeec' align='center'>0.0021</td><td bgcolor='#eeeeec' align='right'>384312</td><td bgcolor='#eeeeec'>QRcode->encodeInput( <span>$input = </span><span>class QRinput { public $items = [0 =&gt; class QRinputItem { ... }]; private $version = 2; private $level = 0 }</span> )</td><td title='C:\wamp64\www\deneme2\qrencode.php' bgcolor='#eeeeec'>...\qrencode.php<b>:</b>279</td></tr>
<tr><td bgcolor='#eeeeec' align='center'>7</td><td bgcolor='#eeeeec' align='center'>0.0021</td><td bgcolor='#eeeeec' align='right'>384312</td><td bgcolor='#eeeeec'>QRcode->encodeMask( <span>$input = </span><span>class QRinput { public $items = [0 =&gt; class QRinputItem { ... }]; private $version = 2; private $level = 0 }</span>, <span>$mask = </span><span>-1</span> )</td><td title='C:\wamp64\www\deneme2\qrencode.php' bgcolor='#eeeeec'>...\qrencode.php<b>:</b>240</td></tr>
<tr><td bgcolor='#eeeeec' align='center'>8</td><td bgcolor='#eeeeec' align='center'>0.0111</td><td bgcolor='#eeeeec' align='right'>443288</td><td bgcolor='#eeeeec'>QRmask->mask( <span>$width = </span><span>25</span>, <span>$frame = </span><span>[0 =&gt; &#39;¡¡¡¡¡¡¡¿Ñ\002\002\002\003\003\003\003\003¿¡¡¡¡¡¡¡&#39;, 1 =&gt; &#39;¡¿¿¿¿¿¡¿Ñ\002\002\003\002\002\002\002\003¿¡¿¿¿¿¿¡&#39;, 2 =&gt; &#39;¡¿¡¡¡¿¡¿Ñ\002\003\003\003\002\002\002\003¿¡¿¡¡¡¿¡&#39;, 3 =&gt; &#39;¡¿¡¡¡¿¡¿Ñ\002\002\003\003\003\003\002\002¿¡¿¡¡¡¿¡&#39;, 4 =&gt; &#39;¡¿¡¡¡¿¡¿Ñ\003\003\002\002\002\003\003\003¿¡¿¡¡¡¿¡&#39;, 5 =&gt; &#39;¡¿¿¿¿¿¡¿Ñ\003\003\002\003\002\003\002\002¿¡¿¿¿¿¿¡&#39;, 6 =&gt; &#39;¡¡¡¡¡¡¡¿ëêëêëêëêë¿¡¡¡¡¡¡¡&#39;, 7 =&gt; &#39;¿¿¿¿¿¿¿¿Ñ\003\002\002\002\002\002\002\003¿¿¿¿¿¿¿¿&#39;, 8 =&gt; &#39;ÑÑÑÑÑÑëÑÑ\002\003\002\002\003\002\002\003ÑÑÑÑÑÑÑÑ&#39;, 9 =&gt; &#39;\002\002\002\002\002\002ê\003\003\002\002\002\003\002\002\003\003\002\003\002\002\003\003\002\003&#39;, 10 =&gt; &#39;\003\003\003\002\003\003ë\002\003\002\002\003\002\002\002\002\002\002\002\003\002\002\002\003\002&#39;, 11 =&gt; &#39;\002\003\002\003\002\002ê\003\002\002\003\003\003\002\002\003\002\002\002\003\002\003\002\003\002&#39;, 12 =&gt; &#39;\003\002\002\002\002\002ë\002\002\002\002\003\003\003\002\002\003\003\002\002\003\002\003\002\003&#39;, 13 =&gt; &#39;\002\003\002\002\002\003ê\002\003\002\003\002\002\002\003\003\003\002\003\003\002\003\002\002\003&#39;, 14 =&gt; &#39;\002\002\002\003\002\003ë\002\003\002\002\002\003\002\002\002\003\003\003\003\002\003\002\003\002&#39;, 15 =&gt; &#39;\002\002\003\002\003\003ê\002\002\003\002\002\002\002\003\002\003\003\003\003\003\002\002\002\003&#39;, 16 =&gt; &#39;\002\002\002\003\003\003ë\003\003\003\003\002\002\003\002\002°°°°°\002\003\003\002&#39;, 17 =&gt; &#39;¿¿¿¿¿¿¿¿Å\002\003\002\003\002\003\002°†††°\003\003\002\003&#39;, 18 =&gt; &#39;¡¡¡¡¡¡¡¿Ñ\002\002\003\002\003\002\003°†°†°\003\003\003\002&#39;, 19 =&gt; &#39;¡¿¿¿¿¿¡¿Ñ\002\003\003\003\002\002\003°†††°\003\002\002\002&#39;, 20 =&gt; &#39;¡¿¡¡¡¿¡¿Ñ\002\003\003\002\003\002\002°°°°°\003\003\002\003&#39;, 21 =&gt; &#39;¡¿¡¡¡¿¡¿Ñ\002\002\002\002\002\003\002\002\003\002\002\003\002\002\003\002&#39;, 22 =&gt; &#39;¡¿¡¡¡¿¡¿Ñ\002\003\002\002\003\002\002\003\003\003\003\002\003\003\002\002&#39;, 23 =&gt; &#39;¡¿¿¿¿¿¡¿Ñ\003\002\002\003\002\003\002\003\003\002\003\003\003\002\002\002&#39;, 24 =&gt; &#39;¡¡¡¡¡¡¡¿Ñ\002\002\002\003\003\002\003\002\002\002\003\003\002\003\003\002&#39;]</span>, <span>$level = </span><span>0</span> )</td><td title='C:\wamp64\www\deneme2\qrencode.php' bgcolor='#eeeeec'>...\qrencode.php<b>:</b>216</td></tr>
<tr><td bgcolor='#eeeeec' align='center'>9</td><td bgcolor='#eeeeec' align='center'>0.0581</td><td bgcolor='#eeeeec' align='right'>512936</td><td bgcolor='#eeeeec'>QRmask->makeMaskNo( <span>$maskNo = </span><span>3</span>, <span>$width = </span><span>25</span>, <span>$s = </span><span>[0 =&gt; &#39;¡¡¡¡¡¡¡¿Ñ\002\002\002\003\003\003\003\003¿¡¡¡¡¡¡¡&#39;, 1 =&gt; &#39;¡¿¿¿¿¿¡¿Ñ\002\002\003\002\002\002\002\003¿¡¿¿¿¿¿¡&#39;, 2 =&gt; &#39;¡¿¡¡¡¿¡¿Ñ\002\003\003\003\002\002\002\003¿¡¿¡¡¡¿¡&#39;, 3 =&gt; &#39;¡¿¡¡¡¿¡¿Ñ\002\002\003\003\003\003\002\002¿¡¿¡¡¡¿¡&#39;, 4 =&gt; &#39;¡¿¡¡¡¿¡¿Ñ\003\003\002\002\002\003\003\003¿¡¿¡¡¡¿¡&#39;, 5 =&gt; &#39;¡¿¿¿¿¿¡¿Ñ\003\003\002\003\002\003\002\002¿¡¿¿¿¿¿¡&#39;, 6 =&gt; &#39;¡¡¡¡¡¡¡¿ëêëêëêëêë¿¡¡¡¡¡¡¡&#39;, 7 =&gt; &#39;¿¿¿¿¿¿¿¿Ñ\003\002\002\002\002\002\002\003¿¿¿¿¿¿¿¿&#39;, 8 =&gt; &#39;ÑÑÑÑÑÑëÑÑ\002\003\002\002\003\002\002\003ÑÑÑÑÑÑÑÑ&#39;, 9 =&gt; &#39;\002\002\002\002\002\002ê\003\003\002\002\002\003\002\002\003\003\002\003\002\002\003\003\002\003&#39;, 10 =&gt; &#39;\003\003\003\002\003\003ë\002\003\002\002\003\002\002\002\002\002\002\002\003\002\002\002\003\002&#39;, 11 =&gt; &#39;\002\003\002\003\002\002ê\003\002\002\003\003\003\002\002\003\002\002\002\003\002\003\002\003\002&#39;, 12 =&gt; &#39;\003\002\002\002\002\002ë\002\002\002\002\003\003\003\002\002\003\003\002\002\003\002\003\002\003&#39;, 13 =&gt; &#39;\002\003\002\002\002\003ê\002\003\002\003\002\002\002\003\003\003\002\003\003\002\003\002\002\003&#39;, 14 =&gt; &#39;\002\002\002\003\002\003ë\002\003\002\002\002\003\002\002\002\003\003\003\003\002\003\002\003\002&#39;, 15 =&gt; &#39;\002\002\003\002\003\003ê\002\002\003\002\002\002\002\003\002\003\003\003\003\003\002\002\002\003&#39;, 16 =&gt; &#39;\002\002\002\003\003\003ë\003\003\003\003\002\002\003\002\002°°°°°\002\003\003\002&#39;, 17 =&gt; &#39;¿¿¿¿¿¿¿¿Å\002\003\002\003\002\003\002°†††°\003\003\002\003&#39;, 18 =&gt; &#39;¡¡¡¡¡¡¡¿Ñ\002\002\003\002\003\002\003°†°†°\003\003\003\002&#39;, 19 =&gt; &#39;¡¿¿¿¿¿¡¿Ñ\002\003\003\003\002\002\003°†††°\003\002\002\002&#39;, 20 =&gt; &#39;¡¿¡¡¡¿¡¿Ñ\002\003\003\002\003\002\002°°°°°\003\003\002\003&#39;, 21 =&gt; &#39;¡¿¡¡¡¿¡¿Ñ\002\002\002\002\002\003\002\002\003\002\002\003\002\002\003\002&#39;, 22 =&gt; &#39;¡¿¡¡¡¿¡¿Ñ\002\003\002\002\003\002\002\003\003\003\003\002\003\003\002\002&#39;, 23 =&gt; &#39;¡¿¿¿¿¿¡¿Ñ\003\002\002\003\002\003\002\003\003\002\003\003\003\002\002\002&#39;, 24 =&gt; &#39;¡¡¡¡¡¡¡¿Ñ\002\002\002\003\003\002\003\002\002\002\003\003\002\003\003\002&#39;]</span>, <span>$d = </span><span>[0 =&gt; &#39;\000\000\000\000\000\000\000\000\000\000\000\000\000\000\000\000\000\000\000\000\000\000\000\000\000&#39;, 1 =&gt; &#39;\000\000\000\000\000\000\000\000\000\000\000\000\000\000\000\000\000\000\000\000\000\000\000\000\000&#39;, 2 =&gt; &#39;\000\000\000\000\000\000\000\000\000\000\000\000\000\000\000\000\000\000\000\000\000\000\000\000\000&#39;, 3 =&gt; &#39;\000\000\000\000\000\000\000\000\000\000\000\000\000\000\000\000\000\000\000\000\000\000\000\000\000&#39;, 4 =&gt; &#39;\000\000\000\000\000\000\000\000\000\000\000\000\000\000\000\000\000\000\000\000\000\000\000\000\000&#39;, 5 =&gt; &#39;\000\000\000\000\000\000\000\000\000\000\000\000\000\000\000\000\000\000\000\000\000\000\000\000\000&#39;, 6 =&gt; &#39;\000\000\000\000\000\000\000\000\000\000\000\000\000\000\000\000\000\000\000\000\000\000\000\000\000&#39;, 7 =&gt; &#39;\000\000\000\000\000\000\000\000\000\000\000\000\000\000\000\000\000\000\000\000\000\000\000\000\000&#39;, 8 =&gt; &#39;\000\000\000\000\000\000\000\000\000\000\000\000\000\000\000\000\000\000\000\000\000\000\000\000\000&#39;, 9 =&gt; &#39;\000\000\000\000\000\000\000\000\000\000\000\000\000\000\000\000\000\000\000\000\000\000\000\000\000&#39;, 10 =&gt; &#39;\000\000\000\000\000\000\000\000\000\000\000\000\000\000\000\000\000\000\000\000\000\000\000\000\000&#39;, 11 =&gt; &#39;\000\000\000\000\000\000\000\000\000\000\000\000\000\000\000\000\000\000\000\000\000\000\000\000\000&#39;, 12 =&gt; &#39;\000\000\000\000\000\000\000\000\000\000\000\000\000\000\000\000\000\000\000\000\000\000\000\000\000&#39;, 13 =&gt; &#39;\000\000\000\000\000\000\000\000\000\000\000\000\000\000\000\000\000\000\000\000\000\000\000\000\000&#39;, 14 =&gt; &#39;\000\000\000\000\000\000\000\000\000\000\000\000\000\000\000\000\000\000\000\000\000\000\000\000\000&#39;, 15 =&gt; &#39;\000\000\000\000\000\000\000\000\000\000\000\000\000\000\000\000\000\000\000\000\000\000\000\000\000&#39;, 16 =&gt; &#39;\000\000\000\000\000\000\000\000\000\000\000\000\000\000\000\000\000\000\000\000\000\000\000\000\000&#39;, 17 =&gt; &#39;\000\000\000\000\000\000\000\000\000\000\000\000\000\000\000\000\000\000\000\000\000\000\000\000\000&#39;, 18 =&gt; &#39;\000\000\000\000\000\000\000\000\000\000\000\000\000\000\000\000\000\000\000\000\000\000\000\000\000&#39;, 19 =&gt; &#39;\000\000\000\000\000\000\000\000\000\000\000\000\000\000\000\000\000\000\000\000\000\000\000\000\000&#39;, 20 =&gt; &#39;\000\000\000\000\000\000\000\000\000\000\000\000\000\000\000\000\000\000\000\000\000\000\000\000\000&#39;, 21 =&gt; &#39;\000\000\000\000\000\000\000\000\000\000\000\000\000\000\000\000\000\000\000\000\000\000\000\000\000&#39;, 22 =&gt; &#39;\000\000\000\000\000\000\000\000\000\000\000\000\000\000\000\000\000\000\000\000\000\000\000\000\000&#39;, 23 =&gt; &#39;\000\000\000\000\000\000\000\000\000\000\000\000\000\000\000\000\000\000\000\000\000\000\000\000\000&#39;, 24 =&gt; &#39;\000\000\000\000\000\000\000\000\000\000\000\000\000\000\000\000\000\000\000\000\000\000\000\000\000&#39;]</span>, <span>$maskGenOnly = </span>??? )</td><td title='C:\wamp64\www\deneme2\qrmask.php' bgcolor='#eeeeec'>...\qrmask.php<b>:</b>311</td></tr>
<tr><td bgcolor='#eeeeec' align='center'>10</td><td bgcolor='#eeeeec' align='center'>0.0593</td><td bgcolor='#eeeeec' align='right'>547816</td><td bgcolor='#eeeeec'><a href='http://www.php.net/function.mkdir' target='_new'>mkdir</a>( <span>$pathname = </span><span>&#39;C:\\wamp64\\www\\deneme2\\cache\\mask_3&#39;</span> )</td><td title='C:\wamp64\www\deneme2\qrmask.php' bgcolor='#eeeeec'>...\qrmask.php<b>:</b>154</td></tr>
</table></font>
<br />
<font size='1'><table class='xdebug-error xe-warning' dir='ltr' border='1' cellspacing='0' cellpadding='1'>
<tr><th align='left' bgcolor='#f57900' colspan="5"><span style='background-color: #cc0000; color: #fce94f; font-size: x-large;'>( ! )</span> Warning: file_put_contents(C:\wamp64\www\deneme2\cache\mask_3\mask_25_3.dat): failed to open stream: No such file or directory in C:\wamp64\www\deneme2\qrmask.php on line <i>155</i></th></tr>
<tr><th align='left' bgcolor='#e9b96e' colspan='5'>Call Stack</th></tr>
<tr><th align='center' bgcolor='#eeeeec'>#</th><th align='left' bgcolor='#eeeeec'>Time</th><th align='left' bgcolor='#eeeeec'>Memory</th><th align='left' bgcolor='#eeeeec'>Function</th><th align='left' bgcolor='#eeeeec'>Location</th></tr>
<tr><td bgcolor='#eeeeec' align='center'>1</td><td bgcolor='#eeeeec' align='center'>0.0004</td><td bgcolor='#eeeeec' align='right'>362216</td><td bgcolor='#eeeeec'>{main}(  )</td><td title='C:\wamp64\www\deneme2\index.php' bgcolor='#eeeeec'>...\index.php<b>:</b>0</td></tr>
<tr><td bgcolor='#eeeeec' align='center'>2</td><td bgcolor='#eeeeec' align='center'>0.0018</td><td bgcolor='#eeeeec' align='right'>364696</td><td bgcolor='#eeeeec'>QRcode::png( <span>$text = </span><span>&#39;file/some othertext 1234&#39;</span>, <span>$outfile = </span>???, <span>$level = </span>???, <span>$size = </span>???, <span>$margin = </span>???, <span>$saveandprint = </span>??? )</td><td title='C:\wamp64\www\deneme2\index.php' bgcolor='#eeeeec'>...\index.php<b>:</b>4</td></tr>
<tr><td bgcolor='#eeeeec' align='center'>3</td><td bgcolor='#eeeeec' align='center'>0.0018</td><td bgcolor='#eeeeec' align='right'>364888</td><td bgcolor='#eeeeec'>QRencode->encodePNG( <span>$intext = </span><span>&#39;file/some othertext 1234&#39;</span>, <span>$outfile = </span><span>FALSE</span>, <span>$saveandprint = </span><span>FALSE</span> )</td><td title='C:\wamp64\www\deneme2\qrencode.php' bgcolor='#eeeeec'>...\qrencode.php<b>:</b>286</td></tr>
<tr><td bgcolor='#eeeeec' align='center'>4</td><td bgcolor='#eeeeec' align='center'>0.0018</td><td bgcolor='#eeeeec' align='right'>381400</td><td bgcolor='#eeeeec'>QRencode->encode( <span>$intext = </span><span>&#39;file/some othertext 1234&#39;</span>, <span>$outfile = </span>??? )</td><td title='C:\wamp64\www\deneme2\qrencode.php' bgcolor='#eeeeec'>...\qrencode.php<b>:</b>485</td></tr>
<tr><td bgcolor='#eeeeec' align='center'>5</td><td bgcolor='#eeeeec' align='center'>0.0018</td><td bgcolor='#eeeeec' align='right'>381496</td><td bgcolor='#eeeeec'>QRcode->encodeString( <span>$string = </span><span>&#39;file/some othertext 1234&#39;</span>, <span>$version = </span><span>0</span>, <span>$level = </span><span>0</span>, <span>$hint = </span><span>2</span>, <span>$casesensitive = </span><span>TRUE</span> )</td><td title='C:\wamp64\www\deneme2\qrencode.php' bgcolor='#eeeeec'>...\qrencode.php<b>:</b>467</td></tr>
<tr><td bgcolor='#eeeeec' align='center'>6</td><td bgcolor='#eeeeec' align='center'>0.0021</td><td bgcolor='#eeeeec' align='right'>384312</td><td bgcolor='#eeeeec'>QRcode->encodeInput( <span>$input = </span><span>class QRinput { public $items = [0 =&gt; class QRinputItem { ... }]; private $version = 2; private $level = 0 }</span> )</td><td title='C:\wamp64\www\deneme2\qrencode.php' bgcolor='#eeeeec'>...\qrencode.php<b>:</b>279</td></tr>
<tr><td bgcolor='#eeeeec' align='center'>7</td><td bgcolor='#eeeeec' align='center'>0.0021</td><td bgcolor='#eeeeec' align='right'>384312</td><td bgcolor='#eeeeec'>QRcode->encodeMask( <span>$input = </span><span>class QRinput { public $items = [0 =&gt; class QRinputItem { ... }]; private $version = 2; private $level = 0 }</span>, <span>$mask = </span><span>-1</span> )</td><td title='C:\wamp64\www\deneme2\qrencode.php' bgcolor='#eeeeec'>...\qrencode.php<b>:</b>240</td></tr>
<tr><td bgcolor='#eeeeec' align='center'>8</td><td bgcolor='#eeeeec' align='center'>0.0111</td><td bgcolor='#eeeeec' align='right'>443288</td><td bgcolor='#eeeeec'>QRmask->mask( <span>$width = </span><span>25</span>, <span>$frame = </span><span>[0 =&gt; &#39;¡¡¡¡¡¡¡¿Ñ\002\002\002\003\003\003\003\003¿¡¡¡¡¡¡¡&#39;, 1 =&gt; &#39;¡¿¿¿¿¿¡¿Ñ\002\002\003\002\002\002\002\003¿¡¿¿¿¿¿¡&#39;, 2 =&gt; &#39;¡¿¡¡¡¿¡¿Ñ\002\003\003\003\002\002\002\003¿¡¿¡¡¡¿¡&#39;, 3 =&gt; &#39;¡¿¡¡¡¿¡¿Ñ\002\002\003\003\003\003\002\002¿¡¿¡¡¡¿¡&#39;, 4 =&gt; &#39;¡¿¡¡¡¿¡¿Ñ\003\003\002\002\002\003\003\003¿¡¿¡¡¡¿¡&#39;, 5 =&gt; &#39;¡¿¿¿¿¿¡¿Ñ\003\003\002\003\002\003\002\002¿¡¿¿¿¿¿¡&#39;, 6 =&gt; &#39;¡¡¡¡¡¡¡¿ëêëêëêëêë¿¡¡¡¡¡¡¡&#39;, 7 =&gt; &#39;¿¿¿¿¿¿¿¿Ñ\003\002\002\002\002\002\002\003¿¿¿¿¿¿¿¿&#39;, 8 =&gt; &#39;ÑÑÑÑÑÑëÑÑ\002\003\002\002\003\002\002\003ÑÑÑÑÑÑÑÑ&#39;, 9 =&gt; &#39;\002\002\002\002\002\002ê\003\003\002\002\002\003\002\002\003\003\002\003\002\002\003\003\002\003&#39;, 10 =&gt; &#39;\003\003\003\002\003\003ë\002\003\002\002\003\002\002\002\002\002\002\002\003\002\002\002\003\002&#39;, 11 =&gt; &#39;\002\003\002\003\002\002ê\003\002\002\003\003\003\002\002\003\002\002\002\003\002\003\002\003\002&#39;, 12 =&gt; &#39;\003\002\002\002\002\002ë\002\002\002\002\003\003\003\002\002\003\003\002\002\003\002\003\002\003&#39;, 13 =&gt; &#39;\002\003\002\002\002\003ê\002\003\002\003\002\002\002\003\003\003\002\003\003\002\003\002\002\003&#39;, 14 =&gt; &#39;\002\002\002\003\002\003ë\002\003\002\002\002\003\002\002\002\003\003\003\003\002\003\002\003\002&#39;, 15 =&gt; &#39;\002\002\003\002\003\003ê\002\002\003\002\002\002\002\003\002\003\003\003\003\003\002\002\002\003&#39;, 16 =&gt; &#39;\002\002\002\003\003\003ë\003\003\003\003\002\002\003\002\002°°°°°\002\003\003\002&#39;, 17 =&gt; &#39;¿¿¿¿¿¿¿¿Å\002\003\002\003\002\003\002°†††°\003\003\002\003&#39;, 18 =&gt; &#39;¡¡¡¡¡¡¡¿Ñ\002\002\003\002\003\002\003°†°†°\003\003\003\002&#39;, 19 =&gt; &#39;¡¿¿¿¿¿¡¿Ñ\002\003\003\003\002\002\003°†††°\003\002\002\002&#39;, 20 =&gt; &#39;¡¿¡¡¡¿¡¿Ñ\002\003\003\002\003\002\002°°°°°\003\003\002\003&#39;, 21 =&gt; &#39;¡¿¡¡¡¿¡¿Ñ\002\002\002\002\002\003\002\002\003\002\002\003\002\002\003\002&#39;, 22 =&gt; &#39;¡¿¡¡¡¿¡¿Ñ\002\003\002\002\003\002\002\003\003\003\003\002\003\003\002\002&#39;, 23 =&gt; &#39;¡¿¿¿¿¿¡¿Ñ\003\002\002\003\002\003\002\003\003\002\003\003\003\002\002\002&#39;, 24 =&gt; &#39;¡¡¡¡¡¡¡¿Ñ\002\002\002\003\003\002\003\002\002\002\003\003\002\003\003\002&#39;]</span>, <span>$level = </span><span>0</span> )</td><td title='C:\wamp64\www\deneme2\qrencode.php' bgcolor='#eeeeec'>...\qrencode.php<b>:</b>216</td></tr>
<tr><td bgcolor='#eeeeec' align='center'>9</td><td bgcolor='#eeeeec' align='center'>0.0581</td><td bgcolor='#eeeeec' align='right'>512936</td><td bgcolor='#eeeeec'>QRmask->makeMaskNo( <span>$maskNo = </span><span>3</span>, <span>$width = </span><span>25</span>, <span>$s = </span><span>[0 =&gt; &#39;¡¡¡¡¡¡¡¿Ñ\002\002\002\003\003\003\003\003¿¡¡¡¡¡¡¡&#39;, 1 =&gt; &#39;¡¿¿¿¿¿¡¿Ñ\002\002\003\002\002\002\002\003¿¡¿¿¿¿¿¡&#39;, 2 =&gt; &#39;¡¿¡¡¡¿¡¿Ñ\002\003\003\003\002\002\002\003¿¡¿¡¡¡¿¡&#39;, 3 =&gt; &#39;¡¿¡¡¡¿¡¿Ñ\002\002\003\003\003\003\002\002¿¡¿¡¡¡¿¡&#39;, 4 =&gt; &#39;¡¿¡¡¡¿¡¿Ñ\003\003\002\002\002\003\003\003¿¡¿¡¡¡¿¡&#39;, 5 =&gt; &#39;¡¿¿¿¿¿¡¿Ñ\003\003\002\003\002\003\002\002¿¡¿¿¿¿¿¡&#39;, 6 =&gt; &#39;¡¡¡¡¡¡¡¿ëêëêëêëêë¿¡¡¡¡¡¡¡&#39;, 7 =&gt; &#39;¿¿¿¿¿¿¿¿Ñ\003\002\002\002\002\002\002\003¿¿¿¿¿¿¿¿&#39;, 8 =&gt; &#39;ÑÑÑÑÑÑëÑÑ\002\003\002\002\003\002\002\003ÑÑÑÑÑÑÑÑ&#39;, 9 =&gt; &#39;\002\002\002\002\002\002ê\003\003\002\002\002\003\002\002\003\003\002\003\002\002\003\003\002\003&#39;, 10 =&gt; &#39;\003\003\003\002\003\003ë\002\003\002\002\003\002\002\002\002\002\002\002\003\002\002\002\003\002&#39;, 11 =&gt; &#39;\002\003\002\003\002\002ê\003\002\002\003\003\003\002\002\003\002\002\002\003\002\003\002\003\002&#39;, 12 =&gt; &#39;\003\002\002\002\002\002ë\002\002\002\002\003\003\003\002\002\003\003\002\002\003\002\003\002\003&#39;, 13 =&gt; &#39;\002\003\002\002\002\003ê\002\003\002\003\002\002\002\003\003\003\002\003\003\002\003\002\002\003&#39;, 14 =&gt; &#39;\002\002\002\003\002\003ë\002\003\002\002\002\003\002\002\002\003\003\003\003\002\003\002\003\002&#39;, 15 =&gt; &#39;\002\002\003\002\003\003ê\002\002\003\002\002\002\002\003\002\003\003\003\003\003\002\002\002\003&#39;, 16 =&gt; &#39;\002\002\002\003\003\003ë\003\003\003\003\002\002\003\002\002°°°°°\002\003\003\002&#39;, 17 =&gt; &#39;¿¿¿¿¿¿¿¿Å\002\003\002\003\002\003\002°†††°\003\003\002\003&#39;, 18 =&gt; &#39;¡¡¡¡¡¡¡¿Ñ\002\002\003\002\003\002\003°†°†°\003\003\003\002&#39;, 19 =&gt; &#39;¡¿¿¿¿¿¡¿Ñ\002\003\003\003\002\002\003°†††°\003\002\002\002&#39;, 20 =&gt; &#39;¡¿¡¡¡¿¡¿Ñ\002\003\003\002\003\002\002°°°°°\003\003\002\003&#39;, 21 =&gt; &#39;¡¿¡¡¡¿¡¿Ñ\002\002\002\002\002\003\002\002\003\002\002\003\002\002\003\002&#39;, 22 =&gt; &#39;¡¿¡¡¡¿¡¿Ñ\002\003\002\002\003\002\002\003\003\003\003\002\003\003\002\002&#39;, 23 =&gt; &#39;¡¿¿¿¿¿¡¿Ñ\003\002\002\003\002\003\002\003\003\002\003\003\003\002\002\002&#39;, 24 =&gt; &#39;¡¡¡¡¡¡¡¿Ñ\002\002\002\003\003\002\003\002\002\002\003\003\002\003\003\002&#39;]</span>, <span>$d = </span><span>[0 =&gt; &#39;\000\000\000\000\000\000\000\000\000\000\000\000\000\000\000\000\000\000\000\000\000\000\000\000\000&#39;, 1 =&gt; &#39;\000\000\000\000\000\000\000\000\000\000\000\000\000\000\000\000\000\000\000\000\000\000\000\000\000&#39;, 2 =&gt; &#39;\000\000\000\000\000\000\000\000\000\000\000\000\000\000\000\000\000\000\000\000\000\000\000\000\000&#39;, 3 =&gt; &#39;\000\000\000\000\000\000\000\000\000\000\000\000\000\000\000\000\000\000\000\000\000\000\000\000\000&#39;, 4 =&gt; &#39;\000\000\000\000\000\000\000\000\000\000\000\000\000\000\000\000\000\000\000\000\000\000\000\000\000&#39;, 5 =&gt; &#39;\000\000\000\000\000\000\000\000\000\000\000\000\000\000\000\000\000\000\000\000\000\000\000\000\000&#39;, 6 =&gt; &#39;\000\000\000\000\000\000\000\000\000\000\000\000\000\000\000\000\000\000\000\000\000\000\000\000\000&#39;, 7 =&gt; &#39;\000\000\000\000\000\000\000\000\000\000\000\000\000\000\000\000\000\000\000\000\000\000\000\000\000&#39;, 8 =&gt; &#39;\000\000\000\000\000\000\000\000\000\000\000\000\000\000\000\000\000\000\000\000\000\000\000\000\000&#39;, 9 =&gt; &#39;\000\000\000\000\000\000\000\000\000\000\000\000\000\000\000\000\000\000\000\000\000\000\000\000\000&#39;, 10 =&gt; &#39;\000\000\000\000\000\000\000\000\000\000\000\000\000\000\000\000\000\000\000\000\000\000\000\000\000&#39;, 11 =&gt; &#39;\000\000\000\000\000\000\000\000\000\000\000\000\000\000\000\000\000\000\000\000\000\000\000\000\000&#39;, 12 =&gt; &#39;\000\000\000\000\000\000\000\000\000\000\000\000\000\000\000\000\000\000\000\000\000\000\000\000\000&#39;, 13 =&gt; &#39;\000\000\000\000\000\000\000\000\000\000\000\000\000\000\000\000\000\000\000\000\000\000\000\000\000&#39;, 14 =&gt; &#39;\000\000\000\000\000\000\000\000\000\000\000\000\000\000\000\000\000\000\000\000\000\000\000\000\000&#39;, 15 =&gt; &#39;\000\000\000\000\000\000\000\000\000\000\000\000\000\000\000\000\000\000\000\000\000\000\000\000\000&#39;, 16 =&gt; &#39;\000\000\000\000\000\000\000\000\000\000\000\000\000\000\000\000\000\000\000\000\000\000\000\000\000&#39;, 17 =&gt; &#39;\000\000\000\000\000\000\000\000\000\000\000\000\000\000\000\000\000\000\000\000\000\000\000\000\000&#39;, 18 =&gt; &#39;\000\000\000\000\000\000\000\000\000\000\000\000\000\000\000\000\000\000\000\000\000\000\000\000\000&#39;, 19 =&gt; &#39;\000\000\000\000\000\000\000\000\000\000\000\000\000\000\000\000\000\000\000\000\000\000\000\000\000&#39;, 20 =&gt; &#39;\000\000\000\000\000\000\000\000\000\000\000\000\000\000\000\000\000\000\000\000\000\000\000\000\000&#39;, 21 =&gt; &#39;\000\000\000\000\000\000\000\000\000\000\000\000\000\000\000\000\000\000\000\000\000\000\000\000\000&#39;, 22 =&gt; &#39;\000\000\000\000\000\000\000\000\000\000\000\000\000\000\000\000\000\000\000\000\000\000\000\000\000&#39;, 23 =&gt; &#39;\000\000\000\000\000\000\000\000\000\000\000\000\000\000\000\000\000\000\000\000\000\000\000\000\000&#39;, 24 =&gt; &#39;\000\000\000\000\000\000\000\000\000\000\000\000\000\000\000\000\000\000\000\000\000\000\000\000\000&#39;]</span>, <span>$maskGenOnly = </span>??? )</td><td title='C:\wamp64\www\deneme2\qrmask.php' bgcolor='#eeeeec'>...\qrmask.php<b>:</b>311</td></tr>
<tr><td bgcolor='#eeeeec' align='center'>10</td><td bgcolor='#eeeeec' align='center'>0.0627</td><td bgcolor='#eeeeec' align='right'>564248</td><td bgcolor='#eeeeec'><a href='http://www.php.net/function.file-put-contents' target='_new'>file_put_contents</a>( <span>$filename = </span><span>&#39;C:\\wamp64\\www\\deneme2\\cache\\mask_3\\mask_25_3.dat&#39;</span>, <span>$data = </span><span>&#39;x⁄30Ä\002C\030Ç\002.\003\004@ë@ñA”ƒe@\033”–\001Y¶¡9Ühà\vS\bä∏pI\f†i0œqa\017\002C\\±\0005\rá&amp;íL3ƒe\032¬ß∏4·6\r\000Üvò&#39;</span> )</td><td title='C:\wamp64\www\deneme2\qrmask.php' bgcolor='#eeeeec'>...\qrmask.php<b>:</b>155</td></tr>
</table></font>
<br />
<font size='1'><table class='xdebug-error xe-warning' dir='ltr' border='1' cellspacing='0' cellpadding='1'>
<tr><th align='left' bgcolor='#f57900' colspan="5"><span style='background-color: #cc0000; color: #fce94f; font-size: x-large;'>( ! )</span> Warning: mkdir(): No such file or directory in C:\wamp64\www\deneme2\qrmask.php on line <i>154</i></th></tr>
<tr><th align='left' bgcolor='#e9b96e' colspan='5'>Call Stack</th></tr>
<tr><th align='center' bgcolor='#eeeeec'>#</th><th align='left' bgcolor='#eeeeec'>Time</th><th align='left' bgcolor='#eeeeec'>Memory</th><th align='left' bgcolor='#eeeeec'>Function</th><th align='left' bgcolor='#eeeeec'>Location</th></tr>
<tr><td bgcolor='#eeeeec' align='center'>1</td><td bgcolor='#eeeeec' align='center'>0.0004</td><td bgcolor='#eeeeec' align='right'>362216</td><td bgcolor='#eeeeec'>{main}(  )</td><td title='C:\wamp64\www\deneme2\index.php' bgcolor='#eeeeec'>...\index.php<b>:</b>0</td></tr>
<tr><td bgcolor='#eeeeec' align='center'>2</td><td bgcolor='#eeeeec' align='center'>0.0018</td><td bgcolor='#eeeeec' align='right'>364696</td><td bgcolor='#eeeeec'>QRcode::png( <span>$text = </span><span>&#39;file/some othertext 1234&#39;</span>, <span>$outfile = </span>???, <span>$level = </span>???, <span>$size = </span>???, <span>$margin = </span>???, <span>$saveandprint = </span>??? )</td><td title='C:\wamp64\www\deneme2\index.php' bgcolor='#eeeeec'>...\index.php<b>:</b>4</td></tr>
<tr><td bgcolor='#eeeeec' align='center'>3</td><td bgcolor='#eeeeec' align='center'>0.0018</td><td bgcolor='#eeeeec' align='right'>364888</td><td bgcolor='#eeeeec'>QRencode->encodePNG( <span>$intext = </span><span>&#39;file/some othertext 1234&#39;</span>, <span>$outfile = </span><span>FALSE</span>, <span>$saveandprint = </span><span>FALSE</span> )</td><td title='C:\wamp64\www\deneme2\qrencode.php' bgcolor='#eeeeec'>...\qrencode.php<b>:</b>286</td></tr>
<tr><td bgcolor='#eeeeec' align='center'>4</td><td bgcolor='#eeeeec' align='center'>0.0018</td><td bgcolor='#eeeeec' align='right'>381400</td><td bgcolor='#eeeeec'>QRencode->encode( <span>$intext = </span><span>&#39;file/some othertext 1234&#39;</span>, <span>$outfile = </span>??? )</td><td title='C:\wamp64\www\deneme2\qrencode.php' bgcolor='#eeeeec'>...\qrencode.php<b>:</b>485</td></tr>
<tr><td bgcolor='#eeeeec' align='center'>5</td><td bgcolor='#eeeeec' align='center'>0.0018</td><td bgcolor='#eeeeec' align='right'>381496</td><td bgcolor='#eeeeec'>QRcode->encodeString( <span>$string = </span><span>&#39;file/some othertext 1234&#39;</span>, <span>$version = </span><span>0</span>, <span>$level = </span><span>0</span>, <span>$hint = </span><span>2</span>, <span>$casesensitive = </span><span>TRUE</span> )</td><td title='C:\wamp64\www\deneme2\qrencode.php' bgcolor='#eeeeec'>...\qrencode.php<b>:</b>467</td></tr>
<tr><td bgcolor='#eeeeec' align='center'>6</td><td bgcolor='#eeeeec' align='center'>0.0021</td><td bgcolor='#eeeeec' align='right'>384312</td><td bgcolor='#eeeeec'>QRcode->encodeInput( <span>$input = </span><span>class QRinput { public $items = [0 =&gt; class QRinputItem { ... }]; private $version = 2; private $level = 0 }</span> )</td><td title='C:\wamp64\www\deneme2\qrencode.php' bgcolor='#eeeeec'>...\qrencode.php<b>:</b>279</td></tr>
<tr><td bgcolor='#eeeeec' align='center'>7</td><td bgcolor='#eeeeec' align='center'>0.0021</td><td bgcolor='#eeeeec' align='right'>384312</td><td bgcolor='#eeeeec'>QRcode->encodeMask( <span>$input = </span><span>class QRinput { public $items = [0 =&gt; class QRinputItem { ... }]; private $version = 2; private $level = 0 }</span>, <span>$mask = </span><span>-1</span> )</td><td title='C:\wamp64\www\deneme2\qrencode.php' bgcolor='#eeeeec'>...\qrencode.php<b>:</b>240</td></tr>
<tr><td bgcolor='#eeeeec' align='center'>8</td><td bgcolor='#eeeeec' align='center'>0.0111</td><td bgcolor='#eeeeec' align='right'>443288</td><td bgcolor='#eeeeec'>QRmask->mask( <span>$width = </span><span>25</span>, <span>$frame = </span><span>[0 =&gt; &#39;¡¡¡¡¡¡¡¿Ñ\002\002\002\003\003\003\003\003¿¡¡¡¡¡¡¡&#39;, 1 =&gt; &#39;¡¿¿¿¿¿¡¿Ñ\002\002\003\002\002\002\002\003¿¡¿¿¿¿¿¡&#39;, 2 =&gt; &#39;¡¿¡¡¡¿¡¿Ñ\002\003\003\003\002\002\002\003¿¡¿¡¡¡¿¡&#39;, 3 =&gt; &#39;¡¿¡¡¡¿¡¿Ñ\002\002\003\003\003\003\002\002¿¡¿¡¡¡¿¡&#39;, 4 =&gt; &#39;¡¿¡¡¡¿¡¿Ñ\003\003\002\002\002\003\003\003¿¡¿¡¡¡¿¡&#39;, 5 =&gt; &#39;¡¿¿¿¿¿¡¿Ñ\003\003\002\003\002\003\002\002¿¡¿¿¿¿¿¡&#39;, 6 =&gt; &#39;¡¡¡¡¡¡¡¿ëêëêëêëêë¿¡¡¡¡¡¡¡&#39;, 7 =&gt; &#39;¿¿¿¿¿¿¿¿Ñ\003\002\002\002\002\002\002\003¿¿¿¿¿¿¿¿&#39;, 8 =&gt; &#39;ÑÑÑÑÑÑëÑÑ\002\003\002\002\003\002\002\003ÑÑÑÑÑÑÑÑ&#39;, 9 =&gt; &#39;\002\002\002\002\002\002ê\003\003\002\002\002\003\002\002\003\003\002\003\002\002\003\003\002\003&#39;, 10 =&gt; &#39;\003\003\003\002\003\003ë\002\003\002\002\003\002\002\002\002\002\002\002\003\002\002\002\003\002&#39;, 11 =&gt; &#39;\002\003\002\003\002\002ê\003\002\002\003\003\003\002\002\003\002\002\002\003\002\003\002\003\002&#39;, 12 =&gt; &#39;\003\002\002\002\002\002ë\002\002\002\002\003\003\003\002\002\003\003\002\002\003\002\003\002\003&#39;, 13 =&gt; &#39;\002\003\002\002\002\003ê\002\003\002\003\002\002\002\003\003\003\002\003\003\002\003\002\002\003&#39;, 14 =&gt; &#39;\002\002\002\003\002\003ë\002\003\002\002\002\003\002\002\002\003\003\003\003\002\003\002\003\002&#39;, 15 =&gt; &#39;\002\002\003\002\003\003ê\002\002\003\002\002\002\002\003\002\003\003\003\003\003\002\002\002\003&#39;, 16 =&gt; &#39;\002\002\002\003\003\003ë\003\003\003\003\002\002\003\002\002°°°°°\002\003\003\002&#39;, 17 =&gt; &#39;¿¿¿¿¿¿¿¿Å\002\003\002\003\002\003\002°†††°\003\003\002\003&#39;, 18 =&gt; &#39;¡¡¡¡¡¡¡¿Ñ\002\002\003\002\003\002\003°†°†°\003\003\003\002&#39;, 19 =&gt; &#39;¡¿¿¿¿¿¡¿Ñ\002\003\003\003\002\002\003°†††°\003\002\002\002&#39;, 20 =&gt; &#39;¡¿¡¡¡¿¡¿Ñ\002\003\003\002\003\002\002°°°°°\003\003\002\003&#39;, 21 =&gt; &#39;¡¿¡¡¡¿¡¿Ñ\002\002\002\002\002\003\002\002\003\002\002\003\002\002\003\002&#39;, 22 =&gt; &#39;¡¿¡¡¡¿¡¿Ñ\002\003\002\002\003\002\002\003\003\003\003\002\003\003\002\002&#39;, 23 =&gt; &#39;¡¿¿¿¿¿¡¿Ñ\003\002\002\003\002\003\002\003\003\002\003\003\003\002\002\002&#39;, 24 =&gt; &#39;¡¡¡¡¡¡¡¿Ñ\002\002\002\003\003\002\003\002\002\002\003\003\002\003\003\002&#39;]</span>, <span>$level = </span><span>0</span> )</td><td title='C:\wamp64\www\deneme2\qrencode.php' bgcolor='#eeeeec'>...\qrencode.php<b>:</b>216</td></tr>
<tr><td bgcolor='#eeeeec' align='center'>9</td><td bgcolor='#eeeeec' align='center'>0.0749</td><td bgcolor='#eeeeec' align='right'>545704</td><td bgcolor='#eeeeec'>QRmask->makeMaskNo( <span>$maskNo = </span><span>4</span>, <span>$width = </span><span>25</span>, <span>$s = </span><span>[0 =&gt; &#39;¡¡¡¡¡¡¡¿Ñ\002\002\002\003\003\003\003\003¿¡¡¡¡¡¡¡&#39;, 1 =&gt; &#39;¡¿¿¿¿¿¡¿Ñ\002\002\003\002\002\002\002\003¿¡¿¿¿¿¿¡&#39;, 2 =&gt; &#39;¡¿¡¡¡¿¡¿Ñ\002\003\003\003\002\002\002\003¿¡¿¡¡¡¿¡&#39;, 3 =&gt; &#39;¡¿¡¡¡¿¡¿Ñ\002\002\003\003\003\003\002\002¿¡¿¡¡¡¿¡&#39;, 4 =&gt; &#39;¡¿¡¡¡¿¡¿Ñ\003\003\002\002\002\003\003\003¿¡¿¡¡¡¿¡&#39;, 5 =&gt; &#39;¡¿¿¿¿¿¡¿Ñ\003\003\002\003\002\003\002\002¿¡¿¿¿¿¿¡&#39;, 6 =&gt; &#39;¡¡¡¡¡¡¡¿ëêëêëêëêë¿¡¡¡¡¡¡¡&#39;, 7 =&gt; &#39;¿¿¿¿¿¿¿¿Ñ\003\002\002\002\002\002\002\003¿¿¿¿¿¿¿¿&#39;, 8 =&gt; &#39;ÑÑÑÑÑÑëÑÑ\002\003\002\002\003\002\002\003ÑÑÑÑÑÑÑÑ&#39;, 9 =&gt; &#39;\002\002\002\002\002\002ê\003\003\002\002\002\003\002\002\003\003\002\003\002\002\003\003\002\003&#39;, 10 =&gt; &#39;\003\003\003\002\003\003ë\002\003\002\002\003\002\002\002\002\002\002\002\003\002\002\002\003\002&#39;, 11 =&gt; &#39;\002\003\002\003\002\002ê\003\002\002\003\003\003\002\002\003\002\002\002\003\002\003\002\003\002&#39;, 12 =&gt; &#39;\003\002\002\002\002\002ë\002\002\002\002\003\003\003\002\002\003\003\002\002\003\002\003\002\003&#39;, 13 =&gt; &#39;\002\003\002\002\002\003ê\002\003\002\003\002\002\002\003\003\003\002\003\003\002\003\002\002\003&#39;, 14 =&gt; &#39;\002\002\002\003\002\003ë\002\003\002\002\002\003\002\002\002\003\003\003\003\002\003\002\003\002&#39;, 15 =&gt; &#39;\002\002\003\002\003\003ê\002\002\003\002\002\002\002\003\002\003\003\003\003\003\002\002\002\003&#39;, 16 =&gt; &#39;\002\002\002\003\003\003ë\003\003\003\003\002\002\003\002\002°°°°°\002\003\003\002&#39;, 17 =&gt; &#39;¿¿¿¿¿¿¿¿Å\002\003\002\003\002\003\002°†††°\003\003\002\003&#39;, 18 =&gt; &#39;¡¡¡¡¡¡¡¿Ñ\002\002\003\002\003\002\003°†°†°\003\003\003\002&#39;, 19 =&gt; &#39;¡¿¿¿¿¿¡¿Ñ\002\003\003\003\002\002\003°†††°\003\002\002\002&#39;, 20 =&gt; &#39;¡¿¡¡¡¿¡¿Ñ\002\003\003\002\003\002\002°°°°°\003\003\002\003&#39;, 21 =&gt; &#39;¡¿¡¡¡¿¡¿Ñ\002\002\002\002\002\003\002\002\003\002\002\003\002\002\003\002&#39;, 22 =&gt; &#39;¡¿¡¡¡¿¡¿Ñ\002\003\002\002\003\002\002\003\003\003\003\002\003\003\002\002&#39;, 23 =&gt; &#39;¡¿¿¿¿¿¡¿Ñ\003\002\002\003\002\003\002\003\003\002\003\003\003\002\002\002&#39;, 24 =&gt; &#39;¡¡¡¡¡¡¡¿Ñ\002\002\002\003\003\002\003\002\002\002\003\003\002\003\003\002&#39;]</span>, <span>$d = </span><span>[0 =&gt; &#39;\000\000\000\000\000\000\000\000\000\000\000\000\000\000\000\000\000\000\000\000\000\000\000\000\000&#39;, 1 =&gt; &#39;\000\000\000\000\000\000\000\000\000\000\000\000\000\000\000\000\000\000\000\000\000\000\000\000\000&#39;, 2 =&gt; &#39;\000\000\000\000\000\000\000\000\000\000\000\000\000\000\000\000\000\000\000\000\000\000\000\000\000&#39;, 3 =&gt; &#39;\000\000\000\000\000\000\000\000\000\000\000\000\000\000\000\000\000\000\000\000\000\000\000\000\000&#39;, 4 =&gt; &#39;\000\000\000\000\000\000\000\000\000\000\000\000\000\000\000\000\000\000\000\000\000\000\000\000\000&#39;, 5 =&gt; &#39;\000\000\000\000\000\000\000\000\000\000\000\000\000\000\000\000\000\000\000\000\000\000\000\000\000&#39;, 6 =&gt; &#39;\000\000\000\000\000\000\000\000\000\000\000\000\000\000\000\000\000\000\000\000\000\000\000\000\000&#39;, 7 =&gt; &#39;\000\000\000\000\000\000\000\000\000\000\000\000\000\000\000\000\000\000\000\000\000\000\000\000\000&#39;, 8 =&gt; &#39;\000\000\000\000\000\000\000\000\000\000\000\000\000\000\000\000\000\000\000\000\000\000\000\000\000&#39;, 9 =&gt; &#39;\000\000\000\000\000\000\000\000\000\000\000\000\000\000\000\000\000\000\000\000\000\000\000\000\000&#39;, 10 =&gt; &#39;\000\000\000\000\000\000\000\000\000\000\000\000\000\000\000\000\000\000\000\000\000\000\000\000\000&#39;, 11 =&gt; &#39;\000\000\000\000\000\000\000\000\000\000\000\000\000\000\000\000\000\000\000\000\000\000\000\000\000&#39;, 12 =&gt; &#39;\000\000\000\000\000\000\000\000\000\000\000\000\000\000\000\000\000\000\000\000\000\000\000\000\000&#39;, 13 =&gt; &#39;\000\000\000\000\000\000\000\000\000\000\000\000\000\000\000\000\000\000\000\000\000\000\000\000\000&#39;, 14 =&gt; &#39;\000\000\000\000\000\000\000\000\000\000\000\000\000\000\000\000\000\000\000\000\000\000\000\000\000&#39;, 15 =&gt; &#39;\000\000\000\000\000\000\000\000\000\000\000\000\000\000\000\000\000\000\000\000\000\000\000\000\000&#39;, 16 =&gt; &#39;\000\000\000\000\000\000\000\000\000\000\000\000\000\000\000\000\000\000\000\000\000\000\000\000\000&#39;, 17 =&gt; &#39;\000\000\000\000\000\000\000\000\000\000\000\000\000\000\000\000\000\000\000\000\000\000\000\000\000&#39;, 18 =&gt; &#39;\000\000\000\000\000\000\000\000\000\000\000\000\000\000\000\000\000\000\000\000\000\000\000\000\000&#39;, 19 =&gt; &#39;\000\000\000\000\000\000\000\000\000\000\000\000\000\000\000\000\000\000\000\000\000\000\000\000\000&#39;, 20 =&gt; &#39;\000\000\000\000\000\000\000\000\000\000\000\000\000\000\000\000\000\000\000\000\000\000\000\000\000&#39;, 21 =&gt; &#39;\000\000\000\000\000\000\000\000\000\000\000\000\000\000\000\000\000\000\000\000\000\000\000\000\000&#39;, 22 =&gt; &#39;\000\000\000\000\000\000\000\000\000\000\000\000\000\000\000\000\000\000\000\000\000\000\000\000\000&#39;, 23 =&gt; &#39;\000\000\000\000\000\000\000\000\000\000\000\000\000\000\000\000\000\000\000\000\000\000\000\000\000&#39;, 24 =&gt; &#39;\000\000\000\000\000\000\000\000\000\000\000\000\000\000\000\000\000\000\000\000\000\000\000\000\000&#39;]</span>, <span>$maskGenOnly = </span>??? )</td><td title='C:\wamp64\www\deneme2\qrmask.php' bgcolor='#eeeeec'>...\qrmask.php<b>:</b>311</td></tr>
<tr><td bgcolor='#eeeeec' align='center'>10</td><td bgcolor='#eeeeec' align='center'>0.0767</td><td bgcolor='#eeeeec' align='right'>580584</td><td bgcolor='#eeeeec'><a href='http://www.php.net/function.mkdir' target='_new'>mkdir</a>( <span>$pathname = </span><span>&#39;C:\\wamp64\\www\\deneme2\\cache\\mask_4&#39;</span> )</td><td title='C:\wamp64\www\deneme2\qrmask.php' bgcolor='#eeeeec'>...\qrmask.php<b>:</b>154</td></tr>
</table></font>
<br />
<font size='1'><table class='xdebug-error xe-warning' dir='ltr' border='1' cellspacing='0' cellpadding='1'>
<tr><th align='left' bgcolor='#f57900' colspan="5"><span style='background-color: #cc0000; color: #fce94f; font-size: x-large;'>( ! )</span> Warning: file_put_contents(C:\wamp64\www\deneme2\cache\mask_4\mask_25_4.dat): failed to open stream: No such file or directory in C:\wamp64\www\deneme2\qrmask.php on line <i>155</i></th></tr>
<tr><th align='left' bgcolor='#e9b96e' colspan='5'>Call Stack</th></tr>
<tr><th align='center' bgcolor='#eeeeec'>#</th><th align='left' bgcolor='#eeeeec'>Time</th><th align='left' bgcolor='#eeeeec'>Memory</th><th align='left' bgcolor='#eeeeec'>Function</th><th align='left' bgcolor='#eeeeec'>Location</th></tr>
<tr><td bgcolor='#eeeeec' align='center'>1</td><td bgcolor='#eeeeec' align='center'>0.0004</td><td bgcolor='#eeeeec' align='right'>362216</td><td bgcolor='#eeeeec'>{main}(  )</td><td title='C:\wamp64\www\deneme2\index.php' bgcolor='#eeeeec'>...\index.php<b>:</b>0</td></tr>
<tr><td bgcolor='#eeeeec' align='center'>2</td><td bgcolor='#eeeeec' align='center'>0.0018</td><td bgcolor='#eeeeec' align='right'>364696</td><td bgcolor='#eeeeec'>QRcode::png( <span>$text = </span><span>&#39;file/some othertext 1234&#39;</span>, <span>$outfile = </span>???, <span>$level = </span>???, <span>$size = </span>???, <span>$margin = </span>???, <span>$saveandprint = </span>??? )</td><td title='C:\wamp64\www\deneme2\index.php' bgcolor='#eeeeec'>...\index.php<b>:</b>4</td></tr>
<tr><td bgcolor='#eeeeec' align='center'>3</td><td bgcolor='#eeeeec' align='center'>0.0018</td><td bgcolor='#eeeeec' align='right'>364888</td><td bgcolor='#eeeeec'>QRencode->encodePNG( <span>$intext = </span><span>&#39;file/some othertext 1234&#39;</span>, <span>$outfile = </span><span>FALSE</span>, <span>$saveandprint = </span><span>FALSE</span> )</td><td title='C:\wamp64\www\deneme2\qrencode.php' bgcolor='#eeeeec'>...\qrencode.php<b>:</b>286</td></tr>
<tr><td bgcolor='#eeeeec' align='center'>4</td><td bgcolor='#eeeeec' align='center'>0.0018</td><td bgcolor='#eeeeec' align='right'>381400</td><td bgcolor='#eeeeec'>QRencode->encode( <span>$intext = </span><span>&#39;file/some othertext 1234&#39;</span>, <span>$outfile = </span>??? )</td><td title='C:\wamp64\www\deneme2\qrencode.php' bgcolor='#eeeeec'>...\qrencode.php<b>:</b>485</td></tr>
<tr><td bgcolor='#eeeeec' align='center'>5</td><td bgcolor='#eeeeec' align='center'>0.0018</td><td bgcolor='#eeeeec' align='right'>381496</td><td bgcolor='#eeeeec'>QRcode->encodeString( <span>$string = </span><span>&#39;file/some othertext 1234&#39;</span>, <span>$version = </span><span>0</span>, <span>$level = </span><span>0</span>, <span>$hint = </span><span>2</span>, <span>$casesensitive = </span><span>TRUE</span> )</td><td title='C:\wamp64\www\deneme2\qrencode.php' bgcolor='#eeeeec'>...\qrencode.php<b>:</b>467</td></tr>
<tr><td bgcolor='#eeeeec' align='center'>6</td><td bgcolor='#eeeeec' align='center'>0.0021</td><td bgcolor='#eeeeec' align='right'>384312</td><td bgcolor='#eeeeec'>QRcode->encodeInput( <span>$input = </span><span>class QRinput { public $items = [0 =&gt; class QRinputItem { ... }]; private $version = 2; private $level = 0 }</span> )</td><td title='C:\wamp64\www\deneme2\qrencode.php' bgcolor='#eeeeec'>...\qrencode.php<b>:</b>279</td></tr>
<tr><td bgcolor='#eeeeec' align='center'>7</td><td bgcolor='#eeeeec' align='center'>0.0021</td><td bgcolor='#eeeeec' align='right'>384312</td><td bgcolor='#eeeeec'>QRcode->encodeMask( <span>$input = </span><span>class QRinput { public $items = [0 =&gt; class QRinputItem { ... }]; private $version = 2; private $level = 0 }</span>, <span>$mask = </span><span>-1</span> )</td><td title='C:\wamp64\www\deneme2\qrencode.php' bgcolor='#eeeeec'>...\qrencode.php<b>:</b>240</td></tr>
<tr><td bgcolor='#eeeeec' align='center'>8</td><td bgcolor='#eeeeec' align='center'>0.0111</td><td bgcolor='#eeeeec' align='right'>443288</td><td bgcolor='#eeeeec'>QRmask->mask( <span>$width = </span><span>25</span>, <span>$frame = </span><span>[0 =&gt; &#39;¡¡¡¡¡¡¡¿Ñ\002\002\002\003\003\003\003\003¿¡¡¡¡¡¡¡&#39;, 1 =&gt; &#39;¡¿¿¿¿¿¡¿Ñ\002\002\003\002\002\002\002\003¿¡¿¿¿¿¿¡&#39;, 2 =&gt; &#39;¡¿¡¡¡¿¡¿Ñ\002\003\003\003\002\002\002\003¿¡¿¡¡¡¿¡&#39;, 3 =&gt; &#39;¡¿¡¡¡¿¡¿Ñ\002\002\003\003\003\003\002\002¿¡¿¡¡¡¿¡&#39;, 4 =&gt; &#39;¡¿¡¡¡¿¡¿Ñ\003\003\002\002\002\003\003\003¿¡¿¡¡¡¿¡&#39;, 5 =&gt; &#39;¡¿¿¿¿¿¡¿Ñ\003\003\002\003\002\003\002\002¿¡¿¿¿¿¿¡&#39;, 6 =&gt; &#39;¡¡¡¡¡¡¡¿ëêëêëêëêë¿¡¡¡¡¡¡¡&#39;, 7 =&gt; &#39;¿¿¿¿¿¿¿¿Ñ\003\002\002\002\002\002\002\003¿¿¿¿¿¿¿¿&#39;, 8 =&gt; &#39;ÑÑÑÑÑÑëÑÑ\002\003\002\002\003\002\002\003ÑÑÑÑÑÑÑÑ&#39;, 9 =&gt; &#39;\002\002\002\002\002\002ê\003\003\002\002\002\003\002\002\003\003\002\003\002\002\003\003\002\003&#39;, 10 =&gt; &#39;\003\003\003\002\003\003ë\002\003\002\002\003\002\002\002\002\002\002\002\003\002\002\002\003\002&#39;, 11 =&gt; &#39;\002\003\002\003\002\002ê\003\002\002\003\003\003\002\002\003\002\002\002\003\002\003\002\003\002&#39;, 12 =&gt; &#39;\003\002\002\002\002\002ë\002\002\002\002\003\003\003\002\002\003\003\002\002\003\002\003\002\003&#39;, 13 =&gt; &#39;\002\003\002\002\002\003ê\002\003\002\003\002\002\002\003\003\003\002\003\003\002\003\002\002\003&#39;, 14 =&gt; &#39;\002\002\002\003\002\003ë\002\003\002\002\002\003\002\002\002\003\003\003\003\002\003\002\003\002&#39;, 15 =&gt; &#39;\002\002\003\002\003\003ê\002\002\003\002\002\002\002\003\002\003\003\003\003\003\002\002\002\003&#39;, 16 =&gt; &#39;\002\002\002\003\003\003ë\003\003\003\003\002\002\003\002\002°°°°°\002\003\003\002&#39;, 17 =&gt; &#39;¿¿¿¿¿¿¿¿Å\002\003\002\003\002\003\002°†††°\003\003\002\003&#39;, 18 =&gt; &#39;¡¡¡¡¡¡¡¿Ñ\002\002\003\002\003\002\003°†°†°\003\003\003\002&#39;, 19 =&gt; &#39;¡¿¿¿¿¿¡¿Ñ\002\003\003\003\002\002\003°†††°\003\002\002\002&#39;, 20 =&gt; &#39;¡¿¡¡¡¿¡¿Ñ\002\003\003\002\003\002\002°°°°°\003\003\002\003&#39;, 21 =&gt; &#39;¡¿¡¡¡¿¡¿Ñ\002\002\002\002\002\003\002\002\003\002\002\003\002\002\003\002&#39;, 22 =&gt; &#39;¡¿¡¡¡¿¡¿Ñ\002\003\002\002\003\002\002\003\003\003\003\002\003\003\002\002&#39;, 23 =&gt; &#39;¡¿¿¿¿¿¡¿Ñ\003\002\002\003\002\003\002\003\003\002\003\003\003\002\002\002&#39;, 24 =&gt; &#39;¡¡¡¡¡¡¡¿Ñ\002\002\002\003\003\002\003\002\002\002\003\003\002\003\003\002&#39;]</span>, <span>$level = </span><span>0</span> )</td><td title='C:\wamp64\www\deneme2\qrencode.php' bgcolor='#eeeeec'>...\qrencode.php<b>:</b>216</td></tr>
<tr><td bgcolor='#eeeeec' align='center'>9</td><td bgcolor='#eeeeec' align='center'>0.0749</td><td bgcolor='#eeeeec' align='right'>545704</td><td bgcolor='#eeeeec'>QRmask->makeMaskNo( <span>$maskNo = </span><span>4</span>, <span>$width = </span><span>25</span>, <span>$s = </span><span>[0 =&gt; &#39;¡¡¡¡¡¡¡¿Ñ\002\002\002\003\003\003\003\003¿¡¡¡¡¡¡¡&#39;, 1 =&gt; &#39;¡¿¿¿¿¿¡¿Ñ\002\002\003\002\002\002\002\003¿¡¿¿¿¿¿¡&#39;, 2 =&gt; &#39;¡¿¡¡¡¿¡¿Ñ\002\003\003\003\002\002\002\003¿¡¿¡¡¡¿¡&#39;, 3 =&gt; &#39;¡¿¡¡¡¿¡¿Ñ\002\002\003\003\003\003\002\002¿¡¿¡¡¡¿¡&#39;, 4 =&gt; &#39;¡¿¡¡¡¿¡¿Ñ\003\003\002\002\002\003\003\003¿¡¿¡¡¡¿¡&#39;, 5 =&gt; &#39;¡¿¿¿¿¿¡¿Ñ\003\003\002\003\002\003\002\002¿¡¿¿¿¿¿¡&#39;, 6 =&gt; &#39;¡¡¡¡¡¡¡¿ëêëêëêëêë¿¡¡¡¡¡¡¡&#39;, 7 =&gt; &#39;¿¿¿¿¿¿¿¿Ñ\003\002\002\002\002\002\002\003¿¿¿¿¿¿¿¿&#39;, 8 =&gt; &#39;ÑÑÑÑÑÑëÑÑ\002\003\002\002\003\002\002\003ÑÑÑÑÑÑÑÑ&#39;, 9 =&gt; &#39;\002\002\002\002\002\002ê\003\003\002\002\002\003\002\002\003\003\002\003\002\002\003\003\002\003&#39;, 10 =&gt; &#39;\003\003\003\002\003\003ë\002\003\002\002\003\002\002\002\002\002\002\002\003\002\002\002\003\002&#39;, 11 =&gt; &#39;\002\003\002\003\002\002ê\003\002\002\003\003\003\002\002\003\002\002\002\003\002\003\002\003\002&#39;, 12 =&gt; &#39;\003\002\002\002\002\002ë\002\002\002\002\003\003\003\002\002\003\003\002\002\003\002\003\002\003&#39;, 13 =&gt; &#39;\002\003\002\002\002\003ê\002\003\002\003\002\002\002\003\003\003\002\003\003\002\003\002\002\003&#39;, 14 =&gt; &#39;\002\002\002\003\002\003ë\002\003\002\002\002\003\002\002\002\003\003\003\003\002\003\002\003\002&#39;, 15 =&gt; &#39;\002\002\003\002\003\003ê\002\002\003\002\002\002\002\003\002\003\003\003\003\003\002\002\002\003&#39;, 16 =&gt; &#39;\002\002\002\003\003\003ë\003\003\003\003\002\002\003\002\002°°°°°\002\003\003\002&#39;, 17 =&gt; &#39;¿¿¿¿¿¿¿¿Å\002\003\002\003\002\003\002°†††°\003\003\002\003&#39;, 18 =&gt; &#39;¡¡¡¡¡¡¡¿Ñ\002\002\003\002\003\002\003°†°†°\003\003\003\002&#39;, 19 =&gt; &#39;¡¿¿¿¿¿¡¿Ñ\002\003\003\003\002\002\003°†††°\003\002\002\002&#39;, 20 =&gt; &#39;¡¿¡¡¡¿¡¿Ñ\002\003\003\002\003\002\002°°°°°\003\003\002\003&#39;, 21 =&gt; &#39;¡¿¡¡¡¿¡¿Ñ\002\002\002\002\002\003\002\002\003\002\002\003\002\002\003\002&#39;, 22 =&gt; &#39;¡¿¡¡¡¿¡¿Ñ\002\003\002\002\003\002\002\003\003\003\003\002\003\003\002\002&#39;, 23 =&gt; &#39;¡¿¿¿¿¿¡¿Ñ\003\002\002\003\002\003\002\003\003\002\003\003\003\002\002\002&#39;, 24 =&gt; &#39;¡¡¡¡¡¡¡¿Ñ\002\002\002\003\003\002\003\002\002\002\003\003\002\003\003\002&#39;]</span>, <span>$d = </span><span>[0 =&gt; &#39;\000\000\000\000\000\000\000\000\000\000\000\000\000\000\000\000\000\000\000\000\000\000\000\000\000&#39;, 1 =&gt; &#39;\000\000\000\000\000\000\000\000\000\000\000\000\000\000\000\000\000\000\000\000\000\000\000\000\000&#39;, 2 =&gt; &#39;\000\000\000\000\000\000\000\000\000\000\000\000\000\000\000\000\000\000\000\000\000\000\000\000\000&#39;, 3 =&gt; &#39;\000\000\000\000\000\000\000\000\000\000\000\000\000\000\000\000\000\000\000\000\000\000\000\000\000&#39;, 4 =&gt; &#39;\000\000\000\000\000\000\000\000\000\000\000\000\000\000\000\000\000\000\000\000\000\000\000\000\000&#39;, 5 =&gt; &#39;\000\000\000\000\000\000\000\000\000\000\000\000\000\000\000\000\000\000\000\000\000\000\000\000\000&#39;, 6 =&gt; &#39;\000\000\000\000\000\000\000\000\000\000\000\000\000\000\000\000\000\000\000\000\000\000\000\000\000&#39;, 7 =&gt; &#39;\000\000\000\000\000\000\000\000\000\000\000\000\000\000\000\000\000\000\000\000\000\000\000\000\000&#39;, 8 =&gt; &#39;\000\000\000\000\000\000\000\000\000\000\000\000\000\000\000\000\000\000\000\000\000\000\000\000\000&#39;, 9 =&gt; &#39;\000\000\000\000\000\000\000\000\000\000\000\000\000\000\000\000\000\000\000\000\000\000\000\000\000&#39;, 10 =&gt; &#39;\000\000\000\000\000\000\000\000\000\000\000\000\000\000\000\000\000\000\000\000\000\000\000\000\000&#39;, 11 =&gt; &#39;\000\000\000\000\000\000\000\000\000\000\000\000\000\000\000\000\000\000\000\000\000\000\000\000\000&#39;, 12 =&gt; &#39;\000\000\000\000\000\000\000\000\000\000\000\000\000\000\000\000\000\000\000\000\000\000\000\000\000&#39;, 13 =&gt; &#39;\000\000\000\000\000\000\000\000\000\000\000\000\000\000\000\000\000\000\000\000\000\000\000\000\000&#39;, 14 =&gt; &#39;\000\000\000\000\000\000\000\000\000\000\000\000\000\000\000\000\000\000\000\000\000\000\000\000\000&#39;, 15 =&gt; &#39;\000\000\000\000\000\000\000\000\000\000\000\000\000\000\000\000\000\000\000\000\000\000\000\000\000&#39;, 16 =&gt; &#39;\000\000\000\000\000\000\000\000\000\000\000\000\000\000\000\000\000\000\000\000\000\000\000\000\000&#39;, 17 =&gt; &#39;\000\000\000\000\000\000\000\000\000\000\000\000\000\000\000\000\000\000\000\000\000\000\000\000\000&#39;, 18 =&gt; &#39;\000\000\000\000\000\000\000\000\000\000\000\000\000\000\000\000\000\000\000\000\000\000\000\000\000&#39;, 19 =&gt; &#39;\000\000\000\000\000\000\000\000\000\000\000\000\000\000\000\000\000\000\000\000\000\000\000\000\000&#39;, 20 =&gt; &#39;\000\000\000\000\000\000\000\000\000\000\000\000\000\000\000\000\000\000\000\000\000\000\000\000\000&#39;, 21 =&gt; &#39;\000\000\000\000\000\000\000\000\000\000\000\000\000\000\000\000\000\000\000\000\000\000\000\000\000&#39;, 22 =&gt; &#39;\000\000\000\000\000\000\000\000\000\000\000\000\000\000\000\000\000\000\000\000\000\000\000\000\000&#39;, 23 =&gt; &#39;\000\000\000\000\000\000\000\000\000\000\000\000\000\000\000\000\000\000\000\000\000\000\000\000\000&#39;, 24 =&gt; &#39;\000\000\000\000\000\000\000\000\000\000\000\000\000\000\000\000\000\000\000\000\000\000\000\000\000&#39;]</span>, <span>$maskGenOnly = </span>??? )</td><td title='C:\wamp64\www\deneme2\qrmask.php' bgcolor='#eeeeec'>...\qrmask.php<b>:</b>311</td></tr>
<tr><td bgcolor='#eeeeec' align='center'>10</td><td bgcolor='#eeeeec' align='center'>0.0806</td><td bgcolor='#eeeeec' align='right'>597016</td><td bgcolor='#eeeeec'><a href='http://www.php.net/function.file-put-contents' target='_new'>file_put_contents</a>( <span>$filename = </span><span>&#39;C:\\wamp64\\www\\deneme2\\cache\\mask_4\\mask_25_4.dat&#39;</span>, <span>$data = </span><span>&#39;x⁄30@\000CCC\004áÀÄ∞\fD\030!Gå\f9†\003≤ÏÅ†\032êH.t\0018âG\006∑i¥∂\aÍ7ú&gt;5ƒ\b\0358õ\030\031&quot;ÏA\017\026al`ëAó\004\000∆]v“&#39;</span> )</td><td title='C:\wamp64\www\deneme2\qrmask.php' bgcolor='#eeeeec'>...\qrmask.php<b>:</b>155</td></tr>
</table></font>
<br />
<font size='1'><table class='xdebug-error xe-warning' dir='ltr' border='1' cellspacing='0' cellpadding='1'>
<tr><th align='left' bgcolor='#f57900' colspan="5"><span style='background-color: #cc0000; color: #fce94f; font-size: x-large;'>( ! )</span> Warning: mkdir(): No such file or directory in C:\wamp64\www\deneme2\qrmask.php on line <i>154</i></th></tr>
<tr><th align='left' bgcolor='#e9b96e' colspan='5'>Call Stack</th></tr>
<tr><th align='center' bgcolor='#eeeeec'>#</th><th align='left' bgcolor='#eeeeec'>Time</th><th align='left' bgcolor='#eeeeec'>Memory</th><th align='left' bgcolor='#eeeeec'>Function</th><th align='left' bgcolor='#eeeeec'>Location</th></tr>
<tr><td bgcolor='#eeeeec' align='center'>1</td><td bgcolor='#eeeeec' align='center'>0.0004</td><td bgcolor='#eeeeec' align='right'>362216</td><td bgcolor='#eeeeec'>{main}(  )</td><td title='C:\wamp64\www\deneme2\index.php' bgcolor='#eeeeec'>...\index.php<b>:</b>0</td></tr>
<tr><td bgcolor='#eeeeec' align='center'>2</td><td bgcolor='#eeeeec' align='center'>0.0018</td><td bgcolor='#eeeeec' align='right'>364696</td><td bgcolor='#eeeeec'>QRcode::png( <span>$text = </span><span>&#39;file/some othertext 1234&#39;</span>, <span>$outfile = </span>???, <span>$level = </span>???, <span>$size = </span>???, <span>$margin = </span>???, <span>$saveandprint = </span>??? )</td><td title='C:\wamp64\www\deneme2\index.php' bgcolor='#eeeeec'>...\index.php<b>:</b>4</td></tr>
<tr><td bgcolor='#eeeeec' align='center'>3</td><td bgcolor='#eeeeec' align='center'>0.0018</td><td bgcolor='#eeeeec' align='right'>364888</td><td bgcolor='#eeeeec'>QRencode->encodePNG( <span>$intext = </span><span>&#39;file/some othertext 1234&#39;</span>, <span>$outfile = </span><span>FALSE</span>, <span>$saveandprint = </span><span>FALSE</span> )</td><td title='C:\wamp64\www\deneme2\qrencode.php' bgcolor='#eeeeec'>...\qrencode.php<b>:</b>286</td></tr>
<tr><td bgcolor='#eeeeec' align='center'>4</td><td bgcolor='#eeeeec' align='center'>0.0018</td><td bgcolor='#eeeeec' align='right'>381400</td><td bgcolor='#eeeeec'>QRencode->encode( <span>$intext = </span><span>&#39;file/some othertext 1234&#39;</span>, <span>$outfile = </span>??? )</td><td title='C:\wamp64\www\deneme2\qrencode.php' bgcolor='#eeeeec'>...\qrencode.php<b>:</b>485</td></tr>
<tr><td bgcolor='#eeeeec' align='center'>5</td><td bgcolor='#eeeeec' align='center'>0.0018</td><td bgcolor='#eeeeec' align='right'>381496</td><td bgcolor='#eeeeec'>QRcode->encodeString( <span>$string = </span><span>&#39;file/some othertext 1234&#39;</span>, <span>$version = </span><span>0</span>, <span>$level = </span><span>0</span>, <span>$hint = </span><span>2</span>, <span>$casesensitive = </span><span>TRUE</span> )</td><td title='C:\wamp64\www\deneme2\qrencode.php' bgcolor='#eeeeec'>...\qrencode.php<b>:</b>467</td></tr>
<tr><td bgcolor='#eeeeec' align='center'>6</td><td bgcolor='#eeeeec' align='center'>0.0021</td><td bgcolor='#eeeeec' align='right'>384312</td><td bgcolor='#eeeeec'>QRcode->encodeInput( <span>$input = </span><span>class QRinput { public $items = [0 =&gt; class QRinputItem { ... }]; private $version = 2; private $level = 0 }</span> )</td><td title='C:\wamp64\www\deneme2\qrencode.php' bgcolor='#eeeeec'>...\qrencode.php<b>:</b>279</td></tr>
<tr><td bgcolor='#eeeeec' align='center'>7</td><td bgcolor='#eeeeec' align='center'>0.0021</td><td bgcolor='#eeeeec' align='right'>384312</td><td bgcolor='#eeeeec'>QRcode->encodeMask( <span>$input = </span><span>class QRinput { public $items = [0 =&gt; class QRinputItem { ... }]; private $version = 2; private $level = 0 }</span>, <span>$mask = </span><span>-1</span> )</td><td title='C:\wamp64\www\deneme2\qrencode.php' bgcolor='#eeeeec'>...\qrencode.php<b>:</b>240</td></tr>
<tr><td bgcolor='#eeeeec' align='center'>8</td><td bgcolor='#eeeeec' align='center'>0.0111</td><td bgcolor='#eeeeec' align='right'>443288</td><td bgcolor='#eeeeec'>QRmask->mask( <span>$width = </span><span>25</span>, <span>$frame = </span><span>[0 =&gt; &#39;¡¡¡¡¡¡¡¿Ñ\002\002\002\003\003\003\003\003¿¡¡¡¡¡¡¡&#39;, 1 =&gt; &#39;¡¿¿¿¿¿¡¿Ñ\002\002\003\002\002\002\002\003¿¡¿¿¿¿¿¡&#39;, 2 =&gt; &#39;¡¿¡¡¡¿¡¿Ñ\002\003\003\003\002\002\002\003¿¡¿¡¡¡¿¡&#39;, 3 =&gt; &#39;¡¿¡¡¡¿¡¿Ñ\002\002\003\003\003\003\002\002¿¡¿¡¡¡¿¡&#39;, 4 =&gt; &#39;¡¿¡¡¡¿¡¿Ñ\003\003\002\002\002\003\003\003¿¡¿¡¡¡¿¡&#39;, 5 =&gt; &#39;¡¿¿¿¿¿¡¿Ñ\003\003\002\003\002\003\002\002¿¡¿¿¿¿¿¡&#39;, 6 =&gt; &#39;¡¡¡¡¡¡¡¿ëêëêëêëêë¿¡¡¡¡¡¡¡&#39;, 7 =&gt; &#39;¿¿¿¿¿¿¿¿Ñ\003\002\002\002\002\002\002\003¿¿¿¿¿¿¿¿&#39;, 8 =&gt; &#39;ÑÑÑÑÑÑëÑÑ\002\003\002\002\003\002\002\003ÑÑÑÑÑÑÑÑ&#39;, 9 =&gt; &#39;\002\002\002\002\002\002ê\003\003\002\002\002\003\002\002\003\003\002\003\002\002\003\003\002\003&#39;, 10 =&gt; &#39;\003\003\003\002\003\003ë\002\003\002\002\003\002\002\002\002\002\002\002\003\002\002\002\003\002&#39;, 11 =&gt; &#39;\002\003\002\003\002\002ê\003\002\002\003\003\003\002\002\003\002\002\002\003\002\003\002\003\002&#39;, 12 =&gt; &#39;\003\002\002\002\002\002ë\002\002\002\002\003\003\003\002\002\003\003\002\002\003\002\003\002\003&#39;, 13 =&gt; &#39;\002\003\002\002\002\003ê\002\003\002\003\002\002\002\003\003\003\002\003\003\002\003\002\002\003&#39;, 14 =&gt; &#39;\002\002\002\003\002\003ë\002\003\002\002\002\003\002\002\002\003\003\003\003\002\003\002\003\002&#39;, 15 =&gt; &#39;\002\002\003\002\003\003ê\002\002\003\002\002\002\002\003\002\003\003\003\003\003\002\002\002\003&#39;, 16 =&gt; &#39;\002\002\002\003\003\003ë\003\003\003\003\002\002\003\002\002°°°°°\002\003\003\002&#39;, 17 =&gt; &#39;¿¿¿¿¿¿¿¿Å\002\003\002\003\002\003\002°†††°\003\003\002\003&#39;, 18 =&gt; &#39;¡¡¡¡¡¡¡¿Ñ\002\002\003\002\003\002\003°†°†°\003\003\003\002&#39;, 19 =&gt; &#39;¡¿¿¿¿¿¡¿Ñ\002\003\003\003\002\002\003°†††°\003\002\002\002&#39;, 20 =&gt; &#39;¡¿¡¡¡¿¡¿Ñ\002\003\003\002\003\002\002°°°°°\003\003\002\003&#39;, 21 =&gt; &#39;¡¿¡¡¡¿¡¿Ñ\002\002\002\002\002\003\002\002\003\002\002\003\002\002\003\002&#39;, 22 =&gt; &#39;¡¿¡¡¡¿¡¿Ñ\002\003\002\002\003\002\002\003\003\003\003\002\003\003\002\002&#39;, 23 =&gt; &#39;¡¿¿¿¿¿¡¿Ñ\003\002\002\003\002\003\002\003\003\002\003\003\003\002\002\002&#39;, 24 =&gt; &#39;¡¡¡¡¡¡¡¿Ñ\002\002\002\003\003\002\003\002\002\002\003\003\002\003\003\002&#39;]</span>, <span>$level = </span><span>0</span> )</td><td title='C:\wamp64\www\deneme2\qrencode.php' bgcolor='#eeeeec'>...\qrencode.php<b>:</b>216</td></tr>
<tr><td bgcolor='#eeeeec' align='center'>9</td><td bgcolor='#eeeeec' align='center'>0.0928</td><td bgcolor='#eeeeec' align='right'>578472</td><td bgcolor='#eeeeec'>QRmask->makeMaskNo( <span>$maskNo = </span><span>5</span>, <span>$width = </span><span>25</span>, <span>$s = </span><span>[0 =&gt; &#39;¡¡¡¡¡¡¡¿Ñ\002\002\002\003\003\003\003\003¿¡¡¡¡¡¡¡&#39;, 1 =&gt; &#39;¡¿¿¿¿¿¡¿Ñ\002\002\003\002\002\002\002\003¿¡¿¿¿¿¿¡&#39;, 2 =&gt; &#39;¡¿¡¡¡¿¡¿Ñ\002\003\003\003\002\002\002\003¿¡¿¡¡¡¿¡&#39;, 3 =&gt; &#39;¡¿¡¡¡¿¡¿Ñ\002\002\003\003\003\003\002\002¿¡¿¡¡¡¿¡&#39;, 4 =&gt; &#39;¡¿¡¡¡¿¡¿Ñ\003\003\002\002\002\003\003\003¿¡¿¡¡¡¿¡&#39;, 5 =&gt; &#39;¡¿¿¿¿¿¡¿Ñ\003\003\002\003\002\003\002\002¿¡¿¿¿¿¿¡&#39;, 6 =&gt; &#39;¡¡¡¡¡¡¡¿ëêëêëêëêë¿¡¡¡¡¡¡¡&#39;, 7 =&gt; &#39;¿¿¿¿¿¿¿¿Ñ\003\002\002\002\002\002\002\003¿¿¿¿¿¿¿¿&#39;, 8 =&gt; &#39;ÑÑÑÑÑÑëÑÑ\002\003\002\002\003\002\002\003ÑÑÑÑÑÑÑÑ&#39;, 9 =&gt; &#39;\002\002\002\002\002\002ê\003\003\002\002\002\003\002\002\003\003\002\003\002\002\003\003\002\003&#39;, 10 =&gt; &#39;\003\003\003\002\003\003ë\002\003\002\002\003\002\002\002\002\002\002\002\003\002\002\002\003\002&#39;, 11 =&gt; &#39;\002\003\002\003\002\002ê\003\002\002\003\003\003\002\002\003\002\002\002\003\002\003\002\003\002&#39;, 12 =&gt; &#39;\003\002\002\002\002\002ë\002\002\002\002\003\003\003\002\002\003\003\002\002\003\002\003\002\003&#39;, 13 =&gt; &#39;\002\003\002\002\002\003ê\002\003\002\003\002\002\002\003\003\003\002\003\003\002\003\002\002\003&#39;, 14 =&gt; &#39;\002\002\002\003\002\003ë\002\003\002\002\002\003\002\002\002\003\003\003\003\002\003\002\003\002&#39;, 15 =&gt; &#39;\002\002\003\002\003\003ê\002\002\003\002\002\002\002\003\002\003\003\003\003\003\002\002\002\003&#39;, 16 =&gt; &#39;\002\002\002\003\003\003ë\003\003\003\003\002\002\003\002\002°°°°°\002\003\003\002&#39;, 17 =&gt; &#39;¿¿¿¿¿¿¿¿Å\002\003\002\003\002\003\002°†††°\003\003\002\003&#39;, 18 =&gt; &#39;¡¡¡¡¡¡¡¿Ñ\002\002\003\002\003\002\003°†°†°\003\003\003\002&#39;, 19 =&gt; &#39;¡¿¿¿¿¿¡¿Ñ\002\003\003\003\002\002\003°†††°\003\002\002\002&#39;, 20 =&gt; &#39;¡¿¡¡¡¿¡¿Ñ\002\003\003\002\003\002\002°°°°°\003\003\002\003&#39;, 21 =&gt; &#39;¡¿¡¡¡¿¡¿Ñ\002\002\002\002\002\003\002\002\003\002\002\003\002\002\003\002&#39;, 22 =&gt; &#39;¡¿¡¡¡¿¡¿Ñ\002\003\002\002\003\002\002\003\003\003\003\002\003\003\002\002&#39;, 23 =&gt; &#39;¡¿¿¿¿¿¡¿Ñ\003\002\002\003\002\003\002\003\003\002\003\003\003\002\002\002&#39;, 24 =&gt; &#39;¡¡¡¡¡¡¡¿Ñ\002\002\002\003\003\002\003\002\002\002\003\003\002\003\003\002&#39;]</span>, <span>$d = </span><span>[0 =&gt; &#39;\000\000\000\000\000\000\000\000\000\000\000\000\000\000\000\000\000\000\000\000\000\000\000\000\000&#39;, 1 =&gt; &#39;\000\000\000\000\000\000\000\000\000\000\000\000\000\000\000\000\000\000\000\000\000\000\000\000\000&#39;, 2 =&gt; &#39;\000\000\000\000\000\000\000\000\000\000\000\000\000\000\000\000\000\000\000\000\000\000\000\000\000&#39;, 3 =&gt; &#39;\000\000\000\000\000\000\000\000\000\000\000\000\000\000\000\000\000\000\000\000\000\000\000\000\000&#39;, 4 =&gt; &#39;\000\000\000\000\000\000\000\000\000\000\000\000\000\000\000\000\000\000\000\000\000\000\000\000\000&#39;, 5 =&gt; &#39;\000\000\000\000\000\000\000\000\000\000\000\000\000\000\000\000\000\000\000\000\000\000\000\000\000&#39;, 6 =&gt; &#39;\000\000\000\000\000\000\000\000\000\000\000\000\000\000\000\000\000\000\000\000\000\000\000\000\000&#39;, 7 =&gt; &#39;\000\000\000\000\000\000\000\000\000\000\000\000\000\000\000\000\000\000\000\000\000\000\000\000\000&#39;, 8 =&gt; &#39;\000\000\000\000\000\000\000\000\000\000\000\000\000\000\000\000\000\000\000\000\000\000\000\000\000&#39;, 9 =&gt; &#39;\000\000\000\000\000\000\000\000\000\000\000\000\000\000\000\000\000\000\000\000\000\000\000\000\000&#39;, 10 =&gt; &#39;\000\000\000\000\000\000\000\000\000\000\000\000\000\000\000\000\000\000\000\000\000\000\000\000\000&#39;, 11 =&gt; &#39;\000\000\000\000\000\000\000\000\000\000\000\000\000\000\000\000\000\000\000\000\000\000\000\000\000&#39;, 12 =&gt; &#39;\000\000\000\000\000\000\000\000\000\000\000\000\000\000\000\000\000\000\000\000\000\000\000\000\000&#39;, 13 =&gt; &#39;\000\000\000\000\000\000\000\000\000\000\000\000\000\000\000\000\000\000\000\000\000\000\000\000\000&#39;, 14 =&gt; &#39;\000\000\000\000\000\000\000\000\000\000\000\000\000\000\000\000\000\000\000\000\000\000\000\000\000&#39;, 15 =&gt; &#39;\000\000\000\000\000\000\000\000\000\000\000\000\000\000\000\000\000\000\000\000\000\000\000\000\000&#39;, 16 =&gt; &#39;\000\000\000\000\000\000\000\000\000\000\000\000\000\000\000\000\000\000\000\000\000\000\000\000\000&#39;, 17 =&gt; &#39;\000\000\000\000\000\000\000\000\000\000\000\000\000\000\000\000\000\000\000\000\000\000\000\000\000&#39;, 18 =&gt; &#39;\000\000\000\000\000\000\000\000\000\000\000\000\000\000\000\000\000\000\000\000\000\000\000\000\000&#39;, 19 =&gt; &#39;\000\000\000\000\000\000\000\000\000\000\000\000\000\000\000\000\000\000\000\000\000\000\000\000\000&#39;, 20 =&gt; &#39;\000\000\000\000\000\000\000\000\000\000\000\000\000\000\000\000\000\000\000\000\000\000\000\000\000&#39;, 21 =&gt; &#39;\000\000\000\000\000\000\000\000\000\000\000\000\000\000\000\000\000\000\000\000\000\000\000\000\000&#39;, 22 =&gt; &#39;\000\000\000\000\000\000\000\000\000\000\000\000\000\000\000\000\000\000\000\000\000\000\000\000\000&#39;, 23 =&gt; &#39;\000\000\000\000\000\000\000\000\000\000\000\000\000\000\000\000\000\000\000\000\000\000\000\000\000&#39;, 24 =&gt; &#39;\000\000\000\000\000\000\000\000\000\000\000\000\000\000\000\000\000\000\000\000\000\000\000\000\000&#39;]</span>, <span>$maskGenOnly = </span>??? )</td><td title='C:\wamp64\www\deneme2\qrmask.php' bgcolor='#eeeeec'>...\qrmask.php<b>:</b>311</td></tr>
<tr><td bgcolor='#eeeeec' align='center'>10</td><td bgcolor='#eeeeec' align='center'>0.0946</td><td bgcolor='#eeeeec' align='right'>613352</td><td bgcolor='#eeeeec'><a href='http://www.php.net/function.mkdir' target='_new'>mkdir</a>( <span>$pathname = </span><span>&#39;C:\\wamp64\\www\\deneme2\\cache\\mask_5&#39;</span> )</td><td title='C:\wamp64\www\deneme2\qrmask.php' bgcolor='#eeeeec'>...\qrmask.php<b>:</b>154</td></tr>
</table></font>
<br />
<font size='1'><table class='xdebug-error xe-warning' dir='ltr' border='1' cellspacing='0' cellpadding='1'>
<tr><th align='left' bgcolor='#f57900' colspan="5"><span style='background-color: #cc0000; color: #fce94f; font-size: x-large;'>( ! )</span> Warning: file_put_contents(C:\wamp64\www\deneme2\cache\mask_5\mask_25_5.dat): failed to open stream: No such file or directory in C:\wamp64\www\deneme2\qrmask.php on line <i>155</i></th></tr>
<tr><th align='left' bgcolor='#e9b96e' colspan='5'>Call Stack</th></tr>
<tr><th align='center' bgcolor='#eeeeec'>#</th><th align='left' bgcolor='#eeeeec'>Time</th><th align='left' bgcolor='#eeeeec'>Memory</th><th align='left' bgcolor='#eeeeec'>Function</th><th align='left' bgcolor='#eeeeec'>Location</th></tr>
<tr><td bgcolor='#eeeeec' align='center'>1</td><td bgcolor='#eeeeec' align='center'>0.0004</td><td bgcolor='#eeeeec' align='right'>362216</td><td bgcolor='#eeeeec'>{main}(  )</td><td title='C:\wamp64\www\deneme2\index.php' bgcolor='#eeeeec'>...\index.php<b>:</b>0</td></tr>
<tr><td bgcolor='#eeeeec' align='center'>2</td><td bgcolor='#eeeeec' align='center'>0.0018</td><td bgcolor='#eeeeec' align='right'>364696</td><td bgcolor='#eeeeec'>QRcode::png( <span>$text = </span><span>&#39;file/some othertext 1234&#39;</span>, <span>$outfile = </span>???, <span>$level = </span>???, <span>$size = </span>???, <span>$margin = </span>???, <span>$saveandprint = </span>??? )</td><td title='C:\wamp64\www\deneme2\index.php' bgcolor='#eeeeec'>...\index.php<b>:</b>4</td></tr>
<tr><td bgcolor='#eeeeec' align='center'>3</td><td bgcolor='#eeeeec' align='center'>0.0018</td><td bgcolor='#eeeeec' align='right'>364888</td><td bgcolor='#eeeeec'>QRencode->encodePNG( <span>$intext = </span><span>&#39;file/some othertext 1234&#39;</span>, <span>$outfile = </span><span>FALSE</span>, <span>$saveandprint = </span><span>FALSE</span> )</td><td title='C:\wamp64\www\deneme2\qrencode.php' bgcolor='#eeeeec'>...\qrencode.php<b>:</b>286</td></tr>
<tr><td bgcolor='#eeeeec' align='center'>4</td><td bgcolor='#eeeeec' align='center'>0.0018</td><td bgcolor='#eeeeec' align='right'>381400</td><td bgcolor='#eeeeec'>QRencode->encode( <span>$intext = </span><span>&#39;file/some othertext 1234&#39;</span>, <span>$outfile = </span>??? )</td><td title='C:\wamp64\www\deneme2\qrencode.php' bgcolor='#eeeeec'>...\qrencode.php<b>:</b>485</td></tr>
<tr><td bgcolor='#eeeeec' align='center'>5</td><td bgcolor='#eeeeec' align='center'>0.0018</td><td bgcolor='#eeeeec' align='right'>381496</td><td bgcolor='#eeeeec'>QRcode->encodeString( <span>$string = </span><span>&#39;file/some othertext 1234&#39;</span>, <span>$version = </span><span>0</span>, <span>$level = </span><span>0</span>, <span>$hint = </span><span>2</span>, <span>$casesensitive = </span><span>TRUE</span> )</td><td title='C:\wamp64\www\deneme2\qrencode.php' bgcolor='#eeeeec'>...\qrencode.php<b>:</b>467</td></tr>
<tr><td bgcolor='#eeeeec' align='center'>6</td><td bgcolor='#eeeeec' align='center'>0.0021</td><td bgcolor='#eeeeec' align='right'>384312</td><td bgcolor='#eeeeec'>QRcode->encodeInput( <span>$input = </span><span>class QRinput { public $items = [0 =&gt; class QRinputItem { ... }]; private $version = 2; private $level = 0 }</span> )</td><td title='C:\wamp64\www\deneme2\qrencode.php' bgcolor='#eeeeec'>...\qrencode.php<b>:</b>279</td></tr>
<tr><td bgcolor='#eeeeec' align='center'>7</td><td bgcolor='#eeeeec' align='center'>0.0021</td><td bgcolor='#eeeeec' align='right'>384312</td><td bgcolor='#eeeeec'>QRcode->encodeMask( <span>$input = </span><span>class QRinput { public $items = [0 =&gt; class QRinputItem { ... }]; private $version = 2; private $level = 0 }</span>, <span>$mask = </span><span>-1</span> )</td><td title='C:\wamp64\www\deneme2\qrencode.php' bgcolor='#eeeeec'>...\qrencode.php<b>:</b>240</td></tr>
<tr><td bgcolor='#eeeeec' align='center'>8</td><td bgcolor='#eeeeec' align='center'>0.0111</td><td bgcolor='#eeeeec' align='right'>443288</td><td bgcolor='#eeeeec'>QRmask->mask( <span>$width = </span><span>25</span>, <span>$frame = </span><span>[0 =&gt; &#39;¡¡¡¡¡¡¡¿Ñ\002\002\002\003\003\003\003\003¿¡¡¡¡¡¡¡&#39;, 1 =&gt; &#39;¡¿¿¿¿¿¡¿Ñ\002\002\003\002\002\002\002\003¿¡¿¿¿¿¿¡&#39;, 2 =&gt; &#39;¡¿¡¡¡¿¡¿Ñ\002\003\003\003\002\002\002\003¿¡¿¡¡¡¿¡&#39;, 3 =&gt; &#39;¡¿¡¡¡¿¡¿Ñ\002\002\003\003\003\003\002\002¿¡¿¡¡¡¿¡&#39;, 4 =&gt; &#39;¡¿¡¡¡¿¡¿Ñ\003\003\002\002\002\003\003\003¿¡¿¡¡¡¿¡&#39;, 5 =&gt; &#39;¡¿¿¿¿¿¡¿Ñ\003\003\002\003\002\003\002\002¿¡¿¿¿¿¿¡&#39;, 6 =&gt; &#39;¡¡¡¡¡¡¡¿ëêëêëêëêë¿¡¡¡¡¡¡¡&#39;, 7 =&gt; &#39;¿¿¿¿¿¿¿¿Ñ\003\002\002\002\002\002\002\003¿¿¿¿¿¿¿¿&#39;, 8 =&gt; &#39;ÑÑÑÑÑÑëÑÑ\002\003\002\002\003\002\002\003ÑÑÑÑÑÑÑÑ&#39;, 9 =&gt; &#39;\002\002\002\002\002\002ê\003\003\002\002\002\003\002\002\003\003\002\003\002\002\003\003\002\003&#39;, 10 =&gt; &#39;\003\003\003\002\003\003ë\002\003\002\002\003\002\002\002\002\002\002\002\003\002\002\002\003\002&#39;, 11 =&gt; &#39;\002\003\002\003\002\002ê\003\002\002\003\003\003\002\002\003\002\002\002\003\002\003\002\003\002&#39;, 12 =&gt; &#39;\003\002\002\002\002\002ë\002\002\002\002\003\003\003\002\002\003\003\002\002\003\002\003\002\003&#39;, 13 =&gt; &#39;\002\003\002\002\002\003ê\002\003\002\003\002\002\002\003\003\003\002\003\003\002\003\002\002\003&#39;, 14 =&gt; &#39;\002\002\002\003\002\003ë\002\003\002\002\002\003\002\002\002\003\003\003\003\002\003\002\003\002&#39;, 15 =&gt; &#39;\002\002\003\002\003\003ê\002\002\003\002\002\002\002\003\002\003\003\003\003\003\002\002\002\003&#39;, 16 =&gt; &#39;\002\002\002\003\003\003ë\003\003\003\003\002\002\003\002\002°°°°°\002\003\003\002&#39;, 17 =&gt; &#39;¿¿¿¿¿¿¿¿Å\002\003\002\003\002\003\002°†††°\003\003\002\003&#39;, 18 =&gt; &#39;¡¡¡¡¡¡¡¿Ñ\002\002\003\002\003\002\003°†°†°\003\003\003\002&#39;, 19 =&gt; &#39;¡¿¿¿¿¿¡¿Ñ\002\003\003\003\002\002\003°†††°\003\002\002\002&#39;, 20 =&gt; &#39;¡¿¡¡¡¿¡¿Ñ\002\003\003\002\003\002\002°°°°°\003\003\002\003&#39;, 21 =&gt; &#39;¡¿¡¡¡¿¡¿Ñ\002\002\002\002\002\003\002\002\003\002\002\003\002\002\003\002&#39;, 22 =&gt; &#39;¡¿¡¡¡¿¡¿Ñ\002\003\002\002\003\002\002\003\003\003\003\002\003\003\002\002&#39;, 23 =&gt; &#39;¡¿¿¿¿¿¡¿Ñ\003\002\002\003\002\003\002\003\003\002\003\003\003\002\002\002&#39;, 24 =&gt; &#39;¡¡¡¡¡¡¡¿Ñ\002\002\002\003\003\002\003\002\002\002\003\003\002\003\003\002&#39;]</span>, <span>$level = </span><span>0</span> )</td><td title='C:\wamp64\www\deneme2\qrencode.php' bgcolor='#eeeeec'>...\qrencode.php<b>:</b>216</td></tr>
<tr><td bgcolor='#eeeeec' align='center'>9</td><td bgcolor='#eeeeec' align='center'>0.0928</td><td bgcolor='#eeeeec' align='right'>578472</td><td bgcolor='#eeeeec'>QRmask->makeMaskNo( <span>$maskNo = </span><span>5</span>, <span>$width = </span><span>25</span>, <span>$s = </span><span>[0 =&gt; &#39;¡¡¡¡¡¡¡¿Ñ\002\002\002\003\003\003\003\003¿¡¡¡¡¡¡¡&#39;, 1 =&gt; &#39;¡¿¿¿¿¿¡¿Ñ\002\002\003\002\002\002\002\003¿¡¿¿¿¿¿¡&#39;, 2 =&gt; &#39;¡¿¡¡¡¿¡¿Ñ\002\003\003\003\002\002\002\003¿¡¿¡¡¡¿¡&#39;, 3 =&gt; &#39;¡¿¡¡¡¿¡¿Ñ\002\002\003\003\003\003\002\002¿¡¿¡¡¡¿¡&#39;, 4 =&gt; &#39;¡¿¡¡¡¿¡¿Ñ\003\003\002\002\002\003\003\003¿¡¿¡¡¡¿¡&#39;, 5 =&gt; &#39;¡¿¿¿¿¿¡¿Ñ\003\003\002\003\002\003\002\002¿¡¿¿¿¿¿¡&#39;, 6 =&gt; &#39;¡¡¡¡¡¡¡¿ëêëêëêëêë¿¡¡¡¡¡¡¡&#39;, 7 =&gt; &#39;¿¿¿¿¿¿¿¿Ñ\003\002\002\002\002\002\002\003¿¿¿¿¿¿¿¿&#39;, 8 =&gt; &#39;ÑÑÑÑÑÑëÑÑ\002\003\002\002\003\002\002\003ÑÑÑÑÑÑÑÑ&#39;, 9 =&gt; &#39;\002\002\002\002\002\002ê\003\003\002\002\002\003\002\002\003\003\002\003\002\002\003\003\002\003&#39;, 10 =&gt; &#39;\003\003\003\002\003\003ë\002\003\002\002\003\002\002\002\002\002\002\002\003\002\002\002\003\002&#39;, 11 =&gt; &#39;\002\003\002\003\002\002ê\003\002\002\003\003\003\002\002\003\002\002\002\003\002\003\002\003\002&#39;, 12 =&gt; &#39;\003\002\002\002\002\002ë\002\002\002\002\003\003\003\002\002\003\003\002\002\003\002\003\002\003&#39;, 13 =&gt; &#39;\002\003\002\002\002\003ê\002\003\002\003\002\002\002\003\003\003\002\003\003\002\003\002\002\003&#39;, 14 =&gt; &#39;\002\002\002\003\002\003ë\002\003\002\002\002\003\002\002\002\003\003\003\003\002\003\002\003\002&#39;, 15 =&gt; &#39;\002\002\003\002\003\003ê\002\002\003\002\002\002\002\003\002\003\003\003\003\003\002\002\002\003&#39;, 16 =&gt; &#39;\002\002\002\003\003\003ë\003\003\003\003\002\002\003\002\002°°°°°\002\003\003\002&#39;, 17 =&gt; &#39;¿¿¿¿¿¿¿¿Å\002\003\002\003\002\003\002°†††°\003\003\002\003&#39;, 18 =&gt; &#39;¡¡¡¡¡¡¡¿Ñ\002\002\003\002\003\002\003°†°†°\003\003\003\002&#39;, 19 =&gt; &#39;¡¿¿¿¿¿¡¿Ñ\002\003\003\003\002\002\003°†††°\003\002\002\002&#39;, 20 =&gt; &#39;¡¿¡¡¡¿¡¿Ñ\002\003\003\002\003\002\002°°°°°\003\003\002\003&#39;, 21 =&gt; &#39;¡¿¡¡¡¿¡¿Ñ\002\002\002\002\002\003\002\002\003\002\002\003\002\002\003\002&#39;, 22 =&gt; &#39;¡¿¡¡¡¿¡¿Ñ\002\003\002\002\003\002\002\003\003\003\003\002\003\003\002\002&#39;, 23 =&gt; &#39;¡¿¿¿¿¿¡¿Ñ\003\002\002\003\002\003\002\003\003\002\003\003\003\002\002\002&#39;, 24 =&gt; &#39;¡¡¡¡¡¡¡¿Ñ\002\002\002\003\003\002\003\002\002\002\003\003\002\003\003\002&#39;]</span>, <span>$d = </span><span>[0 =&gt; &#39;\000\000\000\000\000\000\000\000\000\000\000\000\000\000\000\000\000\000\000\000\000\000\000\000\000&#39;, 1 =&gt; &#39;\000\000\000\000\000\000\000\000\000\000\000\000\000\000\000\000\000\000\000\000\000\000\000\000\000&#39;, 2 =&gt; &#39;\000\000\000\000\000\000\000\000\000\000\000\000\000\000\000\000\000\000\000\000\000\000\000\000\000&#39;, 3 =&gt; &#39;\000\000\000\000\000\000\000\000\000\000\000\000\000\000\000\000\000\000\000\000\000\000\000\000\000&#39;, 4 =&gt; &#39;\000\000\000\000\000\000\000\000\000\000\000\000\000\000\000\000\000\000\000\000\000\000\000\000\000&#39;, 5 =&gt; &#39;\000\000\000\000\000\000\000\000\000\000\000\000\000\000\000\000\000\000\000\000\000\000\000\000\000&#39;, 6 =&gt; &#39;\000\000\000\000\000\000\000\000\000\000\000\000\000\000\000\000\000\000\000\000\000\000\000\000\000&#39;, 7 =&gt; &#39;\000\000\000\000\000\000\000\000\000\000\000\000\000\000\000\000\000\000\000\000\000\000\000\000\000&#39;, 8 =&gt; &#39;\000\000\000\000\000\000\000\000\000\000\000\000\000\000\000\000\000\000\000\000\000\000\000\000\000&#39;, 9 =&gt; &#39;\000\000\000\000\000\000\000\000\000\000\000\000\000\000\000\000\000\000\000\000\000\000\000\000\000&#39;, 10 =&gt; &#39;\000\000\000\000\000\000\000\000\000\000\000\000\000\000\000\000\000\000\000\000\000\000\000\000\000&#39;, 11 =&gt; &#39;\000\000\000\000\000\000\000\000\000\000\000\000\000\000\000\000\000\000\000\000\000\000\000\000\000&#39;, 12 =&gt; &#39;\000\000\000\000\000\000\000\000\000\000\000\000\000\000\000\000\000\000\000\000\000\000\000\000\000&#39;, 13 =&gt; &#39;\000\000\000\000\000\000\000\000\000\000\000\000\000\000\000\000\000\000\000\000\000\000\000\000\000&#39;, 14 =&gt; &#39;\000\000\000\000\000\000\000\000\000\000\000\000\000\000\000\000\000\000\000\000\000\000\000\000\000&#39;, 15 =&gt; &#39;\000\000\000\000\000\000\000\000\000\000\000\000\000\000\000\000\000\000\000\000\000\000\000\000\000&#39;, 16 =&gt; &#39;\000\000\000\000\000\000\000\000\000\000\000\000\000\000\000\000\000\000\000\000\000\000\000\000\000&#39;, 17 =&gt; &#39;\000\000\000\000\000\000\000\000\000\000\000\000\000\000\000\000\000\000\000\000\000\000\000\000\000&#39;, 18 =&gt; &#39;\000\000\000\000\000\000\000\000\000\000\000\000\000\000\000\000\000\000\000\000\000\000\000\000\000&#39;, 19 =&gt; &#39;\000\000\000\000\000\000\000\000\000\000\000\000\000\000\000\000\000\000\000\000\000\000\000\000\000&#39;, 20 =&gt; &#39;\000\000\000\000\000\000\000\000\000\000\000\000\000\000\000\000\000\000\000\000\000\000\000\000\000&#39;, 21 =&gt; &#39;\000\000\000\000\000\000\000\000\000\000\000\000\000\000\000\000\000\000\000\000\000\000\000\000\000&#39;, 22 =&gt; &#39;\000\000\000\000\000\000\000\000\000\000\000\000\000\000\000\000\000\000\000\000\000\000\000\000\000&#39;, 23 =&gt; &#39;\000\000\000\000\000\000\000\000\000\000\000\000\000\000\000\000\000\000\000\000\000\000\000\000\000&#39;, 24 =&gt; &#39;\000\000\000\000\000\000\000\000\000\000\000\000\000\000\000\000\000\000\000\000\000\000\000\000\000&#39;]</span>, <span>$maskGenOnly = </span>??? )</td><td title='C:\wamp64\www\deneme2\qrmask.php' bgcolor='#eeeeec'>...\qrmask.php<b>:</b>311</td></tr>
<tr><td bgcolor='#eeeeec' align='center'>10</td><td bgcolor='#eeeeec' align='center'>0.0984</td><td bgcolor='#eeeeec' align='right'>613416</td><td bgcolor='#eeeeec'><a href='http://www.php.net/function.file-put-contents' target='_new'>file_put_contents</a>( <span>$filename = </span><span>&#39;C:\\wamp64\\www\\deneme2\\cache\\mask_5\\mask_25_5.dat&#39;</span>, <span>$data = </span><span>&#39;x⁄ùëa\n@!\bÉÔ4Óó\vﬁ≥\030 ¢ö\021ô\r?,&quot;≈‘Ã\021&quot;j\002Ω¶\026°é?n&lt;∂O’\023€‰a\r¨w,\vl}rG\016ãM;œ¶œ9[ûÌ\f§¢_±ùx|ü ÷=¥l4lK\003®vΩ&#39;</span> )</td><td title='C:\wamp64\www\deneme2\qrmask.php' bgcolor='#eeeeec'>...\qrmask.php<b>:</b>155</td></tr>
</table></font>
<br />
<font size='1'><table class='xdebug-error xe-warning' dir='ltr' border='1' cellspacing='0' cellpadding='1'>
<tr><th align='left' bgcolor='#f57900' colspan="5"><span style='background-color: #cc0000; color: #fce94f; font-size: x-large;'>( ! )</span> Warning: mkdir(): No such file or directory in C:\wamp64\www\deneme2\qrmask.php on line <i>154</i></th></tr>
<tr><th align='left' bgcolor='#e9b96e' colspan='5'>Call Stack</th></tr>
<tr><th align='center' bgcolor='#eeeeec'>#</th><th align='left' bgcolor='#eeeeec'>Time</th><th align='left' bgcolor='#eeeeec'>Memory</th><th align='left' bgcolor='#eeeeec'>Function</th><th align='left' bgcolor='#eeeeec'>Location</th></tr>
<tr><td bgcolor='#eeeeec' align='center'>1</td><td bgcolor='#eeeeec' align='center'>0.0004</td><td bgcolor='#eeeeec' align='right'>362216</td><td bgcolor='#eeeeec'>{main}(  )</td><td title='C:\wamp64\www\deneme2\index.php' bgcolor='#eeeeec'>...\index.php<b>:</b>0</td></tr>
<tr><td bgcolor='#eeeeec' align='center'>2</td><td bgcolor='#eeeeec' align='center'>0.0018</td><td bgcolor='#eeeeec' align='right'>364696</td><td bgcolor='#eeeeec'>QRcode::png( <span>$text = </span><span>&#39;file/some othertext 1234&#39;</span>, <span>$outfile = </span>???, <span>$level = </span>???, <span>$size = </span>???, <span>$margin = </span>???, <span>$saveandprint = </span>??? )</td><td title='C:\wamp64\www\deneme2\index.php' bgcolor='#eeeeec'>...\index.php<b>:</b>4</td></tr>
<tr><td bgcolor='#eeeeec' align='center'>3</td><td bgcolor='#eeeeec' align='center'>0.0018</td><td bgcolor='#eeeeec' align='right'>364888</td><td bgcolor='#eeeeec'>QRencode->encodePNG( <span>$intext = </span><span>&#39;file/some othertext 1234&#39;</span>, <span>$outfile = </span><span>FALSE</span>, <span>$saveandprint = </span><span>FALSE</span> )</td><td title='C:\wamp64\www\deneme2\qrencode.php' bgcolor='#eeeeec'>...\qrencode.php<b>:</b>286</td></tr>
<tr><td bgcolor='#eeeeec' align='center'>4</td><td bgcolor='#eeeeec' align='center'>0.0018</td><td bgcolor='#eeeeec' align='right'>381400</td><td bgcolor='#eeeeec'>QRencode->encode( <span>$intext = </span><span>&#39;file/some othertext 1234&#39;</span>, <span>$outfile = </span>??? )</td><td title='C:\wamp64\www\deneme2\qrencode.php' bgcolor='#eeeeec'>...\qrencode.php<b>:</b>485</td></tr>
<tr><td bgcolor='#eeeeec' align='center'>5</td><td bgcolor='#eeeeec' align='center'>0.0018</td><td bgcolor='#eeeeec' align='right'>381496</td><td bgcolor='#eeeeec'>QRcode->encodeString( <span>$string = </span><span>&#39;file/some othertext 1234&#39;</span>, <span>$version = </span><span>0</span>, <span>$level = </span><span>0</span>, <span>$hint = </span><span>2</span>, <span>$casesensitive = </span><span>TRUE</span> )</td><td title='C:\wamp64\www\deneme2\qrencode.php' bgcolor='#eeeeec'>...\qrencode.php<b>:</b>467</td></tr>
<tr><td bgcolor='#eeeeec' align='center'>6</td><td bgcolor='#eeeeec' align='center'>0.0021</td><td bgcolor='#eeeeec' align='right'>384312</td><td bgcolor='#eeeeec'>QRcode->encodeInput( <span>$input = </span><span>class QRinput { public $items = [0 =&gt; class QRinputItem { ... }]; private $version = 2; private $level = 0 }</span> )</td><td title='C:\wamp64\www\deneme2\qrencode.php' bgcolor='#eeeeec'>...\qrencode.php<b>:</b>279</td></tr>
<tr><td bgcolor='#eeeeec' align='center'>7</td><td bgcolor='#eeeeec' align='center'>0.0021</td><td bgcolor='#eeeeec' align='right'>384312</td><td bgcolor='#eeeeec'>QRcode->encodeMask( <span>$input = </span><span>class QRinput { public $items = [0 =&gt; class QRinputItem { ... }]; private $version = 2; private $level = 0 }</span>, <span>$mask = </span><span>-1</span> )</td><td title='C:\wamp64\www\deneme2\qrencode.php' bgcolor='#eeeeec'>...\qrencode.php<b>:</b>240</td></tr>
<tr><td bgcolor='#eeeeec' align='center'>8</td><td bgcolor='#eeeeec' align='center'>0.0111</td><td bgcolor='#eeeeec' align='right'>443288</td><td bgcolor='#eeeeec'>QRmask->mask( <span>$width = </span><span>25</span>, <span>$frame = </span><span>[0 =&gt; &#39;¡¡¡¡¡¡¡¿Ñ\002\002\002\003\003\003\003\003¿¡¡¡¡¡¡¡&#39;, 1 =&gt; &#39;¡¿¿¿¿¿¡¿Ñ\002\002\003\002\002\002\002\003¿¡¿¿¿¿¿¡&#39;, 2 =&gt; &#39;¡¿¡¡¡¿¡¿Ñ\002\003\003\003\002\002\002\003¿¡¿¡¡¡¿¡&#39;, 3 =&gt; &#39;¡¿¡¡¡¿¡¿Ñ\002\002\003\003\003\003\002\002¿¡¿¡¡¡¿¡&#39;, 4 =&gt; &#39;¡¿¡¡¡¿¡¿Ñ\003\003\002\002\002\003\003\003¿¡¿¡¡¡¿¡&#39;, 5 =&gt; &#39;¡¿¿¿¿¿¡¿Ñ\003\003\002\003\002\003\002\002¿¡¿¿¿¿¿¡&#39;, 6 =&gt; &#39;¡¡¡¡¡¡¡¿ëêëêëêëêë¿¡¡¡¡¡¡¡&#39;, 7 =&gt; &#39;¿¿¿¿¿¿¿¿Ñ\003\002\002\002\002\002\002\003¿¿¿¿¿¿¿¿&#39;, 8 =&gt; &#39;ÑÑÑÑÑÑëÑÑ\002\003\002\002\003\002\002\003ÑÑÑÑÑÑÑÑ&#39;, 9 =&gt; &#39;\002\002\002\002\002\002ê\003\003\002\002\002\003\002\002\003\003\002\003\002\002\003\003\002\003&#39;, 10 =&gt; &#39;\003\003\003\002\003\003ë\002\003\002\002\003\002\002\002\002\002\002\002\003\002\002\002\003\002&#39;, 11 =&gt; &#39;\002\003\002\003\002\002ê\003\002\002\003\003\003\002\002\003\002\002\002\003\002\003\002\003\002&#39;, 12 =&gt; &#39;\003\002\002\002\002\002ë\002\002\002\002\003\003\003\002\002\003\003\002\002\003\002\003\002\003&#39;, 13 =&gt; &#39;\002\003\002\002\002\003ê\002\003\002\003\002\002\002\003\003\003\002\003\003\002\003\002\002\003&#39;, 14 =&gt; &#39;\002\002\002\003\002\003ë\002\003\002\002\002\003\002\002\002\003\003\003\003\002\003\002\003\002&#39;, 15 =&gt; &#39;\002\002\003\002\003\003ê\002\002\003\002\002\002\002\003\002\003\003\003\003\003\002\002\002\003&#39;, 16 =&gt; &#39;\002\002\002\003\003\003ë\003\003\003\003\002\002\003\002\002°°°°°\002\003\003\002&#39;, 17 =&gt; &#39;¿¿¿¿¿¿¿¿Å\002\003\002\003\002\003\002°†††°\003\003\002\003&#39;, 18 =&gt; &#39;¡¡¡¡¡¡¡¿Ñ\002\002\003\002\003\002\003°†°†°\003\003\003\002&#39;, 19 =&gt; &#39;¡¿¿¿¿¿¡¿Ñ\002\003\003\003\002\002\003°†††°\003\002\002\002&#39;, 20 =&gt; &#39;¡¿¡¡¡¿¡¿Ñ\002\003\003\002\003\002\002°°°°°\003\003\002\003&#39;, 21 =&gt; &#39;¡¿¡¡¡¿¡¿Ñ\002\002\002\002\002\003\002\002\003\002\002\003\002\002\003\002&#39;, 22 =&gt; &#39;¡¿¡¡¡¿¡¿Ñ\002\003\002\002\003\002\002\003\003\003\003\002\003\003\002\002&#39;, 23 =&gt; &#39;¡¿¿¿¿¿¡¿Ñ\003\002\002\003\002\003\002\003\003\002\003\003\003\002\002\002&#39;, 24 =&gt; &#39;¡¡¡¡¡¡¡¿Ñ\002\002\002\003\003\002\003\002\002\002\003\003\002\003\003\002&#39;]</span>, <span>$level = </span><span>0</span> )</td><td title='C:\wamp64\www\deneme2\qrencode.php' bgcolor='#eeeeec'>...\qrencode.php<b>:</b>216</td></tr>
<tr><td bgcolor='#eeeeec' align='center'>9</td><td bgcolor='#eeeeec' align='center'>0.1110</td><td bgcolor='#eeeeec' align='right'>594856</td><td bgcolor='#eeeeec'>QRmask->makeMaskNo( <span>$maskNo = </span><span>6</span>, <span>$width = </span><span>25</span>, <span>$s = </span><span>[0 =&gt; &#39;¡¡¡¡¡¡¡¿Ñ\002\002\002\003\003\003\003\003¿¡¡¡¡¡¡¡&#39;, 1 =&gt; &#39;¡¿¿¿¿¿¡¿Ñ\002\002\003\002\002\002\002\003¿¡¿¿¿¿¿¡&#39;, 2 =&gt; &#39;¡¿¡¡¡¿¡¿Ñ\002\003\003\003\002\002\002\003¿¡¿¡¡¡¿¡&#39;, 3 =&gt; &#39;¡¿¡¡¡¿¡¿Ñ\002\002\003\003\003\003\002\002¿¡¿¡¡¡¿¡&#39;, 4 =&gt; &#39;¡¿¡¡¡¿¡¿Ñ\003\003\002\002\002\003\003\003¿¡¿¡¡¡¿¡&#39;, 5 =&gt; &#39;¡¿¿¿¿¿¡¿Ñ\003\003\002\003\002\003\002\002¿¡¿¿¿¿¿¡&#39;, 6 =&gt; &#39;¡¡¡¡¡¡¡¿ëêëêëêëêë¿¡¡¡¡¡¡¡&#39;, 7 =&gt; &#39;¿¿¿¿¿¿¿¿Ñ\003\002\002\002\002\002\002\003¿¿¿¿¿¿¿¿&#39;, 8 =&gt; &#39;ÑÑÑÑÑÑëÑÑ\002\003\002\002\003\002\002\003ÑÑÑÑÑÑÑÑ&#39;, 9 =&gt; &#39;\002\002\002\002\002\002ê\003\003\002\002\002\003\002\002\003\003\002\003\002\002\003\003\002\003&#39;, 10 =&gt; &#39;\003\003\003\002\003\003ë\002\003\002\002\003\002\002\002\002\002\002\002\003\002\002\002\003\002&#39;, 11 =&gt; &#39;\002\003\002\003\002\002ê\003\002\002\003\003\003\002\002\003\002\002\002\003\002\003\002\003\002&#39;, 12 =&gt; &#39;\003\002\002\002\002\002ë\002\002\002\002\003\003\003\002\002\003\003\002\002\003\002\003\002\003&#39;, 13 =&gt; &#39;\002\003\002\002\002\003ê\002\003\002\003\002\002\002\003\003\003\002\003\003\002\003\002\002\003&#39;, 14 =&gt; &#39;\002\002\002\003\002\003ë\002\003\002\002\002\003\002\002\002\003\003\003\003\002\003\002\003\002&#39;, 15 =&gt; &#39;\002\002\003\002\003\003ê\002\002\003\002\002\002\002\003\002\003\003\003\003\003\002\002\002\003&#39;, 16 =&gt; &#39;\002\002\002\003\003\003ë\003\003\003\003\002\002\003\002\002°°°°°\002\003\003\002&#39;, 17 =&gt; &#39;¿¿¿¿¿¿¿¿Å\002\003\002\003\002\003\002°†††°\003\003\002\003&#39;, 18 =&gt; &#39;¡¡¡¡¡¡¡¿Ñ\002\002\003\002\003\002\003°†°†°\003\003\003\002&#39;, 19 =&gt; &#39;¡¿¿¿¿¿¡¿Ñ\002\003\003\003\002\002\003°†††°\003\002\002\002&#39;, 20 =&gt; &#39;¡¿¡¡¡¿¡¿Ñ\002\003\003\002\003\002\002°°°°°\003\003\002\003&#39;, 21 =&gt; &#39;¡¿¡¡¡¿¡¿Ñ\002\002\002\002\002\003\002\002\003\002\002\003\002\002\003\002&#39;, 22 =&gt; &#39;¡¿¡¡¡¿¡¿Ñ\002\003\002\002\003\002\002\003\003\003\003\002\003\003\002\002&#39;, 23 =&gt; &#39;¡¿¿¿¿¿¡¿Ñ\003\002\002\003\002\003\002\003\003\002\003\003\003\002\002\002&#39;, 24 =&gt; &#39;¡¡¡¡¡¡¡¿Ñ\002\002\002\003\003\002\003\002\002\002\003\003\002\003\003\002&#39;]</span>, <span>$d = </span><span>[0 =&gt; &#39;\000\000\000\000\000\000\000\000\000\000\000\000\000\000\000\000\000\000\000\000\000\000\000\000\000&#39;, 1 =&gt; &#39;\000\000\000\000\000\000\000\000\000\000\000\000\000\000\000\000\000\000\000\000\000\000\000\000\000&#39;, 2 =&gt; &#39;\000\000\000\000\000\000\000\000\000\000\000\000\000\000\000\000\000\000\000\000\000\000\000\000\000&#39;, 3 =&gt; &#39;\000\000\000\000\000\000\000\000\000\000\000\000\000\000\000\000\000\000\000\000\000\000\000\000\000&#39;, 4 =&gt; &#39;\000\000\000\000\000\000\000\000\000\000\000\000\000\000\000\000\000\000\000\000\000\000\000\000\000&#39;, 5 =&gt; &#39;\000\000\000\000\000\000\000\000\000\000\000\000\000\000\000\000\000\000\000\000\000\000\000\000\000&#39;, 6 =&gt; &#39;\000\000\000\000\000\000\000\000\000\000\000\000\000\000\000\000\000\000\000\000\000\000\000\000\000&#39;, 7 =&gt; &#39;\000\000\000\000\000\000\000\000\000\000\000\000\000\000\000\000\000\000\000\000\000\000\000\000\000&#39;, 8 =&gt; &#39;\000\000\000\000\000\000\000\000\000\000\000\000\000\000\000\000\000\000\000\000\000\000\000\000\000&#39;, 9 =&gt; &#39;\000\000\000\000\000\000\000\000\000\000\000\000\000\000\000\000\000\000\000\000\000\000\000\000\000&#39;, 10 =&gt; &#39;\000\000\000\000\000\000\000\000\000\000\000\000\000\000\000\000\000\000\000\000\000\000\000\000\000&#39;, 11 =&gt; &#39;\000\000\000\000\000\000\000\000\000\000\000\000\000\000\000\000\000\000\000\000\000\000\000\000\000&#39;, 12 =&gt; &#39;\000\000\000\000\000\000\000\000\000\000\000\000\000\000\000\000\000\000\000\000\000\000\000\000\000&#39;, 13 =&gt; &#39;\000\000\000\000\000\000\000\000\000\000\000\000\000\000\000\000\000\000\000\000\000\000\000\000\000&#39;, 14 =&gt; &#39;\000\000\000\000\000\000\000\000\000\000\000\000\000\000\000\000\000\000\000\000\000\000\000\000\000&#39;, 15 =&gt; &#39;\000\000\000\000\000\000\000\000\000\000\000\000\000\000\000\000\000\000\000\000\000\000\000\000\000&#39;, 16 =&gt; &#39;\000\000\000\000\000\000\000\000\000\000\000\000\000\000\000\000\000\000\000\000\000\000\000\000\000&#39;, 17 =&gt; &#39;\000\000\000\000\000\000\000\000\000\000\000\000\000\000\000\000\000\000\000\000\000\000\000\000\000&#39;, 18 =&gt; &#39;\000\000\000\000\000\000\000\000\000\000\000\000\000\000\000\000\000\000\000\000\000\000\000\000\000&#39;, 19 =&gt; &#39;\000\000\000\000\000\000\000\000\000\000\000\000\000\000\000\000\000\000\000\000\000\000\000\000\000&#39;, 20 =&gt; &#39;\000\000\000\000\000\000\000\000\000\000\000\000\000\000\000\000\000\000\000\000\000\000\000\000\000&#39;, 21 =&gt; &#39;\000\000\000\000\000\000\000\000\000\000\000\000\000\000\000\000\000\000\000\000\000\000\000\000\000&#39;, 22 =&gt; &#39;\000\000\000\000\000\000\000\000\000\000\000\000\000\000\000\000\000\000\000\000\000\000\000\000\000&#39;, 23 =&gt; &#39;\000\000\000\000\000\000\000\000\000\000\000\000\000\000\000\000\000\000\000\000\000\000\000\000\000&#39;, 24 =&gt; &#39;\000\000\000\000\000\000\000\000\000\000\000\000\000\000\000\000\000\000\000\000\000\000\000\000\000&#39;]</span>, <span>$maskGenOnly = </span>??? )</td><td title='C:\wamp64\www\deneme2\qrmask.php' bgcolor='#eeeeec'>...\qrmask.php<b>:</b>311</td></tr>
<tr><td bgcolor='#eeeeec' align='center'>10</td><td bgcolor='#eeeeec' align='center'>0.1120</td><td bgcolor='#eeeeec' align='right'>629736</td><td bgcolor='#eeeeec'><a href='http://www.php.net/function.mkdir' target='_new'>mkdir</a>( <span>$pathname = </span><span>&#39;C:\\wamp64\\www\\deneme2\\cache\\mask_6&#39;</span> )</td><td title='C:\wamp64\www\deneme2\qrmask.php' bgcolor='#eeeeec'>...\qrmask.php<b>:</b>154</td></tr>
</table></font>
<br />
<font size='1'><table class='xdebug-error xe-warning' dir='ltr' border='1' cellspacing='0' cellpadding='1'>
<tr><th align='left' bgcolor='#f57900' colspan="5"><span style='background-color: #cc0000; color: #fce94f; font-size: x-large;'>( ! )</span> Warning: file_put_contents(C:\wamp64\www\deneme2\cache\mask_6\mask_25_6.dat): failed to open stream: No such file or directory in C:\wamp64\www\deneme2\qrmask.php on line <i>155</i></th></tr>
<tr><th align='left' bgcolor='#e9b96e' colspan='5'>Call Stack</th></tr>
<tr><th align='center' bgcolor='#eeeeec'>#</th><th align='left' bgcolor='#eeeeec'>Time</th><th align='left' bgcolor='#eeeeec'>Memory</th><th align='left' bgcolor='#eeeeec'>Function</th><th align='left' bgcolor='#eeeeec'>Location</th></tr>
<tr><td bgcolor='#eeeeec' align='center'>1</td><td bgcolor='#eeeeec' align='center'>0.0004</td><td bgcolor='#eeeeec' align='right'>362216</td><td bgcolor='#eeeeec'>{main}(  )</td><td title='C:\wamp64\www\deneme2\index.php' bgcolor='#eeeeec'>...\index.php<b>:</b>0</td></tr>
<tr><td bgcolor='#eeeeec' align='center'>2</td><td bgcolor='#eeeeec' align='center'>0.0018</td><td bgcolor='#eeeeec' align='right'>364696</td><td bgcolor='#eeeeec'>QRcode::png( <span>$text = </span><span>&#39;file/some othertext 1234&#39;</span>, <span>$outfile = </span>???, <span>$level = </span>???, <span>$size = </span>???, <span>$margin = </span>???, <span>$saveandprint = </span>??? )</td><td title='C:\wamp64\www\deneme2\index.php' bgcolor='#eeeeec'>...\index.php<b>:</b>4</td></tr>
<tr><td bgcolor='#eeeeec' align='center'>3</td><td bgcolor='#eeeeec' align='center'>0.0018</td><td bgcolor='#eeeeec' align='right'>364888</td><td bgcolor='#eeeeec'>QRencode->encodePNG( <span>$intext = </span><span>&#39;file/some othertext 1234&#39;</span>, <span>$outfile = </span><span>FALSE</span>, <span>$saveandprint = </span><span>FALSE</span> )</td><td title='C:\wamp64\www\deneme2\qrencode.php' bgcolor='#eeeeec'>...\qrencode.php<b>:</b>286</td></tr>
<tr><td bgcolor='#eeeeec' align='center'>4</td><td bgcolor='#eeeeec' align='center'>0.0018</td><td bgcolor='#eeeeec' align='right'>381400</td><td bgcolor='#eeeeec'>QRencode->encode( <span>$intext = </span><span>&#39;file/some othertext 1234&#39;</span>, <span>$outfile = </span>??? )</td><td title='C:\wamp64\www\deneme2\qrencode.php' bgcolor='#eeeeec'>...\qrencode.php<b>:</b>485</td></tr>
<tr><td bgcolor='#eeeeec' align='center'>5</td><td bgcolor='#eeeeec' align='center'>0.0018</td><td bgcolor='#eeeeec' align='right'>381496</td><td bgcolor='#eeeeec'>QRcode->encodeString( <span>$string = </span><span>&#39;file/some othertext 1234&#39;</span>, <span>$version = </span><span>0</span>, <span>$level = </span><span>0</span>, <span>$hint = </span><span>2</span>, <span>$casesensitive = </span><span>TRUE</span> )</td><td title='C:\wamp64\www\deneme2\qrencode.php' bgcolor='#eeeeec'>...\qrencode.php<b>:</b>467</td></tr>
<tr><td bgcolor='#eeeeec' align='center'>6</td><td bgcolor='#eeeeec' align='center'>0.0021</td><td bgcolor='#eeeeec' align='right'>384312</td><td bgcolor='#eeeeec'>QRcode->encodeInput( <span>$input = </span><span>class QRinput { public $items = [0 =&gt; class QRinputItem { ... }]; private $version = 2; private $level = 0 }</span> )</td><td title='C:\wamp64\www\deneme2\qrencode.php' bgcolor='#eeeeec'>...\qrencode.php<b>:</b>279</td></tr>
<tr><td bgcolor='#eeeeec' align='center'>7</td><td bgcolor='#eeeeec' align='center'>0.0021</td><td bgcolor='#eeeeec' align='right'>384312</td><td bgcolor='#eeeeec'>QRcode->encodeMask( <span>$input = </span><span>class QRinput { public $items = [0 =&gt; class QRinputItem { ... }]; private $version = 2; private $level = 0 }</span>, <span>$mask = </span><span>-1</span> )</td><td title='C:\wamp64\www\deneme2\qrencode.php' bgcolor='#eeeeec'>...\qrencode.php<b>:</b>240</td></tr>
<tr><td bgcolor='#eeeeec' align='center'>8</td><td bgcolor='#eeeeec' align='center'>0.0111</td><td bgcolor='#eeeeec' align='right'>443288</td><td bgcolor='#eeeeec'>QRmask->mask( <span>$width = </span><span>25</span>, <span>$frame = </span><span>[0 =&gt; &#39;¡¡¡¡¡¡¡¿Ñ\002\002\002\003\003\003\003\003¿¡¡¡¡¡¡¡&#39;, 1 =&gt; &#39;¡¿¿¿¿¿¡¿Ñ\002\002\003\002\002\002\002\003¿¡¿¿¿¿¿¡&#39;, 2 =&gt; &#39;¡¿¡¡¡¿¡¿Ñ\002\003\003\003\002\002\002\003¿¡¿¡¡¡¿¡&#39;, 3 =&gt; &#39;¡¿¡¡¡¿¡¿Ñ\002\002\003\003\003\003\002\002¿¡¿¡¡¡¿¡&#39;, 4 =&gt; &#39;¡¿¡¡¡¿¡¿Ñ\003\003\002\002\002\003\003\003¿¡¿¡¡¡¿¡&#39;, 5 =&gt; &#39;¡¿¿¿¿¿¡¿Ñ\003\003\002\003\002\003\002\002¿¡¿¿¿¿¿¡&#39;, 6 =&gt; &#39;¡¡¡¡¡¡¡¿ëêëêëêëêë¿¡¡¡¡¡¡¡&#39;, 7 =&gt; &#39;¿¿¿¿¿¿¿¿Ñ\003\002\002\002\002\002\002\003¿¿¿¿¿¿¿¿&#39;, 8 =&gt; &#39;ÑÑÑÑÑÑëÑÑ\002\003\002\002\003\002\002\003ÑÑÑÑÑÑÑÑ&#39;, 9 =&gt; &#39;\002\002\002\002\002\002ê\003\003\002\002\002\003\002\002\003\003\002\003\002\002\003\003\002\003&#39;, 10 =&gt; &#39;\003\003\003\002\003\003ë\002\003\002\002\003\002\002\002\002\002\002\002\003\002\002\002\003\002&#39;, 11 =&gt; &#39;\002\003\002\003\002\002ê\003\002\002\003\003\003\002\002\003\002\002\002\003\002\003\002\003\002&#39;, 12 =&gt; &#39;\003\002\002\002\002\002ë\002\002\002\002\003\003\003\002\002\003\003\002\002\003\002\003\002\003&#39;, 13 =&gt; &#39;\002\003\002\002\002\003ê\002\003\002\003\002\002\002\003\003\003\002\003\003\002\003\002\002\003&#39;, 14 =&gt; &#39;\002\002\002\003\002\003ë\002\003\002\002\002\003\002\002\002\003\003\003\003\002\003\002\003\002&#39;, 15 =&gt; &#39;\002\002\003\002\003\003ê\002\002\003\002\002\002\002\003\002\003\003\003\003\003\002\002\002\003&#39;, 16 =&gt; &#39;\002\002\002\003\003\003ë\003\003\003\003\002\002\003\002\002°°°°°\002\003\003\002&#39;, 17 =&gt; &#39;¿¿¿¿¿¿¿¿Å\002\003\002\003\002\003\002°†††°\003\003\002\003&#39;, 18 =&gt; &#39;¡¡¡¡¡¡¡¿Ñ\002\002\003\002\003\002\003°†°†°\003\003\003\002&#39;, 19 =&gt; &#39;¡¿¿¿¿¿¡¿Ñ\002\003\003\003\002\002\003°†††°\003\002\002\002&#39;, 20 =&gt; &#39;¡¿¡¡¡¿¡¿Ñ\002\003\003\002\003\002\002°°°°°\003\003\002\003&#39;, 21 =&gt; &#39;¡¿¡¡¡¿¡¿Ñ\002\002\002\002\002\003\002\002\003\002\002\003\002\002\003\002&#39;, 22 =&gt; &#39;¡¿¡¡¡¿¡¿Ñ\002\003\002\002\003\002\002\003\003\003\003\002\003\003\002\002&#39;, 23 =&gt; &#39;¡¿¿¿¿¿¡¿Ñ\003\002\002\003\002\003\002\003\003\002\003\003\003\002\002\002&#39;, 24 =&gt; &#39;¡¡¡¡¡¡¡¿Ñ\002\002\002\003\003\002\003\002\002\002\003\003\002\003\003\002&#39;]</span>, <span>$level = </span><span>0</span> )</td><td title='C:\wamp64\www\deneme2\qrencode.php' bgcolor='#eeeeec'>...\qrencode.php<b>:</b>216</td></tr>
<tr><td bgcolor='#eeeeec' align='center'>9</td><td bgcolor='#eeeeec' align='center'>0.1110</td><td bgcolor='#eeeeec' align='right'>594856</td><td bgcolor='#eeeeec'>QRmask->makeMaskNo( <span>$maskNo = </span><span>6</span>, <span>$width = </span><span>25</span>, <span>$s = </span><span>[0 =&gt; &#39;¡¡¡¡¡¡¡¿Ñ\002\002\002\003\003\003\003\003¿¡¡¡¡¡¡¡&#39;, 1 =&gt; &#39;¡¿¿¿¿¿¡¿Ñ\002\002\003\002\002\002\002\003¿¡¿¿¿¿¿¡&#39;, 2 =&gt; &#39;¡¿¡¡¡¿¡¿Ñ\002\003\003\003\002\002\002\003¿¡¿¡¡¡¿¡&#39;, 3 =&gt; &#39;¡¿¡¡¡¿¡¿Ñ\002\002\003\003\003\003\002\002¿¡¿¡¡¡¿¡&#39;, 4 =&gt; &#39;¡¿¡¡¡¿¡¿Ñ\003\003\002\002\002\003\003\003¿¡¿¡¡¡¿¡&#39;, 5 =&gt; &#39;¡¿¿¿¿¿¡¿Ñ\003\003\002\003\002\003\002\002¿¡¿¿¿¿¿¡&#39;, 6 =&gt; &#39;¡¡¡¡¡¡¡¿ëêëêëêëêë¿¡¡¡¡¡¡¡&#39;, 7 =&gt; &#39;¿¿¿¿¿¿¿¿Ñ\003\002\002\002\002\002\002\003¿¿¿¿¿¿¿¿&#39;, 8 =&gt; &#39;ÑÑÑÑÑÑëÑÑ\002\003\002\002\003\002\002\003ÑÑÑÑÑÑÑÑ&#39;, 9 =&gt; &#39;\002\002\002\002\002\002ê\003\003\002\002\002\003\002\002\003\003\002\003\002\002\003\003\002\003&#39;, 10 =&gt; &#39;\003\003\003\002\003\003ë\002\003\002\002\003\002\002\002\002\002\002\002\003\002\002\002\003\002&#39;, 11 =&gt; &#39;\002\003\002\003\002\002ê\003\002\002\003\003\003\002\002\003\002\002\002\003\002\003\002\003\002&#39;, 12 =&gt; &#39;\003\002\002\002\002\002ë\002\002\002\002\003\003\003\002\002\003\003\002\002\003\002\003\002\003&#39;, 13 =&gt; &#39;\002\003\002\002\002\003ê\002\003\002\003\002\002\002\003\003\003\002\003\003\002\003\002\002\003&#39;, 14 =&gt; &#39;\002\002\002\003\002\003ë\002\003\002\002\002\003\002\002\002\003\003\003\003\002\003\002\003\002&#39;, 15 =&gt; &#39;\002\002\003\002\003\003ê\002\002\003\002\002\002\002\003\002\003\003\003\003\003\002\002\002\003&#39;, 16 =&gt; &#39;\002\002\002\003\003\003ë\003\003\003\003\002\002\003\002\002°°°°°\002\003\003\002&#39;, 17 =&gt; &#39;¿¿¿¿¿¿¿¿Å\002\003\002\003\002\003\002°†††°\003\003\002\003&#39;, 18 =&gt; &#39;¡¡¡¡¡¡¡¿Ñ\002\002\003\002\003\002\003°†°†°\003\003\003\002&#39;, 19 =&gt; &#39;¡¿¿¿¿¿¡¿Ñ\002\003\003\003\002\002\003°†††°\003\002\002\002&#39;, 20 =&gt; &#39;¡¿¡¡¡¿¡¿Ñ\002\003\003\002\003\002\002°°°°°\003\003\002\003&#39;, 21 =&gt; &#39;¡¿¡¡¡¿¡¿Ñ\002\002\002\002\002\003\002\002\003\002\002\003\002\002\003\002&#39;, 22 =&gt; &#39;¡¿¡¡¡¿¡¿Ñ\002\003\002\002\003\002\002\003\003\003\003\002\003\003\002\002&#39;, 23 =&gt; &#39;¡¿¿¿¿¿¡¿Ñ\003\002\002\003\002\003\002\003\003\002\003\003\003\002\002\002&#39;, 24 =&gt; &#39;¡¡¡¡¡¡¡¿Ñ\002\002\002\003\003\002\003\002\002\002\003\003\002\003\003\002&#39;]</span>, <span>$d = </span><span>[0 =&gt; &#39;\000\000\000\000\000\000\000\000\000\000\000\000\000\000\000\000\000\000\000\000\000\000\000\000\000&#39;, 1 =&gt; &#39;\000\000\000\000\000\000\000\000\000\000\000\000\000\000\000\000\000\000\000\000\000\000\000\000\000&#39;, 2 =&gt; &#39;\000\000\000\000\000\000\000\000\000\000\000\000\000\000\000\000\000\000\000\000\000\000\000\000\000&#39;, 3 =&gt; &#39;\000\000\000\000\000\000\000\000\000\000\000\000\000\000\000\000\000\000\000\000\000\000\000\000\000&#39;, 4 =&gt; &#39;\000\000\000\000\000\000\000\000\000\000\000\000\000\000\000\000\000\000\000\000\000\000\000\000\000&#39;, 5 =&gt; &#39;\000\000\000\000\000\000\000\000\000\000\000\000\000\000\000\000\000\000\000\000\000\000\000\000\000&#39;, 6 =&gt; &#39;\000\000\000\000\000\000\000\000\000\000\000\000\000\000\000\000\000\000\000\000\000\000\000\000\000&#39;, 7 =&gt; &#39;\000\000\000\000\000\000\000\000\000\000\000\000\000\000\000\000\000\000\000\000\000\000\000\000\000&#39;, 8 =&gt; &#39;\000\000\000\000\000\000\000\000\000\000\000\000\000\000\000\000\000\000\000\000\000\000\000\000\000&#39;, 9 =&gt; &#39;\000\000\000\000\000\000\000\000\000\000\000\000\000\000\000\000\000\000\000\000\000\000\000\000\000&#39;, 10 =&gt; &#39;\000\000\000\000\000\000\000\000\000\000\000\000\000\000\000\000\000\000\000\000\000\000\000\000\000&#39;, 11 =&gt; &#39;\000\000\000\000\000\000\000\000\000\000\000\000\000\000\000\000\000\000\000\000\000\000\000\000\000&#39;, 12 =&gt; &#39;\000\000\000\000\000\000\000\000\000\000\000\000\000\000\000\000\000\000\000\000\000\000\000\000\000&#39;, 13 =&gt; &#39;\000\000\000\000\000\000\000\000\000\000\000\000\000\000\000\000\000\000\000\000\000\000\000\000\000&#39;, 14 =&gt; &#39;\000\000\000\000\000\000\000\000\000\000\000\000\000\000\000\000\000\000\000\000\000\000\000\000\000&#39;, 15 =&gt; &#39;\000\000\000\000\000\000\000\000\000\000\000\000\000\000\000\000\000\000\000\000\000\000\000\000\000&#39;, 16 =&gt; &#39;\000\000\000\000\000\000\000\000\000\000\000\000\000\000\000\000\000\000\000\000\000\000\000\000\000&#39;, 17 =&gt; &#39;\000\000\000\000\000\000\000\000\000\000\000\000\000\000\000\000\000\000\000\000\000\000\000\000\000&#39;, 18 =&gt; &#39;\000\000\000\000\000\000\000\000\000\000\000\000\000\000\000\000\000\000\000\000\000\000\000\000\000&#39;, 19 =&gt; &#39;\000\000\000\000\000\000\000\000\000\000\000\000\000\000\000\000\000\000\000\000\000\000\000\000\000&#39;, 20 =&gt; &#39;\000\000\000\000\000\000\000\000\000\000\000\000\000\000\000\000\000\000\000\000\000\000\000\000\000&#39;, 21 =&gt; &#39;\000\000\000\000\000\000\000\000\000\000\000\000\000\000\000\000\000\000\000\000\000\000\000\000\000&#39;, 22 =&gt; &#39;\000\000\000\000\000\000\000\000\000\000\000\000\000\000\000\000\000\000\000\000\000\000\000\000\000&#39;, 23 =&gt; &#39;\000\000\000\000\000\000\000\000\000\000\000\000\000\000\000\000\000\000\000\000\000\000\000\000\000&#39;, 24 =&gt; &#39;\000\000\000\000\000\000\000\000\000\000\000\000\000\000\000\000\000\000\000\000\000\000\000\000\000&#39;]</span>, <span>$maskGenOnly = </span>??? )</td><td title='C:\wamp64\www\deneme2\qrmask.php' bgcolor='#eeeeec'>...\qrmask.php<b>:</b>311</td></tr>
<tr><td bgcolor='#eeeeec' align='center'>10</td><td bgcolor='#eeeeec' align='center'>0.1148</td><td bgcolor='#eeeeec' align='right'>646216</td><td bgcolor='#eeeeec'><a href='http://www.php.net/function.file-put-contents' target='_new'>file_put_contents</a>( <span>$filename = </span><span>&#39;C:\\wamp64\\www\\deneme2\\cache\\mask_6\\mask_25_6.dat&#39;</span>, <span>$data = </span><span>&#39;x⁄ùQA\016¿ \bª5ü€2)\003Íe+ƒ(Xm Z\001\006t∆*(⁄π´;ù√\bÁtJ„&lt;Â≥ÇÜ_⁄§á3∞o\026ä\022‹\017Ω⁄¥&quot;Ã¢\001\024a≤\020zh\037}—&amp;\017qvÄµSG ÷ô,-áôJõÕ4}≥ô¶oS[‚\002}w\006&#39;</span> )</td><td title='C:\wamp64\www\deneme2\qrmask.php' bgcolor='#eeeeec'>...\qrmask.php<b>:</b>155</td></tr>
</table></font>
<br />
<font size='1'><table class='xdebug-error xe-warning' dir='ltr' border='1' cellspacing='0' cellpadding='1'>
<tr><th align='left' bgcolor='#f57900' colspan="5"><span style='background-color: #cc0000; color: #fce94f; font-size: x-large;'>( ! )</span> Warning: mkdir(): No such file or directory in C:\wamp64\www\deneme2\qrmask.php on line <i>154</i></th></tr>
<tr><th align='left' bgcolor='#e9b96e' colspan='5'>Call Stack</th></tr>
<tr><th align='center' bgcolor='#eeeeec'>#</th><th align='left' bgcolor='#eeeeec'>Time</th><th align='left' bgcolor='#eeeeec'>Memory</th><th align='left' bgcolor='#eeeeec'>Function</th><th align='left' bgcolor='#eeeeec'>Location</th></tr>
<tr><td bgcolor='#eeeeec' align='center'>1</td><td bgcolor='#eeeeec' align='center'>0.0004</td><td bgcolor='#eeeeec' align='right'>362216</td><td bgcolor='#eeeeec'>{main}(  )</td><td title='C:\wamp64\www\deneme2\index.php' bgcolor='#eeeeec'>...\index.php<b>:</b>0</td></tr>
<tr><td bgcolor='#eeeeec' align='center'>2</td><td bgcolor='#eeeeec' align='center'>0.0018</td><td bgcolor='#eeeeec' align='right'>364696</td><td bgcolor='#eeeeec'>QRcode::png( <span>$text = </span><span>&#39;file/some othertext 1234&#39;</span>, <span>$outfile = </span>???, <span>$level = </span>???, <span>$size = </span>???, <span>$margin = </span>???, <span>$saveandprint = </span>??? )</td><td title='C:\wamp64\www\deneme2\index.php' bgcolor='#eeeeec'>...\index.php<b>:</b>4</td></tr>
<tr><td bgcolor='#eeeeec' align='center'>3</td><td bgcolor='#eeeeec' align='center'>0.0018</td><td bgcolor='#eeeeec' align='right'>364888</td><td bgcolor='#eeeeec'>QRencode->encodePNG( <span>$intext = </span><span>&#39;file/some othertext 1234&#39;</span>, <span>$outfile = </span><span>FALSE</span>, <span>$saveandprint = </span><span>FALSE</span> )</td><td title='C:\wamp64\www\deneme2\qrencode.php' bgcolor='#eeeeec'>...\qrencode.php<b>:</b>286</td></tr>
<tr><td bgcolor='#eeeeec' align='center'>4</td><td bgcolor='#eeeeec' align='center'>0.0018</td><td bgcolor='#eeeeec' align='right'>381400</td><td bgcolor='#eeeeec'>QRencode->encode( <span>$intext = </span><span>&#39;file/some othertext 1234&#39;</span>, <span>$outfile = </span>??? )</td><td title='C:\wamp64\www\deneme2\qrencode.php' bgcolor='#eeeeec'>...\qrencode.php<b>:</b>485</td></tr>
<tr><td bgcolor='#eeeeec' align='center'>5</td><td bgcolor='#eeeeec' align='center'>0.0018</td><td bgcolor='#eeeeec' align='right'>381496</td><td bgcolor='#eeeeec'>QRcode->encodeString( <span>$string = </span><span>&#39;file/some othertext 1234&#39;</span>, <span>$version = </span><span>0</span>, <span>$level = </span><span>0</span>, <span>$hint = </span><span>2</span>, <span>$casesensitive = </span><span>TRUE</span> )</td><td title='C:\wamp64\www\deneme2\qrencode.php' bgcolor='#eeeeec'>...\qrencode.php<b>:</b>467</td></tr>
<tr><td bgcolor='#eeeeec' align='center'>6</td><td bgcolor='#eeeeec' align='center'>0.0021</td><td bgcolor='#eeeeec' align='right'>384312</td><td bgcolor='#eeeeec'>QRcode->encodeInput( <span>$input = </span><span>class QRinput { public $items = [0 =&gt; class QRinputItem { ... }]; private $version = 2; private $level = 0 }</span> )</td><td title='C:\wamp64\www\deneme2\qrencode.php' bgcolor='#eeeeec'>...\qrencode.php<b>:</b>279</td></tr>
<tr><td bgcolor='#eeeeec' align='center'>7</td><td bgcolor='#eeeeec' align='center'>0.0021</td><td bgcolor='#eeeeec' align='right'>384312</td><td bgcolor='#eeeeec'>QRcode->encodeMask( <span>$input = </span><span>class QRinput { public $items = [0 =&gt; class QRinputItem { ... }]; private $version = 2; private $level = 0 }</span>, <span>$mask = </span><span>-1</span> )</td><td title='C:\wamp64\www\deneme2\qrencode.php' bgcolor='#eeeeec'>...\qrencode.php<b>:</b>240</td></tr>
<tr><td bgcolor='#eeeeec' align='center'>8</td><td bgcolor='#eeeeec' align='center'>0.0111</td><td bgcolor='#eeeeec' align='right'>443288</td><td bgcolor='#eeeeec'>QRmask->mask( <span>$width = </span><span>25</span>, <span>$frame = </span><span>[0 =&gt; &#39;¡¡¡¡¡¡¡¿Ñ\002\002\002\003\003\003\003\003¿¡¡¡¡¡¡¡&#39;, 1 =&gt; &#39;¡¿¿¿¿¿¡¿Ñ\002\002\003\002\002\002\002\003¿¡¿¿¿¿¿¡&#39;, 2 =&gt; &#39;¡¿¡¡¡¿¡¿Ñ\002\003\003\003\002\002\002\003¿¡¿¡¡¡¿¡&#39;, 3 =&gt; &#39;¡¿¡¡¡¿¡¿Ñ\002\002\003\003\003\003\002\002¿¡¿¡¡¡¿¡&#39;, 4 =&gt; &#39;¡¿¡¡¡¿¡¿Ñ\003\003\002\002\002\003\003\003¿¡¿¡¡¡¿¡&#39;, 5 =&gt; &#39;¡¿¿¿¿¿¡¿Ñ\003\003\002\003\002\003\002\002¿¡¿¿¿¿¿¡&#39;, 6 =&gt; &#39;¡¡¡¡¡¡¡¿ëêëêëêëêë¿¡¡¡¡¡¡¡&#39;, 7 =&gt; &#39;¿¿¿¿¿¿¿¿Ñ\003\002\002\002\002\002\002\003¿¿¿¿¿¿¿¿&#39;, 8 =&gt; &#39;ÑÑÑÑÑÑëÑÑ\002\003\002\002\003\002\002\003ÑÑÑÑÑÑÑÑ&#39;, 9 =&gt; &#39;\002\002\002\002\002\002ê\003\003\002\002\002\003\002\002\003\003\002\003\002\002\003\003\002\003&#39;, 10 =&gt; &#39;\003\003\003\002\003\003ë\002\003\002\002\003\002\002\002\002\002\002\002\003\002\002\002\003\002&#39;, 11 =&gt; &#39;\002\003\002\003\002\002ê\003\002\002\003\003\003\002\002\003\002\002\002\003\002\003\002\003\002&#39;, 12 =&gt; &#39;\003\002\002\002\002\002ë\002\002\002\002\003\003\003\002\002\003\003\002\002\003\002\003\002\003&#39;, 13 =&gt; &#39;\002\003\002\002\002\003ê\002\003\002\003\002\002\002\003\003\003\002\003\003\002\003\002\002\003&#39;, 14 =&gt; &#39;\002\002\002\003\002\003ë\002\003\002\002\002\003\002\002\002\003\003\003\003\002\003\002\003\002&#39;, 15 =&gt; &#39;\002\002\003\002\003\003ê\002\002\003\002\002\002\002\003\002\003\003\003\003\003\002\002\002\003&#39;, 16 =&gt; &#39;\002\002\002\003\003\003ë\003\003\003\003\002\002\003\002\002°°°°°\002\003\003\002&#39;, 17 =&gt; &#39;¿¿¿¿¿¿¿¿Å\002\003\002\003\002\003\002°†††°\003\003\002\003&#39;, 18 =&gt; &#39;¡¡¡¡¡¡¡¿Ñ\002\002\003\002\003\002\003°†°†°\003\003\003\002&#39;, 19 =&gt; &#39;¡¿¿¿¿¿¡¿Ñ\002\003\003\003\002\002\003°†††°\003\002\002\002&#39;, 20 =&gt; &#39;¡¿¡¡¡¿¡¿Ñ\002\003\003\002\003\002\002°°°°°\003\003\002\003&#39;, 21 =&gt; &#39;¡¿¡¡¡¿¡¿Ñ\002\002\002\002\002\003\002\002\003\002\002\003\002\002\003\002&#39;, 22 =&gt; &#39;¡¿¡¡¡¿¡¿Ñ\002\003\002\002\003\002\002\003\003\003\003\002\003\003\002\002&#39;, 23 =&gt; &#39;¡¿¿¿¿¿¡¿Ñ\003\002\002\003\002\003\002\003\003\002\003\003\003\002\002\002&#39;, 24 =&gt; &#39;¡¡¡¡¡¡¡¿Ñ\002\002\002\003\003\002\003\002\002\002\003\003\002\003\003\002&#39;]</span>, <span>$level = </span><span>0</span> )</td><td title='C:\wamp64\www\deneme2\qrencode.php' bgcolor='#eeeeec'>...\qrencode.php<b>:</b>216</td></tr>
<tr><td bgcolor='#eeeeec' align='center'>9</td><td bgcolor='#eeeeec' align='center'>0.1251</td><td bgcolor='#eeeeec' align='right'>627624</td><td bgcolor='#eeeeec'>QRmask->makeMaskNo( <span>$maskNo = </span><span>7</span>, <span>$width = </span><span>25</span>, <span>$s = </span><span>[0 =&gt; &#39;¡¡¡¡¡¡¡¿Ñ\002\002\002\003\003\003\003\003¿¡¡¡¡¡¡¡&#39;, 1 =&gt; &#39;¡¿¿¿¿¿¡¿Ñ\002\002\003\002\002\002\002\003¿¡¿¿¿¿¿¡&#39;, 2 =&gt; &#39;¡¿¡¡¡¿¡¿Ñ\002\003\003\003\002\002\002\003¿¡¿¡¡¡¿¡&#39;, 3 =&gt; &#39;¡¿¡¡¡¿¡¿Ñ\002\002\003\003\003\003\002\002¿¡¿¡¡¡¿¡&#39;, 4 =&gt; &#39;¡¿¡¡¡¿¡¿Ñ\003\003\002\002\002\003\003\003¿¡¿¡¡¡¿¡&#39;, 5 =&gt; &#39;¡¿¿¿¿¿¡¿Ñ\003\003\002\003\002\003\002\002¿¡¿¿¿¿¿¡&#39;, 6 =&gt; &#39;¡¡¡¡¡¡¡¿ëêëêëêëêë¿¡¡¡¡¡¡¡&#39;, 7 =&gt; &#39;¿¿¿¿¿¿¿¿Ñ\003\002\002\002\002\002\002\003¿¿¿¿¿¿¿¿&#39;, 8 =&gt; &#39;ÑÑÑÑÑÑëÑÑ\002\003\002\002\003\002\002\003ÑÑÑÑÑÑÑÑ&#39;, 9 =&gt; &#39;\002\002\002\002\002\002ê\003\003\002\002\002\003\002\002\003\003\002\003\002\002\003\003\002\003&#39;, 10 =&gt; &#39;\003\003\003\002\003\003ë\002\003\002\002\003\002\002\002\002\002\002\002\003\002\002\002\003\002&#39;, 11 =&gt; &#39;\002\003\002\003\002\002ê\003\002\002\003\003\003\002\002\003\002\002\002\003\002\003\002\003\002&#39;, 12 =&gt; &#39;\003\002\002\002\002\002ë\002\002\002\002\003\003\003\002\002\003\003\002\002\003\002\003\002\003&#39;, 13 =&gt; &#39;\002\003\002\002\002\003ê\002\003\002\003\002\002\002\003\003\003\002\003\003\002\003\002\002\003&#39;, 14 =&gt; &#39;\002\002\002\003\002\003ë\002\003\002\002\002\003\002\002\002\003\003\003\003\002\003\002\003\002&#39;, 15 =&gt; &#39;\002\002\003\002\003\003ê\002\002\003\002\002\002\002\003\002\003\003\003\003\003\002\002\002\003&#39;, 16 =&gt; &#39;\002\002\002\003\003\003ë\003\003\003\003\002\002\003\002\002°°°°°\002\003\003\002&#39;, 17 =&gt; &#39;¿¿¿¿¿¿¿¿Å\002\003\002\003\002\003\002°†††°\003\003\002\003&#39;, 18 =&gt; &#39;¡¡¡¡¡¡¡¿Ñ\002\002\003\002\003\002\003°†°†°\003\003\003\002&#39;, 19 =&gt; &#39;¡¿¿¿¿¿¡¿Ñ\002\003\003\003\002\002\003°†††°\003\002\002\002&#39;, 20 =&gt; &#39;¡¿¡¡¡¿¡¿Ñ\002\003\003\002\003\002\002°°°°°\003\003\002\003&#39;, 21 =&gt; &#39;¡¿¡¡¡¿¡¿Ñ\002\002\002\002\002\003\002\002\003\002\002\003\002\002\003\002&#39;, 22 =&gt; &#39;¡¿¡¡¡¿¡¿Ñ\002\003\002\002\003\002\002\003\003\003\003\002\003\003\002\002&#39;, 23 =&gt; &#39;¡¿¿¿¿¿¡¿Ñ\003\002\002\003\002\003\002\003\003\002\003\003\003\002\002\002&#39;, 24 =&gt; &#39;¡¡¡¡¡¡¡¿Ñ\002\002\002\003\003\002\003\002\002\002\003\003\002\003\003\002&#39;]</span>, <span>$d = </span><span>[0 =&gt; &#39;\000\000\000\000\000\000\000\000\000\000\000\000\000\000\000\000\000\000\000\000\000\000\000\000\000&#39;, 1 =&gt; &#39;\000\000\000\000\000\000\000\000\000\000\000\000\000\000\000\000\000\000\000\000\000\000\000\000\000&#39;, 2 =&gt; &#39;\000\000\000\000\000\000\000\000\000\000\000\000\000\000\000\000\000\000\000\000\000\000\000\000\000&#39;, 3 =&gt; &#39;\000\000\000\000\000\000\000\000\000\000\000\000\000\000\000\000\000\000\000\000\000\000\000\000\000&#39;, 4 =&gt; &#39;\000\000\000\000\000\000\000\000\000\000\000\000\000\000\000\000\000\000\000\000\000\000\000\000\000&#39;, 5 =&gt; &#39;\000\000\000\000\000\000\000\000\000\000\000\000\000\000\000\000\000\000\000\000\000\000\000\000\000&#39;, 6 =&gt; &#39;\000\000\000\000\000\000\000\000\000\000\000\000\000\000\000\000\000\000\000\000\000\000\000\000\000&#39;, 7 =&gt; &#39;\000\000\000\000\000\000\000\000\000\000\000\000\000\000\000\000\000\000\000\000\000\000\000\000\000&#39;, 8 =&gt; &#39;\000\000\000\000\000\000\000\000\000\000\000\000\000\000\000\000\000\000\000\000\000\000\000\000\000&#39;, 9 =&gt; &#39;\000\000\000\000\000\000\000\000\000\000\000\000\000\000\000\000\000\000\000\000\000\000\000\000\000&#39;, 10 =&gt; &#39;\000\000\000\000\000\000\000\000\000\000\000\000\000\000\000\000\000\000\000\000\000\000\000\000\000&#39;, 11 =&gt; &#39;\000\000\000\000\000\000\000\000\000\000\000\000\000\000\000\000\000\000\000\000\000\000\000\000\000&#39;, 12 =&gt; &#39;\000\000\000\000\000\000\000\000\000\000\000\000\000\000\000\000\000\000\000\000\000\000\000\000\000&#39;, 13 =&gt; &#39;\000\000\000\000\000\000\000\000\000\000\000\000\000\000\000\000\000\000\000\000\000\000\000\000\000&#39;, 14 =&gt; &#39;\000\000\000\000\000\000\000\000\000\000\000\000\000\000\000\000\000\000\000\000\000\000\000\000\000&#39;, 15 =&gt; &#39;\000\000\000\000\000\000\000\000\000\000\000\000\000\000\000\000\000\000\000\000\000\000\000\000\000&#39;, 16 =&gt; &#39;\000\000\000\000\000\000\000\000\000\000\000\000\000\000\000\000\000\000\000\000\000\000\000\000\000&#39;, 17 =&gt; &#39;\000\000\000\000\000\000\000\000\000\000\000\000\000\000\000\000\000\000\000\000\000\000\000\000\000&#39;, 18 =&gt; &#39;\000\000\000\000\000\000\000\000\000\000\000\000\000\000\000\000\000\000\000\000\000\000\000\000\000&#39;, 19 =&gt; &#39;\000\000\000\000\000\000\000\000\000\000\000\000\000\000\000\000\000\000\000\000\000\000\000\000\000&#39;, 20 =&gt; &#39;\000\000\000\000\000\000\000\000\000\000\000\000\000\000\000\000\000\000\000\000\000\000\000\000\000&#39;, 21 =&gt; &#39;\000\000\000\000\000\000\000\000\000\000\000\000\000\000\000\000\000\000\000\000\000\000\000\000\000&#39;, 22 =&gt; &#39;\000\000\000\000\000\000\000\000\000\000\000\000\000\000\000\000\000\000\000\000\000\000\000\000\000&#39;, 23 =&gt; &#39;\000\000\000\000\000\000\000\000\000\000\000\000\000\000\000\000\000\000\000\000\000\000\000\000\000&#39;, 24 =&gt; &#39;\000\000\000\000\000\000\000\000\000\000\000\000\000\000\000\000\000\000\000\000\000\000\000\000\000&#39;]</span>, <span>$maskGenOnly = </span>??? )</td><td title='C:\wamp64\www\deneme2\qrmask.php' bgcolor='#eeeeec'>...\qrmask.php<b>:</b>311</td></tr>
<tr><td bgcolor='#eeeeec' align='center'>10</td><td bgcolor='#eeeeec' align='center'>0.1261</td><td bgcolor='#eeeeec' align='right'>662504</td><td bgcolor='#eeeeec'><a href='http://www.php.net/function.mkdir' target='_new'>mkdir</a>( <span>$pathname = </span><span>&#39;C:\\wamp64\\www\\deneme2\\cache\\mask_7&#39;</span> )</td><td title='C:\wamp64\www\deneme2\qrmask.php' bgcolor='#eeeeec'>...\qrmask.php<b>:</b>154</td></tr>
</table></font>
<br />
<font size='1'><table class='xdebug-error xe-warning' dir='ltr' border='1' cellspacing='0' cellpadding='1'>
<tr><th align='left' bgcolor='#f57900' colspan="5"><span style='background-color: #cc0000; color: #fce94f; font-size: x-large;'>( ! )</span> Warning: file_put_contents(C:\wamp64\www\deneme2\cache\mask_7\mask_25_7.dat): failed to open stream: No such file or directory in C:\wamp64\www\deneme2\qrmask.php on line <i>155</i></th></tr>
<tr><th align='left' bgcolor='#e9b96e' colspan='5'>Call Stack</th></tr>
<tr><th align='center' bgcolor='#eeeeec'>#</th><th align='left' bgcolor='#eeeeec'>Time</th><th align='left' bgcolor='#eeeeec'>Memory</th><th align='left' bgcolor='#eeeeec'>Function</th><th align='left' bgcolor='#eeeeec'>Location</th></tr>
<tr><td bgcolor='#eeeeec' align='center'>1</td><td bgcolor='#eeeeec' align='center'>0.0004</td><td bgcolor='#eeeeec' align='right'>362216</td><td bgcolor='#eeeeec'>{main}(  )</td><td title='C:\wamp64\www\deneme2\index.php' bgcolor='#eeeeec'>...\index.php<b>:</b>0</td></tr>
<tr><td bgcolor='#eeeeec' align='center'>2</td><td bgcolor='#eeeeec' align='center'>0.0018</td><td bgcolor='#eeeeec' align='right'>364696</td><td bgcolor='#eeeeec'>QRcode::png( <span>$text = </span><span>&#39;file/some othertext 1234&#39;</span>, <span>$outfile = </span>???, <span>$level = </span>???, <span>$size = </span>???, <span>$margin = </span>???, <span>$saveandprint = </span>??? )</td><td title='C:\wamp64\www\deneme2\index.php' bgcolor='#eeeeec'>...\index.php<b>:</b>4</td></tr>
<tr><td bgcolor='#eeeeec' align='center'>3</td><td bgcolor='#eeeeec' align='center'>0.0018</td><td bgcolor='#eeeeec' align='right'>364888</td><td bgcolor='#eeeeec'>QRencode->encodePNG( <span>$intext = </span><span>&#39;file/some othertext 1234&#39;</span>, <span>$outfile = </span><span>FALSE</span>, <span>$saveandprint = </span><span>FALSE</span> )</td><td title='C:\wamp64\www\deneme2\qrencode.php' bgcolor='#eeeeec'>...\qrencode.php<b>:</b>286</td></tr>
<tr><td bgcolor='#eeeeec' align='center'>4</td><td bgcolor='#eeeeec' align='center'>0.0018</td><td bgcolor='#eeeeec' align='right'>381400</td><td bgcolor='#eeeeec'>QRencode->encode( <span>$intext = </span><span>&#39;file/some othertext 1234&#39;</span>, <span>$outfile = </span>??? )</td><td title='C:\wamp64\www\deneme2\qrencode.php' bgcolor='#eeeeec'>...\qrencode.php<b>:</b>485</td></tr>
<tr><td bgcolor='#eeeeec' align='center'>5</td><td bgcolor='#eeeeec' align='center'>0.0018</td><td bgcolor='#eeeeec' align='right'>381496</td><td bgcolor='#eeeeec'>QRcode->encodeString( <span>$string = </span><span>&#39;file/some othertext 1234&#39;</span>, <span>$version = </span><span>0</span>, <span>$level = </span><span>0</span>, <span>$hint = </span><span>2</span>, <span>$casesensitive = </span><span>TRUE</span> )</td><td title='C:\wamp64\www\deneme2\qrencode.php' bgcolor='#eeeeec'>...\qrencode.php<b>:</b>467</td></tr>
<tr><td bgcolor='#eeeeec' align='center'>6</td><td bgcolor='#eeeeec' align='center'>0.0021</td><td bgcolor='#eeeeec' align='right'>384312</td><td bgcolor='#eeeeec'>QRcode->encodeInput( <span>$input = </span><span>class QRinput { public $items = [0 =&gt; class QRinputItem { ... }]; private $version = 2; private $level = 0 }</span> )</td><td title='C:\wamp64\www\deneme2\qrencode.php' bgcolor='#eeeeec'>...\qrencode.php<b>:</b>279</td></tr>
<tr><td bgcolor='#eeeeec' align='center'>7</td><td bgcolor='#eeeeec' align='center'>0.0021</td><td bgcolor='#eeeeec' align='right'>384312</td><td bgcolor='#eeeeec'>QRcode->encodeMask( <span>$input = </span><span>class QRinput { public $items = [0 =&gt; class QRinputItem { ... }]; private $version = 2; private $level = 0 }</span>, <span>$mask = </span><span>-1</span> )</td><td title='C:\wamp64\www\deneme2\qrencode.php' bgcolor='#eeeeec'>...\qrencode.php<b>:</b>240</td></tr>
<tr><td bgcolor='#eeeeec' align='center'>8</td><td bgcolor='#eeeeec' align='center'>0.0111</td><td bgcolor='#eeeeec' align='right'>443288</td><td bgcolor='#eeeeec'>QRmask->mask( <span>$width = </span><span>25</span>, <span>$frame = </span><span>[0 =&gt; &#39;¡¡¡¡¡¡¡¿Ñ\002\002\002\003\003\003\003\003¿¡¡¡¡¡¡¡&#39;, 1 =&gt; &#39;¡¿¿¿¿¿¡¿Ñ\002\002\003\002\002\002\002\003¿¡¿¿¿¿¿¡&#39;, 2 =&gt; &#39;¡¿¡¡¡¿¡¿Ñ\002\003\003\003\002\002\002\003¿¡¿¡¡¡¿¡&#39;, 3 =&gt; &#39;¡¿¡¡¡¿¡¿Ñ\002\002\003\003\003\003\002\002¿¡¿¡¡¡¿¡&#39;, 4 =&gt; &#39;¡¿¡¡¡¿¡¿Ñ\003\003\002\002\002\003\003\003¿¡¿¡¡¡¿¡&#39;, 5 =&gt; &#39;¡¿¿¿¿¿¡¿Ñ\003\003\002\003\002\003\002\002¿¡¿¿¿¿¿¡&#39;, 6 =&gt; &#39;¡¡¡¡¡¡¡¿ëêëêëêëêë¿¡¡¡¡¡¡¡&#39;, 7 =&gt; &#39;¿¿¿¿¿¿¿¿Ñ\003\002\002\002\002\002\002\003¿¿¿¿¿¿¿¿&#39;, 8 =&gt; &#39;ÑÑÑÑÑÑëÑÑ\002\003\002\002\003\002\002\003ÑÑÑÑÑÑÑÑ&#39;, 9 =&gt; &#39;\002\002\002\002\002\002ê\003\003\002\002\002\003\002\002\003\003\002\003\002\002\003\003\002\003&#39;, 10 =&gt; &#39;\003\003\003\002\003\003ë\002\003\002\002\003\002\002\002\002\002\002\002\003\002\002\002\003\002&#39;, 11 =&gt; &#39;\002\003\002\003\002\002ê\003\002\002\003\003\003\002\002\003\002\002\002\003\002\003\002\003\002&#39;, 12 =&gt; &#39;\003\002\002\002\002\002ë\002\002\002\002\003\003\003\002\002\003\003\002\002\003\002\003\002\003&#39;, 13 =&gt; &#39;\002\003\002\002\002\003ê\002\003\002\003\002\002\002\003\003\003\002\003\003\002\003\002\002\003&#39;, 14 =&gt; &#39;\002\002\002\003\002\003ë\002\003\002\002\002\003\002\002\002\003\003\003\003\002\003\002\003\002&#39;, 15 =&gt; &#39;\002\002\003\002\003\003ê\002\002\003\002\002\002\002\003\002\003\003\003\003\003\002\002\002\003&#39;, 16 =&gt; &#39;\002\002\002\003\003\003ë\003\003\003\003\002\002\003\002\002°°°°°\002\003\003\002&#39;, 17 =&gt; &#39;¿¿¿¿¿¿¿¿Å\002\003\002\003\002\003\002°†††°\003\003\002\003&#39;, 18 =&gt; &#39;¡¡¡¡¡¡¡¿Ñ\002\002\003\002\003\002\003°†°†°\003\003\003\002&#39;, 19 =&gt; &#39;¡¿¿¿¿¿¡¿Ñ\002\003\003\003\002\002\003°†††°\003\002\002\002&#39;, 20 =&gt; &#39;¡¿¡¡¡¿¡¿Ñ\002\003\003\002\003\002\002°°°°°\003\003\002\003&#39;, 21 =&gt; &#39;¡¿¡¡¡¿¡¿Ñ\002\002\002\002\002\003\002\002\003\002\002\003\002\002\003\002&#39;, 22 =&gt; &#39;¡¿¡¡¡¿¡¿Ñ\002\003\002\002\003\002\002\003\003\003\003\002\003\003\002\002&#39;, 23 =&gt; &#39;¡¿¿¿¿¿¡¿Ñ\003\002\002\003\002\003\002\003\003\002\003\003\003\002\002\002&#39;, 24 =&gt; &#39;¡¡¡¡¡¡¡¿Ñ\002\002\002\003\003\002\003\002\002\002\003\003\002\003\003\002&#39;]</span>, <span>$level = </span><span>0</span> )</td><td title='C:\wamp64\www\deneme2\qrencode.php' bgcolor='#eeeeec'>...\qrencode.php<b>:</b>216</td></tr>
<tr><td bgcolor='#eeeeec' align='center'>9</td><td bgcolor='#eeeeec' align='center'>0.1251</td><td bgcolor='#eeeeec' align='right'>627624</td><td bgcolor='#eeeeec'>QRmask->makeMaskNo( <span>$maskNo = </span><span>7</span>, <span>$width = </span><span>25</span>, <span>$s = </span><span>[0 =&gt; &#39;¡¡¡¡¡¡¡¿Ñ\002\002\002\003\003\003\003\003¿¡¡¡¡¡¡¡&#39;, 1 =&gt; &#39;¡¿¿¿¿¿¡¿Ñ\002\002\003\002\002\002\002\003¿¡¿¿¿¿¿¡&#39;, 2 =&gt; &#39;¡¿¡¡¡¿¡¿Ñ\002\003\003\003\002\002\002\003¿¡¿¡¡¡¿¡&#39;, 3 =&gt; &#39;¡¿¡¡¡¿¡¿Ñ\002\002\003\003\003\003\002\002¿¡¿¡¡¡¿¡&#39;, 4 =&gt; &#39;¡¿¡¡¡¿¡¿Ñ\003\003\002\002\002\003\003\003¿¡¿¡¡¡¿¡&#39;, 5 =&gt; &#39;¡¿¿¿¿¿¡¿Ñ\003\003\002\003\002\003\002\002¿¡¿¿¿¿¿¡&#39;, 6 =&gt; &#39;¡¡¡¡¡¡¡¿ëêëêëêëêë¿¡¡¡¡¡¡¡&#39;, 7 =&gt; &#39;¿¿¿¿¿¿¿¿Ñ\003\002\002\002\002\002\002\003¿¿¿¿¿¿¿¿&#39;, 8 =&gt; &#39;ÑÑÑÑÑÑëÑÑ\002\003\002\002\003\002\002\003ÑÑÑÑÑÑÑÑ&#39;, 9 =&gt; &#39;\002\002\002\002\002\002ê\003\003\002\002\002\003\002\002\003\003\002\003\002\002\003\003\002\003&#39;, 10 =&gt; &#39;\003\003\003\002\003\003ë\002\003\002\002\003\002\002\002\002\002\002\002\003\002\002\002\003\002&#39;, 11 =&gt; &#39;\002\003\002\003\002\002ê\003\002\002\003\003\003\002\002\003\002\002\002\003\002\003\002\003\002&#39;, 12 =&gt; &#39;\003\002\002\002\002\002ë\002\002\002\002\003\003\003\002\002\003\003\002\002\003\002\003\002\003&#39;, 13 =&gt; &#39;\002\003\002\002\002\003ê\002\003\002\003\002\002\002\003\003\003\002\003\003\002\003\002\002\003&#39;, 14 =&gt; &#39;\002\002\002\003\002\003ë\002\003\002\002\002\003\002\002\002\003\003\003\003\002\003\002\003\002&#39;, 15 =&gt; &#39;\002\002\003\002\003\003ê\002\002\003\002\002\002\002\003\002\003\003\003\003\003\002\002\002\003&#39;, 16 =&gt; &#39;\002\002\002\003\003\003ë\003\003\003\003\002\002\003\002\002°°°°°\002\003\003\002&#39;, 17 =&gt; &#39;¿¿¿¿¿¿¿¿Å\002\003\002\003\002\003\002°†††°\003\003\002\003&#39;, 18 =&gt; &#39;¡¡¡¡¡¡¡¿Ñ\002\002\003\002\003\002\003°†°†°\003\003\003\002&#39;, 19 =&gt; &#39;¡¿¿¿¿¿¡¿Ñ\002\003\003\003\002\002\003°†††°\003\002\002\002&#39;, 20 =&gt; &#39;¡¿¡¡¡¿¡¿Ñ\002\003\003\002\003\002\002°°°°°\003\003\002\003&#39;, 21 =&gt; &#39;¡¿¡¡¡¿¡¿Ñ\002\002\002\002\002\003\002\002\003\002\002\003\002\002\003\002&#39;, 22 =&gt; &#39;¡¿¡¡¡¿¡¿Ñ\002\003\002\002\003\002\002\003\003\003\003\002\003\003\002\002&#39;, 23 =&gt; &#39;¡¿¿¿¿¿¡¿Ñ\003\002\002\003\002\003\002\003\003\002\003\003\003\002\002\002&#39;, 24 =&gt; &#39;¡¡¡¡¡¡¡¿Ñ\002\002\002\003\003\002\003\002\002\002\003\003\002\003\003\002&#39;]</span>, <span>$d = </span><span>[0 =&gt; &#39;\000\000\000\000\000\000\000\000\000\000\000\000\000\000\000\000\000\000\000\000\000\000\000\000\000&#39;, 1 =&gt; &#39;\000\000\000\000\000\000\000\000\000\000\000\000\000\000\000\000\000\000\000\000\000\000\000\000\000&#39;, 2 =&gt; &#39;\000\000\000\000\000\000\000\000\000\000\000\000\000\000\000\000\000\000\000\000\000\000\000\000\000&#39;, 3 =&gt; &#39;\000\000\000\000\000\000\000\000\000\000\000\000\000\000\000\000\000\000\000\000\000\000\000\000\000&#39;, 4 =&gt; &#39;\000\000\000\000\000\000\000\000\000\000\000\000\000\000\000\000\000\000\000\000\000\000\000\000\000&#39;, 5 =&gt; &#39;\000\000\000\000\000\000\000\000\000\000\000\000\000\000\000\000\000\000\000\000\000\000\000\000\000&#39;, 6 =&gt; &#39;\000\000\000\000\000\000\000\000\000\000\000\000\000\000\000\000\000\000\000\000\000\000\000\000\000&#39;, 7 =&gt; &#39;\000\000\000\000\000\000\000\000\000\000\000\000\000\000\000\000\000\000\000\000\000\000\000\000\000&#39;, 8 =&gt; &#39;\000\000\000\000\000\000\000\000\000\000\000\000\000\000\000\000\000\000\000\000\000\000\000\000\000&#39;, 9 =&gt; &#39;\000\000\000\000\000\000\000\000\000\000\000\000\000\000\000\000\000\000\000\000\000\000\000\000\000&#39;, 10 =&gt; &#39;\000\000\000\000\000\000\000\000\000\000\000\000\000\000\000\000\000\000\000\000\000\000\000\000\000&#39;, 11 =&gt; &#39;\000\000\000\000\000\000\000\000\000\000\000\000\000\000\000\000\000\000\000\000\000\000\000\000\000&#39;, 12 =&gt; &#39;\000\000\000\000\000\000\000\000\000\000\000\000\000\000\000\000\000\000\000\000\000\000\000\000\000&#39;, 13 =&gt; &#39;\000\000\000\000\000\000\000\000\000\000\000\000\000\000\000\000\000\000\000\000\000\000\000\000\000&#39;, 14 =&gt; &#39;\000\000\000\000\000\000\000\000\000\000\000\000\000\000\000\000\000\000\000\000\000\000\000\000\000&#39;, 15 =&gt; &#39;\000\000\000\000\000\000\000\000\000\000\000\000\000\000\000\000\000\000\000\000\000\000\000\000\000&#39;, 16 =&gt; &#39;\000\000\000\000\000\000\000\000\000\000\000\000\000\000\000\000\000\000\000\000\000\000\000\000\000&#39;, 17 =&gt; &#39;\000\000\000\000\000\000\000\000\000\000\000\000\000\000\000\000\000\000\000\000\000\000\000\000\000&#39;, 18 =&gt; &#39;\000\000\000\000\000\000\000\000\000\000\000\000\000\000\000\000\000\000\000\000\000\000\000\000\000&#39;, 19 =&gt; &#39;\000\000\000\000\000\000\000\000\000\000\000\000\000\000\000\000\000\000\000\000\000\000\000\000\000&#39;, 20 =&gt; &#39;\000\000\000\000\000\000\000\000\000\000\000\000\000\000\000\000\000\000\000\000\000\000\000\000\000&#39;, 21 =&gt; &#39;\000\000\000\000\000\000\000\000\000\000\000\000\000\000\000\000\000\000\000\000\000\000\000\000\000&#39;, 22 =&gt; &#39;\000\000\000\000\000\000\000\000\000\000\000\000\000\000\000\000\000\000\000\000\000\000\000\000\000&#39;, 23 =&gt; &#39;\000\000\000\000\000\000\000\000\000\000\000\000\000\000\000\000\000\000\000\000\000\000\000\000\000&#39;, 24 =&gt; &#39;\000\000\000\000\000\000\000\000\000\000\000\000\000\000\000\000\000\000\000\000\000\000\000\000\000&#39;]</span>, <span>$maskGenOnly = </span>??? )</td><td title='C:\wamp64\www\deneme2\qrmask.php' bgcolor='#eeeeec'>...\qrmask.php<b>:</b>311</td></tr>
<tr><td bgcolor='#eeeeec' align='center'>10</td><td bgcolor='#eeeeec' align='center'>0.1298</td><td bgcolor='#eeeeec' align='right'>662600</td><td bgcolor='#eeeeec'><a href='http://www.php.net/function.file-put-contents' target='_new'>file_put_contents</a>( <span>$filename = </span><span>&#39;C:\\wamp64\\www\\deneme2\\cache\\mask_7\\mask_25_7.dat&#39;</span>, <span>$data = </span><span>&#39;x⁄ùQA\016¿ \bª5ü[F@©‡aÉÑƒ‘÷ZÃ≤\030\035Ö\rê&gt;;í–¿Q± I÷¿QH8Rº“àG…&quot;Ë\023z,\023Ω&amp;á;±≠\036–\&#39;oª97\036\031î%P8%\0346o«Ωù;]ﬁNWn›[‰f7π\aÃ’v‘&#39;</span> )</td><td title='C:\wamp64\www\deneme2\qrmask.php' bgcolor='#eeeeec'>...\qrmask.php<b>:</b>155</td></tr>
</table></font>
